2022-03-11 00:30:09.454873: I tensorflow/stream_executor/platform/default/dso_loader.cc:48] Successfully opened dynamic library libcudart.so.10.1
2022-03-11 00:30:28.516733: I tensorflow/stream_executor/platform/default/dso_loader.cc:48] Successfully opened dynamic library libcuda.so.1
2022-03-11 00:30:28.655390: I tensorflow/core/common_runtime/gpu/gpu_device.cc:1716] Found device 0 with properties: 
pciBusID: 0000:1d:00.0 name: NVIDIA GeForce RTX 2080 Ti computeCapability: 7.5
coreClock: 1.545GHz coreCount: 68 deviceMemorySize: 10.76GiB deviceMemoryBandwidth: 573.69GiB/s
2022-03-11 00:30:28.655486: I tensorflow/stream_executor/platform/default/dso_loader.cc:48] Successfully opened dynamic library libcudart.so.10.1
2022-03-11 00:30:28.768590: I tensorflow/stream_executor/platform/default/dso_loader.cc:48] Successfully opened dynamic library libcublas.so.10
2022-03-11 00:30:28.821329: I tensorflow/stream_executor/platform/default/dso_loader.cc:48] Successfully opened dynamic library libcufft.so.10
2022-03-11 00:30:28.869979: I tensorflow/stream_executor/platform/default/dso_loader.cc:48] Successfully opened dynamic library libcurand.so.10
2022-03-11 00:30:28.960180: I tensorflow/stream_executor/platform/default/dso_loader.cc:48] Successfully opened dynamic library libcusolver.so.10
2022-03-11 00:30:29.002290: I tensorflow/stream_executor/platform/default/dso_loader.cc:48] Successfully opened dynamic library libcusparse.so.10
2022-03-11 00:30:29.179898: I tensorflow/stream_executor/platform/default/dso_loader.cc:48] Successfully opened dynamic library libcudnn.so.7
2022-03-11 00:30:29.183916: I tensorflow/core/common_runtime/gpu/gpu_device.cc:1858] Adding visible gpu devices: 0
2022-03-11 00:30:29.184698: I tensorflow/core/platform/cpu_feature_guard.cc:142] This TensorFlow binary is optimized with oneAPI Deep Neural Network Library (oneDNN)to use the following CPU instructions in performance-critical operations:  AVX2 AVX512F FMA
To enable them in other operations, rebuild TensorFlow with the appropriate compiler flags.
2022-03-11 00:30:29.216274: I tensorflow/core/platform/profile_utils/cpu_utils.cc:104] CPU Frequency: 2100000000 Hz
2022-03-11 00:30:29.217920: I tensorflow/compiler/xla/service/service.cc:168] XLA service 0x563c998e18d0 initialized for platform Host (this does not guarantee that XLA will be used). Devices:
2022-03-11 00:30:29.217989: I tensorflow/compiler/xla/service/service.cc:176]   StreamExecutor device (0): Host, Default Version
2022-03-11 00:30:29.526470: I tensorflow/compiler/xla/service/service.cc:168] XLA service 0x563c999168b0 initialized for platform CUDA (this does not guarantee that XLA will be used). Devices:
2022-03-11 00:30:29.526567: I tensorflow/compiler/xla/service/service.cc:176]   StreamExecutor device (0): NVIDIA GeForce RTX 2080 Ti, Compute Capability 7.5
2022-03-11 00:30:29.757391: I tensorflow/core/common_runtime/gpu/gpu_device.cc:1716] Found device 0 with properties: 
pciBusID: 0000:1d:00.0 name: NVIDIA GeForce RTX 2080 Ti computeCapability: 7.5
coreClock: 1.545GHz coreCount: 68 deviceMemorySize: 10.76GiB deviceMemoryBandwidth: 573.69GiB/s
2022-03-11 00:30:29.757482: I tensorflow/stream_executor/platform/default/dso_loader.cc:48] Successfully opened dynamic library libcudart.so.10.1
2022-03-11 00:30:29.757547: I tensorflow/stream_executor/platform/default/dso_loader.cc:48] Successfully opened dynamic library libcublas.so.10
2022-03-11 00:30:29.757589: I tensorflow/stream_executor/platform/default/dso_loader.cc:48] Successfully opened dynamic library libcufft.so.10
2022-03-11 00:30:29.757629: I tensorflow/stream_executor/platform/default/dso_loader.cc:48] Successfully opened dynamic library libcurand.so.10
2022-03-11 00:30:29.757669: I tensorflow/stream_executor/platform/default/dso_loader.cc:48] Successfully opened dynamic library libcusolver.so.10
2022-03-11 00:30:29.757709: I tensorflow/stream_executor/platform/default/dso_loader.cc:48] Successfully opened dynamic library libcusparse.so.10
2022-03-11 00:30:29.757750: I tensorflow/stream_executor/platform/default/dso_loader.cc:48] Successfully opened dynamic library libcudnn.so.7
2022-03-11 00:30:29.761413: I tensorflow/core/common_runtime/gpu/gpu_device.cc:1858] Adding visible gpu devices: 0
2022-03-11 00:30:29.761500: I tensorflow/stream_executor/platform/default/dso_loader.cc:48] Successfully opened dynamic library libcudart.so.10.1
2022-03-11 00:30:32.305207: I tensorflow/core/common_runtime/gpu/gpu_device.cc:1257] Device interconnect StreamExecutor with strength 1 edge matrix:
2022-03-11 00:30:32.305319: I tensorflow/core/common_runtime/gpu/gpu_device.cc:1263]      0 
2022-03-11 00:30:32.305349: I tensorflow/core/common_runtime/gpu/gpu_device.cc:1276] 0:   N 
2022-03-11 00:30:32.309736: I tensorflow/core/common_runtime/gpu/gpu_device.cc:1402] Created TensorFlow device (/job:localhost/replica:0/task:0/device:GPU:0 with 10076 MB memory) -> physical GPU (device: 0, name: NVIDIA GeForce RTX 2080 Ti, pci bus id: 0000:1d:00.0, compute capability: 7.5)
2022-03-11 00:30:42.257630: I tensorflow/stream_executor/platform/default/dso_loader.cc:48] Successfully opened dynamic library libcudnn.so.7
2022-03-11 00:30:47.386533: W tensorflow/stream_executor/gpu/asm_compiler.cc:81] Running ptxas --version returned 256
2022-03-11 00:30:47.532238: W tensorflow/stream_executor/gpu/redzone_allocator.cc:314] Internal: ptxas exited with non-zero error code 256, output: 
Relying on driver to perform ptx compilation. 
Modify $PATH to customize ptxas location.
This message will be only logged once.
2022-03-11 00:30:48.568707: I tensorflow/stream_executor/platform/default/dso_loader.cc:48] Successfully opened dynamic library libcublas.so.10
last layer output shape:  (None, 4, 4, 2048)
Model: "functional_1"
__________________________________________________________________________________________________
Layer (type)                    Output Shape         Param #     Connected to                     
==================================================================================================
input_1 (InputLayer)            [(None, 128, 128, 3) 0                                            
__________________________________________________________________________________________________
conv1_pad (ZeroPadding2D)       (None, 134, 134, 3)  0           input_1[0][0]                    
__________________________________________________________________________________________________
conv1_conv (Conv2D)             (None, 64, 64, 64)   9472        conv1_pad[0][0]                  
__________________________________________________________________________________________________
conv1_bn (BatchNormalization)   (None, 64, 64, 64)   256         conv1_conv[0][0]                 
__________________________________________________________________________________________________
conv1_relu (Activation)         (None, 64, 64, 64)   0           conv1_bn[0][0]                   
__________________________________________________________________________________________________
pool1_pad (ZeroPadding2D)       (None, 66, 66, 64)   0           conv1_relu[0][0]                 
__________________________________________________________________________________________________
pool1_pool (MaxPooling2D)       (None, 32, 32, 64)   0           pool1_pad[0][0]                  
__________________________________________________________________________________________________
conv2_block1_1_conv (Conv2D)    (None, 32, 32, 64)   4160        pool1_pool[0][0]                 
__________________________________________________________________________________________________
conv2_block1_1_bn (BatchNormali (None, 32, 32, 64)   256         conv2_block1_1_conv[0][0]        
__________________________________________________________________________________________________
conv2_block1_1_relu (Activation (None, 32, 32, 64)   0           conv2_block1_1_bn[0][0]          
__________________________________________________________________________________________________
conv2_block1_2_conv (Conv2D)    (None, 32, 32, 64)   36928       conv2_block1_1_relu[0][0]        
__________________________________________________________________________________________________
conv2_block1_2_bn (BatchNormali (None, 32, 32, 64)   256         conv2_block1_2_conv[0][0]        
__________________________________________________________________________________________________
conv2_block1_2_relu (Activation (None, 32, 32, 64)   0           conv2_block1_2_bn[0][0]          
__________________________________________________________________________________________________
conv2_block1_0_conv (Conv2D)    (None, 32, 32, 256)  16640       pool1_pool[0][0]                 
__________________________________________________________________________________________________
conv2_block1_3_conv (Conv2D)    (None, 32, 32, 256)  16640       conv2_block1_2_relu[0][0]        
__________________________________________________________________________________________________
conv2_block1_0_bn (BatchNormali (None, 32, 32, 256)  1024        conv2_block1_0_conv[0][0]        
__________________________________________________________________________________________________
conv2_block1_3_bn (BatchNormali (None, 32, 32, 256)  1024        conv2_block1_3_conv[0][0]        
__________________________________________________________________________________________________
conv2_block1_add (Add)          (None, 32, 32, 256)  0           conv2_block1_0_bn[0][0]          
                                                                 conv2_block1_3_bn[0][0]          
__________________________________________________________________________________________________
conv2_block1_out (Activation)   (None, 32, 32, 256)  0           conv2_block1_add[0][0]           
__________________________________________________________________________________________________
conv2_block2_1_conv (Conv2D)    (None, 32, 32, 64)   16448       conv2_block1_out[0][0]           
__________________________________________________________________________________________________
conv2_block2_1_bn (BatchNormali (None, 32, 32, 64)   256         conv2_block2_1_conv[0][0]        
__________________________________________________________________________________________________
conv2_block2_1_relu (Activation (None, 32, 32, 64)   0           conv2_block2_1_bn[0][0]          
__________________________________________________________________________________________________
conv2_block2_2_conv (Conv2D)    (None, 32, 32, 64)   36928       conv2_block2_1_relu[0][0]        
__________________________________________________________________________________________________
conv2_block2_2_bn (BatchNormali (None, 32, 32, 64)   256         conv2_block2_2_conv[0][0]        
__________________________________________________________________________________________________
conv2_block2_2_relu (Activation (None, 32, 32, 64)   0           conv2_block2_2_bn[0][0]          
__________________________________________________________________________________________________
conv2_block2_3_conv (Conv2D)    (None, 32, 32, 256)  16640       conv2_block2_2_relu[0][0]        
__________________________________________________________________________________________________
conv2_block2_3_bn (BatchNormali (None, 32, 32, 256)  1024        conv2_block2_3_conv[0][0]        
__________________________________________________________________________________________________
conv2_block2_add (Add)          (None, 32, 32, 256)  0           conv2_block1_out[0][0]           
                                                                 conv2_block2_3_bn[0][0]          
__________________________________________________________________________________________________
conv2_block2_out (Activation)   (None, 32, 32, 256)  0           conv2_block2_add[0][0]           
__________________________________________________________________________________________________
conv2_block3_1_conv (Conv2D)    (None, 32, 32, 64)   16448       conv2_block2_out[0][0]           
__________________________________________________________________________________________________
conv2_block3_1_bn (BatchNormali (None, 32, 32, 64)   256         conv2_block3_1_conv[0][0]        
__________________________________________________________________________________________________
conv2_block3_1_relu (Activation (None, 32, 32, 64)   0           conv2_block3_1_bn[0][0]          
__________________________________________________________________________________________________
conv2_block3_2_conv (Conv2D)    (None, 32, 32, 64)   36928       conv2_block3_1_relu[0][0]        
__________________________________________________________________________________________________
conv2_block3_2_bn (BatchNormali (None, 32, 32, 64)   256         conv2_block3_2_conv[0][0]        
__________________________________________________________________________________________________
conv2_block3_2_relu (Activation (None, 32, 32, 64)   0           conv2_block3_2_bn[0][0]          
__________________________________________________________________________________________________
conv2_block3_3_conv (Conv2D)    (None, 32, 32, 256)  16640       conv2_block3_2_relu[0][0]        
__________________________________________________________________________________________________
conv2_block3_3_bn (BatchNormali (None, 32, 32, 256)  1024        conv2_block3_3_conv[0][0]        
__________________________________________________________________________________________________
conv2_block3_add (Add)          (None, 32, 32, 256)  0           conv2_block2_out[0][0]           
                                                                 conv2_block3_3_bn[0][0]          
__________________________________________________________________________________________________
conv2_block3_out (Activation)   (None, 32, 32, 256)  0           conv2_block3_add[0][0]           
__________________________________________________________________________________________________
conv3_block1_1_conv (Conv2D)    (None, 16, 16, 128)  32896       conv2_block3_out[0][0]           
__________________________________________________________________________________________________
conv3_block1_1_bn (BatchNormali (None, 16, 16, 128)  512         conv3_block1_1_conv[0][0]        
__________________________________________________________________________________________________
conv3_block1_1_relu (Activation (None, 16, 16, 128)  0           conv3_block1_1_bn[0][0]          
__________________________________________________________________________________________________
conv3_block1_2_conv (Conv2D)    (None, 16, 16, 128)  147584      conv3_block1_1_relu[0][0]        
__________________________________________________________________________________________________
conv3_block1_2_bn (BatchNormali (None, 16, 16, 128)  512         conv3_block1_2_conv[0][0]        
__________________________________________________________________________________________________
conv3_block1_2_relu (Activation (None, 16, 16, 128)  0           conv3_block1_2_bn[0][0]          
__________________________________________________________________________________________________
conv3_block1_0_conv (Conv2D)    (None, 16, 16, 512)  131584      conv2_block3_out[0][0]           
__________________________________________________________________________________________________
conv3_block1_3_conv (Conv2D)    (None, 16, 16, 512)  66048       conv3_block1_2_relu[0][0]        
__________________________________________________________________________________________________
conv3_block1_0_bn (BatchNormali (None, 16, 16, 512)  2048        conv3_block1_0_conv[0][0]        
__________________________________________________________________________________________________
conv3_block1_3_bn (BatchNormali (None, 16, 16, 512)  2048        conv3_block1_3_conv[0][0]        
__________________________________________________________________________________________________
conv3_block1_add (Add)          (None, 16, 16, 512)  0           conv3_block1_0_bn[0][0]          
                                                                 conv3_block1_3_bn[0][0]          
__________________________________________________________________________________________________
conv3_block1_out (Activation)   (None, 16, 16, 512)  0           conv3_block1_add[0][0]           
__________________________________________________________________________________________________
conv3_block2_1_conv (Conv2D)    (None, 16, 16, 128)  65664       conv3_block1_out[0][0]           
__________________________________________________________________________________________________
conv3_block2_1_bn (BatchNormali (None, 16, 16, 128)  512         conv3_block2_1_conv[0][0]        
__________________________________________________________________________________________________
conv3_block2_1_relu (Activation (None, 16, 16, 128)  0           conv3_block2_1_bn[0][0]          
__________________________________________________________________________________________________
conv3_block2_2_conv (Conv2D)    (None, 16, 16, 128)  147584      conv3_block2_1_relu[0][0]        
__________________________________________________________________________________________________
conv3_block2_2_bn (BatchNormali (None, 16, 16, 128)  512         conv3_block2_2_conv[0][0]        
__________________________________________________________________________________________________
conv3_block2_2_relu (Activation (None, 16, 16, 128)  0           conv3_block2_2_bn[0][0]          
__________________________________________________________________________________________________
conv3_block2_3_conv (Conv2D)    (None, 16, 16, 512)  66048       conv3_block2_2_relu[0][0]        
__________________________________________________________________________________________________
conv3_block2_3_bn (BatchNormali (None, 16, 16, 512)  2048        conv3_block2_3_conv[0][0]        
__________________________________________________________________________________________________
conv3_block2_add (Add)          (None, 16, 16, 512)  0           conv3_block1_out[0][0]           
                                                                 conv3_block2_3_bn[0][0]          
__________________________________________________________________________________________________
conv3_block2_out (Activation)   (None, 16, 16, 512)  0           conv3_block2_add[0][0]           
__________________________________________________________________________________________________
conv3_block3_1_conv (Conv2D)    (None, 16, 16, 128)  65664       conv3_block2_out[0][0]           
__________________________________________________________________________________________________
conv3_block3_1_bn (BatchNormali (None, 16, 16, 128)  512         conv3_block3_1_conv[0][0]        
__________________________________________________________________________________________________
conv3_block3_1_relu (Activation (None, 16, 16, 128)  0           conv3_block3_1_bn[0][0]          
__________________________________________________________________________________________________
conv3_block3_2_conv (Conv2D)    (None, 16, 16, 128)  147584      conv3_block3_1_relu[0][0]        
__________________________________________________________________________________________________
conv3_block3_2_bn (BatchNormali (None, 16, 16, 128)  512         conv3_block3_2_conv[0][0]        
__________________________________________________________________________________________________
conv3_block3_2_relu (Activation (None, 16, 16, 128)  0           conv3_block3_2_bn[0][0]          
__________________________________________________________________________________________________
conv3_block3_3_conv (Conv2D)    (None, 16, 16, 512)  66048       conv3_block3_2_relu[0][0]        
__________________________________________________________________________________________________
conv3_block3_3_bn (BatchNormali (None, 16, 16, 512)  2048        conv3_block3_3_conv[0][0]        
__________________________________________________________________________________________________
conv3_block3_add (Add)          (None, 16, 16, 512)  0           conv3_block2_out[0][0]           
                                                                 conv3_block3_3_bn[0][0]          
__________________________________________________________________________________________________
conv3_block3_out (Activation)   (None, 16, 16, 512)  0           conv3_block3_add[0][0]           
__________________________________________________________________________________________________
conv3_block4_1_conv (Conv2D)    (None, 16, 16, 128)  65664       conv3_block3_out[0][0]           
__________________________________________________________________________________________________
conv3_block4_1_bn (BatchNormali (None, 16, 16, 128)  512         conv3_block4_1_conv[0][0]        
__________________________________________________________________________________________________
conv3_block4_1_relu (Activation (None, 16, 16, 128)  0           conv3_block4_1_bn[0][0]          
__________________________________________________________________________________________________
conv3_block4_2_conv (Conv2D)    (None, 16, 16, 128)  147584      conv3_block4_1_relu[0][0]        
__________________________________________________________________________________________________
conv3_block4_2_bn (BatchNormali (None, 16, 16, 128)  512         conv3_block4_2_conv[0][0]        
__________________________________________________________________________________________________
conv3_block4_2_relu (Activation (None, 16, 16, 128)  0           conv3_block4_2_bn[0][0]          
__________________________________________________________________________________________________
conv3_block4_3_conv (Conv2D)    (None, 16, 16, 512)  66048       conv3_block4_2_relu[0][0]        
__________________________________________________________________________________________________
conv3_block4_3_bn (BatchNormali (None, 16, 16, 512)  2048        conv3_block4_3_conv[0][0]        
__________________________________________________________________________________________________
conv3_block4_add (Add)          (None, 16, 16, 512)  0           conv3_block3_out[0][0]           
                                                                 conv3_block4_3_bn[0][0]          
__________________________________________________________________________________________________
conv3_block4_out (Activation)   (None, 16, 16, 512)  0           conv3_block4_add[0][0]           
__________________________________________________________________________________________________
conv4_block1_1_conv (Conv2D)    (None, 8, 8, 256)    131328      conv3_block4_out[0][0]           
__________________________________________________________________________________________________
conv4_block1_1_bn (BatchNormali (None, 8, 8, 256)    1024        conv4_block1_1_conv[0][0]        
__________________________________________________________________________________________________
conv4_block1_1_relu (Activation (None, 8, 8, 256)    0           conv4_block1_1_bn[0][0]          
__________________________________________________________________________________________________
conv4_block1_2_conv (Conv2D)    (None, 8, 8, 256)    590080      conv4_block1_1_relu[0][0]        
__________________________________________________________________________________________________
conv4_block1_2_bn (BatchNormali (None, 8, 8, 256)    1024        conv4_block1_2_conv[0][0]        
__________________________________________________________________________________________________
conv4_block1_2_relu (Activation (None, 8, 8, 256)    0           conv4_block1_2_bn[0][0]          
__________________________________________________________________________________________________
conv4_block1_0_conv (Conv2D)    (None, 8, 8, 1024)   525312      conv3_block4_out[0][0]           
__________________________________________________________________________________________________
conv4_block1_3_conv (Conv2D)    (None, 8, 8, 1024)   263168      conv4_block1_2_relu[0][0]        
__________________________________________________________________________________________________
conv4_block1_0_bn (BatchNormali (None, 8, 8, 1024)   4096        conv4_block1_0_conv[0][0]        
__________________________________________________________________________________________________
conv4_block1_3_bn (BatchNormali (None, 8, 8, 1024)   4096        conv4_block1_3_conv[0][0]        
__________________________________________________________________________________________________
conv4_block1_add (Add)          (None, 8, 8, 1024)   0           conv4_block1_0_bn[0][0]          
                                                                 conv4_block1_3_bn[0][0]          
__________________________________________________________________________________________________
conv4_block1_out (Activation)   (None, 8, 8, 1024)   0           conv4_block1_add[0][0]           
__________________________________________________________________________________________________
conv4_block2_1_conv (Conv2D)    (None, 8, 8, 256)    262400      conv4_block1_out[0][0]           
__________________________________________________________________________________________________
conv4_block2_1_bn (BatchNormali (None, 8, 8, 256)    1024        conv4_block2_1_conv[0][0]        
__________________________________________________________________________________________________
conv4_block2_1_relu (Activation (None, 8, 8, 256)    0           conv4_block2_1_bn[0][0]          
__________________________________________________________________________________________________
conv4_block2_2_conv (Conv2D)    (None, 8, 8, 256)    590080      conv4_block2_1_relu[0][0]        
__________________________________________________________________________________________________
conv4_block2_2_bn (BatchNormali (None, 8, 8, 256)    1024        conv4_block2_2_conv[0][0]        
__________________________________________________________________________________________________
conv4_block2_2_relu (Activation (None, 8, 8, 256)    0           conv4_block2_2_bn[0][0]          
__________________________________________________________________________________________________
conv4_block2_3_conv (Conv2D)    (None, 8, 8, 1024)   263168      conv4_block2_2_relu[0][0]        
__________________________________________________________________________________________________
conv4_block2_3_bn (BatchNormali (None, 8, 8, 1024)   4096        conv4_block2_3_conv[0][0]        
__________________________________________________________________________________________________
conv4_block2_add (Add)          (None, 8, 8, 1024)   0           conv4_block1_out[0][0]           
                                                                 conv4_block2_3_bn[0][0]          
__________________________________________________________________________________________________
conv4_block2_out (Activation)   (None, 8, 8, 1024)   0           conv4_block2_add[0][0]           
__________________________________________________________________________________________________
conv4_block3_1_conv (Conv2D)    (None, 8, 8, 256)    262400      conv4_block2_out[0][0]           
__________________________________________________________________________________________________
conv4_block3_1_bn (BatchNormali (None, 8, 8, 256)    1024        conv4_block3_1_conv[0][0]        
__________________________________________________________________________________________________
conv4_block3_1_relu (Activation (None, 8, 8, 256)    0           conv4_block3_1_bn[0][0]          
__________________________________________________________________________________________________
conv4_block3_2_conv (Conv2D)    (None, 8, 8, 256)    590080      conv4_block3_1_relu[0][0]        
__________________________________________________________________________________________________
conv4_block3_2_bn (BatchNormali (None, 8, 8, 256)    1024        conv4_block3_2_conv[0][0]        
__________________________________________________________________________________________________
conv4_block3_2_relu (Activation (None, 8, 8, 256)    0           conv4_block3_2_bn[0][0]          
__________________________________________________________________________________________________
conv4_block3_3_conv (Conv2D)    (None, 8, 8, 1024)   263168      conv4_block3_2_relu[0][0]        
__________________________________________________________________________________________________
conv4_block3_3_bn (BatchNormali (None, 8, 8, 1024)   4096        conv4_block3_3_conv[0][0]        
__________________________________________________________________________________________________
conv4_block3_add (Add)          (None, 8, 8, 1024)   0           conv4_block2_out[0][0]           
                                                                 conv4_block3_3_bn[0][0]          
__________________________________________________________________________________________________
conv4_block3_out (Activation)   (None, 8, 8, 1024)   0           conv4_block3_add[0][0]           
__________________________________________________________________________________________________
conv4_block4_1_conv (Conv2D)    (None, 8, 8, 256)    262400      conv4_block3_out[0][0]           
__________________________________________________________________________________________________
conv4_block4_1_bn (BatchNormali (None, 8, 8, 256)    1024        conv4_block4_1_conv[0][0]        
__________________________________________________________________________________________________
conv4_block4_1_relu (Activation (None, 8, 8, 256)    0           conv4_block4_1_bn[0][0]          
__________________________________________________________________________________________________
conv4_block4_2_conv (Conv2D)    (None, 8, 8, 256)    590080      conv4_block4_1_relu[0][0]        
__________________________________________________________________________________________________
conv4_block4_2_bn (BatchNormali (None, 8, 8, 256)    1024        conv4_block4_2_conv[0][0]        
__________________________________________________________________________________________________
conv4_block4_2_relu (Activation (None, 8, 8, 256)    0           conv4_block4_2_bn[0][0]          
__________________________________________________________________________________________________
conv4_block4_3_conv (Conv2D)    (None, 8, 8, 1024)   263168      conv4_block4_2_relu[0][0]        
__________________________________________________________________________________________________
conv4_block4_3_bn (BatchNormali (None, 8, 8, 1024)   4096        conv4_block4_3_conv[0][0]        
__________________________________________________________________________________________________
conv4_block4_add (Add)          (None, 8, 8, 1024)   0           conv4_block3_out[0][0]           
                                                                 conv4_block4_3_bn[0][0]          
__________________________________________________________________________________________________
conv4_block4_out (Activation)   (None, 8, 8, 1024)   0           conv4_block4_add[0][0]           
__________________________________________________________________________________________________
conv4_block5_1_conv (Conv2D)    (None, 8, 8, 256)    262400      conv4_block4_out[0][0]           
__________________________________________________________________________________________________
conv4_block5_1_bn (BatchNormali (None, 8, 8, 256)    1024        conv4_block5_1_conv[0][0]        
__________________________________________________________________________________________________
conv4_block5_1_relu (Activation (None, 8, 8, 256)    0           conv4_block5_1_bn[0][0]          
__________________________________________________________________________________________________
conv4_block5_2_conv (Conv2D)    (None, 8, 8, 256)    590080      conv4_block5_1_relu[0][0]        
__________________________________________________________________________________________________
conv4_block5_2_bn (BatchNormali (None, 8, 8, 256)    1024        conv4_block5_2_conv[0][0]        
__________________________________________________________________________________________________
conv4_block5_2_relu (Activation (None, 8, 8, 256)    0           conv4_block5_2_bn[0][0]          
__________________________________________________________________________________________________
conv4_block5_3_conv (Conv2D)    (None, 8, 8, 1024)   263168      conv4_block5_2_relu[0][0]        
__________________________________________________________________________________________________
conv4_block5_3_bn (BatchNormali (None, 8, 8, 1024)   4096        conv4_block5_3_conv[0][0]        
__________________________________________________________________________________________________
conv4_block5_add (Add)          (None, 8, 8, 1024)   0           conv4_block4_out[0][0]           
                                                                 conv4_block5_3_bn[0][0]          
__________________________________________________________________________________________________
conv4_block5_out (Activation)   (None, 8, 8, 1024)   0           conv4_block5_add[0][0]           
__________________________________________________________________________________________________
conv4_block6_1_conv (Conv2D)    (None, 8, 8, 256)    262400      conv4_block5_out[0][0]           
__________________________________________________________________________________________________
conv4_block6_1_bn (BatchNormali (None, 8, 8, 256)    1024        conv4_block6_1_conv[0][0]        
__________________________________________________________________________________________________
conv4_block6_1_relu (Activation (None, 8, 8, 256)    0           conv4_block6_1_bn[0][0]          
__________________________________________________________________________________________________
conv4_block6_2_conv (Conv2D)    (None, 8, 8, 256)    590080      conv4_block6_1_relu[0][0]        
__________________________________________________________________________________________________
conv4_block6_2_bn (BatchNormali (None, 8, 8, 256)    1024        conv4_block6_2_conv[0][0]        
__________________________________________________________________________________________________
conv4_block6_2_relu (Activation (None, 8, 8, 256)    0           conv4_block6_2_bn[0][0]          
__________________________________________________________________________________________________
conv4_block6_3_conv (Conv2D)    (None, 8, 8, 1024)   263168      conv4_block6_2_relu[0][0]        
__________________________________________________________________________________________________
conv4_block6_3_bn (BatchNormali (None, 8, 8, 1024)   4096        conv4_block6_3_conv[0][0]        
__________________________________________________________________________________________________
conv4_block6_add (Add)          (None, 8, 8, 1024)   0           conv4_block5_out[0][0]           
                                                                 conv4_block6_3_bn[0][0]          
__________________________________________________________________________________________________
conv4_block6_out (Activation)   (None, 8, 8, 1024)   0           conv4_block6_add[0][0]           
__________________________________________________________________________________________________
conv5_block1_1_conv (Conv2D)    (None, 4, 4, 512)    524800      conv4_block6_out[0][0]           
__________________________________________________________________________________________________
conv5_block1_1_bn (BatchNormali (None, 4, 4, 512)    2048        conv5_block1_1_conv[0][0]        
__________________________________________________________________________________________________
conv5_block1_1_relu (Activation (None, 4, 4, 512)    0           conv5_block1_1_bn[0][0]          
__________________________________________________________________________________________________
conv5_block1_2_conv (Conv2D)    (None, 4, 4, 512)    2359808     conv5_block1_1_relu[0][0]        
__________________________________________________________________________________________________
conv5_block1_2_bn (BatchNormali (None, 4, 4, 512)    2048        conv5_block1_2_conv[0][0]        
__________________________________________________________________________________________________
conv5_block1_2_relu (Activation (None, 4, 4, 512)    0           conv5_block1_2_bn[0][0]          
__________________________________________________________________________________________________
conv5_block1_0_conv (Conv2D)    (None, 4, 4, 2048)   2099200     conv4_block6_out[0][0]           
__________________________________________________________________________________________________
conv5_block1_3_conv (Conv2D)    (None, 4, 4, 2048)   1050624     conv5_block1_2_relu[0][0]        
__________________________________________________________________________________________________
conv5_block1_0_bn (BatchNormali (None, 4, 4, 2048)   8192        conv5_block1_0_conv[0][0]        
__________________________________________________________________________________________________
conv5_block1_3_bn (BatchNormali (None, 4, 4, 2048)   8192        conv5_block1_3_conv[0][0]        
__________________________________________________________________________________________________
conv5_block1_add (Add)          (None, 4, 4, 2048)   0           conv5_block1_0_bn[0][0]          
                                                                 conv5_block1_3_bn[0][0]          
__________________________________________________________________________________________________
conv5_block1_out (Activation)   (None, 4, 4, 2048)   0           conv5_block1_add[0][0]           
__________________________________________________________________________________________________
conv5_block2_1_conv (Conv2D)    (None, 4, 4, 512)    1049088     conv5_block1_out[0][0]           
__________________________________________________________________________________________________
conv5_block2_1_bn (BatchNormali (None, 4, 4, 512)    2048        conv5_block2_1_conv[0][0]        
__________________________________________________________________________________________________
conv5_block2_1_relu (Activation (None, 4, 4, 512)    0           conv5_block2_1_bn[0][0]          
__________________________________________________________________________________________________
conv5_block2_2_conv (Conv2D)    (None, 4, 4, 512)    2359808     conv5_block2_1_relu[0][0]        
__________________________________________________________________________________________________
conv5_block2_2_bn (BatchNormali (None, 4, 4, 512)    2048        conv5_block2_2_conv[0][0]        
__________________________________________________________________________________________________
conv5_block2_2_relu (Activation (None, 4, 4, 512)    0           conv5_block2_2_bn[0][0]          
__________________________________________________________________________________________________
conv5_block2_3_conv (Conv2D)    (None, 4, 4, 2048)   1050624     conv5_block2_2_relu[0][0]        
__________________________________________________________________________________________________
conv5_block2_3_bn (BatchNormali (None, 4, 4, 2048)   8192        conv5_block2_3_conv[0][0]        
__________________________________________________________________________________________________
conv5_block2_add (Add)          (None, 4, 4, 2048)   0           conv5_block1_out[0][0]           
                                                                 conv5_block2_3_bn[0][0]          
__________________________________________________________________________________________________
conv5_block2_out (Activation)   (None, 4, 4, 2048)   0           conv5_block2_add[0][0]           
__________________________________________________________________________________________________
conv5_block3_1_conv (Conv2D)    (None, 4, 4, 512)    1049088     conv5_block2_out[0][0]           
__________________________________________________________________________________________________
conv5_block3_1_bn (BatchNormali (None, 4, 4, 512)    2048        conv5_block3_1_conv[0][0]        
__________________________________________________________________________________________________
conv5_block3_1_relu (Activation (None, 4, 4, 512)    0           conv5_block3_1_bn[0][0]          
__________________________________________________________________________________________________
conv5_block3_2_conv (Conv2D)    (None, 4, 4, 512)    2359808     conv5_block3_1_relu[0][0]        
__________________________________________________________________________________________________
conv5_block3_2_bn (BatchNormali (None, 4, 4, 512)    2048        conv5_block3_2_conv[0][0]        
__________________________________________________________________________________________________
conv5_block3_2_relu (Activation (None, 4, 4, 512)    0           conv5_block3_2_bn[0][0]          
__________________________________________________________________________________________________
conv5_block3_3_conv (Conv2D)    (None, 4, 4, 2048)   1050624     conv5_block3_2_relu[0][0]        
__________________________________________________________________________________________________
flatten (Flatten)               (None, 32768)        0           conv5_block3_3_conv[0][0]        
__________________________________________________________________________________________________
dense (Dense)                   (None, 1024)         33555456    flatten[0][0]                    
__________________________________________________________________________________________________
dropout (Dropout)               (None, 1024)         0           dense[0][0]                      
__________________________________________________________________________________________________
dense_1 (Dense)                 (None, 1)            1025        dropout[0][0]                    
==================================================================================================
Total params: 57,136,001
Trainable params: 57,086,977
Non-trainable params: 49,024
__________________________________________________________________________________________________
Finish creating the training, validation, and testing dataset
Epoch 1/30
  1/414 [..............................] - ETA: 0s - loss: 3054.1833 - ACC: 0.0000e+00  2/414 [..............................] - ETA: 1:18 - loss: 2134.0295 - ACC: 0.0000e+00  3/414 [..............................] - ETA: 6:15 - loss: 3520.5750 - ACC: 0.0000e+00  4/414 [..............................] - ETA: 8:35 - loss: 2696.7766 - ACC: 0.0312      5/414 [..............................] - ETA: 9:54 - loss: 2294.2659 - ACC: 0.0250  6/414 [..............................] - ETA: 11:07 - loss: 2175.9109 - ACC: 0.0208  7/414 [..............................] - ETA: 11:33 - loss: 2065.5818 - ACC: 0.0179  8/414 [..............................] - ETA: 12:08 - loss: 1903.5663 - ACC: 0.0312  9/414 [..............................] - ETA: 12:25 - loss: 1747.1497 - ACC: 0.0347 10/414 [..............................] - ETA: 12:41 - loss: 1624.1044 - ACC: 0.0375 11/414 [..............................] - ETA: 12:52 - loss: 1507.5552 - ACC: 0.0455 12/414 [..............................] - ETA: 13:02 - loss: 1397.0480 - ACC: 0.0469 13/414 [..............................] - ETA: 13:03 - loss: 1323.9722 - ACC: 0.0433 14/414 [>.............................] - ETA: 13:13 - loss: 1249.8529 - ACC: 0.0446 15/414 [>.............................] - ETA: 13:17 - loss: 1191.6473 - ACC: 0.0417 16/414 [>.............................] - ETA: 13:30 - loss: 1137.6000 - ACC: 0.0391 17/414 [>.............................] - ETA: 13:32 - loss: 1095.6119 - ACC: 0.0404 18/414 [>.............................] - ETA: 13:35 - loss: 1058.3032 - ACC: 0.0417 19/414 [>.............................] - ETA: 13:41 - loss: 1019.9751 - ACC: 0.0461 20/414 [>.............................] - ETA: 13:43 - loss: 982.7360 - ACC: 0.0437  21/414 [>.............................] - ETA: 13:40 - loss: 946.6351 - ACC: 0.0417 22/414 [>.............................] - ETA: 13:40 - loss: 920.8498 - ACC: 0.0455 23/414 [>.............................] - ETA: 13:39 - loss: 888.1733 - ACC: 0.0516 24/414 [>.............................] - ETA: 13:40 - loss: 863.2897 - ACC: 0.0547 25/414 [>.............................] - ETA: 13:40 - loss: 836.8641 - ACC: 0.0550 26/414 [>.............................] - ETA: 13:44 - loss: 826.9905 - ACC: 0.0553 27/414 [>.............................] - ETA: 13:44 - loss: 804.2440 - ACC: 0.0556 28/414 [=>............................] - ETA: 13:39 - loss: 786.8037 - ACC: 0.0558 29/414 [=>............................] - ETA: 13:39 - loss: 778.1002 - ACC: 0.0539 30/414 [=>............................] - ETA: 13:41 - loss: 763.4922 - ACC: 0.0542 31/414 [=>............................] - ETA: 13:38 - loss: 748.0239 - ACC: 0.0544 32/414 [=>............................] - ETA: 13:35 - loss: 732.7148 - ACC: 0.0566 33/414 [=>............................] - ETA: 13:39 - loss: 717.8184 - ACC: 0.0606 34/414 [=>............................] - ETA: 13:42 - loss: 705.6093 - ACC: 0.0607 35/414 [=>............................] - ETA: 13:43 - loss: 692.2473 - ACC: 0.0625 36/414 [=>............................] - ETA: 13:41 - loss: 680.4202 - ACC: 0.0625 37/414 [=>............................] - ETA: 13:39 - loss: 664.7072 - ACC: 0.0659 38/414 [=>............................] - ETA: 13:40 - loss: 652.0247 - ACC: 0.0691 39/414 [=>............................] - ETA: 13:40 - loss: 644.4581 - ACC: 0.0721 40/414 [=>............................] - ETA: 13:39 - loss: 633.4326 - ACC: 0.0719 41/414 [=>............................] - ETA: 13:36 - loss: 622.4109 - ACC: 0.0732 42/414 [==>...........................] - ETA: 13:38 - loss: 611.3538 - ACC: 0.0714 43/414 [==>...........................] - ETA: 13:37 - loss: 604.6004 - ACC: 0.0712 44/414 [==>...........................] - ETA: 13:36 - loss: 594.8350 - ACC: 0.0724 45/414 [==>...........................] - ETA: 13:38 - loss: 590.8878 - ACC: 0.0708 46/414 [==>...........................] - ETA: 13:36 - loss: 589.1290 - ACC: 0.0720 47/414 [==>...........................] - ETA: 13:36 - loss: 582.3998 - ACC: 0.0718 48/414 [==>...........................] - ETA: 13:32 - loss: 578.4009 - ACC: 0.0729 49/414 [==>...........................] - ETA: 13:31 - loss: 571.1193 - ACC: 0.0753 50/414 [==>...........................] - ETA: 13:27 - loss: 563.7966 - ACC: 0.0775 51/414 [==>...........................] - ETA: 13:28 - loss: 556.9843 - ACC: 0.0784 52/414 [==>...........................] - ETA: 13:28 - loss: 550.4589 - ACC: 0.0769 53/414 [==>...........................] - ETA: 13:27 - loss: 545.4042 - ACC: 0.0790 54/414 [==>...........................] - ETA: 13:27 - loss: 538.2002 - ACC: 0.0775 55/414 [==>...........................] - ETA: 13:26 - loss: 535.3098 - ACC: 0.0761 56/414 [===>..........................] - ETA: 13:24 - loss: 530.4396 - ACC: 0.0770 57/414 [===>..........................] - ETA: 13:22 - loss: 526.7824 - ACC: 0.0757 58/414 [===>..........................] - ETA: 13:23 - loss: 522.5419 - ACC: 0.0765 59/414 [===>..........................] - ETA: 13:20 - loss: 516.7101 - ACC: 0.0773 60/414 [===>..........................] - ETA: 13:16 - loss: 513.1010 - ACC: 0.0771 61/414 [===>..........................] - ETA: 13:14 - loss: 508.8487 - ACC: 0.0758 62/414 [===>..........................] - ETA: 13:11 - loss: 505.8945 - ACC: 0.0756 63/414 [===>..........................] - ETA: 13:08 - loss: 501.2616 - ACC: 0.0744 64/414 [===>..........................] - ETA: 13:06 - loss: 497.3940 - ACC: 0.0752 65/414 [===>..........................] - ETA: 13:03 - loss: 494.2998 - ACC: 0.0750 66/414 [===>..........................] - ETA: 12:59 - loss: 492.1454 - ACC: 0.0748 67/414 [===>..........................] - ETA: 12:59 - loss: 490.1409 - ACC: 0.0756 68/414 [===>..........................] - ETA: 12:58 - loss: 485.9169 - ACC: 0.0744 69/414 [====>.........................] - ETA: 12:56 - loss: 482.9906 - ACC: 0.0761 70/414 [====>.........................] - ETA: 12:56 - loss: 482.2625 - ACC: 0.0750 71/414 [====>.........................] - ETA: 12:56 - loss: 484.4931 - ACC: 0.0748 72/414 [====>.........................] - ETA: 12:54 - loss: 481.7818 - ACC: 0.0764 73/414 [====>.........................] - ETA: 12:53 - loss: 478.7209 - ACC: 0.0779 74/414 [====>.........................] - ETA: 12:52 - loss: 474.7996 - ACC: 0.0785 75/414 [====>.........................] - ETA: 12:48 - loss: 474.0187 - ACC: 0.0792 76/414 [====>.........................] - ETA: 12:45 - loss: 470.8688 - ACC: 0.0789 77/414 [====>.........................] - ETA: 12:44 - loss: 470.0210 - ACC: 0.0795 78/414 [====>.........................] - ETA: 12:42 - loss: 467.9905 - ACC: 0.0793 79/414 [====>.........................] - ETA: 12:40 - loss: 465.5201 - ACC: 0.0791 80/414 [====>.........................] - ETA: 12:37 - loss: 463.2044 - ACC: 0.0781 81/414 [====>.........................] - ETA: 12:35 - loss: 460.9317 - ACC: 0.0772 82/414 [====>.........................] - ETA: 12:33 - loss: 459.4805 - ACC: 0.0770 83/414 [=====>........................] - ETA: 12:31 - loss: 457.2382 - ACC: 0.0768 84/414 [=====>........................] - ETA: 12:28 - loss: 453.9095 - ACC: 0.0766 85/414 [=====>........................] - ETA: 12:25 - loss: 450.6153 - ACC: 0.0787 86/414 [=====>........................] - ETA: 12:23 - loss: 449.5319 - ACC: 0.0792 87/414 [=====>........................] - ETA: 12:20 - loss: 446.8020 - ACC: 0.0797 88/414 [=====>........................] - ETA: 12:19 - loss: 443.4545 - ACC: 0.0810 89/414 [=====>........................] - ETA: 12:17 - loss: 440.3097 - ACC: 0.0829 90/414 [=====>........................] - ETA: 12:15 - loss: 437.5361 - ACC: 0.0847 91/414 [=====>........................] - ETA: 12:13 - loss: 434.7731 - ACC: 0.0845 92/414 [=====>........................] - ETA: 12:10 - loss: 433.1796 - ACC: 0.0836 93/414 [=====>........................] - ETA: 12:09 - loss: 430.6323 - ACC: 0.0827 94/414 [=====>........................] - ETA: 12:06 - loss: 429.6821 - ACC: 0.0831 95/414 [=====>........................] - ETA: 12:03 - loss: 427.6054 - ACC: 0.0836 96/414 [=====>........................] - ETA: 12:01 - loss: 428.9152 - ACC: 0.0827 97/414 [======>.......................] - ETA: 12:00 - loss: 428.8813 - ACC: 0.0838 98/414 [======>.......................] - ETA: 11:58 - loss: 427.9410 - ACC: 0.0835 99/414 [======>.......................] - ETA: 11:56 - loss: 425.7461 - ACC: 0.0827100/414 [======>.......................] - ETA: 11:53 - loss: 423.4268 - ACC: 0.0825101/414 [======>.......................] - ETA: 11:51 - loss: 421.7847 - ACC: 0.0854102/414 [======>.......................] - ETA: 11:49 - loss: 421.0938 - ACC: 0.0858103/414 [======>.......................] - ETA: 11:47 - loss: 419.0428 - ACC: 0.0856104/414 [======>.......................] - ETA: 11:45 - loss: 417.8140 - ACC: 0.0853105/414 [======>.......................] - ETA: 11:43 - loss: 416.3390 - ACC: 0.0863106/414 [======>.......................] - ETA: 11:41 - loss: 414.9718 - ACC: 0.0861107/414 [======>.......................] - ETA: 11:39 - loss: 413.5207 - ACC: 0.0876108/414 [======>.......................] - ETA: 11:37 - loss: 410.4608 - ACC: 0.0885109/414 [======>.......................] - ETA: 11:35 - loss: 410.9792 - ACC: 0.0900110/414 [======>.......................] - ETA: 11:32 - loss: 409.3821 - ACC: 0.0898111/414 [=======>......................] - ETA: 11:30 - loss: 408.6992 - ACC: 0.0907112/414 [=======>......................] - ETA: 11:28 - loss: 406.7376 - ACC: 0.0915113/414 [=======>......................] - ETA: 11:26 - loss: 406.3529 - ACC: 0.0918114/414 [=======>......................] - ETA: 11:24 - loss: 406.3139 - ACC: 0.0910115/414 [=======>......................] - ETA: 11:22 - loss: 406.4114 - ACC: 0.0902116/414 [=======>......................] - ETA: 11:20 - loss: 405.7637 - ACC: 0.0894117/414 [=======>......................] - ETA: 11:18 - loss: 403.2526 - ACC: 0.0903118/414 [=======>......................] - ETA: 11:15 - loss: 401.1683 - ACC: 0.0911119/414 [=======>......................] - ETA: 11:12 - loss: 400.1229 - ACC: 0.0924120/414 [=======>......................] - ETA: 11:11 - loss: 400.2875 - ACC: 0.0922121/414 [=======>......................] - ETA: 11:08 - loss: 398.4841 - ACC: 0.0919122/414 [=======>......................] - ETA: 11:05 - loss: 396.0331 - ACC: 0.0922123/414 [=======>......................] - ETA: 11:02 - loss: 393.9131 - ACC: 0.0935124/414 [=======>......................] - ETA: 11:00 - loss: 392.1956 - ACC: 0.0932125/414 [========>.....................] - ETA: 10:58 - loss: 390.6812 - ACC: 0.0935126/414 [========>.....................] - ETA: 10:55 - loss: 388.8118 - ACC: 0.0928127/414 [========>.....................] - ETA: 10:53 - loss: 387.6001 - ACC: 0.0930128/414 [========>.....................] - ETA: 10:50 - loss: 386.7084 - ACC: 0.0923129/414 [========>.....................] - ETA: 10:50 - loss: 386.5693 - ACC: 0.0916130/414 [========>.....................] - ETA: 10:48 - loss: 385.7966 - ACC: 0.0918131/414 [========>.....................] - ETA: 10:45 - loss: 384.5523 - ACC: 0.0916132/414 [========>.....................] - ETA: 10:43 - loss: 383.4234 - ACC: 0.0909133/414 [========>.....................] - ETA: 10:41 - loss: 382.4207 - ACC: 0.0921134/414 [========>.....................] - ETA: 10:39 - loss: 381.3248 - ACC: 0.0914135/414 [========>.....................] - ETA: 10:36 - loss: 380.0135 - ACC: 0.0912136/414 [========>.....................] - ETA: 10:34 - loss: 378.4256 - ACC: 0.0924137/414 [========>.....................] - ETA: 10:31 - loss: 377.2556 - ACC: 0.0931138/414 [=========>....................] - ETA: 10:30 - loss: 376.0783 - ACC: 0.0928139/414 [=========>....................] - ETA: 10:28 - loss: 375.0413 - ACC: 0.0935140/414 [=========>....................] - ETA: 10:26 - loss: 375.6809 - ACC: 0.0938141/414 [=========>....................] - ETA: 10:24 - loss: 374.8896 - ACC: 0.0931142/414 [=========>....................] - ETA: 10:21 - loss: 373.3722 - ACC: 0.0942143/414 [=========>....................] - ETA: 10:19 - loss: 371.9929 - ACC: 0.0944144/414 [=========>....................] - ETA: 10:17 - loss: 370.5870 - ACC: 0.0942145/414 [=========>....................] - ETA: 10:15 - loss: 369.3325 - ACC: 0.0935146/414 [=========>....................] - ETA: 10:13 - loss: 368.6697 - ACC: 0.0933147/414 [=========>....................] - ETA: 10:11 - loss: 367.3514 - ACC: 0.0931148/414 [=========>....................] - ETA: 10:08 - loss: 366.0460 - ACC: 0.0933149/414 [=========>....................] - ETA: 10:05 - loss: 365.0488 - ACC: 0.0931150/414 [=========>....................] - ETA: 10:03 - loss: 363.8012 - ACC: 0.0929151/414 [=========>....................] - ETA: 10:01 - loss: 362.5806 - ACC: 0.0931152/414 [==========>...................] - ETA: 9:59 - loss: 360.9768 - ACC: 0.0938 153/414 [==========>...................] - ETA: 9:56 - loss: 359.8409 - ACC: 0.0940154/414 [==========>...................] - ETA: 9:54 - loss: 358.6690 - ACC: 0.0938155/414 [==========>...................] - ETA: 9:52 - loss: 357.4842 - ACC: 0.0944156/414 [==========>...................] - ETA: 9:50 - loss: 357.1520 - ACC: 0.0942157/414 [==========>...................] - ETA: 9:48 - loss: 356.1790 - ACC: 0.0939158/414 [==========>...................] - ETA: 9:45 - loss: 355.0350 - ACC: 0.0945159/414 [==========>...................] - ETA: 9:42 - loss: 354.1845 - ACC: 0.0947160/414 [==========>...................] - ETA: 9:40 - loss: 353.2059 - ACC: 0.0945161/414 [==========>...................] - ETA: 9:37 - loss: 352.4827 - ACC: 0.0943162/414 [==========>...................] - ETA: 9:35 - loss: 352.3700 - ACC: 0.0949163/414 [==========>...................] - ETA: 9:34 - loss: 351.1364 - ACC: 0.0959164/414 [==========>...................] - ETA: 9:31 - loss: 349.4870 - ACC: 0.0953165/414 [==========>...................] - ETA: 9:29 - loss: 347.9216 - ACC: 0.0962166/414 [===========>..................] - ETA: 9:27 - loss: 346.7570 - ACC: 0.0956167/414 [===========>..................] - ETA: 9:25 - loss: 345.8109 - ACC: 0.0966168/414 [===========>..................] - ETA: 9:23 - loss: 344.8777 - ACC: 0.0967169/414 [===========>..................] - ETA: 9:21 - loss: 343.8413 - ACC: 0.0976170/414 [===========>..................] - ETA: 9:18 - loss: 342.8578 - ACC: 0.0974171/414 [===========>..................] - ETA: 9:16 - loss: 342.0504 - ACC: 0.0969172/414 [===========>..................] - ETA: 9:14 - loss: 342.0814 - ACC: 0.0967173/414 [===========>..................] - ETA: 9:12 - loss: 340.8651 - ACC: 0.0968174/414 [===========>..................] - ETA: 9:10 - loss: 340.8952 - ACC: 0.0966175/414 [===========>..................] - ETA: 9:08 - loss: 340.3868 - ACC: 0.0964176/414 [===========>..................] - ETA: 9:05 - loss: 339.4653 - ACC: 0.0969177/414 [===========>..................] - ETA: 9:03 - loss: 338.8694 - ACC: 0.0968178/414 [===========>..................] - ETA: 9:01 - loss: 337.8621 - ACC: 0.0973179/414 [===========>..................] - ETA: 8:59 - loss: 337.4560 - ACC: 0.0967180/414 [============>.................] - ETA: 8:57 - loss: 336.6160 - ACC: 0.0969181/414 [============>.................] - ETA: 8:54 - loss: 336.7961 - ACC: 0.0970182/414 [============>.................] - ETA: 8:52 - loss: 335.8591 - ACC: 0.0968183/414 [============>.................] - ETA: 8:50 - loss: 334.8990 - ACC: 0.0967184/414 [============>.................] - ETA: 8:48 - loss: 334.1328 - ACC: 0.0961185/414 [============>.................] - ETA: 8:46 - loss: 334.8481 - ACC: 0.0966186/414 [============>.................] - ETA: 8:43 - loss: 334.5736 - ACC: 0.0964187/414 [============>.................] - ETA: 8:41 - loss: 334.4839 - ACC: 0.0966188/414 [============>.................] - ETA: 8:39 - loss: 333.2963 - ACC: 0.0971189/414 [============>.................] - ETA: 8:37 - loss: 332.2779 - ACC: 0.0969190/414 [============>.................] - ETA: 8:35 - loss: 331.0925 - ACC: 0.0970191/414 [============>.................] - ETA: 8:33 - loss: 330.8410 - ACC: 0.0969192/414 [============>.................] - ETA: 8:31 - loss: 330.0932 - ACC: 0.0967193/414 [============>.................] - ETA: 8:29 - loss: 329.0897 - ACC: 0.0972194/414 [=============>................] - ETA: 8:27 - loss: 328.4124 - ACC: 0.0970195/414 [=============>................] - ETA: 8:24 - loss: 328.4556 - ACC: 0.0965196/414 [=============>................] - ETA: 8:22 - loss: 327.7611 - ACC: 0.0966197/414 [=============>................] - ETA: 8:20 - loss: 327.1191 - ACC: 0.0968198/414 [=============>................] - ETA: 8:17 - loss: 328.3539 - ACC: 0.0963199/414 [=============>................] - ETA: 8:15 - loss: 327.6078 - ACC: 0.0961200/414 [=============>................] - ETA: 8:12 - loss: 327.1623 - ACC: 0.0966201/414 [=============>................] - ETA: 8:10 - loss: 326.3397 - ACC: 0.0967202/414 [=============>................] - ETA: 8:08 - loss: 325.6996 - ACC: 0.0975203/414 [=============>................] - ETA: 8:06 - loss: 324.6177 - ACC: 0.0982204/414 [=============>................] - ETA: 8:03 - loss: 325.4200 - ACC: 0.0980205/414 [=============>................] - ETA: 8:01 - loss: 326.7274 - ACC: 0.0976206/414 [=============>................] - ETA: 7:59 - loss: 325.4667 - ACC: 0.0974207/414 [==============>...............] - ETA: 7:56 - loss: 324.8908 - ACC: 0.0972208/414 [==============>...............] - ETA: 7:54 - loss: 323.7938 - ACC: 0.0977209/414 [==============>...............] - ETA: 7:52 - loss: 323.3330 - ACC: 0.0978210/414 [==============>...............] - ETA: 7:50 - loss: 322.6872 - ACC: 0.0979211/414 [==============>...............] - ETA: 7:48 - loss: 321.6691 - ACC: 0.0977212/414 [==============>...............] - ETA: 7:45 - loss: 320.9546 - ACC: 0.0973213/414 [==============>...............] - ETA: 7:42 - loss: 320.1608 - ACC: 0.0974214/414 [==============>...............] - ETA: 7:40 - loss: 319.9005 - ACC: 0.0970215/414 [==============>...............] - ETA: 7:38 - loss: 318.8794 - ACC: 0.0968216/414 [==============>...............] - ETA: 7:35 - loss: 317.9824 - ACC: 0.0969217/414 [==============>...............] - ETA: 7:33 - loss: 317.2308 - ACC: 0.0971218/414 [==============>...............] - ETA: 7:31 - loss: 317.2789 - ACC: 0.0978219/414 [==============>...............] - ETA: 7:29 - loss: 317.0929 - ACC: 0.0979220/414 [==============>...............] - ETA: 7:26 - loss: 317.1697 - ACC: 0.0977221/414 [===============>..............] - ETA: 7:24 - loss: 316.5813 - ACC: 0.0973222/414 [===============>..............] - ETA: 7:22 - loss: 316.3429 - ACC: 0.0974223/414 [===============>..............] - ETA: 7:20 - loss: 315.5859 - ACC: 0.0973224/414 [===============>..............] - ETA: 7:18 - loss: 316.1770 - ACC: 0.0971225/414 [===============>..............] - ETA: 7:15 - loss: 315.3464 - ACC: 0.0967226/414 [===============>..............] - ETA: 7:13 - loss: 314.8080 - ACC: 0.0971227/414 [===============>..............] - ETA: 7:11 - loss: 314.5023 - ACC: 0.0972228/414 [===============>..............] - ETA: 7:08 - loss: 313.8971 - ACC: 0.0973229/414 [===============>..............] - ETA: 7:06 - loss: 313.7003 - ACC: 0.0972230/414 [===============>..............] - ETA: 7:04 - loss: 313.1042 - ACC: 0.0978231/414 [===============>..............] - ETA: 7:01 - loss: 312.5917 - ACC: 0.0979232/414 [===============>..............] - ETA: 6:59 - loss: 311.8384 - ACC: 0.0983233/414 [===============>..............] - ETA: 6:57 - loss: 311.3536 - ACC: 0.0979234/414 [===============>..............] - ETA: 6:55 - loss: 311.1716 - ACC: 0.0978235/414 [================>.............] - ETA: 6:53 - loss: 310.6057 - ACC: 0.0976236/414 [================>.............] - ETA: 6:50 - loss: 310.0888 - ACC: 0.0975237/414 [================>.............] - ETA: 6:48 - loss: 309.3926 - ACC: 0.0970238/414 [================>.............] - ETA: 6:46 - loss: 309.0120 - ACC: 0.0966239/414 [================>.............] - ETA: 6:44 - loss: 308.0937 - ACC: 0.0968240/414 [================>.............] - ETA: 6:42 - loss: 307.5162 - ACC: 0.0969241/414 [================>.............] - ETA: 6:39 - loss: 306.8269 - ACC: 0.0967242/414 [================>.............] - ETA: 6:37 - loss: 305.8542 - ACC: 0.0974243/414 [================>.............] - ETA: 6:35 - loss: 305.3076 - ACC: 0.0977244/414 [================>.............] - ETA: 6:32 - loss: 305.0635 - ACC: 0.0973245/414 [================>.............] - ETA: 6:30 - loss: 304.6547 - ACC: 0.0972246/414 [================>.............] - ETA: 6:28 - loss: 303.9087 - ACC: 0.0976247/414 [================>.............] - ETA: 6:25 - loss: 303.2693 - ACC: 0.0977248/414 [================>.............] - ETA: 6:23 - loss: 302.5636 - ACC: 0.0980249/414 [=================>............] - ETA: 6:21 - loss: 302.3320 - ACC: 0.0984250/414 [=================>............] - ETA: 6:19 - loss: 301.6471 - ACC: 0.0990251/414 [=================>............] - ETA: 6:17 - loss: 301.0717 - ACC: 0.0989252/414 [=================>............] - ETA: 6:14 - loss: 300.1255 - ACC: 0.0995253/414 [=================>............] - ETA: 6:12 - loss: 299.3594 - ACC: 0.1003254/414 [=================>............] - ETA: 6:10 - loss: 298.7068 - ACC: 0.1001255/414 [=================>............] - ETA: 6:08 - loss: 297.9305 - ACC: 0.1000256/414 [=================>............] - ETA: 6:05 - loss: 298.2818 - ACC: 0.1001257/414 [=================>............] - ETA: 6:03 - loss: 298.2037 - ACC: 0.1004258/414 [=================>............] - ETA: 6:00 - loss: 297.5064 - ACC: 0.1008259/414 [=================>............] - ETA: 5:58 - loss: 296.9587 - ACC: 0.1009260/414 [=================>............] - ETA: 5:56 - loss: 296.5474 - ACC: 0.1012261/414 [=================>............] - ETA: 5:53 - loss: 296.3934 - ACC: 0.1011262/414 [=================>............] - ETA: 5:51 - loss: 295.8863 - ACC: 0.1009263/414 [==================>...........] - ETA: 5:49 - loss: 295.5550 - ACC: 0.1010264/414 [==================>...........] - ETA: 5:47 - loss: 294.7737 - ACC: 0.1011265/414 [==================>...........] - ETA: 5:45 - loss: 294.7906 - ACC: 0.1012266/414 [==================>...........] - ETA: 5:43 - loss: 294.3603 - ACC: 0.1010267/414 [==================>...........] - ETA: 5:40 - loss: 293.9957 - ACC: 0.1011268/414 [==================>...........] - ETA: 5:38 - loss: 293.2552 - ACC: 0.1012269/414 [==================>...........] - ETA: 5:36 - loss: 293.2253 - ACC: 0.1011270/414 [==================>...........] - ETA: 5:34 - loss: 292.7940 - ACC: 0.1012271/414 [==================>...........] - ETA: 5:32 - loss: 292.3025 - ACC: 0.1012272/414 [==================>...........] - ETA: 5:29 - loss: 291.9561 - ACC: 0.1011273/414 [==================>...........] - ETA: 5:27 - loss: 291.4851 - ACC: 0.1012274/414 [==================>...........] - ETA: 5:24 - loss: 291.4597 - ACC: 0.1010275/414 [==================>...........] - ETA: 5:22 - loss: 291.1722 - ACC: 0.1011276/414 [===================>..........] - ETA: 5:20 - loss: 290.6894 - ACC: 0.1012277/414 [===================>..........] - ETA: 5:17 - loss: 290.1088 - ACC: 0.1009278/414 [===================>..........] - ETA: 5:15 - loss: 289.5822 - ACC: 0.1007279/414 [===================>..........] - ETA: 5:13 - loss: 289.0595 - ACC: 0.1004280/414 [===================>..........] - ETA: 5:11 - loss: 288.4017 - ACC: 0.1007281/414 [===================>..........] - ETA: 5:08 - loss: 288.0093 - ACC: 0.1010282/414 [===================>..........] - ETA: 5:06 - loss: 287.2915 - ACC: 0.1015283/414 [===================>..........] - ETA: 5:04 - loss: 286.7073 - ACC: 0.1018284/414 [===================>..........] - ETA: 5:01 - loss: 286.0518 - ACC: 0.1017285/414 [===================>..........] - ETA: 4:59 - loss: 285.6499 - ACC: 0.1015286/414 [===================>..........] - ETA: 4:57 - loss: 285.5047 - ACC: 0.1014287/414 [===================>..........] - ETA: 4:55 - loss: 285.0748 - ACC: 0.1010288/414 [===================>..........] - ETA: 4:52 - loss: 284.8588 - ACC: 0.1016289/414 [===================>..........] - ETA: 4:50 - loss: 284.7243 - ACC: 0.1012290/414 [====================>.........] - ETA: 4:48 - loss: 284.2531 - ACC: 0.1013291/414 [====================>.........] - ETA: 4:45 - loss: 284.1148 - ACC: 0.1009292/414 [====================>.........] - ETA: 4:43 - loss: 283.6235 - ACC: 0.1006293/414 [====================>.........] - ETA: 4:41 - loss: 283.5265 - ACC: 0.1009294/414 [====================>.........] - ETA: 4:38 - loss: 283.1860 - ACC: 0.1010295/414 [====================>.........] - ETA: 4:36 - loss: 282.9492 - ACC: 0.1006296/414 [====================>.........] - ETA: 4:34 - loss: 282.4439 - ACC: 0.1005297/414 [====================>.........] - ETA: 4:31 - loss: 281.7894 - ACC: 0.1010298/414 [====================>.........] - ETA: 4:29 - loss: 281.5751 - ACC: 0.1011299/414 [====================>.........] - ETA: 4:27 - loss: 280.9585 - ACC: 0.1010300/414 [====================>.........] - ETA: 4:24 - loss: 280.8782 - ACC: 0.1006301/414 [====================>.........] - ETA: 4:22 - loss: 280.5480 - ACC: 0.1007302/414 [====================>.........] - ETA: 4:20 - loss: 280.3460 - ACC: 0.1010303/414 [====================>.........] - ETA: 4:18 - loss: 279.9391 - ACC: 0.1013304/414 [=====================>........] - ETA: 4:15 - loss: 279.3488 - ACC: 0.1016305/414 [=====================>........] - ETA: 4:13 - loss: 278.9930 - ACC: 0.1014306/414 [=====================>........] - ETA: 4:11 - loss: 278.6059 - ACC: 0.1017307/414 [=====================>........] - ETA: 4:09 - loss: 278.4049 - ACC: 0.1014308/414 [=====================>........] - ETA: 4:06 - loss: 278.1194 - ACC: 0.1013309/414 [=====================>........] - ETA: 4:04 - loss: 277.9320 - ACC: 0.1011310/414 [=====================>........] - ETA: 4:01 - loss: 277.4358 - ACC: 0.1012311/414 [=====================>........] - ETA: 3:59 - loss: 277.0059 - ACC: 0.1017312/414 [=====================>........] - ETA: 3:57 - loss: 276.3886 - ACC: 0.1016313/414 [=====================>........] - ETA: 3:54 - loss: 276.1158 - ACC: 0.1012314/414 [=====================>........] - ETA: 3:52 - loss: 275.8554 - ACC: 0.1011315/414 [=====================>........] - ETA: 3:50 - loss: 275.8090 - ACC: 0.1014316/414 [=====================>........] - ETA: 3:47 - loss: 275.2378 - ACC: 0.1015317/414 [=====================>........] - ETA: 3:45 - loss: 275.2215 - ACC: 0.1013318/414 [======================>.......] - ETA: 3:43 - loss: 275.1192 - ACC: 0.1012319/414 [======================>.......] - ETA: 3:40 - loss: 274.6851 - ACC: 0.1017320/414 [======================>.......] - ETA: 3:38 - loss: 274.2061 - ACC: 0.1014321/414 [======================>.......] - ETA: 3:36 - loss: 273.9240 - ACC: 0.1011322/414 [======================>.......] - ETA: 3:34 - loss: 273.7432 - ACC: 0.1011323/414 [======================>.......] - ETA: 3:31 - loss: 273.0138 - ACC: 0.1016324/414 [======================>.......] - ETA: 3:29 - loss: 272.9389 - ACC: 0.1017325/414 [======================>.......] - ETA: 3:27 - loss: 272.8895 - ACC: 0.1015326/414 [======================>.......] - ETA: 3:25 - loss: 272.4729 - ACC: 0.1014327/414 [======================>.......] - ETA: 3:22 - loss: 272.2407 - ACC: 0.1013328/414 [======================>.......] - ETA: 3:20 - loss: 272.1958 - ACC: 0.1012329/414 [======================>.......] - ETA: 3:18 - loss: 272.0875 - ACC: 0.1011330/414 [======================>.......] - ETA: 3:15 - loss: 271.5873 - ACC: 0.1009331/414 [======================>.......] - ETA: 3:13 - loss: 271.2628 - ACC: 0.1008332/414 [=======================>......] - ETA: 3:10 - loss: 271.0781 - ACC: 0.1005333/414 [=======================>......] - ETA: 3:08 - loss: 271.1088 - ACC: 0.1004334/414 [=======================>......] - ETA: 3:06 - loss: 270.8416 - ACC: 0.1007335/414 [=======================>......] - ETA: 3:04 - loss: 270.5822 - ACC: 0.1011336/414 [=======================>......] - ETA: 3:01 - loss: 270.1374 - ACC: 0.1012337/414 [=======================>......] - ETA: 2:59 - loss: 269.9337 - ACC: 0.1009338/414 [=======================>......] - ETA: 2:56 - loss: 269.4883 - ACC: 0.1010339/414 [=======================>......] - ETA: 2:54 - loss: 268.9639 - ACC: 0.1012340/414 [=======================>......] - ETA: 2:52 - loss: 268.7940 - ACC: 0.1013341/414 [=======================>......] - ETA: 2:49 - loss: 268.3405 - ACC: 0.1015342/414 [=======================>......] - ETA: 2:47 - loss: 268.1799 - ACC: 0.1014343/414 [=======================>......] - ETA: 2:45 - loss: 267.8170 - ACC: 0.1011344/414 [=======================>......] - ETA: 2:43 - loss: 267.5757 - ACC: 0.1010345/414 [========================>.....] - ETA: 2:40 - loss: 266.9565 - ACC: 0.1016346/414 [========================>.....] - ETA: 2:38 - loss: 266.6007 - ACC: 0.1017347/414 [========================>.....] - ETA: 2:36 - loss: 266.2316 - ACC: 0.1019348/414 [========================>.....] - ETA: 2:33 - loss: 265.9392 - ACC: 0.1020349/414 [========================>.....] - ETA: 2:31 - loss: 265.6732 - ACC: 0.1019350/414 [========================>.....] - ETA: 2:29 - loss: 265.1264 - ACC: 0.1016351/414 [========================>.....] - ETA: 2:26 - loss: 264.8578 - ACC: 0.1019352/414 [========================>.....] - ETA: 2:24 - loss: 264.8820 - ACC: 0.1017353/414 [========================>.....] - ETA: 2:22 - loss: 264.6947 - ACC: 0.1022354/414 [========================>.....] - ETA: 2:19 - loss: 264.7299 - ACC: 0.1019355/414 [========================>.....] - ETA: 2:17 - loss: 264.2606 - ACC: 0.1018356/414 [========================>.....] - ETA: 2:15 - loss: 263.7281 - ACC: 0.1022357/414 [========================>.....] - ETA: 2:12 - loss: 263.3711 - ACC: 0.1021358/414 [========================>.....] - ETA: 2:10 - loss: 262.7665 - ACC: 0.1025359/414 [=========================>....] - ETA: 2:08 - loss: 262.3481 - ACC: 0.1031360/414 [=========================>....] - ETA: 2:05 - loss: 262.2463 - ACC: 0.1035361/414 [=========================>....] - ETA: 2:03 - loss: 261.9840 - ACC: 0.1035362/414 [=========================>....] - ETA: 2:01 - loss: 261.7107 - ACC: 0.1034363/414 [=========================>....] - ETA: 1:58 - loss: 261.1830 - ACC: 0.1033364/414 [=========================>....] - ETA: 1:56 - loss: 260.8350 - ACC: 0.1037365/414 [=========================>....] - ETA: 1:54 - loss: 260.9268 - ACC: 0.1034366/414 [=========================>....] - ETA: 1:51 - loss: 260.7357 - ACC: 0.1037367/414 [=========================>....] - ETA: 1:49 - loss: 260.8647 - ACC: 0.1037368/414 [=========================>....] - ETA: 1:47 - loss: 261.0567 - ACC: 0.1036369/414 [=========================>....] - ETA: 1:44 - loss: 261.1997 - ACC: 0.1035370/414 [=========================>....] - ETA: 1:42 - loss: 260.9396 - ACC: 0.1035371/414 [=========================>....] - ETA: 1:40 - loss: 260.6932 - ACC: 0.1036372/414 [=========================>....] - ETA: 1:37 - loss: 260.4111 - ACC: 0.1037373/414 [==========================>...] - ETA: 1:35 - loss: 260.1455 - ACC: 0.1037374/414 [==========================>...] - ETA: 1:33 - loss: 259.8012 - ACC: 0.1038375/414 [==========================>...] - ETA: 1:30 - loss: 259.6882 - ACC: 0.1037376/414 [==========================>...] - ETA: 1:28 - loss: 259.6004 - ACC: 0.1036377/414 [==========================>...] - ETA: 1:26 - loss: 259.9374 - ACC: 0.1033378/414 [==========================>...] - ETA: 1:23 - loss: 260.0888 - ACC: 0.1033379/414 [==========================>...] - ETA: 1:21 - loss: 259.8541 - ACC: 0.1032380/414 [==========================>...] - ETA: 1:19 - loss: 259.4231 - ACC: 0.1033381/414 [==========================>...] - ETA: 1:17 - loss: 260.1596 - ACC: 0.1033382/414 [==========================>...] - ETA: 1:14 - loss: 260.4059 - ACC: 0.1032383/414 [==========================>...] - ETA: 1:12 - loss: 260.6335 - ACC: 0.1030384/414 [==========================>...] - ETA: 1:09 - loss: 260.4492 - ACC: 0.1032385/414 [==========================>...] - ETA: 1:07 - loss: 260.5714 - ACC: 0.1034386/414 [==========================>...] - ETA: 1:05 - loss: 260.3331 - ACC: 0.1035387/414 [===========================>..] - ETA: 1:02 - loss: 260.0955 - ACC: 0.1037388/414 [===========================>..] - ETA: 1:00 - loss: 260.0932 - ACC: 0.1036389/414 [===========================>..] - ETA: 58s - loss: 260.6976 - ACC: 0.1033 390/414 [===========================>..] - ETA: 55s - loss: 260.5931 - ACC: 0.1030391/414 [===========================>..] - ETA: 53s - loss: 260.3546 - ACC: 0.1033392/414 [===========================>..] - ETA: 51s - loss: 260.2787 - ACC: 0.1032393/414 [===========================>..] - ETA: 49s - loss: 259.9399 - ACC: 0.1031394/414 [===========================>..] - ETA: 46s - loss: 261.0173 - ACC: 0.1031395/414 [===========================>..] - ETA: 44s - loss: 261.6459 - ACC: 0.1028396/414 [===========================>..] - ETA: 42s - loss: 262.1081 - ACC: 0.1029397/414 [===========================>..] - ETA: 39s - loss: 262.3051 - ACC: 0.1030398/414 [===========================>..] - ETA: 37s - loss: 262.1274 - ACC: 0.1029399/414 [===========================>..] - ETA: 35s - loss: 262.0234 - ACC: 0.1028400/414 [===========================>..] - ETA: 32s - loss: 262.2631 - ACC: 0.1028401/414 [============================>.] - ETA: 30s - loss: 262.4576 - ACC: 0.1029402/414 [============================>.] - ETA: 28s - loss: 262.3218 - ACC: 0.1031403/414 [============================>.] - ETA: 25s - loss: 262.1900 - ACC: 0.1031404/414 [============================>.] - ETA: 23s - loss: 261.7580 - ACC: 0.1030405/414 [============================>.] - ETA: 21s - loss: 261.4963 - ACC: 0.1031406/414 [============================>.] - ETA: 18s - loss: 261.4118 - ACC: 0.1030407/414 [============================>.] - ETA: 16s - loss: 261.1949 - ACC: 0.1030408/414 [============================>.] - ETA: 14s - loss: 261.0814 - ACC: 0.1031409/414 [============================>.] - ETA: 11s - loss: 260.9934 - ACC: 0.1028410/414 [============================>.] - ETA: 9s - loss: 260.8528 - ACC: 0.1030 411/414 [============================>.] - ETA: 7s - loss: 260.6542 - ACC: 0.1031412/414 [============================>.] - ETA: 4s - loss: 260.2603 - ACC: 0.1030413/414 [============================>.] - ETA: 2s - loss: 260.5138 - ACC: 0.1029414/414 [==============================] - ETA: 0s - loss: 260.1381 - ACC: 0.1030414/414 [==============================] - 1219s 3s/step - loss: 260.1381 - ACC: 0.1030 - val_loss: 405.5873 - val_ACC: 0.0819
Epoch 2/30
  1/414 [..............................] - ETA: 0s - loss: 254.3880 - ACC: 0.0625  2/414 [..............................] - ETA: 7:43 - loss: 192.7911 - ACC: 0.0625  3/414 [..............................] - ETA: 11:04 - loss: 242.4501 - ACC: 0.0625  4/414 [..............................] - ETA: 12:09 - loss: 234.0184 - ACC: 0.0938  5/414 [..............................] - ETA: 12:47 - loss: 233.4534 - ACC: 0.1000  6/414 [..............................] - ETA: 13:18 - loss: 232.4552 - ACC: 0.0938  7/414 [..............................] - ETA: 13:23 - loss: 231.7582 - ACC: 0.0982  8/414 [..............................] - ETA: 13:38 - loss: 220.9087 - ACC: 0.0938  9/414 [..............................] - ETA: 13:43 - loss: 215.3022 - ACC: 0.0903 10/414 [..............................] - ETA: 13:47 - loss: 229.6109 - ACC: 0.0812 11/414 [..............................] - ETA: 13:48 - loss: 222.6960 - ACC: 0.0852 12/414 [..............................] - ETA: 13:53 - loss: 221.2492 - ACC: 0.0781 13/414 [..............................] - ETA: 13:50 - loss: 242.9363 - ACC: 0.0721 14/414 [>.............................] - ETA: 13:54 - loss: 238.0303 - ACC: 0.0759 15/414 [>.............................] - ETA: 13:55 - loss: 240.2592 - ACC: 0.0750 16/414 [>.............................] - ETA: 14:00 - loss: 241.5905 - ACC: 0.0703 17/414 [>.............................] - ETA: 14:00 - loss: 249.5798 - ACC: 0.0662 18/414 [>.............................] - ETA: 14:00 - loss: 250.3093 - ACC: 0.0694 19/414 [>.............................] - ETA: 14:02 - loss: 244.8808 - ACC: 0.0724 20/414 [>.............................] - ETA: 14:03 - loss: 238.8537 - ACC: 0.0750 21/414 [>.............................] - ETA: 13:58 - loss: 234.8777 - ACC: 0.0744 22/414 [>.............................] - ETA: 13:56 - loss: 231.6077 - ACC: 0.0739 23/414 [>.............................] - ETA: 13:56 - loss: 229.5232 - ACC: 0.0788 24/414 [>.............................] - ETA: 13:56 - loss: 234.8808 - ACC: 0.0807 25/414 [>.............................] - ETA: 13:55 - loss: 237.3065 - ACC: 0.0800 26/414 [>.............................] - ETA: 13:57 - loss: 234.8512 - ACC: 0.0841 27/414 [>.............................] - ETA: 14:00 - loss: 230.0484 - ACC: 0.0856 28/414 [=>............................] - ETA: 13:54 - loss: 236.2119 - ACC: 0.0848 29/414 [=>............................] - ETA: 13:56 - loss: 233.0780 - ACC: 0.0884 30/414 [=>............................] - ETA: 13:54 - loss: 230.7824 - ACC: 0.0896 31/414 [=>............................] - ETA: 13:51 - loss: 228.4320 - ACC: 0.0927 32/414 [=>............................] - ETA: 13:47 - loss: 224.9842 - ACC: 0.0918 33/414 [=>............................] - ETA: 13:51 - loss: 225.9588 - ACC: 0.0890 34/414 [=>............................] - ETA: 13:53 - loss: 224.2227 - ACC: 0.0919 35/414 [=>............................] - ETA: 13:54 - loss: 227.4256 - ACC: 0.0893 36/414 [=>............................] - ETA: 13:51 - loss: 228.3978 - ACC: 0.0885 37/414 [=>............................] - ETA: 13:49 - loss: 227.5139 - ACC: 0.0878 38/414 [=>............................] - ETA: 13:48 - loss: 226.4595 - ACC: 0.0872 39/414 [=>............................] - ETA: 13:47 - loss: 226.0076 - ACC: 0.0865 40/414 [=>............................] - ETA: 13:47 - loss: 225.0126 - ACC: 0.0875 41/414 [=>............................] - ETA: 13:44 - loss: 222.4978 - ACC: 0.0899 42/414 [==>...........................] - ETA: 13:45 - loss: 220.1046 - ACC: 0.0893 43/414 [==>...........................] - ETA: 13:46 - loss: 218.3978 - ACC: 0.0887 44/414 [==>...........................] - ETA: 13:45 - loss: 216.6583 - ACC: 0.0895 45/414 [==>...........................] - ETA: 13:46 - loss: 216.9338 - ACC: 0.0875 46/414 [==>...........................] - ETA: 13:44 - loss: 214.6772 - ACC: 0.0883 47/414 [==>...........................] - ETA: 13:45 - loss: 212.6935 - ACC: 0.0904 48/414 [==>...........................] - ETA: 13:42 - loss: 209.6139 - ACC: 0.0911 49/414 [==>...........................] - ETA: 13:40 - loss: 207.5760 - ACC: 0.0918 50/414 [==>...........................] - ETA: 13:35 - loss: 205.5385 - ACC: 0.0925 51/414 [==>...........................] - ETA: 13:36 - loss: 203.5394 - ACC: 0.0919 52/414 [==>...........................] - ETA: 13:38 - loss: 202.1220 - ACC: 0.0925 53/414 [==>...........................] - ETA: 13:36 - loss: 200.2182 - ACC: 0.0920 54/414 [==>...........................] - ETA: 13:34 - loss: 199.8837 - ACC: 0.0938 55/414 [==>...........................] - ETA: 13:32 - loss: 199.6145 - ACC: 0.0932 56/414 [===>..........................] - ETA: 13:30 - loss: 198.5431 - ACC: 0.0926 57/414 [===>..........................] - ETA: 13:28 - loss: 196.7620 - ACC: 0.0932 58/414 [===>..........................] - ETA: 13:30 - loss: 195.4457 - ACC: 0.0938 59/414 [===>..........................] - ETA: 13:26 - loss: 194.8004 - ACC: 0.0964 60/414 [===>..........................] - ETA: 13:23 - loss: 193.7913 - ACC: 0.0979 61/414 [===>..........................] - ETA: 13:20 - loss: 193.0181 - ACC: 0.0984 62/414 [===>..........................] - ETA: 13:16 - loss: 193.4037 - ACC: 0.0968 63/414 [===>..........................] - ETA: 13:13 - loss: 193.9953 - ACC: 0.0952 64/414 [===>..........................] - ETA: 13:11 - loss: 193.4785 - ACC: 0.0947 65/414 [===>..........................] - ETA: 13:08 - loss: 192.5493 - ACC: 0.0952 66/414 [===>..........................] - ETA: 13:05 - loss: 191.6809 - ACC: 0.0956 67/414 [===>..........................] - ETA: 13:05 - loss: 190.8047 - ACC: 0.0951 68/414 [===>..........................] - ETA: 13:04 - loss: 190.0099 - ACC: 0.0956 69/414 [====>.........................] - ETA: 13:01 - loss: 188.9189 - ACC: 0.0960 70/414 [====>.........................] - ETA: 13:02 - loss: 187.5771 - ACC: 0.0973 71/414 [====>.........................] - ETA: 13:02 - loss: 190.5758 - ACC: 0.0977 72/414 [====>.........................] - ETA: 12:59 - loss: 190.0377 - ACC: 0.0972 73/414 [====>.........................] - ETA: 12:58 - loss: 190.5237 - ACC: 0.0993 74/414 [====>.........................] - ETA: 12:56 - loss: 190.2486 - ACC: 0.0988 75/414 [====>.........................] - ETA: 12:52 - loss: 189.6476 - ACC: 0.0983 76/414 [====>.........................] - ETA: 12:49 - loss: 188.4356 - ACC: 0.0987 77/414 [====>.........................] - ETA: 12:48 - loss: 187.5398 - ACC: 0.0990 78/414 [====>.........................] - ETA: 12:46 - loss: 187.2003 - ACC: 0.0994 79/414 [====>.........................] - ETA: 12:44 - loss: 186.5076 - ACC: 0.1005 80/414 [====>.........................] - ETA: 12:42 - loss: 185.6230 - ACC: 0.1023 81/414 [====>.........................] - ETA: 12:39 - loss: 184.8946 - ACC: 0.1034 82/414 [====>.........................] - ETA: 12:37 - loss: 184.0098 - ACC: 0.1029 83/414 [=====>........................] - ETA: 12:35 - loss: 183.4666 - ACC: 0.1039 84/414 [=====>........................] - ETA: 12:32 - loss: 182.6965 - ACC: 0.1057 85/414 [=====>........................] - ETA: 12:28 - loss: 182.1199 - ACC: 0.1081 86/414 [=====>........................] - ETA: 12:27 - loss: 181.7068 - ACC: 0.1083 87/414 [=====>........................] - ETA: 12:23 - loss: 180.9411 - ACC: 0.1092 88/414 [=====>........................] - ETA: 12:21 - loss: 180.0442 - ACC: 0.1108 89/414 [=====>........................] - ETA: 12:20 - loss: 179.4879 - ACC: 0.1117 90/414 [=====>........................] - ETA: 12:18 - loss: 181.6454 - ACC: 0.1111 91/414 [=====>........................] - ETA: 12:16 - loss: 180.9617 - ACC: 0.1120 92/414 [=====>........................] - ETA: 12:13 - loss: 180.6773 - ACC: 0.1114 93/414 [=====>........................] - ETA: 12:12 - loss: 180.9363 - ACC: 0.1109 94/414 [=====>........................] - ETA: 12:09 - loss: 181.1138 - ACC: 0.1110 95/414 [=====>........................] - ETA: 12:06 - loss: 180.9898 - ACC: 0.1112 96/414 [=====>........................] - ETA: 12:04 - loss: 183.8126 - ACC: 0.1107 97/414 [======>.......................] - ETA: 12:03 - loss: 183.5488 - ACC: 0.1102 98/414 [======>.......................] - ETA: 12:00 - loss: 182.9393 - ACC: 0.1097 99/414 [======>.......................] - ETA: 11:58 - loss: 182.3971 - ACC: 0.1092100/414 [======>.......................] - ETA: 11:55 - loss: 181.8014 - ACC: 0.1100101/414 [======>.......................] - ETA: 11:53 - loss: 181.3583 - ACC: 0.1101102/414 [======>.......................] - ETA: 11:51 - loss: 182.1115 - ACC: 0.1097103/414 [======>.......................] - ETA: 11:49 - loss: 182.0980 - ACC: 0.1104104/414 [======>.......................] - ETA: 11:47 - loss: 181.1344 - ACC: 0.1100105/414 [======>.......................] - ETA: 11:45 - loss: 180.6097 - ACC: 0.1107106/414 [======>.......................] - ETA: 11:43 - loss: 180.3395 - ACC: 0.1097107/414 [======>.......................] - ETA: 11:41 - loss: 179.4977 - ACC: 0.1116108/414 [======>.......................] - ETA: 11:39 - loss: 178.8302 - ACC: 0.1111109/414 [======>.......................] - ETA: 11:38 - loss: 179.2657 - ACC: 0.1112110/414 [======>.......................] - ETA: 11:34 - loss: 179.3828 - ACC: 0.1114111/414 [=======>......................] - ETA: 11:32 - loss: 180.2635 - ACC: 0.1109112/414 [=======>......................] - ETA: 11:30 - loss: 179.2793 - ACC: 0.1116113/414 [=======>......................] - ETA: 11:29 - loss: 178.9954 - ACC: 0.1128114/414 [=======>......................] - ETA: 11:26 - loss: 178.8704 - ACC: 0.1129115/414 [=======>......................] - ETA: 11:26 - loss: 179.4791 - ACC: 0.1130116/414 [=======>......................] - ETA: 11:23 - loss: 180.0293 - ACC: 0.1126117/414 [=======>......................] - ETA: 11:21 - loss: 179.0394 - ACC: 0.1132118/414 [=======>......................] - ETA: 11:19 - loss: 178.9176 - ACC: 0.1149119/414 [=======>......................] - ETA: 11:16 - loss: 179.3608 - ACC: 0.1161120/414 [=======>......................] - ETA: 11:14 - loss: 180.4549 - ACC: 0.1167121/414 [=======>......................] - ETA: 11:11 - loss: 179.6120 - ACC: 0.1173122/414 [=======>......................] - ETA: 11:08 - loss: 179.0837 - ACC: 0.1168123/414 [=======>......................] - ETA: 11:05 - loss: 178.6150 - ACC: 0.1169124/414 [=======>......................] - ETA: 11:03 - loss: 179.0029 - ACC: 0.1174125/414 [========>.....................] - ETA: 11:01 - loss: 178.6429 - ACC: 0.1165126/414 [========>.....................] - ETA: 10:58 - loss: 178.3955 - ACC: 0.1166127/414 [========>.....................] - ETA: 10:56 - loss: 178.2723 - ACC: 0.1156128/414 [========>.....................] - ETA: 10:53 - loss: 178.7628 - ACC: 0.1147129/414 [========>.....................] - ETA: 10:53 - loss: 178.9814 - ACC: 0.1148130/414 [========>.....................] - ETA: 10:50 - loss: 179.2677 - ACC: 0.1149131/414 [========>.....................] - ETA: 10:48 - loss: 179.2852 - ACC: 0.1150132/414 [========>.....................] - ETA: 10:46 - loss: 178.8328 - ACC: 0.1146133/414 [========>.....................] - ETA: 10:44 - loss: 179.4422 - ACC: 0.1151134/414 [========>.....................] - ETA: 10:41 - loss: 179.7863 - ACC: 0.1147135/414 [========>.....................] - ETA: 10:39 - loss: 180.1444 - ACC: 0.1144136/414 [========>.....................] - ETA: 10:37 - loss: 179.6340 - ACC: 0.1144137/414 [========>.....................] - ETA: 10:35 - loss: 179.3553 - ACC: 0.1145138/414 [=========>....................] - ETA: 10:33 - loss: 178.9808 - ACC: 0.1150139/414 [=========>....................] - ETA: 10:32 - loss: 179.0241 - ACC: 0.1142140/414 [=========>....................] - ETA: 10:30 - loss: 179.6840 - ACC: 0.1143141/414 [=========>....................] - ETA: 10:27 - loss: 179.1843 - ACC: 0.1148142/414 [=========>....................] - ETA: 10:25 - loss: 179.0573 - ACC: 0.1144143/414 [=========>....................] - ETA: 10:22 - loss: 178.8693 - ACC: 0.1149144/414 [=========>....................] - ETA: 10:20 - loss: 179.1238 - ACC: 0.1141145/414 [=========>....................] - ETA: 10:18 - loss: 178.8582 - ACC: 0.1151146/414 [=========>....................] - ETA: 10:17 - loss: 179.2757 - ACC: 0.1147147/414 [=========>....................] - ETA: 10:14 - loss: 179.2364 - ACC: 0.1152148/414 [=========>....................] - ETA: 10:11 - loss: 179.1172 - ACC: 0.1149149/414 [=========>....................] - ETA: 10:09 - loss: 178.7322 - ACC: 0.1141150/414 [=========>....................] - ETA: 10:07 - loss: 178.6637 - ACC: 0.1146151/414 [=========>....................] - ETA: 10:04 - loss: 178.4867 - ACC: 0.1142152/414 [==========>...................] - ETA: 10:02 - loss: 178.2263 - ACC: 0.1143153/414 [==========>...................] - ETA: 10:00 - loss: 178.3465 - ACC: 0.1144154/414 [==========>...................] - ETA: 9:58 - loss: 178.5381 - ACC: 0.1136 155/414 [==========>...................] - ETA: 9:55 - loss: 178.6687 - ACC: 0.1137156/414 [==========>...................] - ETA: 9:54 - loss: 179.3695 - ACC: 0.1138157/414 [==========>...................] - ETA: 9:51 - loss: 179.5410 - ACC: 0.1139158/414 [==========>...................] - ETA: 9:48 - loss: 179.7648 - ACC: 0.1135159/414 [==========>...................] - ETA: 9:46 - loss: 179.8044 - ACC: 0.1136160/414 [==========>...................] - ETA: 9:43 - loss: 179.3580 - ACC: 0.1129161/414 [==========>...................] - ETA: 9:41 - loss: 179.3112 - ACC: 0.1134162/414 [==========>...................] - ETA: 9:39 - loss: 179.1203 - ACC: 0.1138163/414 [==========>...................] - ETA: 9:37 - loss: 179.1660 - ACC: 0.1135164/414 [==========>...................] - ETA: 9:35 - loss: 179.0697 - ACC: 0.1132165/414 [==========>...................] - ETA: 9:32 - loss: 178.8650 - ACC: 0.1129166/414 [===========>..................] - ETA: 9:30 - loss: 178.1440 - ACC: 0.1141167/414 [===========>..................] - ETA: 9:28 - loss: 177.6362 - ACC: 0.1145168/414 [===========>..................] - ETA: 9:26 - loss: 177.4466 - ACC: 0.1142169/414 [===========>..................] - ETA: 9:24 - loss: 177.2721 - ACC: 0.1146170/414 [===========>..................] - ETA: 9:21 - loss: 177.3743 - ACC: 0.1154171/414 [===========>..................] - ETA: 9:19 - loss: 177.2348 - ACC: 0.1148172/414 [===========>..................] - ETA: 9:17 - loss: 178.5958 - ACC: 0.1145173/414 [===========>..................] - ETA: 9:15 - loss: 177.9827 - ACC: 0.1145174/414 [===========>..................] - ETA: 9:13 - loss: 177.7654 - ACC: 0.1142175/414 [===========>..................] - ETA: 9:11 - loss: 177.4171 - ACC: 0.1154176/414 [===========>..................] - ETA: 9:08 - loss: 177.0896 - ACC: 0.1161177/414 [===========>..................] - ETA: 9:06 - loss: 176.8372 - ACC: 0.1165178/414 [===========>..................] - ETA: 9:04 - loss: 176.8352 - ACC: 0.1166179/414 [===========>..................] - ETA: 9:02 - loss: 176.7723 - ACC: 0.1163180/414 [============>.................] - ETA: 8:59 - loss: 176.6534 - ACC: 0.1163181/414 [============>.................] - ETA: 8:57 - loss: 177.3257 - ACC: 0.1160182/414 [============>.................] - ETA: 8:55 - loss: 177.3062 - ACC: 0.1154183/414 [============>.................] - ETA: 8:52 - loss: 177.0078 - ACC: 0.1151184/414 [============>.................] - ETA: 8:50 - loss: 176.7649 - ACC: 0.1148185/414 [============>.................] - ETA: 8:48 - loss: 177.8853 - ACC: 0.1145186/414 [============>.................] - ETA: 8:46 - loss: 177.9516 - ACC: 0.1146187/414 [============>.................] - ETA: 8:44 - loss: 178.0314 - ACC: 0.1150188/414 [============>.................] - ETA: 8:42 - loss: 177.8079 - ACC: 0.1150189/414 [============>.................] - ETA: 8:40 - loss: 177.8605 - ACC: 0.1147190/414 [============>.................] - ETA: 8:38 - loss: 177.8126 - ACC: 0.1145191/414 [============>.................] - ETA: 8:35 - loss: 178.0822 - ACC: 0.1139192/414 [============>.................] - ETA: 8:33 - loss: 177.6739 - ACC: 0.1139193/414 [============>.................] - ETA: 8:31 - loss: 177.7887 - ACC: 0.1137194/414 [=============>................] - ETA: 8:29 - loss: 177.6758 - ACC: 0.1147195/414 [=============>................] - ETA: 8:26 - loss: 177.5299 - ACC: 0.1147196/414 [=============>................] - ETA: 8:24 - loss: 177.3992 - ACC: 0.1145197/414 [=============>................] - ETA: 8:22 - loss: 177.0146 - ACC: 0.1145198/414 [=============>................] - ETA: 8:19 - loss: 177.6342 - ACC: 0.1140199/414 [=============>................] - ETA: 8:16 - loss: 177.3338 - ACC: 0.1137200/414 [=============>................] - ETA: 8:14 - loss: 177.3459 - ACC: 0.1144201/414 [=============>................] - ETA: 8:11 - loss: 177.3987 - ACC: 0.1141202/414 [=============>................] - ETA: 8:10 - loss: 177.6495 - ACC: 0.1136203/414 [=============>................] - ETA: 8:07 - loss: 177.7991 - ACC: 0.1133204/414 [=============>................] - ETA: 8:05 - loss: 178.1179 - ACC: 0.1134205/414 [=============>................] - ETA: 8:02 - loss: 179.1328 - ACC: 0.1134206/414 [=============>................] - ETA: 8:00 - loss: 178.5031 - ACC: 0.1141207/414 [==============>...............] - ETA: 7:58 - loss: 178.7962 - ACC: 0.1138208/414 [==============>...............] - ETA: 7:55 - loss: 178.3628 - ACC: 0.1136209/414 [==============>...............] - ETA: 7:53 - loss: 178.1196 - ACC: 0.1136210/414 [==============>...............] - ETA: 7:51 - loss: 177.9315 - ACC: 0.1137211/414 [==============>...............] - ETA: 7:48 - loss: 177.6805 - ACC: 0.1134212/414 [==============>...............] - ETA: 7:46 - loss: 177.1554 - ACC: 0.1141213/414 [==============>...............] - ETA: 7:43 - loss: 176.8794 - ACC: 0.1141214/414 [==============>...............] - ETA: 7:41 - loss: 176.9890 - ACC: 0.1136215/414 [==============>...............] - ETA: 7:38 - loss: 176.6734 - ACC: 0.1137216/414 [==============>...............] - ETA: 7:36 - loss: 176.2720 - ACC: 0.1140217/414 [==============>...............] - ETA: 7:34 - loss: 175.7937 - ACC: 0.1141218/414 [==============>...............] - ETA: 7:32 - loss: 175.8280 - ACC: 0.1141219/414 [==============>...............] - ETA: 7:29 - loss: 175.5130 - ACC: 0.1136220/414 [==============>...............] - ETA: 7:27 - loss: 175.9549 - ACC: 0.1134221/414 [===============>..............] - ETA: 7:24 - loss: 176.4197 - ACC: 0.1131222/414 [===============>..............] - ETA: 7:22 - loss: 176.6907 - ACC: 0.1129223/414 [===============>..............] - ETA: 7:20 - loss: 176.7740 - ACC: 0.1132224/414 [===============>..............] - ETA: 7:18 - loss: 177.1817 - ACC: 0.1127225/414 [===============>..............] - ETA: 7:16 - loss: 176.7087 - ACC: 0.1131226/414 [===============>..............] - ETA: 7:13 - loss: 176.1999 - ACC: 0.1142227/414 [===============>..............] - ETA: 7:11 - loss: 175.9625 - ACC: 0.1148228/414 [===============>..............] - ETA: 7:08 - loss: 175.5541 - ACC: 0.1151229/414 [===============>..............] - ETA: 7:06 - loss: 175.6459 - ACC: 0.1152230/414 [===============>..............] - ETA: 7:04 - loss: 175.7446 - ACC: 0.1149231/414 [===============>..............] - ETA: 7:01 - loss: 175.4397 - ACC: 0.1147232/414 [===============>..............] - ETA: 6:59 - loss: 175.0688 - ACC: 0.1150233/414 [===============>..............] - ETA: 6:57 - loss: 174.8215 - ACC: 0.1156234/414 [===============>..............] - ETA: 6:54 - loss: 174.6992 - ACC: 0.1151235/414 [================>.............] - ETA: 6:52 - loss: 174.8428 - ACC: 0.1152236/414 [================>.............] - ETA: 6:50 - loss: 174.5742 - ACC: 0.1149237/414 [================>.............] - ETA: 6:48 - loss: 174.3987 - ACC: 0.1155238/414 [================>.............] - ETA: 6:45 - loss: 174.3748 - ACC: 0.1155239/414 [================>.............] - ETA: 6:43 - loss: 174.1851 - ACC: 0.1158240/414 [================>.............] - ETA: 6:41 - loss: 174.1519 - ACC: 0.1161241/414 [================>.............] - ETA: 6:39 - loss: 174.0549 - ACC: 0.1167242/414 [================>.............] - ETA: 6:37 - loss: 173.8304 - ACC: 0.1162243/414 [================>.............] - ETA: 6:34 - loss: 173.8881 - ACC: 0.1163244/414 [================>.............] - ETA: 6:32 - loss: 173.8592 - ACC: 0.1160245/414 [================>.............] - ETA: 6:29 - loss: 173.5356 - ACC: 0.1166246/414 [================>.............] - ETA: 6:27 - loss: 173.1478 - ACC: 0.1166247/414 [================>.............] - ETA: 6:25 - loss: 172.8117 - ACC: 0.1164248/414 [================>.............] - ETA: 6:23 - loss: 172.7104 - ACC: 0.1159249/414 [=================>............] - ETA: 6:20 - loss: 172.6396 - ACC: 0.1165250/414 [=================>............] - ETA: 6:18 - loss: 172.5525 - ACC: 0.1173251/414 [=================>............] - ETA: 6:15 - loss: 172.1615 - ACC: 0.1173252/414 [=================>............] - ETA: 6:13 - loss: 171.9452 - ACC: 0.1173253/414 [=================>............] - ETA: 6:11 - loss: 171.8702 - ACC: 0.1171254/414 [=================>............] - ETA: 6:09 - loss: 171.5418 - ACC: 0.1169255/414 [=================>............] - ETA: 6:07 - loss: 171.1856 - ACC: 0.1164256/414 [=================>............] - ETA: 6:04 - loss: 171.4197 - ACC: 0.1162257/414 [=================>............] - ETA: 6:02 - loss: 171.4849 - ACC: 0.1162258/414 [=================>............] - ETA: 5:59 - loss: 171.1927 - ACC: 0.1170259/414 [=================>............] - ETA: 5:57 - loss: 171.1488 - ACC: 0.1170260/414 [=================>............] - ETA: 5:54 - loss: 170.9822 - ACC: 0.1173261/414 [=================>............] - ETA: 5:52 - loss: 170.7799 - ACC: 0.1173262/414 [=================>............] - ETA: 5:50 - loss: 170.7104 - ACC: 0.1174263/414 [==================>...........] - ETA: 5:48 - loss: 170.6443 - ACC: 0.1174264/414 [==================>...........] - ETA: 5:46 - loss: 170.5830 - ACC: 0.1177265/414 [==================>...........] - ETA: 5:43 - loss: 170.7157 - ACC: 0.1179266/414 [==================>...........] - ETA: 5:41 - loss: 170.4997 - ACC: 0.1177267/414 [==================>...........] - ETA: 5:39 - loss: 170.5071 - ACC: 0.1177268/414 [==================>...........] - ETA: 5:37 - loss: 170.3070 - ACC: 0.1178269/414 [==================>...........] - ETA: 5:35 - loss: 170.3976 - ACC: 0.1173270/414 [==================>...........] - ETA: 5:32 - loss: 170.1865 - ACC: 0.1174271/414 [==================>...........] - ETA: 5:30 - loss: 169.9494 - ACC: 0.1176272/414 [==================>...........] - ETA: 5:28 - loss: 169.7376 - ACC: 0.1174273/414 [==================>...........] - ETA: 5:26 - loss: 169.4868 - ACC: 0.1172274/414 [==================>...........] - ETA: 5:23 - loss: 169.5839 - ACC: 0.1172275/414 [==================>...........] - ETA: 5:21 - loss: 169.5223 - ACC: 0.1168276/414 [===================>..........] - ETA: 5:19 - loss: 169.3307 - ACC: 0.1168277/414 [===================>..........] - ETA: 5:16 - loss: 169.1261 - ACC: 0.1173278/414 [===================>..........] - ETA: 5:14 - loss: 168.8934 - ACC: 0.1171279/414 [===================>..........] - ETA: 5:12 - loss: 168.8462 - ACC: 0.1172280/414 [===================>..........] - ETA: 5:10 - loss: 168.6736 - ACC: 0.1170281/414 [===================>..........] - ETA: 5:07 - loss: 168.4463 - ACC: 0.1170282/414 [===================>..........] - ETA: 5:05 - loss: 167.9985 - ACC: 0.1168283/414 [===================>..........] - ETA: 5:02 - loss: 167.7955 - ACC: 0.1166284/414 [===================>..........] - ETA: 5:00 - loss: 167.6578 - ACC: 0.1171285/414 [===================>..........] - ETA: 4:58 - loss: 167.5654 - ACC: 0.1171286/414 [===================>..........] - ETA: 4:55 - loss: 167.5722 - ACC: 0.1171287/414 [===================>..........] - ETA: 4:53 - loss: 167.6638 - ACC: 0.1169288/414 [===================>..........] - ETA: 4:51 - loss: 167.5232 - ACC: 0.1165289/414 [===================>..........] - ETA: 4:49 - loss: 167.6523 - ACC: 0.1163290/414 [====================>.........] - ETA: 4:46 - loss: 167.5418 - ACC: 0.1166291/414 [====================>.........] - ETA: 4:44 - loss: 167.9077 - ACC: 0.1162292/414 [====================>.........] - ETA: 4:41 - loss: 167.6636 - ACC: 0.1160293/414 [====================>.........] - ETA: 4:39 - loss: 167.8065 - ACC: 0.1158294/414 [====================>.........] - ETA: 4:37 - loss: 167.7090 - ACC: 0.1159295/414 [====================>.........] - ETA: 4:34 - loss: 167.8319 - ACC: 0.1157296/414 [====================>.........] - ETA: 4:32 - loss: 167.5895 - ACC: 0.1157297/414 [====================>.........] - ETA: 4:30 - loss: 167.4905 - ACC: 0.1155298/414 [====================>.........] - ETA: 4:28 - loss: 167.3107 - ACC: 0.1154299/414 [====================>.........] - ETA: 4:25 - loss: 167.1424 - ACC: 0.1154300/414 [====================>.........] - ETA: 4:23 - loss: 167.1105 - ACC: 0.1152301/414 [====================>.........] - ETA: 4:21 - loss: 167.0117 - ACC: 0.1148302/414 [====================>.........] - ETA: 4:18 - loss: 166.8735 - ACC: 0.1149303/414 [====================>.........] - ETA: 4:16 - loss: 166.7687 - ACC: 0.1155304/414 [=====================>........] - ETA: 4:14 - loss: 166.5397 - ACC: 0.1160305/414 [=====================>........] - ETA: 4:12 - loss: 166.6564 - ACC: 0.1156306/414 [=====================>........] - ETA: 4:09 - loss: 166.5094 - ACC: 0.1154307/414 [=====================>........] - ETA: 4:07 - loss: 166.3896 - ACC: 0.1154308/414 [=====================>........] - ETA: 4:05 - loss: 166.2310 - ACC: 0.1151309/414 [=====================>........] - ETA: 4:02 - loss: 166.4189 - ACC: 0.1153310/414 [=====================>........] - ETA: 4:00 - loss: 166.2225 - ACC: 0.1151311/414 [=====================>........] - ETA: 3:58 - loss: 165.9327 - ACC: 0.1154312/414 [=====================>........] - ETA: 3:55 - loss: 165.6413 - ACC: 0.1156313/414 [=====================>........] - ETA: 3:53 - loss: 166.1961 - ACC: 0.1156314/414 [=====================>........] - ETA: 3:51 - loss: 166.0154 - ACC: 0.1156315/414 [=====================>........] - ETA: 3:48 - loss: 166.2340 - ACC: 0.1159316/414 [=====================>........] - ETA: 3:46 - loss: 165.9369 - ACC: 0.1163317/414 [=====================>........] - ETA: 3:44 - loss: 166.2079 - ACC: 0.1161318/414 [======================>.......] - ETA: 3:41 - loss: 166.5184 - ACC: 0.1158319/414 [======================>.......] - ETA: 3:39 - loss: 166.3079 - ACC: 0.1154320/414 [======================>.......] - ETA: 3:37 - loss: 166.5093 - ACC: 0.1150321/414 [======================>.......] - ETA: 3:34 - loss: 166.3755 - ACC: 0.1149322/414 [======================>.......] - ETA: 3:32 - loss: 166.1276 - ACC: 0.1157323/414 [======================>.......] - ETA: 3:30 - loss: 165.7011 - ACC: 0.1159324/414 [======================>.......] - ETA: 3:28 - loss: 165.5574 - ACC: 0.1159325/414 [======================>.......] - ETA: 3:25 - loss: 166.5120 - ACC: 0.1160326/414 [======================>.......] - ETA: 3:23 - loss: 166.5618 - ACC: 0.1158327/414 [======================>.......] - ETA: 3:21 - loss: 166.4216 - ACC: 0.1156328/414 [======================>.......] - ETA: 3:18 - loss: 166.2927 - ACC: 0.1155329/414 [======================>.......] - ETA: 3:16 - loss: 166.4418 - ACC: 0.1151330/414 [======================>.......] - ETA: 3:14 - loss: 166.1350 - ACC: 0.1155331/414 [======================>.......] - ETA: 3:11 - loss: 166.0256 - ACC: 0.1156332/414 [=======================>......] - ETA: 3:09 - loss: 166.1938 - ACC: 0.1154333/414 [=======================>......] - ETA: 3:06 - loss: 166.2084 - ACC: 0.1152334/414 [=======================>......] - ETA: 3:04 - loss: 166.0401 - ACC: 0.1151335/414 [=======================>......] - ETA: 3:02 - loss: 165.9938 - ACC: 0.1147336/414 [=======================>......] - ETA: 3:00 - loss: 166.0506 - ACC: 0.1144337/414 [=======================>......] - ETA: 2:57 - loss: 166.1517 - ACC: 0.1146338/414 [=======================>......] - ETA: 2:55 - loss: 165.8386 - ACC: 0.1148339/414 [=======================>......] - ETA: 2:52 - loss: 165.4767 - ACC: 0.1147340/414 [=======================>......] - ETA: 2:50 - loss: 165.3282 - ACC: 0.1153341/414 [=======================>......] - ETA: 2:48 - loss: 165.1753 - ACC: 0.1149342/414 [=======================>......] - ETA: 2:46 - loss: 165.0344 - ACC: 0.1149343/414 [=======================>......] - ETA: 2:43 - loss: 164.9632 - ACC: 0.1150344/414 [=======================>......] - ETA: 2:41 - loss: 164.8335 - ACC: 0.1148345/414 [========================>.....] - ETA: 2:39 - loss: 164.5625 - ACC: 0.1150346/414 [========================>.....] - ETA: 2:36 - loss: 164.5397 - ACC: 0.1154347/414 [========================>.....] - ETA: 2:34 - loss: 164.3503 - ACC: 0.1155348/414 [========================>.....] - ETA: 2:32 - loss: 164.2866 - ACC: 0.1155349/414 [========================>.....] - ETA: 2:29 - loss: 164.2713 - ACC: 0.1153350/414 [========================>.....] - ETA: 2:27 - loss: 164.1953 - ACC: 0.1152351/414 [========================>.....] - ETA: 2:25 - loss: 164.1284 - ACC: 0.1154352/414 [========================>.....] - ETA: 2:22 - loss: 164.0669 - ACC: 0.1156353/414 [========================>.....] - ETA: 2:20 - loss: 164.0056 - ACC: 0.1156354/414 [========================>.....] - ETA: 2:18 - loss: 164.0173 - ACC: 0.1155355/414 [========================>.....] - ETA: 2:16 - loss: 163.6771 - ACC: 0.1153356/414 [========================>.....] - ETA: 2:13 - loss: 163.5352 - ACC: 0.1155357/414 [========================>.....] - ETA: 2:11 - loss: 163.3096 - ACC: 0.1154358/414 [========================>.....] - ETA: 2:09 - loss: 163.0904 - ACC: 0.1154359/414 [=========================>....] - ETA: 2:06 - loss: 162.9569 - ACC: 0.1153360/414 [=========================>....] - ETA: 2:04 - loss: 162.7603 - ACC: 0.1153361/414 [=========================>....] - ETA: 2:02 - loss: 162.5893 - ACC: 0.1153362/414 [=========================>....] - ETA: 1:59 - loss: 162.5540 - ACC: 0.1153363/414 [=========================>....] - ETA: 1:57 - loss: 162.3455 - ACC: 0.1152364/414 [=========================>....] - ETA: 1:55 - loss: 162.1595 - ACC: 0.1152365/414 [=========================>....] - ETA: 1:52 - loss: 162.1071 - ACC: 0.1151366/414 [=========================>....] - ETA: 1:50 - loss: 161.9170 - ACC: 0.1156367/414 [=========================>....] - ETA: 1:48 - loss: 162.0741 - ACC: 0.1155368/414 [=========================>....] - ETA: 1:45 - loss: 162.0908 - ACC: 0.1155369/414 [=========================>....] - ETA: 1:43 - loss: 162.1669 - ACC: 0.1157370/414 [=========================>....] - ETA: 1:41 - loss: 162.1989 - ACC: 0.1154371/414 [=========================>....] - ETA: 1:39 - loss: 162.0787 - ACC: 0.1154372/414 [=========================>....] - ETA: 1:36 - loss: 161.9680 - ACC: 0.1156373/414 [==========================>...] - ETA: 1:34 - loss: 162.0577 - ACC: 0.1153374/414 [==========================>...] - ETA: 1:32 - loss: 162.0419 - ACC: 0.1150375/414 [==========================>...] - ETA: 1:29 - loss: 162.0590 - ACC: 0.1150376/414 [==========================>...] - ETA: 1:27 - loss: 162.0731 - ACC: 0.1152377/414 [==========================>...] - ETA: 1:25 - loss: 162.8718 - ACC: 0.1149378/414 [==========================>...] - ETA: 1:23 - loss: 163.3075 - ACC: 0.1151379/414 [==========================>...] - ETA: 1:20 - loss: 163.0972 - ACC: 0.1151380/414 [==========================>...] - ETA: 1:18 - loss: 162.9608 - ACC: 0.1155381/414 [==========================>...] - ETA: 1:16 - loss: 163.7626 - ACC: 0.1155382/414 [==========================>...] - ETA: 1:13 - loss: 164.0736 - ACC: 0.1152383/414 [==========================>...] - ETA: 1:11 - loss: 164.5415 - ACC: 0.1149384/414 [==========================>...] - ETA: 1:09 - loss: 164.6652 - ACC: 0.1149385/414 [==========================>...] - ETA: 1:06 - loss: 164.6094 - ACC: 0.1146386/414 [==========================>...] - ETA: 1:04 - loss: 164.5284 - ACC: 0.1145387/414 [===========================>..] - ETA: 1:02 - loss: 164.5125 - ACC: 0.1147388/414 [===========================>..] - ETA: 59s - loss: 164.7017 - ACC: 0.1145 389/414 [===========================>..] - ETA: 57s - loss: 165.4077 - ACC: 0.1144390/414 [===========================>..] - ETA: 55s - loss: 165.6997 - ACC: 0.1141391/414 [===========================>..] - ETA: 53s - loss: 165.7120 - ACC: 0.1143392/414 [===========================>..] - ETA: 50s - loss: 165.6976 - ACC: 0.1143393/414 [===========================>..] - ETA: 48s - loss: 165.5059 - ACC: 0.1143394/414 [===========================>..] - ETA: 46s - loss: 166.3008 - ACC: 0.1142395/414 [===========================>..] - ETA: 43s - loss: 166.8800 - ACC: 0.1139396/414 [===========================>..] - ETA: 41s - loss: 167.4799 - ACC: 0.1138397/414 [===========================>..] - ETA: 39s - loss: 167.9747 - ACC: 0.1138398/414 [===========================>..] - ETA: 36s - loss: 167.8589 - ACC: 0.1140399/414 [===========================>..] - ETA: 34s - loss: 167.7354 - ACC: 0.1140400/414 [===========================>..] - ETA: 32s - loss: 168.0186 - ACC: 0.1139401/414 [============================>.] - ETA: 29s - loss: 168.2525 - ACC: 0.1139402/414 [============================>.] - ETA: 27s - loss: 168.1790 - ACC: 0.1137403/414 [============================>.] - ETA: 25s - loss: 168.2492 - ACC: 0.1137404/414 [============================>.] - ETA: 23s - loss: 168.0566 - ACC: 0.1140405/414 [============================>.] - ETA: 20s - loss: 167.9688 - ACC: 0.1142406/414 [============================>.] - ETA: 18s - loss: 168.3250 - ACC: 0.1145407/414 [============================>.] - ETA: 16s - loss: 168.0761 - ACC: 0.1147408/414 [============================>.] - ETA: 13s - loss: 167.9906 - ACC: 0.1150409/414 [============================>.] - ETA: 11s - loss: 167.9891 - ACC: 0.1148410/414 [============================>.] - ETA: 9s - loss: 168.0616 - ACC: 0.1148 411/414 [============================>.] - ETA: 6s - loss: 168.0379 - ACC: 0.1150412/414 [============================>.] - ETA: 4s - loss: 167.8005 - ACC: 0.1153413/414 [============================>.] - ETA: 2s - loss: 168.2976 - ACC: 0.1153414/414 [==============================] - ETA: 0s - loss: 168.0726 - ACC: 0.1159414/414 [==============================] - 1181s 3s/step - loss: 168.0726 - ACC: 0.1159 - val_loss: 209.4950 - val_ACC: 0.0931
Epoch 3/30
  1/414 [..............................] - ETA: 0s - loss: 221.2384 - ACC: 0.0625  2/414 [..............................] - ETA: 7:36 - loss: 179.6134 - ACC: 0.0625  3/414 [..............................] - ETA: 10:02 - loss: 188.0997 - ACC: 0.0625  4/414 [..............................] - ETA: 11:20 - loss: 192.5288 - ACC: 0.0938  5/414 [..............................] - ETA: 12:04 - loss: 217.0609 - ACC: 0.0875  6/414 [..............................] - ETA: 12:45 - loss: 211.1334 - ACC: 0.0729  7/414 [..............................] - ETA: 12:55 - loss: 197.6307 - ACC: 0.0714  8/414 [..............................] - ETA: 13:19 - loss: 189.0807 - ACC: 0.0859  9/414 [..............................] - ETA: 13:26 - loss: 179.5015 - ACC: 0.0972 10/414 [..............................] - ETA: 13:33 - loss: 188.9636 - ACC: 0.0875 11/414 [..............................] - ETA: 13:36 - loss: 183.5098 - ACC: 0.0909 12/414 [..............................] - ETA: 13:44 - loss: 183.9405 - ACC: 0.0885 13/414 [..............................] - ETA: 13:44 - loss: 214.7856 - ACC: 0.0865 14/414 [>.............................] - ETA: 13:49 - loss: 214.9156 - ACC: 0.0893 15/414 [>.............................] - ETA: 13:49 - loss: 210.7137 - ACC: 0.0833 16/414 [>.............................] - ETA: 14:02 - loss: 207.7426 - ACC: 0.0859 17/414 [>.............................] - ETA: 14:02 - loss: 207.2063 - ACC: 0.0846 18/414 [>.............................] - ETA: 14:05 - loss: 208.6100 - ACC: 0.0868 19/414 [>.............................] - ETA: 14:07 - loss: 208.2505 - ACC: 0.0822 20/414 [>.............................] - ETA: 14:07 - loss: 205.4585 - ACC: 0.0812 21/414 [>.............................] - ETA: 14:02 - loss: 202.3128 - ACC: 0.0923 22/414 [>.............................] - ETA: 14:00 - loss: 202.4598 - ACC: 0.0938 23/414 [>.............................] - ETA: 13:58 - loss: 198.6776 - ACC: 0.0951 24/414 [>.............................] - ETA: 13:57 - loss: 203.6097 - ACC: 0.0964 25/414 [>.............................] - ETA: 13:54 - loss: 203.4801 - ACC: 0.0950 26/414 [>.............................] - ETA: 13:55 - loss: 198.4126 - ACC: 0.0962 27/414 [>.............................] - ETA: 13:54 - loss: 193.0596 - ACC: 0.0972 28/414 [=>............................] - ETA: 13:47 - loss: 192.6574 - ACC: 0.0960 29/414 [=>............................] - ETA: 13:46 - loss: 193.5591 - ACC: 0.0927 30/414 [=>............................] - ETA: 13:45 - loss: 190.6355 - ACC: 0.0938 31/414 [=>............................] - ETA: 13:42 - loss: 186.7240 - ACC: 0.0988 32/414 [=>............................] - ETA: 13:38 - loss: 182.6747 - ACC: 0.1016 33/414 [=>............................] - ETA: 13:42 - loss: 180.6904 - ACC: 0.1004 34/414 [=>............................] - ETA: 13:44 - loss: 181.3673 - ACC: 0.1048 35/414 [=>............................] - ETA: 13:45 - loss: 182.9017 - ACC: 0.1054 36/414 [=>............................] - ETA: 13:41 - loss: 182.7257 - ACC: 0.1042 37/414 [=>............................] - ETA: 13:39 - loss: 181.4891 - ACC: 0.1064 38/414 [=>............................] - ETA: 13:39 - loss: 179.8320 - ACC: 0.1053 39/414 [=>............................] - ETA: 13:37 - loss: 177.3642 - ACC: 0.1090 40/414 [=>............................] - ETA: 13:36 - loss: 177.0019 - ACC: 0.1094 41/414 [=>............................] - ETA: 13:32 - loss: 175.5937 - ACC: 0.1113 42/414 [==>...........................] - ETA: 13:40 - loss: 173.8581 - ACC: 0.1161 43/414 [==>...........................] - ETA: 13:48 - loss: 173.4098 - ACC: 0.1148 44/414 [==>...........................] - ETA: 13:45 - loss: 172.2098 - ACC: 0.1165 45/414 [==>...........................] - ETA: 13:46 - loss: 171.8073 - ACC: 0.1153 46/414 [==>...........................] - ETA: 13:43 - loss: 170.1346 - ACC: 0.1141 47/414 [==>...........................] - ETA: 13:44 - loss: 168.7448 - ACC: 0.1130 48/414 [==>...........................] - ETA: 13:39 - loss: 166.3361 - ACC: 0.1159 49/414 [==>...........................] - ETA: 13:37 - loss: 164.9379 - ACC: 0.1161 50/414 [==>...........................] - ETA: 13:32 - loss: 163.9689 - ACC: 0.1187 51/414 [==>...........................] - ETA: 13:33 - loss: 162.4873 - ACC: 0.1213 52/414 [==>...........................] - ETA: 13:33 - loss: 162.5891 - ACC: 0.1226 53/414 [==>...........................] - ETA: 13:32 - loss: 161.8824 - ACC: 0.1215 54/414 [==>...........................] - ETA: 13:29 - loss: 160.9370 - ACC: 0.1204 55/414 [==>...........................] - ETA: 13:27 - loss: 159.9671 - ACC: 0.1205 56/414 [===>..........................] - ETA: 13:25 - loss: 159.0318 - ACC: 0.1194 57/414 [===>..........................] - ETA: 13:23 - loss: 157.5604 - ACC: 0.1228 58/414 [===>..........................] - ETA: 13:23 - loss: 156.6707 - ACC: 0.1228 59/414 [===>..........................] - ETA: 13:19 - loss: 156.1215 - ACC: 0.1229 60/414 [===>..........................] - ETA: 13:16 - loss: 154.9128 - ACC: 0.1229 61/414 [===>..........................] - ETA: 13:13 - loss: 153.7342 - ACC: 0.1219 62/414 [===>..........................] - ETA: 13:10 - loss: 153.2040 - ACC: 0.1200 63/414 [===>..........................] - ETA: 13:07 - loss: 152.5043 - ACC: 0.1210 64/414 [===>..........................] - ETA: 13:06 - loss: 152.0260 - ACC: 0.1191 65/414 [===>..........................] - ETA: 13:03 - loss: 151.3129 - ACC: 0.1183 66/414 [===>..........................] - ETA: 13:00 - loss: 150.4645 - ACC: 0.1174 67/414 [===>..........................] - ETA: 13:00 - loss: 150.6972 - ACC: 0.1157 68/414 [===>..........................] - ETA: 12:58 - loss: 149.8441 - ACC: 0.1167 69/414 [====>.........................] - ETA: 12:55 - loss: 148.7145 - ACC: 0.1205 70/414 [====>.........................] - ETA: 12:55 - loss: 147.9285 - ACC: 0.1232 71/414 [====>.........................] - ETA: 12:55 - loss: 150.6609 - ACC: 0.1224 72/414 [====>.........................] - ETA: 12:52 - loss: 150.9243 - ACC: 0.1207 73/414 [====>.........................] - ETA: 12:52 - loss: 151.5458 - ACC: 0.1190 74/414 [====>.........................] - ETA: 12:49 - loss: 152.0280 - ACC: 0.1199 75/414 [====>.........................] - ETA: 12:46 - loss: 151.4813 - ACC: 0.1200 76/414 [====>.........................] - ETA: 12:42 - loss: 150.5565 - ACC: 0.1209 77/414 [====>.........................] - ETA: 12:41 - loss: 150.0055 - ACC: 0.1209 78/414 [====>.........................] - ETA: 12:38 - loss: 150.0018 - ACC: 0.1202 79/414 [====>.........................] - ETA: 12:36 - loss: 149.8011 - ACC: 0.1195 80/414 [====>.........................] - ETA: 12:33 - loss: 149.3000 - ACC: 0.1195 81/414 [====>.........................] - ETA: 12:31 - loss: 149.3025 - ACC: 0.1204 82/414 [====>.........................] - ETA: 12:29 - loss: 149.0333 - ACC: 0.1204 83/414 [=====>........................] - ETA: 12:27 - loss: 148.7043 - ACC: 0.1205 84/414 [=====>........................] - ETA: 12:24 - loss: 147.8631 - ACC: 0.1235 85/414 [=====>........................] - ETA: 12:20 - loss: 147.9176 - ACC: 0.1257 86/414 [=====>........................] - ETA: 12:19 - loss: 148.6549 - ACC: 0.1243 87/414 [=====>........................] - ETA: 12:16 - loss: 147.6259 - ACC: 0.1257 88/414 [=====>........................] - ETA: 12:14 - loss: 147.2112 - ACC: 0.1264 89/414 [=====>........................] - ETA: 12:12 - loss: 146.5854 - ACC: 0.1264 90/414 [=====>........................] - ETA: 12:10 - loss: 147.1263 - ACC: 0.1264 91/414 [=====>........................] - ETA: 12:08 - loss: 146.8463 - ACC: 0.1250 92/414 [=====>........................] - ETA: 12:05 - loss: 146.5845 - ACC: 0.1243 93/414 [=====>........................] - ETA: 12:04 - loss: 145.8887 - ACC: 0.1257 94/414 [=====>........................] - ETA: 12:01 - loss: 146.1749 - ACC: 0.1250 95/414 [=====>........................] - ETA: 11:59 - loss: 146.1289 - ACC: 0.1243 96/414 [=====>........................] - ETA: 11:56 - loss: 148.9477 - ACC: 0.1237 97/414 [======>.......................] - ETA: 11:55 - loss: 148.5149 - ACC: 0.1244 98/414 [======>.......................] - ETA: 11:52 - loss: 148.1320 - ACC: 0.1237 99/414 [======>.......................] - ETA: 11:50 - loss: 147.8723 - ACC: 0.1237100/414 [======>.......................] - ETA: 11:47 - loss: 147.7776 - ACC: 0.1250101/414 [======>.......................] - ETA: 11:45 - loss: 148.4594 - ACC: 0.1250102/414 [======>.......................] - ETA: 11:43 - loss: 148.8922 - ACC: 0.1238103/414 [======>.......................] - ETA: 11:41 - loss: 148.7683 - ACC: 0.1232104/414 [======>.......................] - ETA: 11:39 - loss: 148.3160 - ACC: 0.1238105/414 [======>.......................] - ETA: 11:37 - loss: 148.3243 - ACC: 0.1226106/414 [======>.......................] - ETA: 11:35 - loss: 148.0817 - ACC: 0.1215107/414 [======>.......................] - ETA: 11:33 - loss: 147.9568 - ACC: 0.1203108/414 [======>.......................] - ETA: 11:31 - loss: 147.5442 - ACC: 0.1215109/414 [======>.......................] - ETA: 11:29 - loss: 148.6732 - ACC: 0.1210110/414 [======>.......................] - ETA: 11:26 - loss: 149.3050 - ACC: 0.1216111/414 [=======>......................] - ETA: 11:23 - loss: 149.6268 - ACC: 0.1205112/414 [=======>......................] - ETA: 11:21 - loss: 149.8509 - ACC: 0.1205113/414 [=======>......................] - ETA: 11:19 - loss: 150.1282 - ACC: 0.1211114/414 [=======>......................] - ETA: 11:17 - loss: 150.2752 - ACC: 0.1201115/414 [=======>......................] - ETA: 11:16 - loss: 151.0687 - ACC: 0.1217116/414 [=======>......................] - ETA: 11:13 - loss: 151.1873 - ACC: 0.1212117/414 [=======>......................] - ETA: 11:11 - loss: 150.4850 - ACC: 0.1218118/414 [=======>......................] - ETA: 11:08 - loss: 150.8825 - ACC: 0.1229119/414 [=======>......................] - ETA: 11:05 - loss: 150.8929 - ACC: 0.1234120/414 [=======>......................] - ETA: 11:03 - loss: 150.8143 - ACC: 0.1234121/414 [=======>......................] - ETA: 11:00 - loss: 150.3345 - ACC: 0.1260122/414 [=======>......................] - ETA: 10:57 - loss: 149.8557 - ACC: 0.1260123/414 [=======>......................] - ETA: 10:55 - loss: 149.2624 - ACC: 0.1265124/414 [=======>......................] - ETA: 10:53 - loss: 149.5723 - ACC: 0.1265125/414 [========>.....................] - ETA: 10:50 - loss: 148.9988 - ACC: 0.1265126/414 [========>.....................] - ETA: 10:48 - loss: 148.3685 - ACC: 0.1270127/414 [========>.....................] - ETA: 10:45 - loss: 147.8462 - ACC: 0.1275128/414 [========>.....................] - ETA: 10:43 - loss: 147.9295 - ACC: 0.1274129/414 [========>.....................] - ETA: 10:42 - loss: 148.6975 - ACC: 0.1269130/414 [========>.....................] - ETA: 10:40 - loss: 148.7257 - ACC: 0.1269131/414 [========>.....................] - ETA: 10:37 - loss: 149.4474 - ACC: 0.1264132/414 [========>.....................] - ETA: 10:35 - loss: 149.1143 - ACC: 0.1259133/414 [========>.....................] - ETA: 10:33 - loss: 149.6299 - ACC: 0.1255134/414 [========>.....................] - ETA: 10:31 - loss: 150.1991 - ACC: 0.1250135/414 [========>.....................] - ETA: 10:28 - loss: 149.9487 - ACC: 0.1250136/414 [========>.....................] - ETA: 10:26 - loss: 149.2848 - ACC: 0.1250137/414 [========>.....................] - ETA: 10:24 - loss: 149.4971 - ACC: 0.1250138/414 [=========>....................] - ETA: 10:22 - loss: 149.4000 - ACC: 0.1245139/414 [=========>....................] - ETA: 10:21 - loss: 149.4729 - ACC: 0.1254140/414 [=========>....................] - ETA: 10:19 - loss: 150.4515 - ACC: 0.1250141/414 [=========>....................] - ETA: 10:17 - loss: 149.8074 - ACC: 0.1263142/414 [=========>....................] - ETA: 10:14 - loss: 149.8964 - ACC: 0.1259143/414 [=========>....................] - ETA: 10:12 - loss: 149.9366 - ACC: 0.1254144/414 [=========>....................] - ETA: 10:10 - loss: 150.3187 - ACC: 0.1254145/414 [=========>....................] - ETA: 10:08 - loss: 150.3401 - ACC: 0.1263146/414 [=========>....................] - ETA: 10:06 - loss: 150.5852 - ACC: 0.1263147/414 [=========>....................] - ETA: 10:03 - loss: 150.7795 - ACC: 0.1259148/414 [=========>....................] - ETA: 10:00 - loss: 150.4579 - ACC: 0.1254149/414 [=========>....................] - ETA: 9:58 - loss: 150.0635 - ACC: 0.1254 150/414 [=========>....................] - ETA: 9:55 - loss: 150.0179 - ACC: 0.1250151/414 [=========>....................] - ETA: 9:53 - loss: 149.8018 - ACC: 0.1250152/414 [==========>...................] - ETA: 9:50 - loss: 149.4696 - ACC: 0.1246153/414 [==========>...................] - ETA: 9:48 - loss: 149.3682 - ACC: 0.1246154/414 [==========>...................] - ETA: 9:46 - loss: 149.5202 - ACC: 0.1246155/414 [==========>...................] - ETA: 9:43 - loss: 149.4684 - ACC: 0.1242156/414 [==========>...................] - ETA: 9:41 - loss: 149.7605 - ACC: 0.1246157/414 [==========>...................] - ETA: 9:39 - loss: 149.6275 - ACC: 0.1246158/414 [==========>...................] - ETA: 9:36 - loss: 149.7661 - ACC: 0.1246159/414 [==========>...................] - ETA: 9:34 - loss: 150.1507 - ACC: 0.1246160/414 [==========>...................] - ETA: 9:31 - loss: 149.8110 - ACC: 0.1246161/414 [==========>...................] - ETA: 9:29 - loss: 149.7238 - ACC: 0.1254162/414 [==========>...................] - ETA: 9:27 - loss: 149.7920 - ACC: 0.1246163/414 [==========>...................] - ETA: 9:25 - loss: 149.8642 - ACC: 0.1246164/414 [==========>...................] - ETA: 9:23 - loss: 149.6958 - ACC: 0.1250165/414 [==========>...................] - ETA: 9:21 - loss: 149.2755 - ACC: 0.1261166/414 [===========>..................] - ETA: 9:18 - loss: 148.7146 - ACC: 0.1265167/414 [===========>..................] - ETA: 9:17 - loss: 148.9417 - ACC: 0.1265168/414 [===========>..................] - ETA: 9:14 - loss: 149.4196 - ACC: 0.1257169/414 [===========>..................] - ETA: 9:12 - loss: 149.2667 - ACC: 0.1265170/414 [===========>..................] - ETA: 9:10 - loss: 149.1097 - ACC: 0.1272171/414 [===========>..................] - ETA: 9:08 - loss: 149.3331 - ACC: 0.1276172/414 [===========>..................] - ETA: 9:05 - loss: 150.1771 - ACC: 0.1272173/414 [===========>..................] - ETA: 9:03 - loss: 149.9639 - ACC: 0.1264174/414 [===========>..................] - ETA: 9:02 - loss: 149.5963 - ACC: 0.1268175/414 [===========>..................] - ETA: 9:00 - loss: 149.1706 - ACC: 0.1279176/414 [===========>..................] - ETA: 8:57 - loss: 149.2852 - ACC: 0.1278177/414 [===========>..................] - ETA: 8:55 - loss: 149.3194 - ACC: 0.1271178/414 [===========>..................] - ETA: 8:53 - loss: 149.1014 - ACC: 0.1275179/414 [===========>..................] - ETA: 8:51 - loss: 149.5261 - ACC: 0.1274180/414 [============>.................] - ETA: 8:48 - loss: 149.7192 - ACC: 0.1274181/414 [============>.................] - ETA: 8:46 - loss: 150.7270 - ACC: 0.1274182/414 [============>.................] - ETA: 8:44 - loss: 150.6867 - ACC: 0.1284183/414 [============>.................] - ETA: 8:42 - loss: 150.3960 - ACC: 0.1288184/414 [============>.................] - ETA: 8:40 - loss: 150.4842 - ACC: 0.1284185/414 [============>.................] - ETA: 8:37 - loss: 151.4207 - ACC: 0.1284186/414 [============>.................] - ETA: 8:35 - loss: 152.1377 - ACC: 0.1277187/414 [============>.................] - ETA: 8:33 - loss: 151.9960 - ACC: 0.1273188/414 [============>.................] - ETA: 8:31 - loss: 151.8548 - ACC: 0.1270189/414 [============>.................] - ETA: 8:29 - loss: 152.5033 - ACC: 0.1263190/414 [============>.................] - ETA: 8:27 - loss: 152.2106 - ACC: 0.1260191/414 [============>.................] - ETA: 8:24 - loss: 152.4928 - ACC: 0.1266192/414 [============>.................] - ETA: 8:22 - loss: 152.3298 - ACC: 0.1273193/414 [============>.................] - ETA: 8:20 - loss: 152.4193 - ACC: 0.1269194/414 [=============>................] - ETA: 8:18 - loss: 152.9616 - ACC: 0.1269195/414 [=============>................] - ETA: 8:16 - loss: 152.9266 - ACC: 0.1269196/414 [=============>................] - ETA: 8:14 - loss: 153.2692 - ACC: 0.1263197/414 [=============>................] - ETA: 8:11 - loss: 153.0004 - ACC: 0.1260198/414 [=============>................] - ETA: 8:09 - loss: 153.9229 - ACC: 0.1263199/414 [=============>................] - ETA: 8:06 - loss: 153.7491 - ACC: 0.1263200/414 [=============>................] - ETA: 8:04 - loss: 154.1087 - ACC: 0.1256201/414 [=============>................] - ETA: 8:02 - loss: 154.3619 - ACC: 0.1259202/414 [=============>................] - ETA: 8:00 - loss: 154.6792 - ACC: 0.1265203/414 [=============>................] - ETA: 7:57 - loss: 155.1203 - ACC: 0.1262204/414 [=============>................] - ETA: 7:55 - loss: 155.4246 - ACC: 0.1256205/414 [=============>................] - ETA: 7:53 - loss: 156.3186 - ACC: 0.1250206/414 [=============>................] - ETA: 7:50 - loss: 155.7650 - ACC: 0.1259207/414 [==============>...............] - ETA: 7:48 - loss: 155.5792 - ACC: 0.1259208/414 [==============>...............] - ETA: 7:46 - loss: 155.3258 - ACC: 0.1256209/414 [==============>...............] - ETA: 7:44 - loss: 155.5199 - ACC: 0.1256210/414 [==============>...............] - ETA: 7:42 - loss: 155.3992 - ACC: 0.1250211/414 [==============>...............] - ETA: 7:39 - loss: 155.2710 - ACC: 0.1256212/414 [==============>...............] - ETA: 7:36 - loss: 155.0801 - ACC: 0.1256213/414 [==============>...............] - ETA: 7:34 - loss: 154.9156 - ACC: 0.1256214/414 [==============>...............] - ETA: 7:32 - loss: 155.0973 - ACC: 0.1253215/414 [==============>...............] - ETA: 7:29 - loss: 155.0759 - ACC: 0.1247216/414 [==============>...............] - ETA: 7:27 - loss: 155.1049 - ACC: 0.1250217/414 [==============>...............] - ETA: 7:25 - loss: 154.9771 - ACC: 0.1256218/414 [==============>...............] - ETA: 7:23 - loss: 155.1838 - ACC: 0.1256219/414 [==============>...............] - ETA: 7:21 - loss: 155.2634 - ACC: 0.1253220/414 [==============>...............] - ETA: 7:18 - loss: 155.4433 - ACC: 0.1250221/414 [===============>..............] - ETA: 7:16 - loss: 155.7500 - ACC: 0.1247222/414 [===============>..............] - ETA: 7:14 - loss: 155.8657 - ACC: 0.1242223/414 [===============>..............] - ETA: 7:11 - loss: 155.9647 - ACC: 0.1244224/414 [===============>..............] - ETA: 7:10 - loss: 156.4366 - ACC: 0.1247225/414 [===============>..............] - ETA: 7:07 - loss: 156.2334 - ACC: 0.1244226/414 [===============>..............] - ETA: 7:05 - loss: 155.9177 - ACC: 0.1250227/414 [===============>..............] - ETA: 7:03 - loss: 155.7692 - ACC: 0.1247228/414 [===============>..............] - ETA: 7:00 - loss: 155.4714 - ACC: 0.1247229/414 [===============>..............] - ETA: 6:58 - loss: 155.7722 - ACC: 0.1250230/414 [===============>..............] - ETA: 6:55 - loss: 155.8242 - ACC: 0.1245231/414 [===============>..............] - ETA: 6:53 - loss: 155.6908 - ACC: 0.1245232/414 [===============>..............] - ETA: 6:51 - loss: 155.2150 - ACC: 0.1247233/414 [===============>..............] - ETA: 6:49 - loss: 155.2137 - ACC: 0.1245234/414 [===============>..............] - ETA: 6:46 - loss: 155.1988 - ACC: 0.1242235/414 [================>.............] - ETA: 6:44 - loss: 155.0691 - ACC: 0.1247236/414 [================>.............] - ETA: 6:42 - loss: 154.8221 - ACC: 0.1247237/414 [================>.............] - ETA: 6:40 - loss: 154.7554 - ACC: 0.1247238/414 [================>.............] - ETA: 6:38 - loss: 154.7704 - ACC: 0.1247239/414 [================>.............] - ETA: 6:36 - loss: 154.4998 - ACC: 0.1250240/414 [================>.............] - ETA: 6:34 - loss: 154.4024 - ACC: 0.1247241/414 [================>.............] - ETA: 6:31 - loss: 154.1010 - ACC: 0.1247242/414 [================>.............] - ETA: 6:29 - loss: 153.6945 - ACC: 0.1253243/414 [================>.............] - ETA: 6:27 - loss: 153.7455 - ACC: 0.1258244/414 [================>.............] - ETA: 6:24 - loss: 153.7670 - ACC: 0.1253245/414 [================>.............] - ETA: 6:22 - loss: 153.5518 - ACC: 0.1253246/414 [================>.............] - ETA: 6:20 - loss: 153.3217 - ACC: 0.1250247/414 [================>.............] - ETA: 6:17 - loss: 153.0594 - ACC: 0.1253248/414 [================>.............] - ETA: 6:15 - loss: 152.7318 - ACC: 0.1253249/414 [=================>............] - ETA: 6:13 - loss: 152.7484 - ACC: 0.1250250/414 [=================>............] - ETA: 6:10 - loss: 152.4898 - ACC: 0.1248251/414 [=================>............] - ETA: 6:08 - loss: 152.1421 - ACC: 0.1248252/414 [=================>............] - ETA: 6:06 - loss: 151.8233 - ACC: 0.1255253/414 [=================>............] - ETA: 6:04 - loss: 151.7542 - ACC: 0.1257254/414 [=================>............] - ETA: 6:02 - loss: 151.4692 - ACC: 0.1262255/414 [=================>............] - ETA: 6:00 - loss: 151.4261 - ACC: 0.1262256/414 [=================>............] - ETA: 5:57 - loss: 151.9003 - ACC: 0.1262257/414 [=================>............] - ETA: 5:55 - loss: 151.7515 - ACC: 0.1262258/414 [=================>............] - ETA: 5:52 - loss: 151.6255 - ACC: 0.1272259/414 [=================>............] - ETA: 5:50 - loss: 151.4408 - ACC: 0.1269260/414 [=================>............] - ETA: 5:48 - loss: 151.4559 - ACC: 0.1269261/414 [=================>............] - ETA: 5:45 - loss: 151.3018 - ACC: 0.1269262/414 [=================>............] - ETA: 5:43 - loss: 151.1732 - ACC: 0.1271263/414 [==================>...........] - ETA: 5:41 - loss: 151.1023 - ACC: 0.1274264/414 [==================>...........] - ETA: 5:39 - loss: 150.8830 - ACC: 0.1271265/414 [==================>...........] - ETA: 5:37 - loss: 150.8872 - ACC: 0.1269266/414 [==================>...........] - ETA: 5:35 - loss: 150.5865 - ACC: 0.1271267/414 [==================>...........] - ETA: 5:33 - loss: 150.5632 - ACC: 0.1269268/414 [==================>...........] - ETA: 5:31 - loss: 150.3214 - ACC: 0.1276269/414 [==================>...........] - ETA: 5:28 - loss: 150.4192 - ACC: 0.1276270/414 [==================>...........] - ETA: 5:26 - loss: 150.5010 - ACC: 0.1271271/414 [==================>...........] - ETA: 5:24 - loss: 150.3551 - ACC: 0.1275272/414 [==================>...........] - ETA: 5:22 - loss: 149.9933 - ACC: 0.1273273/414 [==================>...........] - ETA: 5:19 - loss: 150.0332 - ACC: 0.1273274/414 [==================>...........] - ETA: 5:17 - loss: 149.9205 - ACC: 0.1271275/414 [==================>...........] - ETA: 5:15 - loss: 150.1276 - ACC: 0.1268276/414 [===================>..........] - ETA: 5:12 - loss: 149.9510 - ACC: 0.1270277/414 [===================>..........] - ETA: 5:10 - loss: 149.8081 - ACC: 0.1273278/414 [===================>..........] - ETA: 5:08 - loss: 149.5532 - ACC: 0.1270279/414 [===================>..........] - ETA: 5:06 - loss: 149.4109 - ACC: 0.1268280/414 [===================>..........] - ETA: 5:04 - loss: 149.4090 - ACC: 0.1263281/414 [===================>..........] - ETA: 5:01 - loss: 149.2045 - ACC: 0.1266282/414 [===================>..........] - ETA: 4:59 - loss: 148.8928 - ACC: 0.1266283/414 [===================>..........] - ETA: 4:57 - loss: 148.7881 - ACC: 0.1263284/414 [===================>..........] - ETA: 4:54 - loss: 148.7543 - ACC: 0.1261285/414 [===================>..........] - ETA: 4:52 - loss: 148.5495 - ACC: 0.1261286/414 [===================>..........] - ETA: 4:50 - loss: 148.5282 - ACC: 0.1261287/414 [===================>..........] - ETA: 4:48 - loss: 148.5126 - ACC: 0.1259288/414 [===================>..........] - ETA: 4:45 - loss: 148.4059 - ACC: 0.1257289/414 [===================>..........] - ETA: 4:43 - loss: 148.4881 - ACC: 0.1256290/414 [====================>.........] - ETA: 4:41 - loss: 148.5317 - ACC: 0.1267291/414 [====================>.........] - ETA: 4:38 - loss: 148.8241 - ACC: 0.1265292/414 [====================>.........] - ETA: 4:36 - loss: 148.4985 - ACC: 0.1263293/414 [====================>.........] - ETA: 4:34 - loss: 148.6820 - ACC: 0.1263294/414 [====================>.........] - ETA: 4:31 - loss: 148.5982 - ACC: 0.1261295/414 [====================>.........] - ETA: 4:29 - loss: 148.5638 - ACC: 0.1258296/414 [====================>.........] - ETA: 4:27 - loss: 148.4755 - ACC: 0.1258297/414 [====================>.........] - ETA: 4:25 - loss: 148.3868 - ACC: 0.1261298/414 [====================>.........] - ETA: 4:22 - loss: 148.2191 - ACC: 0.1260299/414 [====================>.........] - ETA: 4:20 - loss: 148.3212 - ACC: 0.1260300/414 [====================>.........] - ETA: 4:18 - loss: 148.6977 - ACC: 0.1256301/414 [====================>.........] - ETA: 4:16 - loss: 148.5184 - ACC: 0.1256302/414 [====================>.........] - ETA: 4:13 - loss: 148.3781 - ACC: 0.1256303/414 [====================>.........] - ETA: 4:11 - loss: 148.1398 - ACC: 0.1258304/414 [=====================>........] - ETA: 4:09 - loss: 147.8779 - ACC: 0.1264305/414 [=====================>........] - ETA: 4:07 - loss: 147.8838 - ACC: 0.1266306/414 [=====================>........] - ETA: 4:04 - loss: 147.6719 - ACC: 0.1268307/414 [=====================>........] - ETA: 4:02 - loss: 147.8128 - ACC: 0.1264308/414 [=====================>........] - ETA: 4:00 - loss: 147.6158 - ACC: 0.1266309/414 [=====================>........] - ETA: 3:57 - loss: 147.5407 - ACC: 0.1262310/414 [=====================>........] - ETA: 3:55 - loss: 147.5489 - ACC: 0.1262311/414 [=====================>........] - ETA: 3:53 - loss: 147.3576 - ACC: 0.1264312/414 [=====================>........] - ETA: 3:51 - loss: 147.2177 - ACC: 0.1268313/414 [=====================>........] - ETA: 3:48 - loss: 147.5175 - ACC: 0.1266314/414 [=====================>........] - ETA: 3:46 - loss: 147.2054 - ACC: 0.1268315/414 [=====================>........] - ETA: 3:44 - loss: 147.4355 - ACC: 0.1270316/414 [=====================>........] - ETA: 3:41 - loss: 147.3565 - ACC: 0.1268317/414 [=====================>........] - ETA: 3:39 - loss: 147.4847 - ACC: 0.1266318/414 [======================>.......] - ETA: 3:37 - loss: 147.5228 - ACC: 0.1266319/414 [======================>.......] - ETA: 3:34 - loss: 147.6378 - ACC: 0.1266320/414 [======================>.......] - ETA: 3:32 - loss: 147.7641 - ACC: 0.1264321/414 [======================>.......] - ETA: 3:30 - loss: 147.6870 - ACC: 0.1264322/414 [======================>.......] - ETA: 3:28 - loss: 147.4527 - ACC: 0.1264323/414 [======================>.......] - ETA: 3:26 - loss: 147.0617 - ACC: 0.1265324/414 [======================>.......] - ETA: 3:23 - loss: 147.1271 - ACC: 0.1264325/414 [======================>.......] - ETA: 3:21 - loss: 147.8244 - ACC: 0.1263326/414 [======================>.......] - ETA: 3:19 - loss: 147.7404 - ACC: 0.1263327/414 [======================>.......] - ETA: 3:17 - loss: 147.5346 - ACC: 0.1267328/414 [======================>.......] - ETA: 3:14 - loss: 147.4447 - ACC: 0.1265329/414 [======================>.......] - ETA: 3:12 - loss: 147.5941 - ACC: 0.1267330/414 [======================>.......] - ETA: 3:10 - loss: 147.4314 - ACC: 0.1269331/414 [======================>.......] - ETA: 3:07 - loss: 147.4332 - ACC: 0.1267332/414 [=======================>......] - ETA: 3:05 - loss: 147.5184 - ACC: 0.1265333/414 [=======================>......] - ETA: 3:03 - loss: 147.3979 - ACC: 0.1265334/414 [=======================>......] - ETA: 3:01 - loss: 147.2589 - ACC: 0.1263335/414 [=======================>......] - ETA: 2:58 - loss: 147.2886 - ACC: 0.1261336/414 [=======================>......] - ETA: 2:56 - loss: 147.1880 - ACC: 0.1265337/414 [=======================>......] - ETA: 2:54 - loss: 147.0619 - ACC: 0.1265338/414 [=======================>......] - ETA: 2:51 - loss: 146.9735 - ACC: 0.1265339/414 [=======================>......] - ETA: 2:49 - loss: 146.7215 - ACC: 0.1267340/414 [=======================>......] - ETA: 2:47 - loss: 146.4167 - ACC: 0.1270341/414 [=======================>......] - ETA: 2:45 - loss: 146.1946 - ACC: 0.1272342/414 [=======================>......] - ETA: 2:42 - loss: 146.0581 - ACC: 0.1268343/414 [=======================>......] - ETA: 2:40 - loss: 145.8325 - ACC: 0.1268344/414 [=======================>......] - ETA: 2:38 - loss: 145.5218 - ACC: 0.1274345/414 [========================>.....] - ETA: 2:36 - loss: 145.2338 - ACC: 0.1275346/414 [========================>.....] - ETA: 2:33 - loss: 145.3500 - ACC: 0.1273347/414 [========================>.....] - ETA: 2:31 - loss: 145.1018 - ACC: 0.1277348/414 [========================>.....] - ETA: 2:29 - loss: 145.0459 - ACC: 0.1279349/414 [========================>.....] - ETA: 2:26 - loss: 144.9588 - ACC: 0.1279350/414 [========================>.....] - ETA: 2:24 - loss: 144.8946 - ACC: 0.1279351/414 [========================>.....] - ETA: 2:22 - loss: 144.8052 - ACC: 0.1282352/414 [========================>.....] - ETA: 2:20 - loss: 144.8373 - ACC: 0.1280353/414 [========================>.....] - ETA: 2:17 - loss: 144.6735 - ACC: 0.1277354/414 [========================>.....] - ETA: 2:15 - loss: 144.7154 - ACC: 0.1278355/414 [========================>.....] - ETA: 2:13 - loss: 144.4058 - ACC: 0.1285356/414 [========================>.....] - ETA: 2:11 - loss: 144.2030 - ACC: 0.1287357/414 [========================>.....] - ETA: 2:08 - loss: 143.9973 - ACC: 0.1289358/414 [========================>.....] - ETA: 2:06 - loss: 143.8152 - ACC: 0.1292359/414 [=========================>....] - ETA: 2:04 - loss: 143.6835 - ACC: 0.1294360/414 [=========================>....] - ETA: 2:02 - loss: 143.5474 - ACC: 0.1292361/414 [=========================>....] - ETA: 1:59 - loss: 143.3459 - ACC: 0.1290362/414 [=========================>....] - ETA: 1:57 - loss: 143.3134 - ACC: 0.1288363/414 [=========================>....] - ETA: 1:55 - loss: 143.1263 - ACC: 0.1284364/414 [=========================>....] - ETA: 1:52 - loss: 142.9697 - ACC: 0.1284365/414 [=========================>....] - ETA: 1:50 - loss: 143.0079 - ACC: 0.1283366/414 [=========================>....] - ETA: 1:48 - loss: 142.7822 - ACC: 0.1288367/414 [=========================>....] - ETA: 1:46 - loss: 142.8588 - ACC: 0.1287368/414 [=========================>....] - ETA: 1:43 - loss: 142.9884 - ACC: 0.1287369/414 [=========================>....] - ETA: 1:41 - loss: 143.0731 - ACC: 0.1286370/414 [=========================>....] - ETA: 1:39 - loss: 142.8791 - ACC: 0.1287371/414 [=========================>....] - ETA: 1:37 - loss: 142.7304 - ACC: 0.1287372/414 [=========================>....] - ETA: 1:34 - loss: 142.5924 - ACC: 0.1285373/414 [==========================>...] - ETA: 1:32 - loss: 142.5419 - ACC: 0.1285374/414 [==========================>...] - ETA: 1:30 - loss: 142.4606 - ACC: 0.1283375/414 [==========================>...] - ETA: 1:28 - loss: 142.3302 - ACC: 0.1282376/414 [==========================>...] - ETA: 1:25 - loss: 142.1184 - ACC: 0.1282377/414 [==========================>...] - ETA: 1:23 - loss: 142.5021 - ACC: 0.1283378/414 [==========================>...] - ETA: 1:21 - loss: 142.7650 - ACC: 0.1281379/414 [==========================>...] - ETA: 1:19 - loss: 142.6286 - ACC: 0.1280380/414 [==========================>...] - ETA: 1:16 - loss: 142.6239 - ACC: 0.1281381/414 [==========================>...] - ETA: 1:14 - loss: 143.1446 - ACC: 0.1283382/414 [==========================>...] - ETA: 1:12 - loss: 143.1561 - ACC: 0.1281383/414 [==========================>...] - ETA: 1:10 - loss: 143.3075 - ACC: 0.1278384/414 [==========================>...] - ETA: 1:07 - loss: 143.4867 - ACC: 0.1278385/414 [==========================>...] - ETA: 1:05 - loss: 143.3857 - ACC: 0.1278386/414 [==========================>...] - ETA: 1:03 - loss: 143.2885 - ACC: 0.1278387/414 [===========================>..] - ETA: 1:00 - loss: 143.3066 - ACC: 0.1276388/414 [===========================>..] - ETA: 58s - loss: 143.2073 - ACC: 0.1274 389/414 [===========================>..] - ETA: 56s - loss: 143.8008 - ACC: 0.1274390/414 [===========================>..] - ETA: 54s - loss: 143.8999 - ACC: 0.1272391/414 [===========================>..] - ETA: 51s - loss: 143.9882 - ACC: 0.1274392/414 [===========================>..] - ETA: 49s - loss: 143.9341 - ACC: 0.1276393/414 [===========================>..] - ETA: 47s - loss: 143.8868 - ACC: 0.1272394/414 [===========================>..] - ETA: 45s - loss: 144.2561 - ACC: 0.1271395/414 [===========================>..] - ETA: 42s - loss: 144.4843 - ACC: 0.1271396/414 [===========================>..] - ETA: 40s - loss: 145.0944 - ACC: 0.1271397/414 [===========================>..] - ETA: 38s - loss: 145.1940 - ACC: 0.1274398/414 [===========================>..] - ETA: 36s - loss: 145.0830 - ACC: 0.1274399/414 [===========================>..] - ETA: 33s - loss: 145.1668 - ACC: 0.1273400/414 [===========================>..] - ETA: 31s - loss: 145.4492 - ACC: 0.1272401/414 [============================>.] - ETA: 29s - loss: 145.5203 - ACC: 0.1270402/414 [============================>.] - ETA: 27s - loss: 145.5347 - ACC: 0.1273403/414 [============================>.] - ETA: 24s - loss: 145.4491 - ACC: 0.1275404/414 [============================>.] - ETA: 22s - loss: 145.1948 - ACC: 0.1279405/414 [============================>.] - ETA: 20s - loss: 145.3099 - ACC: 0.1276406/414 [============================>.] - ETA: 18s - loss: 145.5471 - ACC: 0.1276407/414 [============================>.] - ETA: 15s - loss: 145.3800 - ACC: 0.1278408/414 [============================>.] - ETA: 13s - loss: 145.2072 - ACC: 0.1279409/414 [============================>.] - ETA: 11s - loss: 145.0803 - ACC: 0.1278410/414 [============================>.] - ETA: 9s - loss: 145.1946 - ACC: 0.1276 411/414 [============================>.] - ETA: 6s - loss: 145.1540 - ACC: 0.1279412/414 [============================>.] - ETA: 4s - loss: 144.9869 - ACC: 0.1282413/414 [============================>.] - ETA: 2s - loss: 145.2972 - ACC: 0.1279414/414 [==============================] - ETA: 0s - loss: 145.1962 - ACC: 0.1279414/414 [==============================] - 1164s 3s/step - loss: 145.1962 - ACC: 0.1279 - val_loss: 580.8145 - val_ACC: 0.0744
Epoch 4/30
  1/414 [..............................] - ETA: 0s - loss: 161.9741 - ACC: 0.0000e+00  2/414 [..............................] - ETA: 7:34 - loss: 138.9278 - ACC: 0.0312    3/414 [..............................] - ETA: 10:09 - loss: 140.0695 - ACC: 0.1042  4/414 [..............................] - ETA: 11:25 - loss: 125.2272 - ACC: 0.1094  5/414 [..............................] - ETA: 12:16 - loss: 145.7360 - ACC: 0.0875  6/414 [..............................] - ETA: 12:53 - loss: 151.7309 - ACC: 0.0729  7/414 [..............................] - ETA: 13:01 - loss: 153.1247 - ACC: 0.0982  8/414 [..............................] - ETA: 13:15 - loss: 150.7229 - ACC: 0.0938  9/414 [..............................] - ETA: 13:24 - loss: 154.0232 - ACC: 0.1042 10/414 [..............................] - ETA: 13:28 - loss: 165.6555 - ACC: 0.1000 11/414 [..............................] - ETA: 13:31 - loss: 160.5206 - ACC: 0.1023 12/414 [..............................] - ETA: 13:38 - loss: 166.3752 - ACC: 0.0938 13/414 [..............................] - ETA: 13:34 - loss: 206.2485 - ACC: 0.0913 14/414 [>.............................] - ETA: 13:43 - loss: 203.2891 - ACC: 0.0982 15/414 [>.............................] - ETA: 13:50 - loss: 202.1690 - ACC: 0.0958 16/414 [>.............................] - ETA: 13:57 - loss: 203.1152 - ACC: 0.0977 17/414 [>.............................] - ETA: 14:00 - loss: 202.8240 - ACC: 0.0956 18/414 [>.............................] - ETA: 14:00 - loss: 204.9957 - ACC: 0.0903 19/414 [>.............................] - ETA: 14:01 - loss: 201.3387 - ACC: 0.0888 20/414 [>.............................] - ETA: 14:04 - loss: 198.0331 - ACC: 0.0875 21/414 [>.............................] - ETA: 13:59 - loss: 193.4744 - ACC: 0.0893 22/414 [>.............................] - ETA: 13:56 - loss: 191.7014 - ACC: 0.0852 23/414 [>.............................] - ETA: 13:56 - loss: 190.8887 - ACC: 0.0870 24/414 [>.............................] - ETA: 13:56 - loss: 196.9987 - ACC: 0.0885 25/414 [>.............................] - ETA: 13:55 - loss: 199.3298 - ACC: 0.0850 26/414 [>.............................] - ETA: 13:57 - loss: 193.6780 - ACC: 0.0913 27/414 [>.............................] - ETA: 13:57 - loss: 189.2374 - ACC: 0.0949 28/414 [=>............................] - ETA: 13:51 - loss: 189.9615 - ACC: 0.0915 29/414 [=>............................] - ETA: 13:49 - loss: 186.7422 - ACC: 0.0927 30/414 [=>............................] - ETA: 13:48 - loss: 183.9743 - ACC: 0.0958 31/414 [=>............................] - ETA: 13:45 - loss: 181.6279 - ACC: 0.0968 32/414 [=>............................] - ETA: 13:40 - loss: 179.5602 - ACC: 0.0977 33/414 [=>............................] - ETA: 13:45 - loss: 179.0117 - ACC: 0.1004 34/414 [=>............................] - ETA: 13:46 - loss: 178.4838 - ACC: 0.1029 35/414 [=>............................] - ETA: 13:47 - loss: 178.7452 - ACC: 0.1036 36/414 [=>............................] - ETA: 13:44 - loss: 178.9736 - ACC: 0.1042 37/414 [=>............................] - ETA: 13:42 - loss: 178.7123 - ACC: 0.1014 38/414 [=>............................] - ETA: 13:42 - loss: 176.1248 - ACC: 0.1020 39/414 [=>............................] - ETA: 13:40 - loss: 173.5919 - ACC: 0.1010 40/414 [=>............................] - ETA: 13:39 - loss: 174.8018 - ACC: 0.1016 41/414 [=>............................] - ETA: 13:35 - loss: 175.2462 - ACC: 0.1021 42/414 [==>...........................] - ETA: 13:38 - loss: 174.2712 - ACC: 0.1027 43/414 [==>...........................] - ETA: 13:38 - loss: 173.3071 - ACC: 0.1017 44/414 [==>...........................] - ETA: 13:36 - loss: 171.9611 - ACC: 0.1023 45/414 [==>...........................] - ETA: 13:38 - loss: 170.7901 - ACC: 0.1056 46/414 [==>...........................] - ETA: 13:36 - loss: 169.6444 - ACC: 0.1087 47/414 [==>...........................] - ETA: 13:37 - loss: 167.8313 - ACC: 0.1104 48/414 [==>...........................] - ETA: 13:33 - loss: 165.1894 - ACC: 0.1146 49/414 [==>...........................] - ETA: 13:30 - loss: 164.0608 - ACC: 0.1135 50/414 [==>...........................] - ETA: 13:26 - loss: 162.1654 - ACC: 0.1150 51/414 [==>...........................] - ETA: 13:27 - loss: 161.3167 - ACC: 0.1152 52/414 [==>...........................] - ETA: 13:27 - loss: 160.3675 - ACC: 0.1178 53/414 [==>...........................] - ETA: 13:25 - loss: 159.7156 - ACC: 0.1191 54/414 [==>...........................] - ETA: 13:23 - loss: 161.1544 - ACC: 0.1169 55/414 [==>...........................] - ETA: 13:23 - loss: 160.3774 - ACC: 0.1170 56/414 [===>..........................] - ETA: 13:21 - loss: 159.4044 - ACC: 0.1205 57/414 [===>..........................] - ETA: 13:19 - loss: 157.8147 - ACC: 0.1217 58/414 [===>..........................] - ETA: 13:20 - loss: 157.6300 - ACC: 0.1196 59/414 [===>..........................] - ETA: 13:16 - loss: 158.9219 - ACC: 0.1176 60/414 [===>..........................] - ETA: 13:13 - loss: 158.5584 - ACC: 0.1187 61/414 [===>..........................] - ETA: 13:11 - loss: 157.9761 - ACC: 0.1199 62/414 [===>..........................] - ETA: 13:08 - loss: 158.2334 - ACC: 0.1200 63/414 [===>..........................] - ETA: 13:05 - loss: 157.9675 - ACC: 0.1230 64/414 [===>..........................] - ETA: 13:02 - loss: 158.0251 - ACC: 0.1240 65/414 [===>..........................] - ETA: 12:59 - loss: 157.3898 - ACC: 0.1250 66/414 [===>..........................] - ETA: 12:56 - loss: 157.4858 - ACC: 0.1259 67/414 [===>..........................] - ETA: 12:57 - loss: 156.3819 - ACC: 0.1269 68/414 [===>..........................] - ETA: 12:55 - loss: 155.5441 - ACC: 0.1268 69/414 [====>.........................] - ETA: 12:52 - loss: 154.2035 - ACC: 0.1277 70/414 [====>.........................] - ETA: 12:52 - loss: 153.1551 - ACC: 0.1295 71/414 [====>.........................] - ETA: 12:52 - loss: 154.9076 - ACC: 0.1276 72/414 [====>.........................] - ETA: 12:49 - loss: 154.5213 - ACC: 0.1285 73/414 [====>.........................] - ETA: 12:49 - loss: 154.3426 - ACC: 0.1276 74/414 [====>.........................] - ETA: 12:47 - loss: 154.0611 - ACC: 0.1284 75/414 [====>.........................] - ETA: 12:43 - loss: 152.9758 - ACC: 0.1292 76/414 [====>.........................] - ETA: 12:40 - loss: 151.8532 - ACC: 0.1316 77/414 [====>.........................] - ETA: 12:39 - loss: 150.7389 - ACC: 0.1307 78/414 [====>.........................] - ETA: 12:36 - loss: 150.7899 - ACC: 0.1306 79/414 [====>.........................] - ETA: 12:35 - loss: 150.5777 - ACC: 0.1313 80/414 [====>.........................] - ETA: 12:32 - loss: 149.7716 - ACC: 0.1312 81/414 [====>.........................] - ETA: 12:30 - loss: 149.2616 - ACC: 0.1304 82/414 [====>.........................] - ETA: 12:28 - loss: 149.1354 - ACC: 0.1303 83/414 [=====>........................] - ETA: 12:26 - loss: 148.9911 - ACC: 0.1310 84/414 [=====>........................] - ETA: 12:23 - loss: 148.5108 - ACC: 0.1324 85/414 [=====>........................] - ETA: 12:19 - loss: 148.5599 - ACC: 0.1324 86/414 [=====>........................] - ETA: 12:18 - loss: 148.3069 - ACC: 0.1330 87/414 [=====>........................] - ETA: 12:15 - loss: 147.2579 - ACC: 0.1315 88/414 [=====>........................] - ETA: 12:13 - loss: 146.7297 - ACC: 0.1328 89/414 [=====>........................] - ETA: 12:12 - loss: 146.4608 - ACC: 0.1320 90/414 [=====>........................] - ETA: 12:10 - loss: 147.1698 - ACC: 0.1340 91/414 [=====>........................] - ETA: 12:07 - loss: 146.4675 - ACC: 0.1346 92/414 [=====>........................] - ETA: 12:04 - loss: 145.9015 - ACC: 0.1338 93/414 [=====>........................] - ETA: 12:03 - loss: 145.9965 - ACC: 0.1344 94/414 [=====>........................] - ETA: 12:00 - loss: 146.0905 - ACC: 0.1350 95/414 [=====>........................] - ETA: 11:57 - loss: 146.3809 - ACC: 0.1342 96/414 [=====>........................] - ETA: 11:55 - loss: 147.5025 - ACC: 0.1341 97/414 [======>.......................] - ETA: 11:54 - loss: 147.1001 - ACC: 0.1340 98/414 [======>.......................] - ETA: 11:51 - loss: 147.0801 - ACC: 0.1339 99/414 [======>.......................] - ETA: 11:49 - loss: 146.4967 - ACC: 0.1345100/414 [======>.......................] - ETA: 11:46 - loss: 146.1753 - ACC: 0.1344101/414 [======>.......................] - ETA: 11:44 - loss: 145.9140 - ACC: 0.1355102/414 [======>.......................] - ETA: 11:42 - loss: 145.9131 - ACC: 0.1373103/414 [======>.......................] - ETA: 11:40 - loss: 145.9552 - ACC: 0.1371104/414 [======>.......................] - ETA: 11:38 - loss: 145.8144 - ACC: 0.1382105/414 [======>.......................] - ETA: 11:36 - loss: 145.4693 - ACC: 0.1369106/414 [======>.......................] - ETA: 11:34 - loss: 145.3965 - ACC: 0.1362107/414 [======>.......................] - ETA: 11:32 - loss: 145.1122 - ACC: 0.1373108/414 [======>.......................] - ETA: 11:30 - loss: 144.5875 - ACC: 0.1372109/414 [======>.......................] - ETA: 11:28 - loss: 144.7692 - ACC: 0.1376110/414 [======>.......................] - ETA: 11:25 - loss: 144.1833 - ACC: 0.1375111/414 [=======>......................] - ETA: 11:23 - loss: 144.8896 - ACC: 0.1374112/414 [=======>......................] - ETA: 11:21 - loss: 144.7685 - ACC: 0.1373113/414 [=======>......................] - ETA: 11:19 - loss: 144.3255 - ACC: 0.1372114/414 [=======>......................] - ETA: 11:17 - loss: 143.6327 - ACC: 0.1393115/414 [=======>......................] - ETA: 11:15 - loss: 144.1570 - ACC: 0.1397116/414 [=======>......................] - ETA: 11:13 - loss: 144.1322 - ACC: 0.1390117/414 [=======>......................] - ETA: 11:11 - loss: 143.6611 - ACC: 0.1384118/414 [=======>......................] - ETA: 11:08 - loss: 143.2615 - ACC: 0.1393119/414 [=======>......................] - ETA: 11:05 - loss: 142.8751 - ACC: 0.1387120/414 [=======>......................] - ETA: 11:03 - loss: 143.1790 - ACC: 0.1380121/414 [=======>......................] - ETA: 11:00 - loss: 142.4617 - ACC: 0.1384122/414 [=======>......................] - ETA: 10:57 - loss: 141.7412 - ACC: 0.1388123/414 [=======>......................] - ETA: 10:55 - loss: 141.7109 - ACC: 0.1392124/414 [=======>......................] - ETA: 10:53 - loss: 141.9973 - ACC: 0.1401125/414 [========>.....................] - ETA: 10:51 - loss: 142.0786 - ACC: 0.1395126/414 [========>.....................] - ETA: 10:48 - loss: 141.4100 - ACC: 0.1409127/414 [========>.....................] - ETA: 10:45 - loss: 141.3298 - ACC: 0.1407128/414 [========>.....................] - ETA: 10:43 - loss: 141.3125 - ACC: 0.1396129/414 [========>.....................] - ETA: 10:43 - loss: 141.6211 - ACC: 0.1386130/414 [========>.....................] - ETA: 10:40 - loss: 141.3245 - ACC: 0.1385131/414 [========>.....................] - ETA: 10:38 - loss: 141.7637 - ACC: 0.1384132/414 [========>.....................] - ETA: 10:35 - loss: 141.2818 - ACC: 0.1378133/414 [========>.....................] - ETA: 10:33 - loss: 142.1213 - ACC: 0.1377134/414 [========>.....................] - ETA: 10:31 - loss: 142.4165 - ACC: 0.1376135/414 [========>.....................] - ETA: 10:29 - loss: 142.1630 - ACC: 0.1380136/414 [========>.....................] - ETA: 10:27 - loss: 141.7216 - ACC: 0.1388137/414 [========>.....................] - ETA: 10:24 - loss: 141.6251 - ACC: 0.1378138/414 [=========>....................] - ETA: 10:23 - loss: 141.3441 - ACC: 0.1390139/414 [=========>....................] - ETA: 10:21 - loss: 140.9725 - ACC: 0.1394140/414 [=========>....................] - ETA: 10:19 - loss: 140.6419 - ACC: 0.1397141/414 [=========>....................] - ETA: 10:16 - loss: 140.0968 - ACC: 0.1405142/414 [=========>....................] - ETA: 10:14 - loss: 139.6118 - ACC: 0.1408143/414 [=========>....................] - ETA: 10:11 - loss: 139.2479 - ACC: 0.1416144/414 [=========>....................] - ETA: 10:09 - loss: 138.9909 - ACC: 0.1415145/414 [=========>....................] - ETA: 10:07 - loss: 138.9866 - ACC: 0.1418146/414 [=========>....................] - ETA: 10:05 - loss: 139.6806 - ACC: 0.1408147/414 [=========>....................] - ETA: 10:03 - loss: 139.5553 - ACC: 0.1412148/414 [=========>....................] - ETA: 10:00 - loss: 139.4733 - ACC: 0.1410149/414 [=========>....................] - ETA: 9:57 - loss: 139.1155 - ACC: 0.1409 150/414 [=========>....................] - ETA: 9:55 - loss: 139.1459 - ACC: 0.1404151/414 [=========>....................] - ETA: 9:53 - loss: 139.2121 - ACC: 0.1403152/414 [==========>...................] - ETA: 9:50 - loss: 138.9648 - ACC: 0.1406153/414 [==========>...................] - ETA: 9:48 - loss: 138.9311 - ACC: 0.1413154/414 [==========>...................] - ETA: 9:46 - loss: 139.0481 - ACC: 0.1408155/414 [==========>...................] - ETA: 9:44 - loss: 139.1579 - ACC: 0.1407156/414 [==========>...................] - ETA: 9:42 - loss: 139.4524 - ACC: 0.1402157/414 [==========>...................] - ETA: 9:39 - loss: 139.1654 - ACC: 0.1397158/414 [==========>...................] - ETA: 9:37 - loss: 139.2877 - ACC: 0.1392159/414 [==========>...................] - ETA: 9:34 - loss: 139.7053 - ACC: 0.1395160/414 [==========>...................] - ETA: 9:31 - loss: 139.5907 - ACC: 0.1398161/414 [==========>...................] - ETA: 9:29 - loss: 139.5943 - ACC: 0.1398162/414 [==========>...................] - ETA: 9:27 - loss: 139.3962 - ACC: 0.1400163/414 [==========>...................] - ETA: 9:25 - loss: 139.4635 - ACC: 0.1396164/414 [==========>...................] - ETA: 9:23 - loss: 139.2535 - ACC: 0.1399165/414 [==========>...................] - ETA: 9:21 - loss: 139.1773 - ACC: 0.1405166/414 [===========>..................] - ETA: 9:18 - loss: 138.6648 - ACC: 0.1412167/414 [===========>..................] - ETA: 9:17 - loss: 138.3412 - ACC: 0.1407168/414 [===========>..................] - ETA: 9:14 - loss: 138.6067 - ACC: 0.1403169/414 [===========>..................] - ETA: 9:12 - loss: 138.3548 - ACC: 0.1413170/414 [===========>..................] - ETA: 9:10 - loss: 138.4051 - ACC: 0.1423171/414 [===========>..................] - ETA: 9:08 - loss: 138.1849 - ACC: 0.1433172/414 [===========>..................] - ETA: 9:05 - loss: 139.5087 - ACC: 0.1424173/414 [===========>..................] - ETA: 9:03 - loss: 139.2717 - ACC: 0.1423174/414 [===========>..................] - ETA: 9:02 - loss: 139.2630 - ACC: 0.1419175/414 [===========>..................] - ETA: 9:00 - loss: 138.9249 - ACC: 0.1421176/414 [===========>..................] - ETA: 8:57 - loss: 138.7335 - ACC: 0.1420177/414 [===========>..................] - ETA: 8:55 - loss: 138.4479 - ACC: 0.1419178/414 [===========>..................] - ETA: 8:53 - loss: 138.5443 - ACC: 0.1419179/414 [===========>..................] - ETA: 8:51 - loss: 138.4207 - ACC: 0.1414180/414 [============>.................] - ETA: 8:48 - loss: 138.5112 - ACC: 0.1413181/414 [============>.................] - ETA: 8:46 - loss: 139.1688 - ACC: 0.1409182/414 [============>.................] - ETA: 8:44 - loss: 139.2673 - ACC: 0.1408183/414 [============>.................] - ETA: 8:42 - loss: 139.1032 - ACC: 0.1407184/414 [============>.................] - ETA: 8:40 - loss: 139.0378 - ACC: 0.1420185/414 [============>.................] - ETA: 8:37 - loss: 139.9056 - ACC: 0.1422186/414 [============>.................] - ETA: 8:35 - loss: 139.9918 - ACC: 0.1418187/414 [============>.................] - ETA: 8:33 - loss: 140.2495 - ACC: 0.1417188/414 [============>.................] - ETA: 8:31 - loss: 140.4826 - ACC: 0.1413189/414 [============>.................] - ETA: 8:29 - loss: 140.4359 - ACC: 0.1405190/414 [============>.................] - ETA: 8:27 - loss: 140.0480 - ACC: 0.1408191/414 [============>.................] - ETA: 8:24 - loss: 140.0301 - ACC: 0.1407192/414 [============>.................] - ETA: 8:22 - loss: 139.9680 - ACC: 0.1410193/414 [============>.................] - ETA: 8:20 - loss: 139.9192 - ACC: 0.1409194/414 [=============>................] - ETA: 8:18 - loss: 139.9400 - ACC: 0.1408195/414 [=============>................] - ETA: 8:16 - loss: 140.0342 - ACC: 0.1404196/414 [=============>................] - ETA: 8:14 - loss: 140.4156 - ACC: 0.1400197/414 [=============>................] - ETA: 8:11 - loss: 140.0896 - ACC: 0.1399198/414 [=============>................] - ETA: 8:08 - loss: 140.8278 - ACC: 0.1392199/414 [=============>................] - ETA: 8:06 - loss: 140.7645 - ACC: 0.1391200/414 [=============>................] - ETA: 8:04 - loss: 141.0509 - ACC: 0.1394201/414 [=============>................] - ETA: 8:01 - loss: 141.0754 - ACC: 0.1393202/414 [=============>................] - ETA: 7:59 - loss: 141.4898 - ACC: 0.1395203/414 [=============>................] - ETA: 7:57 - loss: 141.8540 - ACC: 0.1401204/414 [=============>................] - ETA: 7:55 - loss: 142.0125 - ACC: 0.1406205/414 [=============>................] - ETA: 7:52 - loss: 142.5060 - ACC: 0.1402206/414 [=============>................] - ETA: 7:50 - loss: 142.0301 - ACC: 0.1414207/414 [==============>...............] - ETA: 7:48 - loss: 142.0924 - ACC: 0.1410208/414 [==============>...............] - ETA: 7:45 - loss: 141.7163 - ACC: 0.1409209/414 [==============>...............] - ETA: 7:43 - loss: 141.5621 - ACC: 0.1414210/414 [==============>...............] - ETA: 7:41 - loss: 141.5306 - ACC: 0.1417211/414 [==============>...............] - ETA: 7:39 - loss: 141.3816 - ACC: 0.1422212/414 [==============>...............] - ETA: 7:36 - loss: 141.0826 - ACC: 0.1424213/414 [==============>...............] - ETA: 7:34 - loss: 140.6945 - ACC: 0.1432214/414 [==============>...............] - ETA: 7:32 - loss: 140.8696 - ACC: 0.1437215/414 [==============>...............] - ETA: 7:29 - loss: 140.8043 - ACC: 0.1436216/414 [==============>...............] - ETA: 7:27 - loss: 140.6453 - ACC: 0.1429217/414 [==============>...............] - ETA: 7:25 - loss: 140.3923 - ACC: 0.1429218/414 [==============>...............] - ETA: 7:22 - loss: 140.4521 - ACC: 0.1433219/414 [==============>...............] - ETA: 7:20 - loss: 140.4822 - ACC: 0.1427220/414 [==============>...............] - ETA: 7:18 - loss: 140.6120 - ACC: 0.1423221/414 [===============>..............] - ETA: 7:15 - loss: 140.9729 - ACC: 0.1423222/414 [===============>..............] - ETA: 7:13 - loss: 141.2961 - ACC: 0.1422223/414 [===============>..............] - ETA: 7:11 - loss: 141.0784 - ACC: 0.1432224/414 [===============>..............] - ETA: 7:09 - loss: 141.5822 - ACC: 0.1431225/414 [===============>..............] - ETA: 7:07 - loss: 141.1744 - ACC: 0.1436226/414 [===============>..............] - ETA: 7:04 - loss: 140.8055 - ACC: 0.1438227/414 [===============>..............] - ETA: 7:02 - loss: 140.5564 - ACC: 0.1437228/414 [===============>..............] - ETA: 6:59 - loss: 140.2567 - ACC: 0.1436229/414 [===============>..............] - ETA: 6:57 - loss: 140.3926 - ACC: 0.1430230/414 [===============>..............] - ETA: 6:55 - loss: 140.1518 - ACC: 0.1429231/414 [===============>..............] - ETA: 6:52 - loss: 140.0082 - ACC: 0.1429232/414 [===============>..............] - ETA: 6:50 - loss: 139.6853 - ACC: 0.1433233/414 [===============>..............] - ETA: 6:48 - loss: 139.6161 - ACC: 0.1432234/414 [===============>..............] - ETA: 6:46 - loss: 139.7502 - ACC: 0.1434235/414 [================>.............] - ETA: 6:44 - loss: 139.5911 - ACC: 0.1439236/414 [================>.............] - ETA: 6:42 - loss: 139.4865 - ACC: 0.1443237/414 [================>.............] - ETA: 6:39 - loss: 139.5548 - ACC: 0.1445238/414 [================>.............] - ETA: 6:37 - loss: 139.4541 - ACC: 0.1439239/414 [================>.............] - ETA: 6:35 - loss: 139.2356 - ACC: 0.1438240/414 [================>.............] - ETA: 6:33 - loss: 139.0630 - ACC: 0.1440241/414 [================>.............] - ETA: 6:31 - loss: 138.7310 - ACC: 0.1445242/414 [================>.............] - ETA: 6:29 - loss: 138.4457 - ACC: 0.1446243/414 [================>.............] - ETA: 6:26 - loss: 138.3658 - ACC: 0.1445244/414 [================>.............] - ETA: 6:24 - loss: 138.3016 - ACC: 0.1442245/414 [================>.............] - ETA: 6:22 - loss: 138.0738 - ACC: 0.1452246/414 [================>.............] - ETA: 6:19 - loss: 137.7300 - ACC: 0.1456247/414 [================>.............] - ETA: 6:17 - loss: 137.4909 - ACC: 0.1450248/414 [================>.............] - ETA: 6:15 - loss: 137.3208 - ACC: 0.1454249/414 [=================>............] - ETA: 6:12 - loss: 137.3925 - ACC: 0.1456250/414 [=================>............] - ETA: 6:10 - loss: 137.3696 - ACC: 0.1452251/414 [=================>............] - ETA: 6:08 - loss: 137.0341 - ACC: 0.1459252/414 [=================>............] - ETA: 6:06 - loss: 136.8700 - ACC: 0.1461253/414 [=================>............] - ETA: 6:03 - loss: 137.0556 - ACC: 0.1458254/414 [=================>............] - ETA: 6:01 - loss: 136.8224 - ACC: 0.1457255/414 [=================>............] - ETA: 5:59 - loss: 136.6053 - ACC: 0.1456256/414 [=================>............] - ETA: 5:57 - loss: 136.7943 - ACC: 0.1455257/414 [=================>............] - ETA: 5:54 - loss: 136.5957 - ACC: 0.1449258/414 [=================>............] - ETA: 5:52 - loss: 136.3285 - ACC: 0.1451259/414 [=================>............] - ETA: 5:50 - loss: 136.2809 - ACC: 0.1455260/414 [=================>............] - ETA: 5:47 - loss: 136.4127 - ACC: 0.1457261/414 [=================>............] - ETA: 5:45 - loss: 136.4308 - ACC: 0.1456262/414 [=================>............] - ETA: 5:43 - loss: 136.2197 - ACC: 0.1453263/414 [==================>...........] - ETA: 5:41 - loss: 136.0483 - ACC: 0.1457264/414 [==================>...........] - ETA: 5:39 - loss: 135.9490 - ACC: 0.1461265/414 [==================>...........] - ETA: 5:36 - loss: 135.7213 - ACC: 0.1465266/414 [==================>...........] - ETA: 5:34 - loss: 135.5412 - ACC: 0.1461267/414 [==================>...........] - ETA: 5:32 - loss: 135.5233 - ACC: 0.1458268/414 [==================>...........] - ETA: 5:30 - loss: 135.4108 - ACC: 0.1460269/414 [==================>...........] - ETA: 5:28 - loss: 135.5053 - ACC: 0.1454270/414 [==================>...........] - ETA: 5:26 - loss: 135.3846 - ACC: 0.1454271/414 [==================>...........] - ETA: 5:23 - loss: 135.2986 - ACC: 0.1453272/414 [==================>...........] - ETA: 5:21 - loss: 135.1284 - ACC: 0.1450273/414 [==================>...........] - ETA: 5:19 - loss: 134.9287 - ACC: 0.1449274/414 [==================>...........] - ETA: 5:16 - loss: 134.7864 - ACC: 0.1448275/414 [==================>...........] - ETA: 5:14 - loss: 134.5519 - ACC: 0.1443276/414 [===================>..........] - ETA: 5:12 - loss: 134.3896 - ACC: 0.1445277/414 [===================>..........] - ETA: 5:10 - loss: 134.1393 - ACC: 0.1444278/414 [===================>..........] - ETA: 5:08 - loss: 133.9629 - ACC: 0.1446279/414 [===================>..........] - ETA: 5:05 - loss: 133.9123 - ACC: 0.1445280/414 [===================>..........] - ETA: 5:03 - loss: 133.6691 - ACC: 0.1444281/414 [===================>..........] - ETA: 5:01 - loss: 133.4949 - ACC: 0.1441282/414 [===================>..........] - ETA: 4:59 - loss: 133.1730 - ACC: 0.1438283/414 [===================>..........] - ETA: 4:56 - loss: 132.9141 - ACC: 0.1438284/414 [===================>..........] - ETA: 4:54 - loss: 132.6103 - ACC: 0.1437285/414 [===================>..........] - ETA: 4:52 - loss: 132.6172 - ACC: 0.1434286/414 [===================>..........] - ETA: 4:49 - loss: 132.5504 - ACC: 0.1429287/414 [===================>..........] - ETA: 4:47 - loss: 132.7396 - ACC: 0.1429288/414 [===================>..........] - ETA: 4:45 - loss: 132.7342 - ACC: 0.1430289/414 [===================>..........] - ETA: 4:43 - loss: 132.7831 - ACC: 0.1427290/414 [====================>.........] - ETA: 4:40 - loss: 132.7327 - ACC: 0.1425291/414 [====================>.........] - ETA: 4:38 - loss: 133.0249 - ACC: 0.1422292/414 [====================>.........] - ETA: 4:36 - loss: 132.9129 - ACC: 0.1423293/414 [====================>.........] - ETA: 4:34 - loss: 132.9429 - ACC: 0.1423294/414 [====================>.........] - ETA: 4:31 - loss: 132.9125 - ACC: 0.1422295/414 [====================>.........] - ETA: 4:29 - loss: 132.8040 - ACC: 0.1419296/414 [====================>.........] - ETA: 4:27 - loss: 132.6439 - ACC: 0.1419297/414 [====================>.........] - ETA: 4:24 - loss: 132.3777 - ACC: 0.1418298/414 [====================>.........] - ETA: 4:22 - loss: 132.3039 - ACC: 0.1416299/414 [====================>.........] - ETA: 4:20 - loss: 132.1951 - ACC: 0.1419300/414 [====================>.........] - ETA: 4:18 - loss: 132.3511 - ACC: 0.1417301/414 [====================>.........] - ETA: 4:15 - loss: 132.2164 - ACC: 0.1416302/414 [====================>.........] - ETA: 4:13 - loss: 132.0140 - ACC: 0.1418303/414 [====================>.........] - ETA: 4:11 - loss: 131.7740 - ACC: 0.1427304/414 [=====================>........] - ETA: 4:09 - loss: 131.5086 - ACC: 0.1427305/414 [=====================>........] - ETA: 4:07 - loss: 131.3496 - ACC: 0.1428306/414 [=====================>........] - ETA: 4:04 - loss: 131.3075 - ACC: 0.1424307/414 [=====================>........] - ETA: 4:02 - loss: 131.2655 - ACC: 0.1423308/414 [=====================>........] - ETA: 4:00 - loss: 131.0018 - ACC: 0.1420309/414 [=====================>........] - ETA: 3:57 - loss: 131.0327 - ACC: 0.1418310/414 [=====================>........] - ETA: 3:55 - loss: 131.1896 - ACC: 0.1413311/414 [=====================>........] - ETA: 3:53 - loss: 131.1144 - ACC: 0.1413312/414 [=====================>........] - ETA: 3:50 - loss: 130.9464 - ACC: 0.1412313/414 [=====================>........] - ETA: 3:48 - loss: 130.9325 - ACC: 0.1410314/414 [=====================>........] - ETA: 3:46 - loss: 130.6581 - ACC: 0.1413315/414 [=====================>........] - ETA: 3:44 - loss: 130.7201 - ACC: 0.1417316/414 [=====================>........] - ETA: 3:41 - loss: 130.6318 - ACC: 0.1424317/414 [=====================>........] - ETA: 3:39 - loss: 130.9854 - ACC: 0.1425318/414 [======================>.......] - ETA: 3:37 - loss: 131.1532 - ACC: 0.1425319/414 [======================>.......] - ETA: 3:35 - loss: 131.0283 - ACC: 0.1428320/414 [======================>.......] - ETA: 3:32 - loss: 131.1004 - ACC: 0.1430321/414 [======================>.......] - ETA: 3:30 - loss: 131.1515 - ACC: 0.1433322/414 [======================>.......] - ETA: 3:28 - loss: 131.2008 - ACC: 0.1429323/414 [======================>.......] - ETA: 3:26 - loss: 130.8523 - ACC: 0.1430324/414 [======================>.......] - ETA: 3:23 - loss: 130.8424 - ACC: 0.1429325/414 [======================>.......] - ETA: 3:21 - loss: 131.6238 - ACC: 0.1427326/414 [======================>.......] - ETA: 3:19 - loss: 131.4548 - ACC: 0.1426327/414 [======================>.......] - ETA: 3:17 - loss: 131.2972 - ACC: 0.1424328/414 [======================>.......] - ETA: 3:14 - loss: 131.1911 - ACC: 0.1421329/414 [======================>.......] - ETA: 3:12 - loss: 131.2421 - ACC: 0.1421330/414 [======================>.......] - ETA: 3:10 - loss: 131.0397 - ACC: 0.1422331/414 [======================>.......] - ETA: 3:08 - loss: 131.0895 - ACC: 0.1424332/414 [=======================>......] - ETA: 3:05 - loss: 131.1817 - ACC: 0.1427333/414 [=======================>......] - ETA: 3:03 - loss: 131.0496 - ACC: 0.1423334/414 [=======================>......] - ETA: 3:01 - loss: 130.9324 - ACC: 0.1426335/414 [=======================>......] - ETA: 2:58 - loss: 130.7764 - ACC: 0.1425336/414 [=======================>......] - ETA: 2:56 - loss: 130.6271 - ACC: 0.1427337/414 [=======================>......] - ETA: 2:54 - loss: 130.5647 - ACC: 0.1428338/414 [=======================>......] - ETA: 2:51 - loss: 130.4122 - ACC: 0.1429339/414 [=======================>......] - ETA: 2:49 - loss: 130.1822 - ACC: 0.1431340/414 [=======================>......] - ETA: 2:47 - loss: 129.9982 - ACC: 0.1430341/414 [=======================>......] - ETA: 2:45 - loss: 129.9345 - ACC: 0.1430342/414 [=======================>......] - ETA: 2:43 - loss: 129.7863 - ACC: 0.1429343/414 [=======================>......] - ETA: 2:40 - loss: 129.5566 - ACC: 0.1432344/414 [=======================>......] - ETA: 2:38 - loss: 129.4878 - ACC: 0.1432345/414 [========================>.....] - ETA: 2:36 - loss: 129.3357 - ACC: 0.1428346/414 [========================>.....] - ETA: 2:33 - loss: 129.5391 - ACC: 0.1427347/414 [========================>.....] - ETA: 2:31 - loss: 129.4411 - ACC: 0.1425348/414 [========================>.....] - ETA: 2:29 - loss: 129.4620 - ACC: 0.1428349/414 [========================>.....] - ETA: 2:27 - loss: 129.3689 - ACC: 0.1433350/414 [========================>.....] - ETA: 2:24 - loss: 129.2174 - ACC: 0.1430351/414 [========================>.....] - ETA: 2:22 - loss: 129.1003 - ACC: 0.1430352/414 [========================>.....] - ETA: 2:20 - loss: 129.1206 - ACC: 0.1429353/414 [========================>.....] - ETA: 2:18 - loss: 129.1264 - ACC: 0.1429354/414 [========================>.....] - ETA: 2:15 - loss: 129.1145 - ACC: 0.1425355/414 [========================>.....] - ETA: 2:13 - loss: 128.8798 - ACC: 0.1428356/414 [========================>.....] - ETA: 2:11 - loss: 128.7029 - ACC: 0.1429357/414 [========================>.....] - ETA: 2:08 - loss: 128.5806 - ACC: 0.1432358/414 [========================>.....] - ETA: 2:06 - loss: 128.3949 - ACC: 0.1430359/414 [=========================>....] - ETA: 2:04 - loss: 128.2144 - ACC: 0.1435360/414 [=========================>....] - ETA: 2:02 - loss: 128.1864 - ACC: 0.1432361/414 [=========================>....] - ETA: 1:59 - loss: 128.0885 - ACC: 0.1432362/414 [=========================>....] - ETA: 1:57 - loss: 128.0092 - ACC: 0.1431363/414 [=========================>....] - ETA: 1:55 - loss: 127.8480 - ACC: 0.1433364/414 [=========================>....] - ETA: 1:53 - loss: 127.7880 - ACC: 0.1432365/414 [=========================>....] - ETA: 1:50 - loss: 127.6499 - ACC: 0.1437366/414 [=========================>....] - ETA: 1:48 - loss: 127.5417 - ACC: 0.1433367/414 [=========================>....] - ETA: 1:46 - loss: 127.4932 - ACC: 0.1434368/414 [=========================>....] - ETA: 1:43 - loss: 127.5074 - ACC: 0.1433369/414 [=========================>....] - ETA: 1:41 - loss: 127.4902 - ACC: 0.1435370/414 [=========================>....] - ETA: 1:39 - loss: 127.3152 - ACC: 0.1437371/414 [=========================>....] - ETA: 1:37 - loss: 127.1763 - ACC: 0.1437372/414 [=========================>....] - ETA: 1:34 - loss: 127.0819 - ACC: 0.1436373/414 [==========================>...] - ETA: 1:32 - loss: 126.9840 - ACC: 0.1438374/414 [==========================>...] - ETA: 1:30 - loss: 126.8546 - ACC: 0.1437375/414 [==========================>...] - ETA: 1:28 - loss: 126.8149 - ACC: 0.1437376/414 [==========================>...] - ETA: 1:26 - loss: 126.7307 - ACC: 0.1436377/414 [==========================>...] - ETA: 1:23 - loss: 126.9466 - ACC: 0.1436378/414 [==========================>...] - ETA: 1:21 - loss: 127.2181 - ACC: 0.1438379/414 [==========================>...] - ETA: 1:19 - loss: 127.0394 - ACC: 0.1436380/414 [==========================>...] - ETA: 1:16 - loss: 127.1739 - ACC: 0.1441381/414 [==========================>...] - ETA: 1:14 - loss: 127.4885 - ACC: 0.1439382/414 [==========================>...] - ETA: 1:12 - loss: 127.6300 - ACC: 0.1438383/414 [==========================>...] - ETA: 1:10 - loss: 127.7981 - ACC: 0.1436384/414 [==========================>...] - ETA: 1:07 - loss: 127.7083 - ACC: 0.1437385/414 [==========================>...] - ETA: 1:05 - loss: 127.6410 - ACC: 0.1438386/414 [==========================>...] - ETA: 1:03 - loss: 127.5054 - ACC: 0.1435387/414 [===========================>..] - ETA: 1:01 - loss: 127.5287 - ACC: 0.1434388/414 [===========================>..] - ETA: 58s - loss: 127.5856 - ACC: 0.1435 389/414 [===========================>..] - ETA: 56s - loss: 127.9715 - ACC: 0.1433390/414 [===========================>..] - ETA: 54s - loss: 128.2830 - ACC: 0.1431391/414 [===========================>..] - ETA: 52s - loss: 128.1571 - ACC: 0.1435392/414 [===========================>..] - ETA: 49s - loss: 128.0528 - ACC: 0.1438393/414 [===========================>..] - ETA: 47s - loss: 127.9364 - ACC: 0.1438394/414 [===========================>..] - ETA: 45s - loss: 128.3494 - ACC: 0.1437395/414 [===========================>..] - ETA: 43s - loss: 128.5446 - ACC: 0.1437396/414 [===========================>..] - ETA: 40s - loss: 129.0633 - ACC: 0.1436397/414 [===========================>..] - ETA: 38s - loss: 129.3814 - ACC: 0.1433398/414 [===========================>..] - ETA: 36s - loss: 129.4809 - ACC: 0.1432399/414 [===========================>..] - ETA: 33s - loss: 129.4327 - ACC: 0.1430400/414 [===========================>..] - ETA: 31s - loss: 129.6596 - ACC: 0.1428401/414 [============================>.] - ETA: 29s - loss: 129.7766 - ACC: 0.1426402/414 [============================>.] - ETA: 27s - loss: 129.7348 - ACC: 0.1424403/414 [============================>.] - ETA: 24s - loss: 129.6181 - ACC: 0.1428404/414 [============================>.] - ETA: 22s - loss: 129.4300 - ACC: 0.1429405/414 [============================>.] - ETA: 20s - loss: 129.4657 - ACC: 0.1429406/414 [============================>.] - ETA: 18s - loss: 129.6178 - ACC: 0.1429407/414 [============================>.] - ETA: 15s - loss: 129.4391 - ACC: 0.1430408/414 [============================>.] - ETA: 13s - loss: 129.3438 - ACC: 0.1432409/414 [============================>.] - ETA: 11s - loss: 129.2296 - ACC: 0.1435410/414 [============================>.] - ETA: 9s - loss: 129.4059 - ACC: 0.1431 411/414 [============================>.] - ETA: 6s - loss: 129.3110 - ACC: 0.1429412/414 [============================>.] - ETA: 4s - loss: 129.1108 - ACC: 0.1427413/414 [============================>.] - ETA: 2s - loss: 129.5308 - ACC: 0.1426414/414 [==============================] - ETA: 0s - loss: 129.5536 - ACC: 0.1425414/414 [==============================] - 1165s 3s/step - loss: 129.5536 - ACC: 0.1425 - val_loss: 216.2394 - val_ACC: 0.1073
Epoch 5/30
  1/414 [..............................] - ETA: 0s - loss: 137.6364 - ACC: 0.0625  2/414 [..............................] - ETA: 7:31 - loss: 140.7544 - ACC: 0.0938  3/414 [..............................] - ETA: 10:08 - loss: 131.8446 - ACC: 0.1458  4/414 [..............................] - ETA: 11:23 - loss: 121.0909 - ACC: 0.1719  5/414 [..............................] - ETA: 12:11 - loss: 145.3754 - ACC: 0.1375  6/414 [..............................] - ETA: 12:50 - loss: 144.6052 - ACC: 0.1354  7/414 [..............................] - ETA: 12:59 - loss: 136.2751 - ACC: 0.1518  8/414 [..............................] - ETA: 13:13 - loss: 128.6519 - ACC: 0.1641  9/414 [..............................] - ETA: 13:23 - loss: 131.9828 - ACC: 0.1458 10/414 [..............................] - ETA: 13:28 - loss: 142.8787 - ACC: 0.1312 11/414 [..............................] - ETA: 13:32 - loss: 141.5190 - ACC: 0.1250 12/414 [..............................] - ETA: 13:36 - loss: 150.1305 - ACC: 0.1198 13/414 [..............................] - ETA: 13:33 - loss: 176.8320 - ACC: 0.1106 14/414 [>.............................] - ETA: 13:39 - loss: 171.4596 - ACC: 0.1116 15/414 [>.............................] - ETA: 13:40 - loss: 172.0010 - ACC: 0.1042 16/414 [>.............................] - ETA: 13:46 - loss: 177.6533 - ACC: 0.1055 17/414 [>.............................] - ETA: 13:45 - loss: 177.9643 - ACC: 0.1103 18/414 [>.............................] - ETA: 13:46 - loss: 179.3861 - ACC: 0.1042 19/414 [>.............................] - ETA: 13:49 - loss: 179.2412 - ACC: 0.1020 20/414 [>.............................] - ETA: 13:50 - loss: 178.0836 - ACC: 0.1000 21/414 [>.............................] - ETA: 13:45 - loss: 173.2858 - ACC: 0.1071 22/414 [>.............................] - ETA: 13:43 - loss: 170.0667 - ACC: 0.1080 23/414 [>.............................] - ETA: 13:42 - loss: 168.6384 - ACC: 0.1087 24/414 [>.............................] - ETA: 13:42 - loss: 173.1208 - ACC: 0.1042 25/414 [>.............................] - ETA: 13:40 - loss: 175.8114 - ACC: 0.1050 26/414 [>.............................] - ETA: 13:42 - loss: 173.0305 - ACC: 0.1034 27/414 [>.............................] - ETA: 13:42 - loss: 170.4798 - ACC: 0.1065 28/414 [=>............................] - ETA: 13:38 - loss: 170.0242 - ACC: 0.1027 29/414 [=>............................] - ETA: 13:37 - loss: 171.2400 - ACC: 0.1056 30/414 [=>............................] - ETA: 13:36 - loss: 169.5031 - ACC: 0.1063 31/414 [=>............................] - ETA: 13:33 - loss: 166.1031 - ACC: 0.1069 32/414 [=>............................] - ETA: 13:28 - loss: 165.7845 - ACC: 0.1094 33/414 [=>............................] - ETA: 13:34 - loss: 164.6360 - ACC: 0.1080 34/414 [=>............................] - ETA: 13:35 - loss: 164.9301 - ACC: 0.1066 35/414 [=>............................] - ETA: 13:36 - loss: 166.4669 - ACC: 0.1089 36/414 [=>............................] - ETA: 13:33 - loss: 165.1707 - ACC: 0.1094 37/414 [=>............................] - ETA: 13:32 - loss: 163.4276 - ACC: 0.1098 38/414 [=>............................] - ETA: 13:32 - loss: 161.9957 - ACC: 0.1118 39/414 [=>............................] - ETA: 13:30 - loss: 161.0996 - ACC: 0.1122 40/414 [=>............................] - ETA: 13:29 - loss: 160.6839 - ACC: 0.1125 41/414 [=>............................] - ETA: 13:26 - loss: 160.1180 - ACC: 0.1113 42/414 [==>...........................] - ETA: 13:27 - loss: 159.8111 - ACC: 0.1131 43/414 [==>...........................] - ETA: 13:26 - loss: 158.9971 - ACC: 0.1134 44/414 [==>...........................] - ETA: 13:24 - loss: 157.1222 - ACC: 0.1136 45/414 [==>...........................] - ETA: 13:25 - loss: 158.5408 - ACC: 0.1125 46/414 [==>...........................] - ETA: 13:23 - loss: 157.7377 - ACC: 0.1114 47/414 [==>...........................] - ETA: 13:23 - loss: 156.3734 - ACC: 0.1130 48/414 [==>...........................] - ETA: 13:19 - loss: 154.2572 - ACC: 0.1146 49/414 [==>...........................] - ETA: 13:17 - loss: 152.6067 - ACC: 0.1161 50/414 [==>...........................] - ETA: 13:12 - loss: 150.5320 - ACC: 0.1213 51/414 [==>...........................] - ETA: 13:13 - loss: 149.0923 - ACC: 0.1201 52/414 [==>...........................] - ETA: 13:13 - loss: 148.3592 - ACC: 0.1178 53/414 [==>...........................] - ETA: 13:12 - loss: 148.1015 - ACC: 0.1156 54/414 [==>...........................] - ETA: 13:09 - loss: 147.0038 - ACC: 0.1157 55/414 [==>...........................] - ETA: 13:08 - loss: 146.9279 - ACC: 0.1170 56/414 [===>..........................] - ETA: 13:05 - loss: 146.7921 - ACC: 0.1172 57/414 [===>..........................] - ETA: 13:03 - loss: 145.4660 - ACC: 0.1173 58/414 [===>..........................] - ETA: 13:04 - loss: 145.1810 - ACC: 0.1175 59/414 [===>..........................] - ETA: 13:00 - loss: 145.2579 - ACC: 0.1197 60/414 [===>..........................] - ETA: 12:57 - loss: 144.4009 - ACC: 0.1198 61/414 [===>..........................] - ETA: 12:55 - loss: 144.1412 - ACC: 0.1199 62/414 [===>..........................] - ETA: 12:51 - loss: 144.5359 - ACC: 0.1200 63/414 [===>..........................] - ETA: 12:48 - loss: 143.3365 - ACC: 0.1230 64/414 [===>..........................] - ETA: 12:46 - loss: 142.5785 - ACC: 0.1260 65/414 [===>..........................] - ETA: 12:43 - loss: 141.7191 - ACC: 0.1279 66/414 [===>..........................] - ETA: 12:39 - loss: 141.6834 - ACC: 0.1269 67/414 [===>..........................] - ETA: 12:40 - loss: 140.9984 - ACC: 0.1287 68/414 [===>..........................] - ETA: 12:38 - loss: 140.0302 - ACC: 0.1296 69/414 [====>.........................] - ETA: 12:35 - loss: 138.9856 - ACC: 0.1304 70/414 [====>.........................] - ETA: 12:36 - loss: 137.9135 - ACC: 0.1295 71/414 [====>.........................] - ETA: 12:36 - loss: 139.3738 - ACC: 0.1303 72/414 [====>.........................] - ETA: 12:33 - loss: 138.9625 - ACC: 0.1302 73/414 [====>.........................] - ETA: 12:33 - loss: 139.2415 - ACC: 0.1310 74/414 [====>.........................] - ETA: 12:31 - loss: 139.1852 - ACC: 0.1301 75/414 [====>.........................] - ETA: 12:28 - loss: 138.5255 - ACC: 0.1308 76/414 [====>.........................] - ETA: 12:25 - loss: 137.5289 - ACC: 0.1316 77/414 [====>.........................] - ETA: 12:24 - loss: 137.0863 - ACC: 0.1331 78/414 [====>.........................] - ETA: 12:21 - loss: 136.8876 - ACC: 0.1314 79/414 [====>.........................] - ETA: 12:20 - loss: 135.8904 - ACC: 0.1305 80/414 [====>.........................] - ETA: 12:17 - loss: 135.6623 - ACC: 0.1305 81/414 [====>.........................] - ETA: 12:15 - loss: 134.7911 - ACC: 0.1296 82/414 [====>.........................] - ETA: 12:12 - loss: 134.6609 - ACC: 0.1303 83/414 [=====>........................] - ETA: 12:10 - loss: 135.0536 - ACC: 0.1325 84/414 [=====>........................] - ETA: 12:08 - loss: 134.8185 - ACC: 0.1324 85/414 [=====>........................] - ETA: 12:04 - loss: 134.8178 - ACC: 0.1338 86/414 [=====>........................] - ETA: 12:03 - loss: 134.7755 - ACC: 0.1323 87/414 [=====>........................] - ETA: 12:00 - loss: 133.7898 - ACC: 0.1329 88/414 [=====>........................] - ETA: 11:58 - loss: 133.3735 - ACC: 0.1321 89/414 [=====>........................] - ETA: 11:57 - loss: 132.8315 - ACC: 0.1320 90/414 [=====>........................] - ETA: 11:55 - loss: 133.6485 - ACC: 0.1333 91/414 [=====>........................] - ETA: 11:53 - loss: 132.9560 - ACC: 0.1319 92/414 [=====>........................] - ETA: 11:49 - loss: 132.6140 - ACC: 0.1318 93/414 [=====>........................] - ETA: 11:49 - loss: 132.5468 - ACC: 0.1331 94/414 [=====>........................] - ETA: 11:46 - loss: 132.8648 - ACC: 0.1323 95/414 [=====>........................] - ETA: 11:43 - loss: 133.4473 - ACC: 0.1316 96/414 [=====>........................] - ETA: 11:41 - loss: 134.4055 - ACC: 0.1315 97/414 [======>.......................] - ETA: 11:40 - loss: 134.0063 - ACC: 0.1308 98/414 [======>.......................] - ETA: 11:37 - loss: 133.6810 - ACC: 0.1301 99/414 [======>.......................] - ETA: 11:35 - loss: 133.2806 - ACC: 0.1301100/414 [======>.......................] - ETA: 11:32 - loss: 132.9650 - ACC: 0.1319101/414 [======>.......................] - ETA: 11:30 - loss: 132.5952 - ACC: 0.1318102/414 [======>.......................] - ETA: 11:29 - loss: 132.5485 - ACC: 0.1311103/414 [======>.......................] - ETA: 11:26 - loss: 133.0072 - ACC: 0.1317104/414 [======>.......................] - ETA: 11:25 - loss: 132.0792 - ACC: 0.1328105/414 [======>.......................] - ETA: 11:23 - loss: 131.7467 - ACC: 0.1327106/414 [======>.......................] - ETA: 11:22 - loss: 131.6182 - ACC: 0.1315107/414 [======>.......................] - ETA: 11:20 - loss: 131.1204 - ACC: 0.1320108/414 [======>.......................] - ETA: 11:18 - loss: 130.6532 - ACC: 0.1325109/414 [======>.......................] - ETA: 11:16 - loss: 131.0854 - ACC: 0.1319110/414 [======>.......................] - ETA: 11:13 - loss: 131.3539 - ACC: 0.1307111/414 [=======>......................] - ETA: 11:11 - loss: 132.1631 - ACC: 0.1301112/414 [=======>......................] - ETA: 11:09 - loss: 131.6812 - ACC: 0.1300113/414 [=======>......................] - ETA: 11:08 - loss: 131.4007 - ACC: 0.1294114/414 [=======>......................] - ETA: 11:05 - loss: 130.9457 - ACC: 0.1299115/414 [=======>......................] - ETA: 11:04 - loss: 130.9489 - ACC: 0.1304116/414 [=======>......................] - ETA: 11:02 - loss: 131.2803 - ACC: 0.1298117/414 [=======>......................] - ETA: 11:00 - loss: 130.8399 - ACC: 0.1314118/414 [=======>......................] - ETA: 10:57 - loss: 130.4806 - ACC: 0.1319119/414 [=======>......................] - ETA: 10:54 - loss: 130.0008 - ACC: 0.1324120/414 [=======>......................] - ETA: 10:53 - loss: 129.8643 - ACC: 0.1312121/414 [=======>......................] - ETA: 10:50 - loss: 129.1660 - ACC: 0.1322122/414 [=======>......................] - ETA: 10:47 - loss: 128.9011 - ACC: 0.1327123/414 [=======>......................] - ETA: 10:45 - loss: 128.9401 - ACC: 0.1326124/414 [=======>......................] - ETA: 10:43 - loss: 129.0528 - ACC: 0.1326125/414 [========>.....................] - ETA: 10:41 - loss: 128.6820 - ACC: 0.1345126/414 [========>.....................] - ETA: 10:38 - loss: 128.2781 - ACC: 0.1349127/414 [========>.....................] - ETA: 10:35 - loss: 128.1193 - ACC: 0.1344128/414 [========>.....................] - ETA: 10:33 - loss: 128.2782 - ACC: 0.1338129/414 [========>.....................] - ETA: 10:33 - loss: 128.6243 - ACC: 0.1328130/414 [========>.....................] - ETA: 10:30 - loss: 128.2366 - ACC: 0.1332131/414 [========>.....................] - ETA: 10:28 - loss: 127.9838 - ACC: 0.1326132/414 [========>.....................] - ETA: 10:25 - loss: 127.8383 - ACC: 0.1321133/414 [========>.....................] - ETA: 10:23 - loss: 128.1618 - ACC: 0.1316134/414 [========>.....................] - ETA: 10:21 - loss: 127.9753 - ACC: 0.1320135/414 [========>.....................] - ETA: 10:19 - loss: 127.6835 - ACC: 0.1315136/414 [========>.....................] - ETA: 10:16 - loss: 127.4225 - ACC: 0.1310137/414 [========>.....................] - ETA: 10:14 - loss: 127.2967 - ACC: 0.1309138/414 [=========>....................] - ETA: 10:12 - loss: 127.3375 - ACC: 0.1313139/414 [=========>....................] - ETA: 10:11 - loss: 127.3902 - ACC: 0.1313140/414 [=========>....................] - ETA: 10:08 - loss: 127.2013 - ACC: 0.1321141/414 [=========>....................] - ETA: 10:06 - loss: 126.9713 - ACC: 0.1330142/414 [=========>....................] - ETA: 10:04 - loss: 126.7956 - ACC: 0.1334143/414 [=========>....................] - ETA: 10:01 - loss: 126.4016 - ACC: 0.1342144/414 [=========>....................] - ETA: 9:59 - loss: 126.1445 - ACC: 0.1345 145/414 [=========>....................] - ETA: 9:57 - loss: 125.7790 - ACC: 0.1345146/414 [=========>....................] - ETA: 9:56 - loss: 126.0241 - ACC: 0.1336147/414 [=========>....................] - ETA: 9:54 - loss: 125.9470 - ACC: 0.1335148/414 [=========>....................] - ETA: 9:51 - loss: 126.0448 - ACC: 0.1326149/414 [=========>....................] - ETA: 9:49 - loss: 125.8632 - ACC: 0.1338150/414 [=========>....................] - ETA: 9:47 - loss: 125.6913 - ACC: 0.1329151/414 [=========>....................] - ETA: 9:44 - loss: 126.2947 - ACC: 0.1333152/414 [==========>...................] - ETA: 9:42 - loss: 125.9871 - ACC: 0.1336153/414 [==========>...................] - ETA: 9:40 - loss: 125.5561 - ACC: 0.1344154/414 [==========>...................] - ETA: 9:38 - loss: 125.6790 - ACC: 0.1343155/414 [==========>...................] - ETA: 9:36 - loss: 125.7981 - ACC: 0.1339156/414 [==========>...................] - ETA: 9:34 - loss: 126.7431 - ACC: 0.1342157/414 [==========>...................] - ETA: 9:31 - loss: 126.9169 - ACC: 0.1342158/414 [==========>...................] - ETA: 9:29 - loss: 127.2312 - ACC: 0.1349159/414 [==========>...................] - ETA: 9:26 - loss: 127.6988 - ACC: 0.1344160/414 [==========>...................] - ETA: 9:24 - loss: 127.5413 - ACC: 0.1344161/414 [==========>...................] - ETA: 9:22 - loss: 127.4806 - ACC: 0.1339162/414 [==========>...................] - ETA: 9:20 - loss: 127.5195 - ACC: 0.1339163/414 [==========>...................] - ETA: 9:18 - loss: 127.5298 - ACC: 0.1338164/414 [==========>...................] - ETA: 9:16 - loss: 127.3108 - ACC: 0.1345165/414 [==========>...................] - ETA: 9:14 - loss: 127.0977 - ACC: 0.1345166/414 [===========>..................] - ETA: 9:11 - loss: 126.7752 - ACC: 0.1352167/414 [===========>..................] - ETA: 9:10 - loss: 126.5360 - ACC: 0.1355168/414 [===========>..................] - ETA: 9:07 - loss: 127.0071 - ACC: 0.1350169/414 [===========>..................] - ETA: 9:06 - loss: 126.8240 - ACC: 0.1346170/414 [===========>..................] - ETA: 9:03 - loss: 126.8191 - ACC: 0.1349171/414 [===========>..................] - ETA: 9:01 - loss: 126.8887 - ACC: 0.1349172/414 [===========>..................] - ETA: 8:59 - loss: 127.9461 - ACC: 0.1344173/414 [===========>..................] - ETA: 8:57 - loss: 127.7724 - ACC: 0.1348174/414 [===========>..................] - ETA: 8:55 - loss: 127.4415 - ACC: 0.1347175/414 [===========>..................] - ETA: 8:53 - loss: 127.3081 - ACC: 0.1346176/414 [===========>..................] - ETA: 8:51 - loss: 127.1627 - ACC: 0.1342177/414 [===========>..................] - ETA: 8:49 - loss: 126.9268 - ACC: 0.1342178/414 [===========>..................] - ETA: 8:46 - loss: 126.8859 - ACC: 0.1352179/414 [===========>..................] - ETA: 8:44 - loss: 126.9187 - ACC: 0.1348180/414 [============>.................] - ETA: 8:42 - loss: 127.0387 - ACC: 0.1344181/414 [============>.................] - ETA: 8:40 - loss: 127.7159 - ACC: 0.1343182/414 [============>.................] - ETA: 8:38 - loss: 127.8202 - ACC: 0.1343183/414 [============>.................] - ETA: 8:35 - loss: 127.4411 - ACC: 0.1349184/414 [============>.................] - ETA: 8:33 - loss: 127.2758 - ACC: 0.1352185/414 [============>.................] - ETA: 8:31 - loss: 127.7852 - ACC: 0.1351186/414 [============>.................] - ETA: 8:29 - loss: 127.9275 - ACC: 0.1347187/414 [============>.................] - ETA: 8:27 - loss: 127.9390 - ACC: 0.1350188/414 [============>.................] - ETA: 8:25 - loss: 127.8580 - ACC: 0.1353189/414 [============>.................] - ETA: 8:23 - loss: 128.0648 - ACC: 0.1359190/414 [============>.................] - ETA: 8:21 - loss: 127.7498 - ACC: 0.1362191/414 [============>.................] - ETA: 8:18 - loss: 127.6629 - ACC: 0.1358192/414 [============>.................] - ETA: 8:16 - loss: 127.3547 - ACC: 0.1361193/414 [============>.................] - ETA: 8:14 - loss: 127.2695 - ACC: 0.1367194/414 [=============>................] - ETA: 8:12 - loss: 127.5156 - ACC: 0.1376195/414 [=============>................] - ETA: 8:10 - loss: 127.9774 - ACC: 0.1381196/414 [=============>................] - ETA: 8:08 - loss: 127.9654 - ACC: 0.1384197/414 [=============>................] - ETA: 8:05 - loss: 127.8914 - ACC: 0.1383198/414 [=============>................] - ETA: 8:03 - loss: 128.8238 - ACC: 0.1379199/414 [=============>................] - ETA: 8:00 - loss: 128.8631 - ACC: 0.1382200/414 [=============>................] - ETA: 7:58 - loss: 129.0604 - ACC: 0.1384201/414 [=============>................] - ETA: 7:56 - loss: 128.9748 - ACC: 0.1381202/414 [=============>................] - ETA: 7:54 - loss: 129.2694 - ACC: 0.1377203/414 [=============>................] - ETA: 7:52 - loss: 129.2834 - ACC: 0.1376204/414 [=============>................] - ETA: 7:49 - loss: 129.3988 - ACC: 0.1373205/414 [=============>................] - ETA: 7:47 - loss: 129.6064 - ACC: 0.1378206/414 [=============>................] - ETA: 7:45 - loss: 129.1482 - ACC: 0.1393207/414 [==============>...............] - ETA: 7:42 - loss: 129.1656 - ACC: 0.1395208/414 [==============>...............] - ETA: 7:40 - loss: 128.9453 - ACC: 0.1397209/414 [==============>...............] - ETA: 7:38 - loss: 128.6901 - ACC: 0.1400210/414 [==============>...............] - ETA: 7:36 - loss: 128.6530 - ACC: 0.1402211/414 [==============>...............] - ETA: 7:34 - loss: 128.5920 - ACC: 0.1398212/414 [==============>...............] - ETA: 7:31 - loss: 128.3245 - ACC: 0.1394213/414 [==============>...............] - ETA: 7:29 - loss: 128.0535 - ACC: 0.1388214/414 [==============>...............] - ETA: 7:27 - loss: 128.1980 - ACC: 0.1393215/414 [==============>...............] - ETA: 7:24 - loss: 128.0707 - ACC: 0.1395216/414 [==============>...............] - ETA: 7:22 - loss: 127.9135 - ACC: 0.1392217/414 [==============>...............] - ETA: 7:20 - loss: 127.6972 - ACC: 0.1388218/414 [==============>...............] - ETA: 7:18 - loss: 127.8167 - ACC: 0.1388219/414 [==============>...............] - ETA: 7:15 - loss: 127.7772 - ACC: 0.1384220/414 [==============>...............] - ETA: 7:13 - loss: 128.0127 - ACC: 0.1384221/414 [===============>..............] - ETA: 7:11 - loss: 128.1527 - ACC: 0.1383222/414 [===============>..............] - ETA: 7:09 - loss: 128.2752 - ACC: 0.1382223/414 [===============>..............] - ETA: 7:06 - loss: 128.0493 - ACC: 0.1385224/414 [===============>..............] - ETA: 7:05 - loss: 128.3438 - ACC: 0.1387225/414 [===============>..............] - ETA: 7:02 - loss: 128.1763 - ACC: 0.1386226/414 [===============>..............] - ETA: 7:00 - loss: 127.8826 - ACC: 0.1388227/414 [===============>..............] - ETA: 6:58 - loss: 127.6733 - ACC: 0.1393228/414 [===============>..............] - ETA: 6:55 - loss: 127.4193 - ACC: 0.1406229/414 [===============>..............] - ETA: 6:53 - loss: 127.4235 - ACC: 0.1406230/414 [===============>..............] - ETA: 6:51 - loss: 127.1423 - ACC: 0.1402231/414 [===============>..............] - ETA: 6:48 - loss: 127.0114 - ACC: 0.1396232/414 [===============>..............] - ETA: 6:46 - loss: 126.7264 - ACC: 0.1398233/414 [===============>..............] - ETA: 6:44 - loss: 126.5036 - ACC: 0.1395234/414 [===============>..............] - ETA: 6:42 - loss: 126.7900 - ACC: 0.1394235/414 [================>.............] - ETA: 6:40 - loss: 127.0043 - ACC: 0.1394236/414 [================>.............] - ETA: 6:38 - loss: 126.7888 - ACC: 0.1401237/414 [================>.............] - ETA: 6:36 - loss: 126.5940 - ACC: 0.1403238/414 [================>.............] - ETA: 6:34 - loss: 126.4447 - ACC: 0.1402239/414 [================>.............] - ETA: 6:32 - loss: 126.1446 - ACC: 0.1399240/414 [================>.............] - ETA: 6:30 - loss: 125.9204 - ACC: 0.1404241/414 [================>.............] - ETA: 6:27 - loss: 125.6712 - ACC: 0.1408242/414 [================>.............] - ETA: 6:25 - loss: 125.3933 - ACC: 0.1405243/414 [================>.............] - ETA: 6:23 - loss: 125.2019 - ACC: 0.1407244/414 [================>.............] - ETA: 6:21 - loss: 125.2785 - ACC: 0.1406245/414 [================>.............] - ETA: 6:18 - loss: 125.1452 - ACC: 0.1401246/414 [================>.............] - ETA: 6:16 - loss: 124.9452 - ACC: 0.1405247/414 [================>.............] - ETA: 6:14 - loss: 124.6904 - ACC: 0.1404248/414 [================>.............] - ETA: 6:12 - loss: 124.5214 - ACC: 0.1406249/414 [=================>............] - ETA: 6:10 - loss: 124.4553 - ACC: 0.1406250/414 [=================>............] - ETA: 6:07 - loss: 124.3371 - ACC: 0.1402251/414 [=================>............] - ETA: 6:05 - loss: 124.1138 - ACC: 0.1399252/414 [=================>............] - ETA: 6:03 - loss: 123.8227 - ACC: 0.1406253/414 [=================>............] - ETA: 6:01 - loss: 123.7257 - ACC: 0.1403254/414 [=================>............] - ETA: 5:58 - loss: 123.4925 - ACC: 0.1400255/414 [=================>............] - ETA: 5:56 - loss: 123.2865 - ACC: 0.1395256/414 [=================>............] - ETA: 5:54 - loss: 123.4864 - ACC: 0.1389257/414 [=================>............] - ETA: 5:51 - loss: 123.3187 - ACC: 0.1393258/414 [=================>............] - ETA: 5:49 - loss: 123.3347 - ACC: 0.1388259/414 [=================>............] - ETA: 5:47 - loss: 123.2528 - ACC: 0.1383260/414 [=================>............] - ETA: 5:44 - loss: 123.0866 - ACC: 0.1389261/414 [=================>............] - ETA: 5:42 - loss: 123.0310 - ACC: 0.1386262/414 [=================>............] - ETA: 5:40 - loss: 122.8134 - ACC: 0.1386263/414 [==================>...........] - ETA: 5:38 - loss: 122.7477 - ACC: 0.1381264/414 [==================>...........] - ETA: 5:36 - loss: 122.6423 - ACC: 0.1385265/414 [==================>...........] - ETA: 5:34 - loss: 122.6742 - ACC: 0.1394266/414 [==================>...........] - ETA: 5:32 - loss: 122.4755 - ACC: 0.1398267/414 [==================>...........] - ETA: 5:29 - loss: 122.2747 - ACC: 0.1397268/414 [==================>...........] - ETA: 5:27 - loss: 121.9906 - ACC: 0.1399269/414 [==================>...........] - ETA: 5:25 - loss: 121.8433 - ACC: 0.1396270/414 [==================>...........] - ETA: 5:23 - loss: 121.7122 - ACC: 0.1398271/414 [==================>...........] - ETA: 5:21 - loss: 121.6753 - ACC: 0.1409272/414 [==================>...........] - ETA: 5:19 - loss: 121.4498 - ACC: 0.1406273/414 [==================>...........] - ETA: 5:16 - loss: 121.2115 - ACC: 0.1406274/414 [==================>...........] - ETA: 5:14 - loss: 121.2033 - ACC: 0.1405275/414 [==================>...........] - ETA: 5:12 - loss: 121.1855 - ACC: 0.1409276/414 [===================>..........] - ETA: 5:09 - loss: 120.9600 - ACC: 0.1409277/414 [===================>..........] - ETA: 5:07 - loss: 120.8368 - ACC: 0.1415278/414 [===================>..........] - ETA: 5:05 - loss: 120.6473 - ACC: 0.1416279/414 [===================>..........] - ETA: 5:03 - loss: 120.7358 - ACC: 0.1418280/414 [===================>..........] - ETA: 5:01 - loss: 120.6003 - ACC: 0.1417281/414 [===================>..........] - ETA: 4:59 - loss: 120.4695 - ACC: 0.1417282/414 [===================>..........] - ETA: 4:56 - loss: 120.1348 - ACC: 0.1427283/414 [===================>..........] - ETA: 4:54 - loss: 119.9156 - ACC: 0.1429284/414 [===================>..........] - ETA: 4:52 - loss: 119.8723 - ACC: 0.1430285/414 [===================>..........] - ETA: 4:50 - loss: 119.7755 - ACC: 0.1432286/414 [===================>..........] - ETA: 4:47 - loss: 119.7970 - ACC: 0.1429287/414 [===================>..........] - ETA: 4:45 - loss: 120.1194 - ACC: 0.1431288/414 [===================>..........] - ETA: 4:43 - loss: 120.0861 - ACC: 0.1434289/414 [===================>..........] - ETA: 4:41 - loss: 120.2006 - ACC: 0.1434290/414 [====================>.........] - ETA: 4:38 - loss: 120.1316 - ACC: 0.1435291/414 [====================>.........] - ETA: 4:36 - loss: 120.3207 - ACC: 0.1433292/414 [====================>.........] - ETA: 4:34 - loss: 120.2274 - ACC: 0.1434293/414 [====================>.........] - ETA: 4:32 - loss: 120.3704 - ACC: 0.1431294/414 [====================>.........] - ETA: 4:29 - loss: 120.3505 - ACC: 0.1426295/414 [====================>.........] - ETA: 4:27 - loss: 120.2549 - ACC: 0.1430296/414 [====================>.........] - ETA: 4:25 - loss: 120.2089 - ACC: 0.1432297/414 [====================>.........] - ETA: 4:23 - loss: 120.0668 - ACC: 0.1435298/414 [====================>.........] - ETA: 4:20 - loss: 119.8750 - ACC: 0.1435299/414 [====================>.........] - ETA: 4:18 - loss: 119.8349 - ACC: 0.1440300/414 [====================>.........] - ETA: 4:16 - loss: 119.7550 - ACC: 0.1437301/414 [====================>.........] - ETA: 4:14 - loss: 119.5214 - ACC: 0.1435302/414 [====================>.........] - ETA: 4:11 - loss: 119.3149 - ACC: 0.1438303/414 [====================>.........] - ETA: 4:09 - loss: 119.1143 - ACC: 0.1440304/414 [=====================>........] - ETA: 4:07 - loss: 118.9043 - ACC: 0.1443305/414 [=====================>........] - ETA: 4:05 - loss: 118.8193 - ACC: 0.1441306/414 [=====================>........] - ETA: 4:02 - loss: 118.6086 - ACC: 0.1446307/414 [=====================>........] - ETA: 4:00 - loss: 118.5620 - ACC: 0.1447308/414 [=====================>........] - ETA: 3:58 - loss: 118.4135 - ACC: 0.1445309/414 [=====================>........] - ETA: 3:56 - loss: 118.3247 - ACC: 0.1446310/414 [=====================>........] - ETA: 3:53 - loss: 118.3105 - ACC: 0.1448311/414 [=====================>........] - ETA: 3:51 - loss: 118.0958 - ACC: 0.1457312/414 [=====================>........] - ETA: 3:49 - loss: 117.9421 - ACC: 0.1456313/414 [=====================>........] - ETA: 3:47 - loss: 118.0284 - ACC: 0.1456314/414 [=====================>........] - ETA: 3:44 - loss: 117.7966 - ACC: 0.1459315/414 [=====================>........] - ETA: 3:42 - loss: 117.8575 - ACC: 0.1464316/414 [=====================>........] - ETA: 3:40 - loss: 117.7796 - ACC: 0.1462317/414 [=====================>........] - ETA: 3:37 - loss: 117.7612 - ACC: 0.1465318/414 [======================>.......] - ETA: 3:35 - loss: 117.7869 - ACC: 0.1464319/414 [======================>.......] - ETA: 3:33 - loss: 117.6716 - ACC: 0.1464320/414 [======================>.......] - ETA: 3:31 - loss: 117.7269 - ACC: 0.1465321/414 [======================>.......] - ETA: 3:29 - loss: 117.6288 - ACC: 0.1462322/414 [======================>.......] - ETA: 3:26 - loss: 117.5279 - ACC: 0.1462323/414 [======================>.......] - ETA: 3:24 - loss: 117.3517 - ACC: 0.1463324/414 [======================>.......] - ETA: 3:22 - loss: 117.2473 - ACC: 0.1462325/414 [======================>.......] - ETA: 3:20 - loss: 117.6106 - ACC: 0.1460326/414 [======================>.......] - ETA: 3:17 - loss: 117.4350 - ACC: 0.1457327/414 [======================>.......] - ETA: 3:15 - loss: 117.2268 - ACC: 0.1462328/414 [======================>.......] - ETA: 3:13 - loss: 117.1395 - ACC: 0.1462329/414 [======================>.......] - ETA: 3:11 - loss: 117.0502 - ACC: 0.1463330/414 [======================>.......] - ETA: 3:08 - loss: 116.8684 - ACC: 0.1470331/414 [======================>.......] - ETA: 3:06 - loss: 116.8485 - ACC: 0.1469332/414 [=======================>......] - ETA: 3:04 - loss: 116.7883 - ACC: 0.1468333/414 [=======================>......] - ETA: 3:02 - loss: 116.7414 - ACC: 0.1464334/414 [=======================>......] - ETA: 2:59 - loss: 116.6279 - ACC: 0.1469335/414 [=======================>......] - ETA: 2:57 - loss: 116.6720 - ACC: 0.1470336/414 [=======================>......] - ETA: 2:55 - loss: 116.6146 - ACC: 0.1469337/414 [=======================>......] - ETA: 2:53 - loss: 116.5664 - ACC: 0.1471338/414 [=======================>......] - ETA: 2:50 - loss: 116.3293 - ACC: 0.1474339/414 [=======================>......] - ETA: 2:48 - loss: 116.1352 - ACC: 0.1473340/414 [=======================>......] - ETA: 2:46 - loss: 115.9896 - ACC: 0.1478341/414 [=======================>......] - ETA: 2:44 - loss: 116.0207 - ACC: 0.1475342/414 [=======================>......] - ETA: 2:41 - loss: 115.9115 - ACC: 0.1473343/414 [=======================>......] - ETA: 2:39 - loss: 115.7778 - ACC: 0.1470344/414 [=======================>......] - ETA: 2:37 - loss: 115.5982 - ACC: 0.1468345/414 [========================>.....] - ETA: 2:35 - loss: 115.4288 - ACC: 0.1473346/414 [========================>.....] - ETA: 2:32 - loss: 115.4070 - ACC: 0.1472347/414 [========================>.....] - ETA: 2:30 - loss: 115.2674 - ACC: 0.1472348/414 [========================>.....] - ETA: 2:28 - loss: 115.2178 - ACC: 0.1473349/414 [========================>.....] - ETA: 2:25 - loss: 115.1709 - ACC: 0.1476350/414 [========================>.....] - ETA: 2:23 - loss: 115.1035 - ACC: 0.1477351/414 [========================>.....] - ETA: 2:21 - loss: 115.2233 - ACC: 0.1480352/414 [========================>.....] - ETA: 2:19 - loss: 115.2285 - ACC: 0.1481353/414 [========================>.....] - ETA: 2:17 - loss: 115.0967 - ACC: 0.1482354/414 [========================>.....] - ETA: 2:14 - loss: 115.0199 - ACC: 0.1480355/414 [========================>.....] - ETA: 2:12 - loss: 114.8232 - ACC: 0.1477356/414 [========================>.....] - ETA: 2:10 - loss: 114.6268 - ACC: 0.1482357/414 [========================>.....] - ETA: 2:07 - loss: 114.4718 - ACC: 0.1481358/414 [========================>.....] - ETA: 2:05 - loss: 114.3013 - ACC: 0.1482359/414 [=========================>....] - ETA: 2:03 - loss: 114.1730 - ACC: 0.1482360/414 [=========================>....] - ETA: 2:01 - loss: 113.9751 - ACC: 0.1483361/414 [=========================>....] - ETA: 1:58 - loss: 113.8620 - ACC: 0.1482362/414 [=========================>....] - ETA: 1:56 - loss: 113.7063 - ACC: 0.1481363/414 [=========================>....] - ETA: 1:54 - loss: 113.5680 - ACC: 0.1484364/414 [=========================>....] - ETA: 1:52 - loss: 113.5288 - ACC: 0.1484365/414 [=========================>....] - ETA: 1:49 - loss: 113.3521 - ACC: 0.1485366/414 [=========================>....] - ETA: 1:47 - loss: 113.2564 - ACC: 0.1482367/414 [=========================>....] - ETA: 1:45 - loss: 113.2809 - ACC: 0.1483368/414 [=========================>....] - ETA: 1:43 - loss: 113.4271 - ACC: 0.1484369/414 [=========================>....] - ETA: 1:40 - loss: 113.3442 - ACC: 0.1484370/414 [=========================>....] - ETA: 1:38 - loss: 113.2154 - ACC: 0.1481371/414 [=========================>....] - ETA: 1:36 - loss: 113.0875 - ACC: 0.1479372/414 [=========================>....] - ETA: 1:34 - loss: 112.9755 - ACC: 0.1484373/414 [==========================>...] - ETA: 1:31 - loss: 112.9397 - ACC: 0.1483374/414 [==========================>...] - ETA: 1:29 - loss: 112.8227 - ACC: 0.1487375/414 [==========================>...] - ETA: 1:27 - loss: 112.7450 - ACC: 0.1487376/414 [==========================>...] - ETA: 1:25 - loss: 112.6697 - ACC: 0.1486377/414 [==========================>...] - ETA: 1:23 - loss: 113.0410 - ACC: 0.1482378/414 [==========================>...] - ETA: 1:20 - loss: 113.0072 - ACC: 0.1481379/414 [==========================>...] - ETA: 1:18 - loss: 112.8199 - ACC: 0.1484380/414 [==========================>...] - ETA: 1:16 - loss: 112.7407 - ACC: 0.1487381/414 [==========================>...] - ETA: 1:14 - loss: 112.8737 - ACC: 0.1485382/414 [==========================>...] - ETA: 1:11 - loss: 112.9505 - ACC: 0.1481383/414 [==========================>...] - ETA: 1:09 - loss: 112.9902 - ACC: 0.1482384/414 [==========================>...] - ETA: 1:07 - loss: 112.9565 - ACC: 0.1484385/414 [==========================>...] - ETA: 1:05 - loss: 112.8926 - ACC: 0.1485386/414 [==========================>...] - ETA: 1:02 - loss: 112.7497 - ACC: 0.1488387/414 [===========================>..] - ETA: 1:00 - loss: 112.6325 - ACC: 0.1487388/414 [===========================>..] - ETA: 58s - loss: 112.5622 - ACC: 0.1488 389/414 [===========================>..] - ETA: 56s - loss: 112.8382 - ACC: 0.1488390/414 [===========================>..] - ETA: 53s - loss: 112.8297 - ACC: 0.1489391/414 [===========================>..] - ETA: 51s - loss: 112.7476 - ACC: 0.1488392/414 [===========================>..] - ETA: 49s - loss: 112.6616 - ACC: 0.1488393/414 [===========================>..] - ETA: 47s - loss: 112.7700 - ACC: 0.1489394/414 [===========================>..] - ETA: 44s - loss: 113.0056 - ACC: 0.1486395/414 [===========================>..] - ETA: 42s - loss: 113.1220 - ACC: 0.1487396/414 [===========================>..] - ETA: 40s - loss: 113.6719 - ACC: 0.1490397/414 [===========================>..] - ETA: 38s - loss: 113.9687 - ACC: 0.1491398/414 [===========================>..] - ETA: 35s - loss: 114.0703 - ACC: 0.1489399/414 [===========================>..] - ETA: 33s - loss: 114.0535 - ACC: 0.1487400/414 [===========================>..] - ETA: 31s - loss: 113.9987 - ACC: 0.1486401/414 [============================>.] - ETA: 29s - loss: 114.0074 - ACC: 0.1487402/414 [============================>.] - ETA: 26s - loss: 113.9202 - ACC: 0.1483403/414 [============================>.] - ETA: 24s - loss: 113.8886 - ACC: 0.1484404/414 [============================>.] - ETA: 22s - loss: 113.7378 - ACC: 0.1482405/414 [============================>.] - ETA: 20s - loss: 113.7328 - ACC: 0.1478406/414 [============================>.] - ETA: 17s - loss: 113.8406 - ACC: 0.1476407/414 [============================>.] - ETA: 15s - loss: 113.7814 - ACC: 0.1477408/414 [============================>.] - ETA: 13s - loss: 113.7657 - ACC: 0.1478409/414 [============================>.] - ETA: 11s - loss: 113.6642 - ACC: 0.1475410/414 [============================>.] - ETA: 8s - loss: 113.8088 - ACC: 0.1474 411/414 [============================>.] - ETA: 6s - loss: 113.6940 - ACC: 0.1470412/414 [============================>.] - ETA: 4s - loss: 113.4839 - ACC: 0.1476413/414 [============================>.] - ETA: 2s - loss: 113.6088 - ACC: 0.1474414/414 [==============================] - ETA: 0s - loss: 113.4863 - ACC: 0.1475414/414 [==============================] - 1154s 3s/step - loss: 113.4863 - ACC: 0.1475 - val_loss: 268.5764 - val_ACC: 0.1017
Epoch 6/30
  1/414 [..............................] - ETA: 0s - loss: 98.9032 - ACC: 0.1875  2/414 [..............................] - ETA: 7:31 - loss: 78.7844 - ACC: 0.1562  3/414 [..............................] - ETA: 9:53 - loss: 76.1122 - ACC: 0.2292  4/414 [..............................] - ETA: 11:08 - loss: 87.3578 - ACC: 0.2031  5/414 [..............................] - ETA: 12:03 - loss: 110.4616 - ACC: 0.1750  6/414 [..............................] - ETA: 12:46 - loss: 116.6444 - ACC: 0.1667  7/414 [..............................] - ETA: 12:57 - loss: 116.6897 - ACC: 0.1696  8/414 [..............................] - ETA: 13:11 - loss: 105.8466 - ACC: 0.1719  9/414 [..............................] - ETA: 13:17 - loss: 109.3403 - ACC: 0.1806 10/414 [..............................] - ETA: 13:21 - loss: 123.5380 - ACC: 0.1750 11/414 [..............................] - ETA: 13:25 - loss: 122.8680 - ACC: 0.1989 12/414 [..............................] - ETA: 13:29 - loss: 136.3990 - ACC: 0.1875 13/414 [..............................] - ETA: 13:27 - loss: 152.4972 - ACC: 0.1827 14/414 [>.............................] - ETA: 13:32 - loss: 146.1230 - ACC: 0.1786 15/414 [>.............................] - ETA: 13:34 - loss: 145.5159 - ACC: 0.1750 16/414 [>.............................] - ETA: 13:41 - loss: 151.7946 - ACC: 0.1758 17/414 [>.............................] - ETA: 13:41 - loss: 158.7731 - ACC: 0.1691 18/414 [>.............................] - ETA: 13:42 - loss: 159.0472 - ACC: 0.1701 19/414 [>.............................] - ETA: 13:45 - loss: 157.4179 - ACC: 0.1678 20/414 [>.............................] - ETA: 13:46 - loss: 153.8022 - ACC: 0.1688 21/414 [>.............................] - ETA: 13:42 - loss: 151.5007 - ACC: 0.1667 22/414 [>.............................] - ETA: 13:40 - loss: 149.6187 - ACC: 0.1648 23/414 [>.............................] - ETA: 13:38 - loss: 148.7539 - ACC: 0.1603 24/414 [>.............................] - ETA: 13:38 - loss: 152.5565 - ACC: 0.1536 25/414 [>.............................] - ETA: 13:37 - loss: 155.6681 - ACC: 0.1500 26/414 [>.............................] - ETA: 13:39 - loss: 154.4471 - ACC: 0.1490 27/414 [>.............................] - ETA: 13:37 - loss: 151.5954 - ACC: 0.1551 28/414 [=>............................] - ETA: 13:32 - loss: 150.6627 - ACC: 0.1562 29/414 [=>............................] - ETA: 13:30 - loss: 147.5854 - ACC: 0.1638 30/414 [=>............................] - ETA: 13:30 - loss: 148.3140 - ACC: 0.1604 31/414 [=>............................] - ETA: 13:28 - loss: 146.7029 - ACC: 0.1613 32/414 [=>............................] - ETA: 13:24 - loss: 146.7300 - ACC: 0.1582 33/414 [=>............................] - ETA: 13:27 - loss: 146.9049 - ACC: 0.1572 34/414 [=>............................] - ETA: 13:29 - loss: 145.2675 - ACC: 0.1544 35/414 [=>............................] - ETA: 13:30 - loss: 147.0282 - ACC: 0.1518 36/414 [=>............................] - ETA: 13:28 - loss: 144.7971 - ACC: 0.1510 37/414 [=>............................] - ETA: 13:26 - loss: 143.6311 - ACC: 0.1470 38/414 [=>............................] - ETA: 13:26 - loss: 141.8652 - ACC: 0.1480 39/414 [=>............................] - ETA: 13:25 - loss: 141.1561 - ACC: 0.1474 40/414 [=>............................] - ETA: 13:24 - loss: 140.6845 - ACC: 0.1484 41/414 [=>............................] - ETA: 13:20 - loss: 139.7388 - ACC: 0.1463 42/414 [==>...........................] - ETA: 13:23 - loss: 140.3468 - ACC: 0.1458 43/414 [==>...........................] - ETA: 13:22 - loss: 138.9650 - ACC: 0.1439 44/414 [==>...........................] - ETA: 13:21 - loss: 139.6859 - ACC: 0.1435 45/414 [==>...........................] - ETA: 13:23 - loss: 140.0841 - ACC: 0.1431 46/414 [==>...........................] - ETA: 13:20 - loss: 138.8650 - ACC: 0.1440 47/414 [==>...........................] - ETA: 13:22 - loss: 138.7618 - ACC: 0.1423 48/414 [==>...........................] - ETA: 13:18 - loss: 136.9134 - ACC: 0.1432 49/414 [==>...........................] - ETA: 13:16 - loss: 135.7823 - ACC: 0.1441 50/414 [==>...........................] - ETA: 13:11 - loss: 134.0085 - ACC: 0.1475 51/414 [==>...........................] - ETA: 13:12 - loss: 132.9368 - ACC: 0.1495 52/414 [==>...........................] - ETA: 13:13 - loss: 131.6804 - ACC: 0.1478 53/414 [==>...........................] - ETA: 13:11 - loss: 131.0897 - ACC: 0.1462 54/414 [==>...........................] - ETA: 13:09 - loss: 130.9437 - ACC: 0.1447 55/414 [==>...........................] - ETA: 13:08 - loss: 130.9345 - ACC: 0.1420 56/414 [===>..........................] - ETA: 13:05 - loss: 129.7791 - ACC: 0.1417 57/414 [===>..........................] - ETA: 13:04 - loss: 129.1554 - ACC: 0.1447 58/414 [===>..........................] - ETA: 13:05 - loss: 128.7793 - ACC: 0.1422 59/414 [===>..........................] - ETA: 13:02 - loss: 129.8961 - ACC: 0.1451 60/414 [===>..........................] - ETA: 12:58 - loss: 129.7754 - ACC: 0.1448 61/414 [===>..........................] - ETA: 12:56 - loss: 129.4946 - ACC: 0.1424 62/414 [===>..........................] - ETA: 12:53 - loss: 130.9498 - ACC: 0.1411 63/414 [===>..........................] - ETA: 12:49 - loss: 130.1591 - ACC: 0.1419 64/414 [===>..........................] - ETA: 12:47 - loss: 129.4741 - ACC: 0.1396 65/414 [===>..........................] - ETA: 12:44 - loss: 128.1387 - ACC: 0.1394 66/414 [===>..........................] - ETA: 12:41 - loss: 128.3256 - ACC: 0.1392 67/414 [===>..........................] - ETA: 12:41 - loss: 127.4699 - ACC: 0.1399 68/414 [===>..........................] - ETA: 12:40 - loss: 127.0307 - ACC: 0.1397 69/414 [====>.........................] - ETA: 12:38 - loss: 125.9101 - ACC: 0.1395 70/414 [====>.........................] - ETA: 12:39 - loss: 124.6310 - ACC: 0.1402 71/414 [====>.........................] - ETA: 12:39 - loss: 127.2405 - ACC: 0.1400 72/414 [====>.........................] - ETA: 12:37 - loss: 126.7177 - ACC: 0.1398 73/414 [====>.........................] - ETA: 12:37 - loss: 126.6350 - ACC: 0.1378 74/414 [====>.........................] - ETA: 12:34 - loss: 126.5303 - ACC: 0.1394 75/414 [====>.........................] - ETA: 12:31 - loss: 126.2624 - ACC: 0.1400 76/414 [====>.........................] - ETA: 12:28 - loss: 125.7872 - ACC: 0.1431 77/414 [====>.........................] - ETA: 12:28 - loss: 125.2649 - ACC: 0.1437 78/414 [====>.........................] - ETA: 12:25 - loss: 125.0162 - ACC: 0.1434 79/414 [====>.........................] - ETA: 12:24 - loss: 124.3190 - ACC: 0.1416 80/414 [====>.........................] - ETA: 12:21 - loss: 123.7134 - ACC: 0.1406 81/414 [====>.........................] - ETA: 12:19 - loss: 123.2690 - ACC: 0.1389 82/414 [====>.........................] - ETA: 12:17 - loss: 123.1729 - ACC: 0.1372 83/414 [=====>........................] - ETA: 12:15 - loss: 123.5248 - ACC: 0.1355 84/414 [=====>........................] - ETA: 12:12 - loss: 123.5062 - ACC: 0.1369 85/414 [=====>........................] - ETA: 12:09 - loss: 122.7177 - ACC: 0.1375 86/414 [=====>........................] - ETA: 12:08 - loss: 122.4000 - ACC: 0.1374 87/414 [=====>........................] - ETA: 12:05 - loss: 121.5604 - ACC: 0.1386 88/414 [=====>........................] - ETA: 12:03 - loss: 120.7323 - ACC: 0.1392 89/414 [=====>........................] - ETA: 12:01 - loss: 120.4571 - ACC: 0.1390 90/414 [=====>........................] - ETA: 12:00 - loss: 121.3477 - ACC: 0.1403 91/414 [=====>........................] - ETA: 11:58 - loss: 121.1261 - ACC: 0.1387 92/414 [=====>........................] - ETA: 11:54 - loss: 120.7557 - ACC: 0.1386 93/414 [=====>........................] - ETA: 11:53 - loss: 121.0309 - ACC: 0.1391 94/414 [=====>........................] - ETA: 11:50 - loss: 121.1793 - ACC: 0.1396 95/414 [=====>........................] - ETA: 11:48 - loss: 121.1278 - ACC: 0.1401 96/414 [=====>........................] - ETA: 11:45 - loss: 122.1901 - ACC: 0.1393 97/414 [======>.......................] - ETA: 11:44 - loss: 122.7982 - ACC: 0.1398 98/414 [======>.......................] - ETA: 11:42 - loss: 122.3504 - ACC: 0.1409 99/414 [======>.......................] - ETA: 11:39 - loss: 122.0544 - ACC: 0.1402100/414 [======>.......................] - ETA: 11:37 - loss: 121.9277 - ACC: 0.1400101/414 [======>.......................] - ETA: 11:35 - loss: 121.7196 - ACC: 0.1399102/414 [======>.......................] - ETA: 11:34 - loss: 121.5364 - ACC: 0.1397103/414 [======>.......................] - ETA: 11:31 - loss: 121.3346 - ACC: 0.1396104/414 [======>.......................] - ETA: 11:30 - loss: 120.7626 - ACC: 0.1418105/414 [======>.......................] - ETA: 11:28 - loss: 120.3227 - ACC: 0.1417106/414 [======>.......................] - ETA: 11:25 - loss: 120.0594 - ACC: 0.1409107/414 [======>.......................] - ETA: 11:24 - loss: 120.0561 - ACC: 0.1414108/414 [======>.......................] - ETA: 11:22 - loss: 119.7612 - ACC: 0.1406109/414 [======>.......................] - ETA: 11:20 - loss: 120.0743 - ACC: 0.1405110/414 [======>.......................] - ETA: 11:17 - loss: 119.4406 - ACC: 0.1403111/414 [=======>......................] - ETA: 11:15 - loss: 119.8281 - ACC: 0.1396112/414 [=======>......................] - ETA: 11:13 - loss: 119.4630 - ACC: 0.1395113/414 [=======>......................] - ETA: 11:11 - loss: 119.0596 - ACC: 0.1388114/414 [=======>......................] - ETA: 11:09 - loss: 118.5632 - ACC: 0.1393115/414 [=======>......................] - ETA: 11:07 - loss: 118.3356 - ACC: 0.1402116/414 [=======>......................] - ETA: 11:05 - loss: 118.6199 - ACC: 0.1395117/414 [=======>......................] - ETA: 11:03 - loss: 118.2068 - ACC: 0.1389118/414 [=======>......................] - ETA: 11:01 - loss: 118.4314 - ACC: 0.1388119/414 [=======>......................] - ETA: 10:58 - loss: 118.4945 - ACC: 0.1376120/414 [=======>......................] - ETA: 10:56 - loss: 118.9091 - ACC: 0.1380121/414 [=======>......................] - ETA: 10:53 - loss: 118.5452 - ACC: 0.1379122/414 [=======>......................] - ETA: 10:50 - loss: 118.2596 - ACC: 0.1378123/414 [=======>......................] - ETA: 10:47 - loss: 117.9596 - ACC: 0.1382124/414 [=======>......................] - ETA: 10:45 - loss: 118.3718 - ACC: 0.1396125/414 [========>.....................] - ETA: 10:43 - loss: 118.4352 - ACC: 0.1390126/414 [========>.....................] - ETA: 10:40 - loss: 118.2291 - ACC: 0.1399127/414 [========>.....................] - ETA: 10:38 - loss: 118.0115 - ACC: 0.1398128/414 [========>.....................] - ETA: 10:36 - loss: 118.0447 - ACC: 0.1392129/414 [========>.....................] - ETA: 10:35 - loss: 118.5694 - ACC: 0.1386130/414 [========>.....................] - ETA: 10:33 - loss: 118.3102 - ACC: 0.1394131/414 [========>.....................] - ETA: 10:30 - loss: 118.1260 - ACC: 0.1403132/414 [========>.....................] - ETA: 10:28 - loss: 117.4814 - ACC: 0.1402133/414 [========>.....................] - ETA: 10:26 - loss: 117.9126 - ACC: 0.1410134/414 [========>.....................] - ETA: 10:24 - loss: 118.2237 - ACC: 0.1399135/414 [========>.....................] - ETA: 10:22 - loss: 118.0532 - ACC: 0.1398136/414 [========>.....................] - ETA: 10:19 - loss: 117.9206 - ACC: 0.1402137/414 [========>.....................] - ETA: 10:17 - loss: 118.0515 - ACC: 0.1401138/414 [=========>....................] - ETA: 10:16 - loss: 117.8877 - ACC: 0.1418139/414 [=========>....................] - ETA: 10:14 - loss: 117.5542 - ACC: 0.1434140/414 [=========>....................] - ETA: 10:12 - loss: 117.6108 - ACC: 0.1437141/414 [=========>....................] - ETA: 10:10 - loss: 117.3195 - ACC: 0.1436142/414 [=========>....................] - ETA: 10:07 - loss: 117.0624 - ACC: 0.1444143/414 [=========>....................] - ETA: 10:05 - loss: 116.5150 - ACC: 0.1460144/414 [=========>....................] - ETA: 10:03 - loss: 116.4051 - ACC: 0.1463145/414 [=========>....................] - ETA: 10:01 - loss: 116.7955 - ACC: 0.1457146/414 [=========>....................] - ETA: 10:00 - loss: 117.2252 - ACC: 0.1455147/414 [=========>....................] - ETA: 9:57 - loss: 117.0422 - ACC: 0.1454 148/414 [=========>....................] - ETA: 9:54 - loss: 116.5848 - ACC: 0.1457149/414 [=========>....................] - ETA: 9:52 - loss: 116.3738 - ACC: 0.1464150/414 [=========>....................] - ETA: 9:50 - loss: 116.2113 - ACC: 0.1471151/414 [=========>....................] - ETA: 9:47 - loss: 116.0116 - ACC: 0.1478152/414 [==========>...................] - ETA: 9:45 - loss: 115.7673 - ACC: 0.1480153/414 [==========>...................] - ETA: 9:43 - loss: 115.3104 - ACC: 0.1479154/414 [==========>...................] - ETA: 9:41 - loss: 116.0515 - ACC: 0.1473155/414 [==========>...................] - ETA: 9:38 - loss: 116.1482 - ACC: 0.1464156/414 [==========>...................] - ETA: 9:36 - loss: 116.2245 - ACC: 0.1470157/414 [==========>...................] - ETA: 9:34 - loss: 116.4248 - ACC: 0.1465158/414 [==========>...................] - ETA: 9:31 - loss: 116.6974 - ACC: 0.1468159/414 [==========>...................] - ETA: 9:29 - loss: 117.2326 - ACC: 0.1474160/414 [==========>...................] - ETA: 9:26 - loss: 117.2216 - ACC: 0.1473161/414 [==========>...................] - ETA: 9:24 - loss: 117.6832 - ACC: 0.1475162/414 [==========>...................] - ETA: 9:22 - loss: 117.6116 - ACC: 0.1474163/414 [==========>...................] - ETA: 9:20 - loss: 117.7243 - ACC: 0.1465164/414 [==========>...................] - ETA: 9:18 - loss: 117.9025 - ACC: 0.1460165/414 [==========>...................] - ETA: 9:16 - loss: 118.3811 - ACC: 0.1458166/414 [===========>..................] - ETA: 9:13 - loss: 118.2577 - ACC: 0.1465167/414 [===========>..................] - ETA: 9:12 - loss: 117.8129 - ACC: 0.1475168/414 [===========>..................] - ETA: 9:10 - loss: 118.2214 - ACC: 0.1466169/414 [===========>..................] - ETA: 9:08 - loss: 118.1890 - ACC: 0.1464170/414 [===========>..................] - ETA: 9:05 - loss: 118.2162 - ACC: 0.1467171/414 [===========>..................] - ETA: 9:03 - loss: 118.2308 - ACC: 0.1466172/414 [===========>..................] - ETA: 9:01 - loss: 119.3889 - ACC: 0.1457173/414 [===========>..................] - ETA: 8:59 - loss: 119.4293 - ACC: 0.1452174/414 [===========>..................] - ETA: 8:57 - loss: 119.3329 - ACC: 0.1451175/414 [===========>..................] - ETA: 8:55 - loss: 118.9750 - ACC: 0.1457176/414 [===========>..................] - ETA: 8:53 - loss: 118.7426 - ACC: 0.1460177/414 [===========>..................] - ETA: 8:51 - loss: 118.4300 - ACC: 0.1458178/414 [===========>..................] - ETA: 8:49 - loss: 118.4996 - ACC: 0.1461179/414 [===========>..................] - ETA: 8:47 - loss: 118.7785 - ACC: 0.1453180/414 [============>.................] - ETA: 8:44 - loss: 119.1097 - ACC: 0.1451181/414 [============>.................] - ETA: 8:42 - loss: 119.7295 - ACC: 0.1447182/414 [============>.................] - ETA: 8:40 - loss: 119.5250 - ACC: 0.1446183/414 [============>.................] - ETA: 8:38 - loss: 119.1106 - ACC: 0.1452184/414 [============>.................] - ETA: 8:36 - loss: 118.9819 - ACC: 0.1454185/414 [============>.................] - ETA: 8:34 - loss: 119.5971 - ACC: 0.1453186/414 [============>.................] - ETA: 8:31 - loss: 119.9176 - ACC: 0.1448187/414 [============>.................] - ETA: 8:29 - loss: 119.7899 - ACC: 0.1454188/414 [============>.................] - ETA: 8:27 - loss: 119.9318 - ACC: 0.1456189/414 [============>.................] - ETA: 8:25 - loss: 120.0463 - ACC: 0.1455190/414 [============>.................] - ETA: 8:23 - loss: 119.8624 - ACC: 0.1454191/414 [============>.................] - ETA: 8:21 - loss: 119.6821 - ACC: 0.1456192/414 [============>.................] - ETA: 8:18 - loss: 119.3172 - ACC: 0.1462193/414 [============>.................] - ETA: 8:17 - loss: 119.5158 - ACC: 0.1457194/414 [=============>................] - ETA: 8:15 - loss: 119.6802 - ACC: 0.1456195/414 [=============>................] - ETA: 8:12 - loss: 119.7152 - ACC: 0.1465196/414 [=============>................] - ETA: 8:10 - loss: 119.9920 - ACC: 0.1460197/414 [=============>................] - ETA: 8:08 - loss: 119.6476 - ACC: 0.1472198/414 [=============>................] - ETA: 8:05 - loss: 119.8873 - ACC: 0.1471199/414 [=============>................] - ETA: 8:03 - loss: 119.7018 - ACC: 0.1473200/414 [=============>................] - ETA: 8:01 - loss: 119.6120 - ACC: 0.1478201/414 [=============>................] - ETA: 7:58 - loss: 119.4574 - ACC: 0.1477202/414 [=============>................] - ETA: 7:57 - loss: 119.6782 - ACC: 0.1473203/414 [=============>................] - ETA: 7:54 - loss: 119.7519 - ACC: 0.1469204/414 [=============>................] - ETA: 7:52 - loss: 119.8797 - ACC: 0.1471205/414 [=============>................] - ETA: 7:49 - loss: 119.8031 - ACC: 0.1470206/414 [=============>................] - ETA: 7:47 - loss: 119.3767 - ACC: 0.1481207/414 [==============>...............] - ETA: 7:45 - loss: 119.0715 - ACC: 0.1482208/414 [==============>...............] - ETA: 7:42 - loss: 119.0285 - ACC: 0.1484209/414 [==============>...............] - ETA: 7:40 - loss: 119.0953 - ACC: 0.1480210/414 [==============>...............] - ETA: 7:38 - loss: 119.0065 - ACC: 0.1491211/414 [==============>...............] - ETA: 7:36 - loss: 119.0485 - ACC: 0.1487212/414 [==============>...............] - ETA: 7:33 - loss: 118.7961 - ACC: 0.1486213/414 [==============>...............] - ETA: 7:31 - loss: 118.6477 - ACC: 0.1485214/414 [==============>...............] - ETA: 7:29 - loss: 118.9634 - ACC: 0.1484215/414 [==============>...............] - ETA: 7:26 - loss: 118.9426 - ACC: 0.1477216/414 [==============>...............] - ETA: 7:24 - loss: 118.8326 - ACC: 0.1479217/414 [==============>...............] - ETA: 7:22 - loss: 118.7814 - ACC: 0.1483218/414 [==============>...............] - ETA: 7:20 - loss: 118.7375 - ACC: 0.1479219/414 [==============>...............] - ETA: 7:17 - loss: 118.8855 - ACC: 0.1475220/414 [==============>...............] - ETA: 7:15 - loss: 118.8693 - ACC: 0.1472221/414 [===============>..............] - ETA: 7:13 - loss: 118.8843 - ACC: 0.1476222/414 [===============>..............] - ETA: 7:11 - loss: 118.9103 - ACC: 0.1475223/414 [===============>..............] - ETA: 7:08 - loss: 118.8344 - ACC: 0.1480224/414 [===============>..............] - ETA: 7:07 - loss: 119.1449 - ACC: 0.1479225/414 [===============>..............] - ETA: 7:04 - loss: 118.9020 - ACC: 0.1475226/414 [===============>..............] - ETA: 7:02 - loss: 118.6334 - ACC: 0.1482227/414 [===============>..............] - ETA: 7:00 - loss: 118.5538 - ACC: 0.1476228/414 [===============>..............] - ETA: 6:57 - loss: 118.3208 - ACC: 0.1480229/414 [===============>..............] - ETA: 6:55 - loss: 118.3667 - ACC: 0.1477230/414 [===============>..............] - ETA: 6:53 - loss: 118.2239 - ACC: 0.1484231/414 [===============>..............] - ETA: 6:50 - loss: 118.0679 - ACC: 0.1488232/414 [===============>..............] - ETA: 6:48 - loss: 117.7873 - ACC: 0.1487233/414 [===============>..............] - ETA: 6:46 - loss: 117.7320 - ACC: 0.1483234/414 [===============>..............] - ETA: 6:44 - loss: 118.1083 - ACC: 0.1482235/414 [================>.............] - ETA: 6:42 - loss: 118.0956 - ACC: 0.1484236/414 [================>.............] - ETA: 6:40 - loss: 118.0202 - ACC: 0.1480237/414 [================>.............] - ETA: 6:37 - loss: 117.9531 - ACC: 0.1479238/414 [================>.............] - ETA: 6:35 - loss: 117.9326 - ACC: 0.1481239/414 [================>.............] - ETA: 6:33 - loss: 117.7247 - ACC: 0.1478240/414 [================>.............] - ETA: 6:31 - loss: 117.5240 - ACC: 0.1487241/414 [================>.............] - ETA: 6:28 - loss: 117.2574 - ACC: 0.1486242/414 [================>.............] - ETA: 6:26 - loss: 116.9014 - ACC: 0.1495243/414 [================>.............] - ETA: 6:24 - loss: 116.6786 - ACC: 0.1497244/414 [================>.............] - ETA: 6:22 - loss: 116.8112 - ACC: 0.1493245/414 [================>.............] - ETA: 6:20 - loss: 116.6299 - ACC: 0.1500246/414 [================>.............] - ETA: 6:17 - loss: 116.3716 - ACC: 0.1504247/414 [================>.............] - ETA: 6:15 - loss: 116.0451 - ACC: 0.1501248/414 [================>.............] - ETA: 6:13 - loss: 115.8221 - ACC: 0.1497249/414 [=================>............] - ETA: 6:11 - loss: 115.6889 - ACC: 0.1501250/414 [=================>............] - ETA: 6:08 - loss: 115.5216 - ACC: 0.1507251/414 [=================>............] - ETA: 6:06 - loss: 115.2135 - ACC: 0.1509252/414 [=================>............] - ETA: 6:04 - loss: 115.0010 - ACC: 0.1508253/414 [=================>............] - ETA: 6:02 - loss: 115.0696 - ACC: 0.1509254/414 [=================>............] - ETA: 5:59 - loss: 114.8666 - ACC: 0.1518255/414 [=================>............] - ETA: 5:57 - loss: 114.7048 - ACC: 0.1517256/414 [=================>............] - ETA: 5:55 - loss: 114.9219 - ACC: 0.1519257/414 [=================>............] - ETA: 5:53 - loss: 114.8376 - ACC: 0.1522258/414 [=================>............] - ETA: 5:50 - loss: 114.7686 - ACC: 0.1521259/414 [=================>............] - ETA: 5:48 - loss: 114.7838 - ACC: 0.1523260/414 [=================>............] - ETA: 5:45 - loss: 114.8516 - ACC: 0.1526261/414 [=================>............] - ETA: 5:43 - loss: 114.7968 - ACC: 0.1523262/414 [=================>............] - ETA: 5:41 - loss: 114.5543 - ACC: 0.1524263/414 [==================>...........] - ETA: 5:39 - loss: 114.6188 - ACC: 0.1528264/414 [==================>...........] - ETA: 5:37 - loss: 114.4869 - ACC: 0.1529265/414 [==================>...........] - ETA: 5:36 - loss: 114.6395 - ACC: 0.1533266/414 [==================>...........] - ETA: 5:33 - loss: 114.3926 - ACC: 0.1541267/414 [==================>...........] - ETA: 5:31 - loss: 114.2179 - ACC: 0.1543268/414 [==================>...........] - ETA: 5:29 - loss: 114.1490 - ACC: 0.1542269/414 [==================>...........] - ETA: 5:27 - loss: 114.0240 - ACC: 0.1540270/414 [==================>...........] - ETA: 5:25 - loss: 114.1123 - ACC: 0.1537271/414 [==================>...........] - ETA: 5:23 - loss: 114.1705 - ACC: 0.1534272/414 [==================>...........] - ETA: 5:20 - loss: 113.9265 - ACC: 0.1542273/414 [==================>...........] - ETA: 5:18 - loss: 113.7361 - ACC: 0.1548274/414 [==================>...........] - ETA: 5:16 - loss: 113.7952 - ACC: 0.1547275/414 [==================>...........] - ETA: 5:13 - loss: 113.8444 - ACC: 0.1545276/414 [===================>..........] - ETA: 5:11 - loss: 113.6807 - ACC: 0.1540277/414 [===================>..........] - ETA: 5:09 - loss: 113.5785 - ACC: 0.1543278/414 [===================>..........] - ETA: 5:07 - loss: 113.4509 - ACC: 0.1540279/414 [===================>..........] - ETA: 5:04 - loss: 113.3449 - ACC: 0.1541280/414 [===================>..........] - ETA: 5:02 - loss: 113.0952 - ACC: 0.1542281/414 [===================>..........] - ETA: 5:00 - loss: 112.8941 - ACC: 0.1541282/414 [===================>..........] - ETA: 4:58 - loss: 112.5910 - ACC: 0.1547283/414 [===================>..........] - ETA: 4:55 - loss: 112.3539 - ACC: 0.1544284/414 [===================>..........] - ETA: 4:53 - loss: 112.2851 - ACC: 0.1540285/414 [===================>..........] - ETA: 4:51 - loss: 112.0554 - ACC: 0.1548286/414 [===================>..........] - ETA: 4:49 - loss: 111.8767 - ACC: 0.1554287/414 [===================>..........] - ETA: 4:46 - loss: 111.9801 - ACC: 0.1553288/414 [===================>..........] - ETA: 4:44 - loss: 111.8615 - ACC: 0.1552289/414 [===================>..........] - ETA: 4:42 - loss: 112.0170 - ACC: 0.1553290/414 [====================>.........] - ETA: 4:40 - loss: 111.9778 - ACC: 0.1554291/414 [====================>.........] - ETA: 4:37 - loss: 112.0198 - ACC: 0.1557292/414 [====================>.........] - ETA: 4:35 - loss: 112.0344 - ACC: 0.1552293/414 [====================>.........] - ETA: 4:33 - loss: 111.8595 - ACC: 0.1551294/414 [====================>.........] - ETA: 4:30 - loss: 111.8107 - ACC: 0.1552295/414 [====================>.........] - ETA: 4:28 - loss: 111.7491 - ACC: 0.1549296/414 [====================>.........] - ETA: 4:26 - loss: 111.7717 - ACC: 0.1543297/414 [====================>.........] - ETA: 4:24 - loss: 111.6006 - ACC: 0.1540298/414 [====================>.........] - ETA: 4:21 - loss: 111.4721 - ACC: 0.1542299/414 [====================>.........] - ETA: 4:19 - loss: 111.6047 - ACC: 0.1543300/414 [====================>.........] - ETA: 4:17 - loss: 111.7618 - ACC: 0.1540301/414 [====================>.........] - ETA: 4:15 - loss: 111.4885 - ACC: 0.1547302/414 [====================>.........] - ETA: 4:12 - loss: 111.2513 - ACC: 0.1550303/414 [====================>.........] - ETA: 4:10 - loss: 111.1313 - ACC: 0.1551304/414 [=====================>........] - ETA: 4:08 - loss: 111.0245 - ACC: 0.1550305/414 [=====================>........] - ETA: 4:06 - loss: 110.8781 - ACC: 0.1549306/414 [=====================>........] - ETA: 4:03 - loss: 110.7468 - ACC: 0.1550307/414 [=====================>........] - ETA: 4:01 - loss: 110.6680 - ACC: 0.1547308/414 [=====================>........] - ETA: 3:59 - loss: 110.5056 - ACC: 0.1552309/414 [=====================>........] - ETA: 3:57 - loss: 110.3824 - ACC: 0.1553310/414 [=====================>........] - ETA: 3:54 - loss: 110.4243 - ACC: 0.1554311/414 [=====================>........] - ETA: 3:52 - loss: 110.2710 - ACC: 0.1553312/414 [=====================>........] - ETA: 3:50 - loss: 110.1240 - ACC: 0.1554313/414 [=====================>........] - ETA: 3:48 - loss: 110.2693 - ACC: 0.1554314/414 [=====================>........] - ETA: 3:45 - loss: 110.1052 - ACC: 0.1551315/414 [=====================>........] - ETA: 3:43 - loss: 110.0638 - ACC: 0.1552316/414 [=====================>........] - ETA: 3:41 - loss: 109.8990 - ACC: 0.1551317/414 [=====================>........] - ETA: 3:39 - loss: 109.8164 - ACC: 0.1548318/414 [======================>.......] - ETA: 3:36 - loss: 109.8252 - ACC: 0.1547319/414 [======================>.......] - ETA: 3:34 - loss: 109.8000 - ACC: 0.1550320/414 [======================>.......] - ETA: 3:32 - loss: 109.8748 - ACC: 0.1549321/414 [======================>.......] - ETA: 3:30 - loss: 109.6937 - ACC: 0.1556322/414 [======================>.......] - ETA: 3:27 - loss: 109.6437 - ACC: 0.1559323/414 [======================>.......] - ETA: 3:25 - loss: 109.4601 - ACC: 0.1560324/414 [======================>.......] - ETA: 3:23 - loss: 109.4623 - ACC: 0.1561325/414 [======================>.......] - ETA: 3:21 - loss: 109.8965 - ACC: 0.1562326/414 [======================>.......] - ETA: 3:18 - loss: 109.7237 - ACC: 0.1566327/414 [======================>.......] - ETA: 3:16 - loss: 109.5495 - ACC: 0.1565328/414 [======================>.......] - ETA: 3:14 - loss: 109.4043 - ACC: 0.1566329/414 [======================>.......] - ETA: 3:12 - loss: 109.3810 - ACC: 0.1565330/414 [======================>.......] - ETA: 3:09 - loss: 109.2233 - ACC: 0.1566331/414 [======================>.......] - ETA: 3:07 - loss: 109.2048 - ACC: 0.1567332/414 [=======================>......] - ETA: 3:05 - loss: 109.1751 - ACC: 0.1564333/414 [=======================>......] - ETA: 3:02 - loss: 109.0951 - ACC: 0.1567334/414 [=======================>......] - ETA: 3:00 - loss: 109.0565 - ACC: 0.1566335/414 [=======================>......] - ETA: 2:58 - loss: 108.9769 - ACC: 0.1567336/414 [=======================>......] - ETA: 2:56 - loss: 108.8765 - ACC: 0.1564337/414 [=======================>......] - ETA: 2:53 - loss: 108.6996 - ACC: 0.1567338/414 [=======================>......] - ETA: 2:51 - loss: 108.4925 - ACC: 0.1570339/414 [=======================>......] - ETA: 2:49 - loss: 108.3639 - ACC: 0.1573340/414 [=======================>......] - ETA: 2:46 - loss: 108.1767 - ACC: 0.1570341/414 [=======================>......] - ETA: 2:44 - loss: 108.0347 - ACC: 0.1569342/414 [=======================>......] - ETA: 2:42 - loss: 107.9529 - ACC: 0.1566343/414 [=======================>......] - ETA: 2:40 - loss: 107.7968 - ACC: 0.1571344/414 [=======================>......] - ETA: 2:38 - loss: 107.7477 - ACC: 0.1568345/414 [========================>.....] - ETA: 2:35 - loss: 107.6153 - ACC: 0.1569346/414 [========================>.....] - ETA: 2:33 - loss: 107.5200 - ACC: 0.1568347/414 [========================>.....] - ETA: 2:31 - loss: 107.3336 - ACC: 0.1574348/414 [========================>.....] - ETA: 2:28 - loss: 107.2683 - ACC: 0.1575349/414 [========================>.....] - ETA: 2:26 - loss: 107.1816 - ACC: 0.1578350/414 [========================>.....] - ETA: 2:24 - loss: 107.0028 - ACC: 0.1580351/414 [========================>.....] - ETA: 2:22 - loss: 106.9670 - ACC: 0.1578352/414 [========================>.....] - ETA: 2:19 - loss: 106.9388 - ACC: 0.1578353/414 [========================>.....] - ETA: 2:17 - loss: 106.8574 - ACC: 0.1578354/414 [========================>.....] - ETA: 2:15 - loss: 106.7077 - ACC: 0.1582355/414 [========================>.....] - ETA: 2:13 - loss: 106.5062 - ACC: 0.1588356/414 [========================>.....] - ETA: 2:10 - loss: 106.4663 - ACC: 0.1589357/414 [========================>.....] - ETA: 2:08 - loss: 106.4889 - ACC: 0.1586358/414 [========================>.....] - ETA: 2:06 - loss: 106.3675 - ACC: 0.1585359/414 [=========================>....] - ETA: 2:04 - loss: 106.2460 - ACC: 0.1588360/414 [=========================>....] - ETA: 2:01 - loss: 106.1923 - ACC: 0.1589361/414 [=========================>....] - ETA: 1:59 - loss: 106.1366 - ACC: 0.1588362/414 [=========================>....] - ETA: 1:57 - loss: 106.0369 - ACC: 0.1583363/414 [=========================>....] - ETA: 1:54 - loss: 105.8977 - ACC: 0.1582364/414 [=========================>....] - ETA: 1:52 - loss: 105.7686 - ACC: 0.1585365/414 [=========================>....] - ETA: 1:50 - loss: 105.5808 - ACC: 0.1584366/414 [=========================>....] - ETA: 1:48 - loss: 105.4764 - ACC: 0.1590367/414 [=========================>....] - ETA: 1:45 - loss: 105.5753 - ACC: 0.1589368/414 [=========================>....] - ETA: 1:43 - loss: 105.5303 - ACC: 0.1588369/414 [=========================>....] - ETA: 1:41 - loss: 105.5270 - ACC: 0.1587370/414 [=========================>....] - ETA: 1:39 - loss: 105.3661 - ACC: 0.1591371/414 [=========================>....] - ETA: 1:36 - loss: 105.3145 - ACC: 0.1592372/414 [=========================>....] - ETA: 1:34 - loss: 105.2703 - ACC: 0.1591373/414 [==========================>...] - ETA: 1:32 - loss: 105.4293 - ACC: 0.1593374/414 [==========================>...] - ETA: 1:30 - loss: 105.4320 - ACC: 0.1591375/414 [==========================>...] - ETA: 1:28 - loss: 105.2843 - ACC: 0.1597376/414 [==========================>...] - ETA: 1:25 - loss: 105.1213 - ACC: 0.1594377/414 [==========================>...] - ETA: 1:23 - loss: 105.2961 - ACC: 0.1595378/414 [==========================>...] - ETA: 1:21 - loss: 105.2669 - ACC: 0.1592379/414 [==========================>...] - ETA: 1:19 - loss: 105.0786 - ACC: 0.1591380/414 [==========================>...] - ETA: 1:16 - loss: 104.9316 - ACC: 0.1597381/414 [==========================>...] - ETA: 1:14 - loss: 104.9978 - ACC: 0.1598382/414 [==========================>...] - ETA: 1:12 - loss: 104.9093 - ACC: 0.1600383/414 [==========================>...] - ETA: 1:09 - loss: 104.8506 - ACC: 0.1599384/414 [==========================>...] - ETA: 1:07 - loss: 104.7086 - ACC: 0.1606385/414 [==========================>...] - ETA: 1:05 - loss: 104.6042 - ACC: 0.1609386/414 [==========================>...] - ETA: 1:03 - loss: 104.4219 - ACC: 0.1614387/414 [===========================>..] - ETA: 1:00 - loss: 104.4158 - ACC: 0.1615388/414 [===========================>..] - ETA: 58s - loss: 104.3530 - ACC: 0.1614 389/414 [===========================>..] - ETA: 56s - loss: 104.3644 - ACC: 0.1615390/414 [===========================>..] - ETA: 54s - loss: 104.4454 - ACC: 0.1617391/414 [===========================>..] - ETA: 51s - loss: 104.4061 - ACC: 0.1616392/414 [===========================>..] - ETA: 49s - loss: 104.3007 - ACC: 0.1618393/414 [===========================>..] - ETA: 47s - loss: 104.2613 - ACC: 0.1617394/414 [===========================>..] - ETA: 45s - loss: 104.2157 - ACC: 0.1616395/414 [===========================>..] - ETA: 42s - loss: 104.0859 - ACC: 0.1620396/414 [===========================>..] - ETA: 40s - loss: 104.6429 - ACC: 0.1616397/414 [===========================>..] - ETA: 38s - loss: 104.8969 - ACC: 0.1612398/414 [===========================>..] - ETA: 36s - loss: 105.1533 - ACC: 0.1611399/414 [===========================>..] - ETA: 33s - loss: 105.0388 - ACC: 0.1609400/414 [===========================>..] - ETA: 31s - loss: 105.0435 - ACC: 0.1608401/414 [============================>.] - ETA: 29s - loss: 104.9832 - ACC: 0.1610402/414 [============================>.] - ETA: 27s - loss: 104.8899 - ACC: 0.1611403/414 [============================>.] - ETA: 24s - loss: 104.8888 - ACC: 0.1608404/414 [============================>.] - ETA: 22s - loss: 104.7670 - ACC: 0.1606405/414 [============================>.] - ETA: 20s - loss: 104.8714 - ACC: 0.1605406/414 [============================>.] - ETA: 18s - loss: 105.0764 - ACC: 0.1606407/414 [============================>.] - ETA: 15s - loss: 104.9894 - ACC: 0.1602408/414 [============================>.] - ETA: 13s - loss: 105.0326 - ACC: 0.1605409/414 [============================>.] - ETA: 11s - loss: 104.9657 - ACC: 0.1608410/414 [============================>.] - ETA: 9s - loss: 105.0679 - ACC: 0.1607 411/414 [============================>.] - ETA: 6s - loss: 105.1621 - ACC: 0.1607412/414 [============================>.] - ETA: 4s - loss: 105.1119 - ACC: 0.1603413/414 [============================>.] - ETA: 2s - loss: 105.5749 - ACC: 0.1600414/414 [==============================] - ETA: 0s - loss: 105.4896 - ACC: 0.1603414/414 [==============================] - 1159s 3s/step - loss: 105.4896 - ACC: 0.1603 - val_loss: 144.1315 - val_ACC: 0.1172
Epoch 7/30
  1/414 [..............................] - ETA: 0s - loss: 88.8535 - ACC: 0.0000e+00  2/414 [..............................] - ETA: 7:27 - loss: 121.3276 - ACC: 0.0625   3/414 [..............................] - ETA: 9:48 - loss: 109.6266 - ACC: 0.0625  4/414 [..............................] - ETA: 11:02 - loss: 163.5991 - ACC: 0.0625  5/414 [..............................] - ETA: 11:54 - loss: 178.2008 - ACC: 0.0625  6/414 [..............................] - ETA: 12:33 - loss: 175.6137 - ACC: 0.0625  7/414 [..............................] - ETA: 12:45 - loss: 164.4259 - ACC: 0.0714  8/414 [..............................] - ETA: 12:59 - loss: 151.7053 - ACC: 0.0703  9/414 [..............................] - ETA: 13:07 - loss: 142.7412 - ACC: 0.0764 10/414 [..............................] - ETA: 13:14 - loss: 158.1675 - ACC: 0.0750 11/414 [..............................] - ETA: 13:18 - loss: 154.7433 - ACC: 0.0739 12/414 [..............................] - ETA: 13:25 - loss: 163.6578 - ACC: 0.0833 13/414 [..............................] - ETA: 13:22 - loss: 193.3470 - ACC: 0.0817 14/414 [>.............................] - ETA: 13:29 - loss: 186.1553 - ACC: 0.0893 15/414 [>.............................] - ETA: 13:31 - loss: 177.1846 - ACC: 0.1000 16/414 [>.............................] - ETA: 13:41 - loss: 173.2003 - ACC: 0.1133 17/414 [>.............................] - ETA: 13:42 - loss: 176.5236 - ACC: 0.1176 18/414 [>.............................] - ETA: 13:43 - loss: 174.9356 - ACC: 0.1181 19/414 [>.............................] - ETA: 13:46 - loss: 177.3426 - ACC: 0.1151 20/414 [>.............................] - ETA: 13:47 - loss: 171.9349 - ACC: 0.1125 21/414 [>.............................] - ETA: 13:43 - loss: 165.9899 - ACC: 0.1101 22/414 [>.............................] - ETA: 13:41 - loss: 167.1298 - ACC: 0.1080 23/414 [>.............................] - ETA: 13:41 - loss: 164.1354 - ACC: 0.1060 24/414 [>.............................] - ETA: 13:41 - loss: 167.6653 - ACC: 0.1042 25/414 [>.............................] - ETA: 13:40 - loss: 166.1158 - ACC: 0.1025 26/414 [>.............................] - ETA: 13:42 - loss: 162.7376 - ACC: 0.1034 27/414 [>.............................] - ETA: 13:42 - loss: 159.3177 - ACC: 0.1042 28/414 [=>............................] - ETA: 13:37 - loss: 160.0168 - ACC: 0.1071 29/414 [=>............................] - ETA: 13:36 - loss: 155.9749 - ACC: 0.1121 30/414 [=>............................] - ETA: 13:39 - loss: 154.1058 - ACC: 0.1167 31/414 [=>............................] - ETA: 13:37 - loss: 151.2563 - ACC: 0.1149 32/414 [=>............................] - ETA: 13:32 - loss: 148.9791 - ACC: 0.1172 33/414 [=>............................] - ETA: 13:36 - loss: 146.8890 - ACC: 0.1193 34/414 [=>............................] - ETA: 13:38 - loss: 145.0332 - ACC: 0.1213 35/414 [=>............................] - ETA: 13:39 - loss: 148.0112 - ACC: 0.1196 36/414 [=>............................] - ETA: 13:36 - loss: 147.1266 - ACC: 0.1198 37/414 [=>............................] - ETA: 13:34 - loss: 145.3782 - ACC: 0.1233 38/414 [=>............................] - ETA: 13:35 - loss: 142.9220 - ACC: 0.1266 39/414 [=>............................] - ETA: 13:34 - loss: 141.2636 - ACC: 0.1266 40/414 [=>............................] - ETA: 13:33 - loss: 140.7074 - ACC: 0.1234 41/414 [=>............................] - ETA: 13:30 - loss: 141.8848 - ACC: 0.1265 42/414 [==>...........................] - ETA: 13:32 - loss: 141.2739 - ACC: 0.1295 43/414 [==>...........................] - ETA: 13:31 - loss: 140.5235 - ACC: 0.1323 44/414 [==>...........................] - ETA: 13:29 - loss: 139.1474 - ACC: 0.1307 45/414 [==>...........................] - ETA: 13:31 - loss: 139.6647 - ACC: 0.1292 46/414 [==>...........................] - ETA: 13:29 - loss: 138.5960 - ACC: 0.1291 47/414 [==>...........................] - ETA: 13:31 - loss: 137.7719 - ACC: 0.1263 48/414 [==>...........................] - ETA: 13:27 - loss: 136.1342 - ACC: 0.1276 49/414 [==>...........................] - ETA: 13:24 - loss: 135.0132 - ACC: 0.1263 50/414 [==>...........................] - ETA: 13:20 - loss: 133.6109 - ACC: 0.1262 51/414 [==>...........................] - ETA: 13:21 - loss: 132.6597 - ACC: 0.1275 52/414 [==>...........................] - ETA: 13:21 - loss: 131.5112 - ACC: 0.1274 53/414 [==>...........................] - ETA: 13:20 - loss: 130.7181 - ACC: 0.1262 54/414 [==>...........................] - ETA: 13:18 - loss: 129.0841 - ACC: 0.1296 55/414 [==>...........................] - ETA: 13:16 - loss: 128.2008 - ACC: 0.1284 56/414 [===>..........................] - ETA: 13:14 - loss: 128.2881 - ACC: 0.1272 57/414 [===>..........................] - ETA: 13:12 - loss: 126.9331 - ACC: 0.1272 58/414 [===>..........................] - ETA: 13:13 - loss: 126.7606 - ACC: 0.1272 59/414 [===>..........................] - ETA: 13:09 - loss: 127.2626 - ACC: 0.1261 60/414 [===>..........................] - ETA: 13:06 - loss: 126.6921 - ACC: 0.1250 61/414 [===>..........................] - ETA: 13:03 - loss: 125.7158 - ACC: 0.1260 62/414 [===>..........................] - ETA: 13:00 - loss: 125.7269 - ACC: 0.1250 63/414 [===>..........................] - ETA: 12:57 - loss: 125.0363 - ACC: 0.1260 64/414 [===>..........................] - ETA: 12:54 - loss: 124.3378 - ACC: 0.1279 65/414 [===>..........................] - ETA: 12:51 - loss: 122.9537 - ACC: 0.1317 66/414 [===>..........................] - ETA: 12:48 - loss: 122.2555 - ACC: 0.1335 67/414 [===>..........................] - ETA: 12:48 - loss: 121.9123 - ACC: 0.1343 68/414 [===>..........................] - ETA: 12:46 - loss: 121.3697 - ACC: 0.1333 69/414 [====>.........................] - ETA: 12:43 - loss: 120.6902 - ACC: 0.1322 70/414 [====>.........................] - ETA: 12:44 - loss: 119.5300 - ACC: 0.1321 71/414 [====>.........................] - ETA: 12:44 - loss: 120.5778 - ACC: 0.1329 72/414 [====>.........................] - ETA: 12:41 - loss: 120.6925 - ACC: 0.1345 73/414 [====>.........................] - ETA: 12:42 - loss: 120.4035 - ACC: 0.1336 74/414 [====>.........................] - ETA: 12:39 - loss: 120.4234 - ACC: 0.1334 75/414 [====>.........................] - ETA: 12:36 - loss: 119.6837 - ACC: 0.1342 76/414 [====>.........................] - ETA: 12:32 - loss: 118.9588 - ACC: 0.1357 77/414 [====>.........................] - ETA: 12:31 - loss: 118.6288 - ACC: 0.1364 78/414 [====>.........................] - ETA: 12:29 - loss: 119.3078 - ACC: 0.1370 79/414 [====>.........................] - ETA: 12:27 - loss: 118.5698 - ACC: 0.1384 80/414 [====>.........................] - ETA: 12:24 - loss: 117.9713 - ACC: 0.1367 81/414 [====>.........................] - ETA: 12:22 - loss: 116.9016 - ACC: 0.1373 82/414 [====>.........................] - ETA: 12:19 - loss: 116.7970 - ACC: 0.1357 83/414 [=====>........................] - ETA: 12:17 - loss: 116.3746 - ACC: 0.1355 84/414 [=====>........................] - ETA: 12:14 - loss: 115.5318 - ACC: 0.1369 85/414 [=====>........................] - ETA: 12:11 - loss: 114.9247 - ACC: 0.1404 86/414 [=====>........................] - ETA: 12:09 - loss: 115.0243 - ACC: 0.1417 87/414 [=====>........................] - ETA: 12:06 - loss: 114.3613 - ACC: 0.1401 88/414 [=====>........................] - ETA: 12:04 - loss: 113.6433 - ACC: 0.1406 89/414 [=====>........................] - ETA: 12:03 - loss: 113.9057 - ACC: 0.1412 90/414 [=====>........................] - ETA: 12:01 - loss: 113.9345 - ACC: 0.1431 91/414 [=====>........................] - ETA: 11:59 - loss: 113.1762 - ACC: 0.1435 92/414 [=====>........................] - ETA: 11:56 - loss: 112.9346 - ACC: 0.1447 93/414 [=====>........................] - ETA: 11:56 - loss: 112.3385 - ACC: 0.1452 94/414 [=====>........................] - ETA: 11:53 - loss: 112.2494 - ACC: 0.1449 95/414 [=====>........................] - ETA: 11:51 - loss: 112.4773 - ACC: 0.1441 96/414 [=====>........................] - ETA: 11:48 - loss: 113.3698 - ACC: 0.1452 97/414 [======>.......................] - ETA: 11:47 - loss: 113.4855 - ACC: 0.1443 98/414 [======>.......................] - ETA: 11:44 - loss: 113.3643 - ACC: 0.1448 99/414 [======>.......................] - ETA: 11:42 - loss: 112.8547 - ACC: 0.1446100/414 [======>.......................] - ETA: 11:40 - loss: 112.9708 - ACC: 0.1450101/414 [======>.......................] - ETA: 11:38 - loss: 113.0203 - ACC: 0.1460102/414 [======>.......................] - ETA: 11:37 - loss: 112.9356 - ACC: 0.1464103/414 [======>.......................] - ETA: 11:34 - loss: 113.1096 - ACC: 0.1450104/414 [======>.......................] - ETA: 11:33 - loss: 112.4050 - ACC: 0.1454105/414 [======>.......................] - ETA: 11:31 - loss: 112.3766 - ACC: 0.1446106/414 [======>.......................] - ETA: 11:28 - loss: 112.5290 - ACC: 0.1433107/414 [======>.......................] - ETA: 11:27 - loss: 112.2330 - ACC: 0.1443108/414 [======>.......................] - ETA: 11:24 - loss: 111.7955 - ACC: 0.1447109/414 [======>.......................] - ETA: 11:23 - loss: 112.0148 - ACC: 0.1445110/414 [======>.......................] - ETA: 11:20 - loss: 111.7372 - ACC: 0.1455111/414 [=======>......................] - ETA: 11:18 - loss: 112.2284 - ACC: 0.1447112/414 [=======>......................] - ETA: 11:15 - loss: 112.2247 - ACC: 0.1451113/414 [=======>......................] - ETA: 11:14 - loss: 112.1935 - ACC: 0.1460114/414 [=======>......................] - ETA: 11:11 - loss: 111.7994 - ACC: 0.1458115/414 [=======>......................] - ETA: 11:10 - loss: 111.4656 - ACC: 0.1462116/414 [=======>......................] - ETA: 11:08 - loss: 111.2341 - ACC: 0.1460117/414 [=======>......................] - ETA: 11:05 - loss: 111.1176 - ACC: 0.1458118/414 [=======>......................] - ETA: 11:03 - loss: 110.8243 - ACC: 0.1467119/414 [=======>......................] - ETA: 11:00 - loss: 110.5972 - ACC: 0.1465120/414 [=======>......................] - ETA: 10:58 - loss: 111.0658 - ACC: 0.1458121/414 [=======>......................] - ETA: 10:55 - loss: 110.4825 - ACC: 0.1457122/414 [=======>......................] - ETA: 10:53 - loss: 110.0266 - ACC: 0.1455123/414 [=======>......................] - ETA: 10:50 - loss: 110.5980 - ACC: 0.1458124/414 [=======>......................] - ETA: 10:48 - loss: 110.2443 - ACC: 0.1457125/414 [========>.....................] - ETA: 10:46 - loss: 109.9409 - ACC: 0.1455126/414 [========>.....................] - ETA: 10:43 - loss: 109.5129 - ACC: 0.1453127/414 [========>.....................] - ETA: 10:41 - loss: 109.4092 - ACC: 0.1447128/414 [========>.....................] - ETA: 10:38 - loss: 109.5018 - ACC: 0.1440129/414 [========>.....................] - ETA: 10:38 - loss: 109.4603 - ACC: 0.1434130/414 [========>.....................] - ETA: 10:36 - loss: 108.9059 - ACC: 0.1437131/414 [========>.....................] - ETA: 10:33 - loss: 108.9102 - ACC: 0.1436132/414 [========>.....................] - ETA: 10:31 - loss: 108.3605 - ACC: 0.1458133/414 [========>.....................] - ETA: 10:29 - loss: 108.9257 - ACC: 0.1461134/414 [========>.....................] - ETA: 10:27 - loss: 109.1094 - ACC: 0.1474135/414 [========>.....................] - ETA: 10:24 - loss: 108.8822 - ACC: 0.1477136/414 [========>.....................] - ETA: 10:22 - loss: 109.2190 - ACC: 0.1466137/414 [========>.....................] - ETA: 10:20 - loss: 109.2783 - ACC: 0.1460138/414 [=========>....................] - ETA: 10:18 - loss: 109.4134 - ACC: 0.1463139/414 [=========>....................] - ETA: 10:17 - loss: 109.2031 - ACC: 0.1466140/414 [=========>....................] - ETA: 10:14 - loss: 109.0153 - ACC: 0.1473141/414 [=========>....................] - ETA: 10:12 - loss: 108.7730 - ACC: 0.1472142/414 [=========>....................] - ETA: 10:09 - loss: 108.5941 - ACC: 0.1474143/414 [=========>....................] - ETA: 10:07 - loss: 108.7126 - ACC: 0.1477144/414 [=========>....................] - ETA: 10:05 - loss: 108.9540 - ACC: 0.1471145/414 [=========>....................] - ETA: 10:03 - loss: 108.7605 - ACC: 0.1474146/414 [=========>....................] - ETA: 10:01 - loss: 109.3954 - ACC: 0.1481147/414 [=========>....................] - ETA: 9:59 - loss: 109.4203 - ACC: 0.1480 148/414 [=========>....................] - ETA: 9:56 - loss: 109.2852 - ACC: 0.1474149/414 [=========>....................] - ETA: 9:54 - loss: 109.2511 - ACC: 0.1472150/414 [=========>....................] - ETA: 9:52 - loss: 109.1691 - ACC: 0.1475151/414 [=========>....................] - ETA: 9:49 - loss: 108.8078 - ACC: 0.1469152/414 [==========>...................] - ETA: 9:47 - loss: 108.6902 - ACC: 0.1464153/414 [==========>...................] - ETA: 9:44 - loss: 108.7747 - ACC: 0.1454154/414 [==========>...................] - ETA: 9:43 - loss: 108.9768 - ACC: 0.1453155/414 [==========>...................] - ETA: 9:41 - loss: 108.8724 - ACC: 0.1456156/414 [==========>...................] - ETA: 9:39 - loss: 109.1496 - ACC: 0.1450157/414 [==========>...................] - ETA: 9:37 - loss: 109.2070 - ACC: 0.1449158/414 [==========>...................] - ETA: 9:34 - loss: 109.1890 - ACC: 0.1456159/414 [==========>...................] - ETA: 9:31 - loss: 109.5336 - ACC: 0.1458160/414 [==========>...................] - ETA: 9:29 - loss: 109.6454 - ACC: 0.1461161/414 [==========>...................] - ETA: 9:26 - loss: 109.5672 - ACC: 0.1456162/414 [==========>...................] - ETA: 9:24 - loss: 109.1901 - ACC: 0.1466163/414 [==========>...................] - ETA: 9:23 - loss: 109.2219 - ACC: 0.1461164/414 [==========>...................] - ETA: 9:20 - loss: 109.1018 - ACC: 0.1456165/414 [==========>...................] - ETA: 9:18 - loss: 108.8063 - ACC: 0.1462166/414 [===========>..................] - ETA: 9:15 - loss: 108.6933 - ACC: 0.1453167/414 [===========>..................] - ETA: 9:14 - loss: 108.3518 - ACC: 0.1452168/414 [===========>..................] - ETA: 9:12 - loss: 108.6169 - ACC: 0.1443169/414 [===========>..................] - ETA: 9:10 - loss: 108.7015 - ACC: 0.1442170/414 [===========>..................] - ETA: 9:07 - loss: 108.8221 - ACC: 0.1437171/414 [===========>..................] - ETA: 9:05 - loss: 108.6152 - ACC: 0.1440172/414 [===========>..................] - ETA: 9:03 - loss: 109.2746 - ACC: 0.1439173/414 [===========>..................] - ETA: 9:01 - loss: 109.4458 - ACC: 0.1431174/414 [===========>..................] - ETA: 9:00 - loss: 109.2825 - ACC: 0.1426175/414 [===========>..................] - ETA: 8:57 - loss: 108.9688 - ACC: 0.1436176/414 [===========>..................] - ETA: 8:55 - loss: 109.0029 - ACC: 0.1431177/414 [===========>..................] - ETA: 8:53 - loss: 108.9400 - ACC: 0.1444178/414 [===========>..................] - ETA: 8:51 - loss: 108.7789 - ACC: 0.1450179/414 [===========>..................] - ETA: 8:49 - loss: 108.6022 - ACC: 0.1449180/414 [============>.................] - ETA: 8:46 - loss: 108.7283 - ACC: 0.1451181/414 [============>.................] - ETA: 8:44 - loss: 108.8636 - ACC: 0.1450182/414 [============>.................] - ETA: 8:42 - loss: 108.8896 - ACC: 0.1456183/414 [============>.................] - ETA: 8:40 - loss: 108.5527 - ACC: 0.1458184/414 [============>.................] - ETA: 8:37 - loss: 108.1982 - ACC: 0.1457185/414 [============>.................] - ETA: 8:35 - loss: 108.2841 - ACC: 0.1456186/414 [============>.................] - ETA: 8:33 - loss: 108.3291 - ACC: 0.1458187/414 [============>.................] - ETA: 8:31 - loss: 108.0811 - ACC: 0.1457188/414 [============>.................] - ETA: 8:29 - loss: 108.3524 - ACC: 0.1453189/414 [============>.................] - ETA: 8:27 - loss: 108.4294 - ACC: 0.1455190/414 [============>.................] - ETA: 8:25 - loss: 108.2359 - ACC: 0.1451191/414 [============>.................] - ETA: 8:22 - loss: 108.0024 - ACC: 0.1453192/414 [============>.................] - ETA: 8:20 - loss: 107.7779 - ACC: 0.1445193/414 [============>.................] - ETA: 8:18 - loss: 107.8290 - ACC: 0.1444194/414 [=============>................] - ETA: 8:16 - loss: 107.7875 - ACC: 0.1447195/414 [=============>................] - ETA: 8:14 - loss: 107.8426 - ACC: 0.1442196/414 [=============>................] - ETA: 8:12 - loss: 108.2682 - ACC: 0.1435197/414 [=============>................] - ETA: 8:09 - loss: 108.1206 - ACC: 0.1440198/414 [=============>................] - ETA: 8:07 - loss: 108.2203 - ACC: 0.1439199/414 [=============>................] - ETA: 8:04 - loss: 107.9457 - ACC: 0.1438200/414 [=============>................] - ETA: 8:02 - loss: 107.8201 - ACC: 0.1441201/414 [=============>................] - ETA: 8:00 - loss: 107.7574 - ACC: 0.1446202/414 [=============>................] - ETA: 7:58 - loss: 107.9062 - ACC: 0.1454203/414 [=============>................] - ETA: 7:55 - loss: 108.0569 - ACC: 0.1450204/414 [=============>................] - ETA: 7:53 - loss: 108.0098 - ACC: 0.1455205/414 [=============>................] - ETA: 7:51 - loss: 107.8333 - ACC: 0.1457206/414 [=============>................] - ETA: 7:48 - loss: 107.4817 - ACC: 0.1468207/414 [==============>...............] - ETA: 7:46 - loss: 107.2852 - ACC: 0.1467208/414 [==============>...............] - ETA: 7:44 - loss: 107.0644 - ACC: 0.1466209/414 [==============>...............] - ETA: 7:42 - loss: 106.8980 - ACC: 0.1474210/414 [==============>...............] - ETA: 7:40 - loss: 106.8250 - ACC: 0.1479211/414 [==============>...............] - ETA: 7:37 - loss: 107.0178 - ACC: 0.1472212/414 [==============>...............] - ETA: 7:35 - loss: 106.9312 - ACC: 0.1474213/414 [==============>...............] - ETA: 7:32 - loss: 106.6929 - ACC: 0.1467214/414 [==============>...............] - ETA: 7:30 - loss: 106.8408 - ACC: 0.1469215/414 [==============>...............] - ETA: 7:27 - loss: 106.6915 - ACC: 0.1474216/414 [==============>...............] - ETA: 7:25 - loss: 106.5309 - ACC: 0.1479217/414 [==============>...............] - ETA: 7:23 - loss: 106.3770 - ACC: 0.1483218/414 [==============>...............] - ETA: 7:21 - loss: 106.3016 - ACC: 0.1482219/414 [==============>...............] - ETA: 7:19 - loss: 106.6353 - ACC: 0.1481220/414 [==============>...............] - ETA: 7:16 - loss: 106.4648 - ACC: 0.1486221/414 [===============>..............] - ETA: 7:14 - loss: 106.5142 - ACC: 0.1479222/414 [===============>..............] - ETA: 7:12 - loss: 106.6322 - ACC: 0.1481223/414 [===============>..............] - ETA: 7:10 - loss: 106.6109 - ACC: 0.1483224/414 [===============>..............] - ETA: 7:08 - loss: 106.6283 - ACC: 0.1482225/414 [===============>..............] - ETA: 7:05 - loss: 106.2923 - ACC: 0.1489226/414 [===============>..............] - ETA: 7:03 - loss: 106.0197 - ACC: 0.1493227/414 [===============>..............] - ETA: 7:01 - loss: 105.6882 - ACC: 0.1498228/414 [===============>..............] - ETA: 6:58 - loss: 105.3569 - ACC: 0.1491229/414 [===============>..............] - ETA: 6:56 - loss: 105.6217 - ACC: 0.1485230/414 [===============>..............] - ETA: 6:54 - loss: 105.3644 - ACC: 0.1489231/414 [===============>..............] - ETA: 6:51 - loss: 105.1084 - ACC: 0.1496232/414 [===============>..............] - ETA: 6:49 - loss: 104.9251 - ACC: 0.1498233/414 [===============>..............] - ETA: 6:47 - loss: 104.8593 - ACC: 0.1497234/414 [===============>..............] - ETA: 6:45 - loss: 104.6481 - ACC: 0.1501235/414 [================>.............] - ETA: 6:43 - loss: 104.6040 - ACC: 0.1503236/414 [================>.............] - ETA: 6:41 - loss: 104.4711 - ACC: 0.1504237/414 [================>.............] - ETA: 6:38 - loss: 104.5087 - ACC: 0.1506238/414 [================>.............] - ETA: 6:36 - loss: 104.4145 - ACC: 0.1513239/414 [================>.............] - ETA: 6:34 - loss: 104.2909 - ACC: 0.1512240/414 [================>.............] - ETA: 6:32 - loss: 104.0375 - ACC: 0.1526241/414 [================>.............] - ETA: 6:30 - loss: 103.7090 - ACC: 0.1540242/414 [================>.............] - ETA: 6:27 - loss: 103.4397 - ACC: 0.1542243/414 [================>.............] - ETA: 6:25 - loss: 103.2919 - ACC: 0.1538244/414 [================>.............] - ETA: 6:23 - loss: 103.2795 - ACC: 0.1537245/414 [================>.............] - ETA: 6:20 - loss: 103.1357 - ACC: 0.1531246/414 [================>.............] - ETA: 6:18 - loss: 103.0077 - ACC: 0.1527247/414 [================>.............] - ETA: 6:16 - loss: 102.8712 - ACC: 0.1526248/414 [================>.............] - ETA: 6:14 - loss: 102.6513 - ACC: 0.1522249/414 [=================>............] - ETA: 6:11 - loss: 102.5135 - ACC: 0.1521250/414 [=================>............] - ETA: 6:09 - loss: 102.4486 - ACC: 0.1520251/414 [=================>............] - ETA: 6:07 - loss: 102.2986 - ACC: 0.1521252/414 [=================>............] - ETA: 6:04 - loss: 102.0333 - ACC: 0.1528253/414 [=================>............] - ETA: 6:02 - loss: 101.8624 - ACC: 0.1532254/414 [=================>............] - ETA: 6:00 - loss: 101.6952 - ACC: 0.1535255/414 [=================>............] - ETA: 5:58 - loss: 101.4684 - ACC: 0.1542256/414 [=================>............] - ETA: 5:56 - loss: 101.4929 - ACC: 0.1545257/414 [=================>............] - ETA: 5:53 - loss: 101.3378 - ACC: 0.1556258/414 [=================>............] - ETA: 5:51 - loss: 101.1964 - ACC: 0.1550259/414 [=================>............] - ETA: 5:48 - loss: 101.0799 - ACC: 0.1549260/414 [=================>............] - ETA: 5:46 - loss: 100.9436 - ACC: 0.1548261/414 [=================>............] - ETA: 5:44 - loss: 100.8938 - ACC: 0.1547262/414 [=================>............] - ETA: 5:42 - loss: 100.8309 - ACC: 0.1548263/414 [==================>...........] - ETA: 5:39 - loss: 100.5770 - ACC: 0.1545264/414 [==================>...........] - ETA: 5:37 - loss: 100.4946 - ACC: 0.1546265/414 [==================>...........] - ETA: 5:35 - loss: 100.4464 - ACC: 0.1550266/414 [==================>...........] - ETA: 5:33 - loss: 100.3248 - ACC: 0.1551267/414 [==================>...........] - ETA: 5:31 - loss: 100.3613 - ACC: 0.1550268/414 [==================>...........] - ETA: 5:29 - loss: 100.1925 - ACC: 0.1553269/414 [==================>...........] - ETA: 5:27 - loss: 100.1513 - ACC: 0.1557270/414 [==================>...........] - ETA: 5:24 - loss: 100.2556 - ACC: 0.1553271/414 [==================>...........] - ETA: 5:22 - loss: 100.2879 - ACC: 0.1554272/414 [==================>...........] - ETA: 5:20 - loss: 100.1596 - ACC: 0.1553273/414 [==================>...........] - ETA: 5:18 - loss: 100.0970 - ACC: 0.1557274/414 [==================>...........] - ETA: 5:15 - loss: 100.2389 - ACC: 0.1558275/414 [==================>...........] - ETA: 5:13 - loss: 100.1485 - ACC: 0.1559276/414 [===================>..........] - ETA: 5:11 - loss: 100.0059 - ACC: 0.1565277/414 [===================>..........] - ETA: 5:08 - loss: 99.8497 - ACC: 0.1568 278/414 [===================>..........] - ETA: 5:06 - loss: 99.6245 - ACC: 0.1571279/414 [===================>..........] - ETA: 5:04 - loss: 99.5673 - ACC: 0.1573280/414 [===================>..........] - ETA: 5:02 - loss: 99.4866 - ACC: 0.1571281/414 [===================>..........] - ETA: 5:00 - loss: 99.2430 - ACC: 0.1577282/414 [===================>..........] - ETA: 4:57 - loss: 99.0340 - ACC: 0.1576283/414 [===================>..........] - ETA: 4:55 - loss: 98.9026 - ACC: 0.1575284/414 [===================>..........] - ETA: 4:53 - loss: 98.7584 - ACC: 0.1574285/414 [===================>..........] - ETA: 4:51 - loss: 98.7130 - ACC: 0.1570286/414 [===================>..........] - ETA: 4:48 - loss: 98.6337 - ACC: 0.1571287/414 [===================>..........] - ETA: 4:46 - loss: 98.6909 - ACC: 0.1568288/414 [===================>..........] - ETA: 4:44 - loss: 98.6550 - ACC: 0.1576289/414 [===================>..........] - ETA: 4:42 - loss: 98.7297 - ACC: 0.1574290/414 [====================>.........] - ETA: 4:39 - loss: 98.6918 - ACC: 0.1573291/414 [====================>.........] - ETA: 4:37 - loss: 98.8240 - ACC: 0.1572292/414 [====================>.........] - ETA: 4:35 - loss: 98.6562 - ACC: 0.1577293/414 [====================>.........] - ETA: 4:33 - loss: 98.5757 - ACC: 0.1576294/414 [====================>.........] - ETA: 4:30 - loss: 98.3879 - ACC: 0.1577295/414 [====================>.........] - ETA: 4:28 - loss: 98.2297 - ACC: 0.1576296/414 [====================>.........] - ETA: 4:26 - loss: 98.2251 - ACC: 0.1575297/414 [====================>.........] - ETA: 4:23 - loss: 98.1164 - ACC: 0.1580298/414 [====================>.........] - ETA: 4:21 - loss: 98.0541 - ACC: 0.1579299/414 [====================>.........] - ETA: 4:19 - loss: 98.0627 - ACC: 0.1582300/414 [====================>.........] - ETA: 4:17 - loss: 98.1733 - ACC: 0.1583301/414 [====================>.........] - ETA: 4:15 - loss: 98.0029 - ACC: 0.1580302/414 [====================>.........] - ETA: 4:12 - loss: 97.9131 - ACC: 0.1581303/414 [====================>.........] - ETA: 4:10 - loss: 97.7854 - ACC: 0.1584304/414 [=====================>........] - ETA: 4:08 - loss: 97.5643 - ACC: 0.1591305/414 [=====================>........] - ETA: 4:06 - loss: 97.6118 - ACC: 0.1590306/414 [=====================>........] - ETA: 4:03 - loss: 97.4402 - ACC: 0.1593307/414 [=====================>........] - ETA: 4:01 - loss: 97.5009 - ACC: 0.1590308/414 [=====================>........] - ETA: 3:59 - loss: 97.4436 - ACC: 0.1587309/414 [=====================>........] - ETA: 3:56 - loss: 97.3004 - ACC: 0.1586310/414 [=====================>........] - ETA: 3:54 - loss: 97.2589 - ACC: 0.1589311/414 [=====================>........] - ETA: 3:52 - loss: 97.0938 - ACC: 0.1590312/414 [=====================>........] - ETA: 3:50 - loss: 96.9156 - ACC: 0.1593313/414 [=====================>........] - ETA: 3:47 - loss: 97.2065 - ACC: 0.1591314/414 [=====================>........] - ETA: 3:45 - loss: 97.1306 - ACC: 0.1596315/414 [=====================>........] - ETA: 3:43 - loss: 97.0111 - ACC: 0.1597316/414 [=====================>........] - ETA: 3:40 - loss: 96.9052 - ACC: 0.1600317/414 [=====================>........] - ETA: 3:38 - loss: 97.0238 - ACC: 0.1597318/414 [======================>.......] - ETA: 3:36 - loss: 97.0420 - ACC: 0.1600319/414 [======================>.......] - ETA: 3:34 - loss: 96.9564 - ACC: 0.1599320/414 [======================>.......] - ETA: 3:31 - loss: 97.0537 - ACC: 0.1596321/414 [======================>.......] - ETA: 3:29 - loss: 96.8712 - ACC: 0.1595322/414 [======================>.......] - ETA: 3:27 - loss: 96.9047 - ACC: 0.1601323/414 [======================>.......] - ETA: 3:25 - loss: 96.7475 - ACC: 0.1602324/414 [======================>.......] - ETA: 3:23 - loss: 96.7145 - ACC: 0.1601325/414 [======================>.......] - ETA: 3:20 - loss: 96.8985 - ACC: 0.1598326/414 [======================>.......] - ETA: 3:18 - loss: 96.7182 - ACC: 0.1603327/414 [======================>.......] - ETA: 3:16 - loss: 96.5363 - ACC: 0.1606328/414 [======================>.......] - ETA: 3:13 - loss: 96.4293 - ACC: 0.1603329/414 [======================>.......] - ETA: 3:11 - loss: 96.5476 - ACC: 0.1600330/414 [======================>.......] - ETA: 3:09 - loss: 96.3699 - ACC: 0.1600331/414 [======================>.......] - ETA: 3:07 - loss: 96.4532 - ACC: 0.1601332/414 [=======================>......] - ETA: 3:04 - loss: 96.6084 - ACC: 0.1600333/414 [=======================>......] - ETA: 3:02 - loss: 96.5476 - ACC: 0.1597334/414 [=======================>......] - ETA: 3:00 - loss: 96.3896 - ACC: 0.1600335/414 [=======================>......] - ETA: 2:58 - loss: 96.3841 - ACC: 0.1601336/414 [=======================>......] - ETA: 2:55 - loss: 96.2060 - ACC: 0.1602337/414 [=======================>......] - ETA: 2:53 - loss: 96.1880 - ACC: 0.1601338/414 [=======================>......] - ETA: 2:51 - loss: 96.0692 - ACC: 0.1601339/414 [=======================>......] - ETA: 2:48 - loss: 95.8978 - ACC: 0.1604340/414 [=======================>......] - ETA: 2:46 - loss: 95.7453 - ACC: 0.1605341/414 [=======================>......] - ETA: 2:44 - loss: 95.7283 - ACC: 0.1604342/414 [=======================>......] - ETA: 2:42 - loss: 95.6755 - ACC: 0.1610343/414 [=======================>......] - ETA: 2:40 - loss: 95.5833 - ACC: 0.1607344/414 [=======================>......] - ETA: 2:37 - loss: 95.3572 - ACC: 0.1615345/414 [========================>.....] - ETA: 2:35 - loss: 95.1949 - ACC: 0.1618346/414 [========================>.....] - ETA: 2:33 - loss: 95.1958 - ACC: 0.1620347/414 [========================>.....] - ETA: 2:30 - loss: 95.1524 - ACC: 0.1619348/414 [========================>.....] - ETA: 2:28 - loss: 95.2300 - ACC: 0.1620349/414 [========================>.....] - ETA: 2:26 - loss: 95.1412 - ACC: 0.1622350/414 [========================>.....] - ETA: 2:24 - loss: 95.0165 - ACC: 0.1623351/414 [========================>.....] - ETA: 2:21 - loss: 94.8890 - ACC: 0.1629352/414 [========================>.....] - ETA: 2:19 - loss: 94.9203 - ACC: 0.1632353/414 [========================>.....] - ETA: 2:17 - loss: 94.9450 - ACC: 0.1627354/414 [========================>.....] - ETA: 2:15 - loss: 94.8732 - ACC: 0.1626355/414 [========================>.....] - ETA: 2:12 - loss: 94.7239 - ACC: 0.1627356/414 [========================>.....] - ETA: 2:10 - loss: 94.6341 - ACC: 0.1627357/414 [========================>.....] - ETA: 2:08 - loss: 94.5096 - ACC: 0.1632358/414 [========================>.....] - ETA: 2:06 - loss: 94.2982 - ACC: 0.1638359/414 [=========================>....] - ETA: 2:03 - loss: 94.1768 - ACC: 0.1636360/414 [=========================>....] - ETA: 2:01 - loss: 94.1180 - ACC: 0.1634361/414 [=========================>....] - ETA: 1:59 - loss: 94.0206 - ACC: 0.1634362/414 [=========================>....] - ETA: 1:56 - loss: 93.8868 - ACC: 0.1633363/414 [=========================>....] - ETA: 1:54 - loss: 93.7529 - ACC: 0.1634364/414 [=========================>....] - ETA: 1:52 - loss: 93.6525 - ACC: 0.1633365/414 [=========================>....] - ETA: 1:50 - loss: 93.5717 - ACC: 0.1634366/414 [=========================>....] - ETA: 1:47 - loss: 93.5936 - ACC: 0.1634367/414 [=========================>....] - ETA: 1:45 - loss: 93.5837 - ACC: 0.1633368/414 [=========================>....] - ETA: 1:43 - loss: 93.6679 - ACC: 0.1630369/414 [=========================>....] - ETA: 1:41 - loss: 93.7049 - ACC: 0.1629370/414 [=========================>....] - ETA: 1:38 - loss: 93.7213 - ACC: 0.1632371/414 [=========================>....] - ETA: 1:36 - loss: 93.7147 - ACC: 0.1627372/414 [=========================>....] - ETA: 1:34 - loss: 93.6903 - ACC: 0.1626373/414 [==========================>...] - ETA: 1:32 - loss: 93.5933 - ACC: 0.1627374/414 [==========================>...] - ETA: 1:30 - loss: 93.5189 - ACC: 0.1626375/414 [==========================>...] - ETA: 1:27 - loss: 93.4696 - ACC: 0.1632376/414 [==========================>...] - ETA: 1:25 - loss: 93.2928 - ACC: 0.1634377/414 [==========================>...] - ETA: 1:23 - loss: 93.3026 - ACC: 0.1630378/414 [==========================>...] - ETA: 1:21 - loss: 93.5210 - ACC: 0.1625379/414 [==========================>...] - ETA: 1:18 - loss: 93.3959 - ACC: 0.1628380/414 [==========================>...] - ETA: 1:16 - loss: 93.2571 - ACC: 0.1632381/414 [==========================>...] - ETA: 1:14 - loss: 93.2168 - ACC: 0.1629382/414 [==========================>...] - ETA: 1:12 - loss: 93.1192 - ACC: 0.1631383/414 [==========================>...] - ETA: 1:09 - loss: 93.1063 - ACC: 0.1629384/414 [==========================>...] - ETA: 1:07 - loss: 92.9857 - ACC: 0.1628385/414 [==========================>...] - ETA: 1:05 - loss: 93.0004 - ACC: 0.1628386/414 [==========================>...] - ETA: 1:03 - loss: 92.8422 - ACC: 0.1629387/414 [===========================>..] - ETA: 1:00 - loss: 92.7978 - ACC: 0.1628388/414 [===========================>..] - ETA: 58s - loss: 92.7579 - ACC: 0.1635 389/414 [===========================>..] - ETA: 56s - loss: 92.7698 - ACC: 0.1634390/414 [===========================>..] - ETA: 54s - loss: 92.7584 - ACC: 0.1635391/414 [===========================>..] - ETA: 51s - loss: 92.7148 - ACC: 0.1634392/414 [===========================>..] - ETA: 49s - loss: 92.6628 - ACC: 0.1633393/414 [===========================>..] - ETA: 47s - loss: 92.7806 - ACC: 0.1632394/414 [===========================>..] - ETA: 45s - loss: 92.7068 - ACC: 0.1631395/414 [===========================>..] - ETA: 42s - loss: 92.5946 - ACC: 0.1630396/414 [===========================>..] - ETA: 40s - loss: 93.0939 - ACC: 0.1629397/414 [===========================>..] - ETA: 38s - loss: 93.4219 - ACC: 0.1629398/414 [===========================>..] - ETA: 36s - loss: 93.3878 - ACC: 0.1632399/414 [===========================>..] - ETA: 33s - loss: 93.4841 - ACC: 0.1628400/414 [===========================>..] - ETA: 31s - loss: 93.3836 - ACC: 0.1628401/414 [============================>.] - ETA: 29s - loss: 93.4496 - ACC: 0.1626402/414 [============================>.] - ETA: 27s - loss: 93.3258 - ACC: 0.1626403/414 [============================>.] - ETA: 24s - loss: 93.2455 - ACC: 0.1628404/414 [============================>.] - ETA: 22s - loss: 93.1522 - ACC: 0.1629405/414 [============================>.] - ETA: 20s - loss: 93.3030 - ACC: 0.1628406/414 [============================>.] - ETA: 18s - loss: 93.5142 - ACC: 0.1627407/414 [============================>.] - ETA: 15s - loss: 93.6489 - ACC: 0.1623408/414 [============================>.] - ETA: 13s - loss: 93.7017 - ACC: 0.1621409/414 [============================>.] - ETA: 11s - loss: 93.6537 - ACC: 0.1620410/414 [============================>.] - ETA: 9s - loss: 93.6744 - ACC: 0.1619 411/414 [============================>.] - ETA: 6s - loss: 93.6664 - ACC: 0.1616412/414 [============================>.] - ETA: 4s - loss: 93.5967 - ACC: 0.1616413/414 [============================>.] - ETA: 2s - loss: 94.2121 - ACC: 0.1615414/414 [==============================] - ETA: 0s - loss: 94.3576 - ACC: 0.1615414/414 [==============================] - 1158s 3s/step - loss: 94.3576 - ACC: 0.1615 - val_loss: 231.6334 - val_ACC: 0.1048
Epoch 8/30
  1/414 [..............................] - ETA: 0s - loss: 212.4878 - ACC: 0.0625  2/414 [..............................] - ETA: 7:24 - loss: 169.0105 - ACC: 0.0625  3/414 [..............................] - ETA: 9:54 - loss: 146.1294 - ACC: 0.0833  4/414 [..............................] - ETA: 11:06 - loss: 157.4055 - ACC: 0.0938  5/414 [..............................] - ETA: 11:52 - loss: 182.3292 - ACC: 0.0875  6/414 [..............................] - ETA: 12:33 - loss: 170.8958 - ACC: 0.0938  7/414 [..............................] - ETA: 12:43 - loss: 162.4950 - ACC: 0.1161  8/414 [..............................] - ETA: 13:00 - loss: 163.6641 - ACC: 0.1016  9/414 [..............................] - ETA: 13:09 - loss: 159.5828 - ACC: 0.1111 10/414 [..............................] - ETA: 13:14 - loss: 158.5338 - ACC: 0.1063 11/414 [..............................] - ETA: 13:19 - loss: 150.5475 - ACC: 0.1080 12/414 [..............................] - ETA: 13:23 - loss: 163.6677 - ACC: 0.1042 13/414 [..............................] - ETA: 13:21 - loss: 192.4471 - ACC: 0.0962 14/414 [>.............................] - ETA: 13:26 - loss: 197.6169 - ACC: 0.0938 15/414 [>.............................] - ETA: 13:28 - loss: 190.5585 - ACC: 0.0917 16/414 [>.............................] - ETA: 13:37 - loss: 187.0986 - ACC: 0.0977 17/414 [>.............................] - ETA: 13:38 - loss: 183.9698 - ACC: 0.0993 18/414 [>.............................] - ETA: 13:38 - loss: 179.3250 - ACC: 0.1042 19/414 [>.............................] - ETA: 13:44 - loss: 178.3159 - ACC: 0.1020 20/414 [>.............................] - ETA: 13:45 - loss: 175.5320 - ACC: 0.1031 21/414 [>.............................] - ETA: 13:41 - loss: 171.6472 - ACC: 0.1131 22/414 [>.............................] - ETA: 13:39 - loss: 168.2444 - ACC: 0.1165 23/414 [>.............................] - ETA: 13:39 - loss: 163.7050 - ACC: 0.1141 24/414 [>.............................] - ETA: 13:39 - loss: 165.9522 - ACC: 0.1198 25/414 [>.............................] - ETA: 13:37 - loss: 165.5397 - ACC: 0.1150 26/414 [>.............................] - ETA: 13:38 - loss: 162.2933 - ACC: 0.1178 27/414 [>.............................] - ETA: 13:37 - loss: 157.8543 - ACC: 0.1250 28/414 [=>............................] - ETA: 13:32 - loss: 156.0243 - ACC: 0.1317 29/414 [=>............................] - ETA: 13:31 - loss: 152.5395 - ACC: 0.1315 30/414 [=>............................] - ETA: 13:31 - loss: 150.3515 - ACC: 0.1354 31/414 [=>............................] - ETA: 13:29 - loss: 146.7785 - ACC: 0.1391 32/414 [=>............................] - ETA: 13:24 - loss: 145.0749 - ACC: 0.1367 33/414 [=>............................] - ETA: 13:28 - loss: 141.6412 - ACC: 0.1420 34/414 [=>............................] - ETA: 13:30 - loss: 138.8792 - ACC: 0.1452 35/414 [=>............................] - ETA: 13:31 - loss: 137.9089 - ACC: 0.1429 36/414 [=>............................] - ETA: 13:28 - loss: 137.0286 - ACC: 0.1406 37/414 [=>............................] - ETA: 13:26 - loss: 135.6491 - ACC: 0.1385 38/414 [=>............................] - ETA: 13:26 - loss: 134.5723 - ACC: 0.1382 39/414 [=>............................] - ETA: 13:25 - loss: 133.0800 - ACC: 0.1378 40/414 [=>............................] - ETA: 13:24 - loss: 131.2901 - ACC: 0.1391 41/414 [=>............................] - ETA: 13:21 - loss: 129.5778 - ACC: 0.1387 42/414 [==>...........................] - ETA: 13:22 - loss: 128.4661 - ACC: 0.1384 43/414 [==>...........................] - ETA: 13:21 - loss: 127.2088 - ACC: 0.1381 44/414 [==>...........................] - ETA: 13:20 - loss: 127.6682 - ACC: 0.1378 45/414 [==>...........................] - ETA: 13:20 - loss: 127.3709 - ACC: 0.1361 46/414 [==>...........................] - ETA: 13:18 - loss: 126.0267 - ACC: 0.1359 47/414 [==>...........................] - ETA: 13:18 - loss: 124.3357 - ACC: 0.1423 48/414 [==>...........................] - ETA: 13:15 - loss: 122.5706 - ACC: 0.1471 49/414 [==>...........................] - ETA: 13:13 - loss: 121.3606 - ACC: 0.1467 50/414 [==>...........................] - ETA: 13:09 - loss: 119.7928 - ACC: 0.1488 51/414 [==>...........................] - ETA: 13:10 - loss: 118.2257 - ACC: 0.1507 52/414 [==>...........................] - ETA: 13:11 - loss: 117.1863 - ACC: 0.1490 53/414 [==>...........................] - ETA: 13:09 - loss: 116.1368 - ACC: 0.1521 54/414 [==>...........................] - ETA: 13:07 - loss: 115.1869 - ACC: 0.1539 55/414 [==>...........................] - ETA: 13:06 - loss: 114.3994 - ACC: 0.1568 56/414 [===>..........................] - ETA: 13:04 - loss: 113.8255 - ACC: 0.1540 57/414 [===>..........................] - ETA: 13:02 - loss: 112.6583 - ACC: 0.1557 58/414 [===>..........................] - ETA: 13:02 - loss: 111.7619 - ACC: 0.1552 59/414 [===>..........................] - ETA: 12:59 - loss: 111.7400 - ACC: 0.1536 60/414 [===>..........................] - ETA: 12:56 - loss: 110.7849 - ACC: 0.1531 61/414 [===>..........................] - ETA: 12:53 - loss: 110.3667 - ACC: 0.1547 62/414 [===>..........................] - ETA: 12:50 - loss: 109.5210 - ACC: 0.1542 63/414 [===>..........................] - ETA: 12:47 - loss: 108.8425 - ACC: 0.1528 64/414 [===>..........................] - ETA: 12:45 - loss: 108.4413 - ACC: 0.1504 65/414 [===>..........................] - ETA: 12:42 - loss: 107.3993 - ACC: 0.1490 66/414 [===>..........................] - ETA: 12:38 - loss: 106.5641 - ACC: 0.1515 67/414 [===>..........................] - ETA: 12:38 - loss: 105.7807 - ACC: 0.1502 68/414 [===>..........................] - ETA: 12:37 - loss: 104.9570 - ACC: 0.1535 69/414 [====>.........................] - ETA: 12:35 - loss: 104.2710 - ACC: 0.1540 70/414 [====>.........................] - ETA: 12:35 - loss: 103.7143 - ACC: 0.1554 71/414 [====>.........................] - ETA: 12:35 - loss: 104.8070 - ACC: 0.1549 72/414 [====>.........................] - ETA: 12:34 - loss: 105.0038 - ACC: 0.1562 73/414 [====>.........................] - ETA: 12:33 - loss: 104.5985 - ACC: 0.1567 74/414 [====>.........................] - ETA: 12:31 - loss: 104.5949 - ACC: 0.1571 75/414 [====>.........................] - ETA: 12:28 - loss: 104.3563 - ACC: 0.1567 76/414 [====>.........................] - ETA: 12:24 - loss: 103.4718 - ACC: 0.1595 77/414 [====>.........................] - ETA: 12:23 - loss: 102.8945 - ACC: 0.1591 78/414 [====>.........................] - ETA: 12:21 - loss: 103.0007 - ACC: 0.1579 79/414 [====>.........................] - ETA: 12:19 - loss: 102.5327 - ACC: 0.1574 80/414 [====>.........................] - ETA: 12:18 - loss: 101.9741 - ACC: 0.1594 81/414 [====>.........................] - ETA: 12:16 - loss: 101.3139 - ACC: 0.1605 82/414 [====>.........................] - ETA: 12:14 - loss: 101.2918 - ACC: 0.1608 83/414 [=====>........................] - ETA: 12:12 - loss: 101.7929 - ACC: 0.1619 84/414 [=====>........................] - ETA: 12:09 - loss: 101.2991 - ACC: 0.1600 85/414 [=====>........................] - ETA: 12:06 - loss: 101.0963 - ACC: 0.1610 86/414 [=====>........................] - ETA: 12:05 - loss: 101.1773 - ACC: 0.1606 87/414 [=====>........................] - ETA: 12:02 - loss: 100.7768 - ACC: 0.1595 88/414 [=====>........................] - ETA: 12:00 - loss: 100.1622 - ACC: 0.1612 89/414 [=====>........................] - ETA: 11:58 - loss: 99.9769 - ACC: 0.1608  90/414 [=====>........................] - ETA: 11:57 - loss: 99.6236 - ACC: 0.1618 91/414 [=====>........................] - ETA: 11:54 - loss: 99.8969 - ACC: 0.1607 92/414 [=====>........................] - ETA: 11:51 - loss: 99.5056 - ACC: 0.1603 93/414 [=====>........................] - ETA: 11:50 - loss: 99.8586 - ACC: 0.1613 94/414 [=====>........................] - ETA: 11:47 - loss: 100.1310 - ACC: 0.1609 95/414 [=====>........................] - ETA: 11:44 - loss: 100.0209 - ACC: 0.1605 96/414 [=====>........................] - ETA: 11:42 - loss: 100.6113 - ACC: 0.1595 97/414 [======>.......................] - ETA: 11:41 - loss: 100.2333 - ACC: 0.1617 98/414 [======>.......................] - ETA: 11:39 - loss: 100.1296 - ACC: 0.1626 99/414 [======>.......................] - ETA: 11:36 - loss: 99.8027 - ACC: 0.1635 100/414 [======>.......................] - ETA: 11:34 - loss: 99.8466 - ACC: 0.1631101/414 [======>.......................] - ETA: 11:31 - loss: 99.5401 - ACC: 0.1634102/414 [======>.......................] - ETA: 11:30 - loss: 99.3373 - ACC: 0.1642103/414 [======>.......................] - ETA: 11:27 - loss: 98.7207 - ACC: 0.1638104/414 [======>.......................] - ETA: 11:26 - loss: 98.3212 - ACC: 0.1641105/414 [======>.......................] - ETA: 11:24 - loss: 97.8775 - ACC: 0.1643106/414 [======>.......................] - ETA: 11:22 - loss: 97.7543 - ACC: 0.1633107/414 [======>.......................] - ETA: 11:20 - loss: 97.4645 - ACC: 0.1624108/414 [======>.......................] - ETA: 11:18 - loss: 97.4976 - ACC: 0.1620109/414 [======>.......................] - ETA: 11:16 - loss: 97.8914 - ACC: 0.1606110/414 [======>.......................] - ETA: 11:13 - loss: 98.3309 - ACC: 0.1602111/414 [=======>......................] - ETA: 11:11 - loss: 98.6479 - ACC: 0.1605112/414 [=======>......................] - ETA: 11:09 - loss: 98.4934 - ACC: 0.1607113/414 [=======>......................] - ETA: 11:07 - loss: 98.5724 - ACC: 0.1604114/414 [=======>......................] - ETA: 11:05 - loss: 98.1061 - ACC: 0.1606115/414 [=======>......................] - ETA: 11:04 - loss: 97.8157 - ACC: 0.1614116/414 [=======>......................] - ETA: 11:01 - loss: 97.9089 - ACC: 0.1616117/414 [=======>......................] - ETA: 10:59 - loss: 97.5126 - ACC: 0.1613118/414 [=======>......................] - ETA: 10:57 - loss: 97.0770 - ACC: 0.1626119/414 [=======>......................] - ETA: 10:54 - loss: 96.7471 - ACC: 0.1618120/414 [=======>......................] - ETA: 10:52 - loss: 96.8837 - ACC: 0.1615121/414 [=======>......................] - ETA: 10:49 - loss: 96.3635 - ACC: 0.1617122/414 [=======>......................] - ETA: 10:46 - loss: 95.8380 - ACC: 0.1624123/414 [=======>......................] - ETA: 10:43 - loss: 95.4801 - ACC: 0.1616124/414 [=======>......................] - ETA: 10:42 - loss: 94.9916 - ACC: 0.1618125/414 [========>.....................] - ETA: 10:39 - loss: 94.7640 - ACC: 0.1620126/414 [========>.....................] - ETA: 10:37 - loss: 94.3862 - ACC: 0.1612127/414 [========>.....................] - ETA: 10:34 - loss: 94.4367 - ACC: 0.1614128/414 [========>.....................] - ETA: 10:32 - loss: 94.4436 - ACC: 0.1611129/414 [========>.....................] - ETA: 10:31 - loss: 94.2935 - ACC: 0.1604130/414 [========>.....................] - ETA: 10:29 - loss: 93.8304 - ACC: 0.1601131/414 [========>.....................] - ETA: 10:26 - loss: 93.5251 - ACC: 0.1617132/414 [========>.....................] - ETA: 10:24 - loss: 93.0815 - ACC: 0.1624133/414 [========>.....................] - ETA: 10:22 - loss: 93.2855 - ACC: 0.1612134/414 [========>.....................] - ETA: 10:20 - loss: 93.1046 - ACC: 0.1609135/414 [========>.....................] - ETA: 10:18 - loss: 92.7442 - ACC: 0.1620136/414 [========>.....................] - ETA: 10:15 - loss: 92.4394 - ACC: 0.1622137/414 [========>.....................] - ETA: 10:13 - loss: 92.5163 - ACC: 0.1620138/414 [=========>....................] - ETA: 10:12 - loss: 92.4018 - ACC: 0.1617139/414 [=========>....................] - ETA: 10:10 - loss: 92.3990 - ACC: 0.1619140/414 [=========>....................] - ETA: 10:08 - loss: 92.3370 - ACC: 0.1625141/414 [=========>....................] - ETA: 10:05 - loss: 91.9286 - ACC: 0.1627142/414 [=========>....................] - ETA: 10:03 - loss: 91.5489 - ACC: 0.1629143/414 [=========>....................] - ETA: 10:01 - loss: 91.1791 - ACC: 0.1630144/414 [=========>....................] - ETA: 9:59 - loss: 90.9392 - ACC: 0.1628 145/414 [=========>....................] - ETA: 9:57 - loss: 91.0833 - ACC: 0.1625146/414 [=========>....................] - ETA: 9:55 - loss: 91.1515 - ACC: 0.1618147/414 [=========>....................] - ETA: 9:53 - loss: 91.5308 - ACC: 0.1611148/414 [=========>....................] - ETA: 9:50 - loss: 91.2495 - ACC: 0.1609149/414 [=========>....................] - ETA: 9:48 - loss: 90.8136 - ACC: 0.1615150/414 [=========>....................] - ETA: 9:46 - loss: 90.5411 - ACC: 0.1617151/414 [=========>....................] - ETA: 9:43 - loss: 90.2079 - ACC: 0.1614152/414 [==========>...................] - ETA: 9:41 - loss: 90.1003 - ACC: 0.1612153/414 [==========>...................] - ETA: 9:39 - loss: 89.8950 - ACC: 0.1630154/414 [==========>...................] - ETA: 9:37 - loss: 89.8858 - ACC: 0.1627155/414 [==========>...................] - ETA: 9:34 - loss: 89.7798 - ACC: 0.1637156/414 [==========>...................] - ETA: 9:32 - loss: 89.8808 - ACC: 0.1643157/414 [==========>...................] - ETA: 9:30 - loss: 89.7702 - ACC: 0.1636158/414 [==========>...................] - ETA: 9:27 - loss: 89.8733 - ACC: 0.1630159/414 [==========>...................] - ETA: 9:25 - loss: 90.6690 - ACC: 0.1627160/414 [==========>...................] - ETA: 9:22 - loss: 90.5930 - ACC: 0.1637161/414 [==========>...................] - ETA: 9:20 - loss: 90.4019 - ACC: 0.1646162/414 [==========>...................] - ETA: 9:18 - loss: 90.0779 - ACC: 0.1640163/414 [==========>...................] - ETA: 9:17 - loss: 89.7587 - ACC: 0.1645164/414 [==========>...................] - ETA: 9:14 - loss: 89.5823 - ACC: 0.1639165/414 [==========>...................] - ETA: 9:12 - loss: 89.4032 - ACC: 0.1633166/414 [===========>..................] - ETA: 9:10 - loss: 89.0259 - ACC: 0.1642167/414 [===========>..................] - ETA: 9:08 - loss: 88.6995 - ACC: 0.1650168/414 [===========>..................] - ETA: 9:06 - loss: 88.9012 - ACC: 0.1648169/414 [===========>..................] - ETA: 9:04 - loss: 88.8077 - ACC: 0.1646170/414 [===========>..................] - ETA: 9:02 - loss: 88.8895 - ACC: 0.1643171/414 [===========>..................] - ETA: 9:00 - loss: 88.6336 - ACC: 0.1645172/414 [===========>..................] - ETA: 8:57 - loss: 88.7891 - ACC: 0.1642173/414 [===========>..................] - ETA: 8:55 - loss: 88.7948 - ACC: 0.1644174/414 [===========>..................] - ETA: 8:54 - loss: 88.5077 - ACC: 0.1659175/414 [===========>..................] - ETA: 8:52 - loss: 88.1730 - ACC: 0.1671176/414 [===========>..................] - ETA: 8:49 - loss: 88.2210 - ACC: 0.1680177/414 [===========>..................] - ETA: 8:47 - loss: 88.2874 - ACC: 0.1677178/414 [===========>..................] - ETA: 8:45 - loss: 88.1479 - ACC: 0.1678179/414 [===========>..................] - ETA: 8:43 - loss: 87.8793 - ACC: 0.1683180/414 [============>.................] - ETA: 8:41 - loss: 88.0513 - ACC: 0.1681181/414 [============>.................] - ETA: 8:38 - loss: 88.0480 - ACC: 0.1682182/414 [============>.................] - ETA: 8:36 - loss: 88.0387 - ACC: 0.1683183/414 [============>.................] - ETA: 8:34 - loss: 88.2620 - ACC: 0.1680184/414 [============>.................] - ETA: 8:32 - loss: 88.2577 - ACC: 0.1678185/414 [============>.................] - ETA: 8:30 - loss: 88.0990 - ACC: 0.1679186/414 [============>.................] - ETA: 8:28 - loss: 88.0951 - ACC: 0.1680187/414 [============>.................] - ETA: 8:25 - loss: 88.2612 - ACC: 0.1681188/414 [============>.................] - ETA: 8:23 - loss: 88.3752 - ACC: 0.1676189/414 [============>.................] - ETA: 8:22 - loss: 88.5817 - ACC: 0.1673190/414 [============>.................] - ETA: 8:20 - loss: 88.6556 - ACC: 0.1674191/414 [============>.................] - ETA: 8:17 - loss: 88.5895 - ACC: 0.1672192/414 [============>.................] - ETA: 8:15 - loss: 88.5963 - ACC: 0.1676193/414 [============>.................] - ETA: 8:13 - loss: 88.6482 - ACC: 0.1677194/414 [=============>................] - ETA: 8:11 - loss: 88.6030 - ACC: 0.1672195/414 [=============>................] - ETA: 8:09 - loss: 88.5100 - ACC: 0.1673196/414 [=============>................] - ETA: 8:07 - loss: 88.4100 - ACC: 0.1674197/414 [=============>................] - ETA: 8:04 - loss: 88.5942 - ACC: 0.1675198/414 [=============>................] - ETA: 8:02 - loss: 88.7283 - ACC: 0.1676199/414 [=============>................] - ETA: 7:59 - loss: 88.5129 - ACC: 0.1680200/414 [=============>................] - ETA: 7:57 - loss: 88.4738 - ACC: 0.1678201/414 [=============>................] - ETA: 7:55 - loss: 88.4126 - ACC: 0.1673202/414 [=============>................] - ETA: 7:53 - loss: 88.4377 - ACC: 0.1677203/414 [=============>................] - ETA: 7:51 - loss: 88.4447 - ACC: 0.1678204/414 [=============>................] - ETA: 7:49 - loss: 88.8190 - ACC: 0.1682205/414 [=============>................] - ETA: 7:46 - loss: 88.7088 - ACC: 0.1677206/414 [=============>................] - ETA: 7:44 - loss: 88.5205 - ACC: 0.1678207/414 [==============>...............] - ETA: 7:41 - loss: 88.4907 - ACC: 0.1673208/414 [==============>...............] - ETA: 7:39 - loss: 88.4949 - ACC: 0.1665209/414 [==============>...............] - ETA: 7:37 - loss: 88.4974 - ACC: 0.1666210/414 [==============>...............] - ETA: 7:35 - loss: 88.3719 - ACC: 0.1664211/414 [==============>...............] - ETA: 7:33 - loss: 88.2462 - ACC: 0.1665212/414 [==============>...............] - ETA: 7:30 - loss: 88.2887 - ACC: 0.1660213/414 [==============>...............] - ETA: 7:28 - loss: 88.0956 - ACC: 0.1661214/414 [==============>...............] - ETA: 7:26 - loss: 88.1320 - ACC: 0.1656215/414 [==============>...............] - ETA: 7:23 - loss: 88.1089 - ACC: 0.1660216/414 [==============>...............] - ETA: 7:21 - loss: 88.0012 - ACC: 0.1667217/414 [==============>...............] - ETA: 7:19 - loss: 87.9193 - ACC: 0.1668218/414 [==============>...............] - ETA: 7:17 - loss: 87.7946 - ACC: 0.1663219/414 [==============>...............] - ETA: 7:15 - loss: 87.9931 - ACC: 0.1661220/414 [==============>...............] - ETA: 7:13 - loss: 87.7935 - ACC: 0.1665221/414 [===============>..............] - ETA: 7:10 - loss: 87.7722 - ACC: 0.1671222/414 [===============>..............] - ETA: 7:08 - loss: 87.6891 - ACC: 0.1672223/414 [===============>..............] - ETA: 7:06 - loss: 87.5322 - ACC: 0.1679224/414 [===============>..............] - ETA: 7:04 - loss: 87.7879 - ACC: 0.1674225/414 [===============>..............] - ETA: 7:02 - loss: 87.6373 - ACC: 0.1672226/414 [===============>..............] - ETA: 6:59 - loss: 87.7015 - ACC: 0.1681227/414 [===============>..............] - ETA: 6:57 - loss: 87.5302 - ACC: 0.1682228/414 [===============>..............] - ETA: 6:55 - loss: 87.4780 - ACC: 0.1683229/414 [===============>..............] - ETA: 6:52 - loss: 87.4827 - ACC: 0.1684230/414 [===============>..............] - ETA: 6:50 - loss: 87.4523 - ACC: 0.1679231/414 [===============>..............] - ETA: 6:48 - loss: 87.4512 - ACC: 0.1677232/414 [===============>..............] - ETA: 6:46 - loss: 87.2279 - ACC: 0.1684233/414 [===============>..............] - ETA: 6:44 - loss: 87.2300 - ACC: 0.1679234/414 [===============>..............] - ETA: 6:41 - loss: 87.3041 - ACC: 0.1685235/414 [================>.............] - ETA: 6:39 - loss: 87.6242 - ACC: 0.1681236/414 [================>.............] - ETA: 6:37 - loss: 87.5788 - ACC: 0.1684237/414 [================>.............] - ETA: 6:35 - loss: 87.5479 - ACC: 0.1677238/414 [================>.............] - ETA: 6:33 - loss: 87.4468 - ACC: 0.1681239/414 [================>.............] - ETA: 6:31 - loss: 87.2877 - ACC: 0.1684240/414 [================>.............] - ETA: 6:29 - loss: 87.2419 - ACC: 0.1682241/414 [================>.............] - ETA: 6:26 - loss: 87.0394 - ACC: 0.1680242/414 [================>.............] - ETA: 6:24 - loss: 86.8428 - ACC: 0.1681243/414 [================>.............] - ETA: 6:22 - loss: 86.7371 - ACC: 0.1677244/414 [================>.............] - ETA: 6:20 - loss: 86.7859 - ACC: 0.1675245/414 [================>.............] - ETA: 6:17 - loss: 86.8696 - ACC: 0.1673246/414 [================>.............] - ETA: 6:15 - loss: 86.6762 - ACC: 0.1677247/414 [================>.............] - ETA: 6:13 - loss: 86.5768 - ACC: 0.1678248/414 [================>.............] - ETA: 6:11 - loss: 86.5845 - ACC: 0.1681249/414 [=================>............] - ETA: 6:09 - loss: 86.4541 - ACC: 0.1679250/414 [=================>............] - ETA: 6:06 - loss: 86.4113 - ACC: 0.1685251/414 [=================>............] - ETA: 6:04 - loss: 86.3120 - ACC: 0.1681252/414 [=================>............] - ETA: 6:02 - loss: 86.1252 - ACC: 0.1689253/414 [=================>............] - ETA: 6:00 - loss: 86.0289 - ACC: 0.1700254/414 [=================>............] - ETA: 5:57 - loss: 85.8292 - ACC: 0.1700255/414 [=================>............] - ETA: 5:55 - loss: 85.7013 - ACC: 0.1703256/414 [=================>............] - ETA: 5:53 - loss: 86.0759 - ACC: 0.1697257/414 [=================>............] - ETA: 5:51 - loss: 85.9554 - ACC: 0.1700258/414 [=================>............] - ETA: 5:48 - loss: 85.8936 - ACC: 0.1698259/414 [=================>............] - ETA: 5:46 - loss: 85.7207 - ACC: 0.1704260/414 [=================>............] - ETA: 5:44 - loss: 85.7272 - ACC: 0.1700261/414 [=================>............] - ETA: 5:41 - loss: 85.6595 - ACC: 0.1700262/414 [=================>............] - ETA: 5:40 - loss: 85.6632 - ACC: 0.1701263/414 [==================>...........] - ETA: 5:37 - loss: 85.6592 - ACC: 0.1697264/414 [==================>...........] - ETA: 5:35 - loss: 85.5962 - ACC: 0.1693265/414 [==================>...........] - ETA: 5:33 - loss: 85.6650 - ACC: 0.1693266/414 [==================>...........] - ETA: 5:31 - loss: 85.6202 - ACC: 0.1689267/414 [==================>...........] - ETA: 5:29 - loss: 85.5806 - ACC: 0.1683268/414 [==================>...........] - ETA: 5:27 - loss: 85.7006 - ACC: 0.1679269/414 [==================>...........] - ETA: 5:25 - loss: 85.5783 - ACC: 0.1687270/414 [==================>...........] - ETA: 5:23 - loss: 85.6075 - ACC: 0.1694271/414 [==================>...........] - ETA: 5:20 - loss: 85.5252 - ACC: 0.1693272/414 [==================>...........] - ETA: 5:18 - loss: 85.3124 - ACC: 0.1691273/414 [==================>...........] - ETA: 5:16 - loss: 85.1877 - ACC: 0.1687274/414 [==================>...........] - ETA: 5:14 - loss: 85.3676 - ACC: 0.1681275/414 [==================>...........] - ETA: 5:11 - loss: 85.3528 - ACC: 0.1682276/414 [===================>..........] - ETA: 5:09 - loss: 85.2316 - ACC: 0.1678277/414 [===================>..........] - ETA: 5:07 - loss: 85.2481 - ACC: 0.1679278/414 [===================>..........] - ETA: 5:05 - loss: 85.1649 - ACC: 0.1677279/414 [===================>..........] - ETA: 5:03 - loss: 85.1809 - ACC: 0.1676280/414 [===================>..........] - ETA: 5:00 - loss: 85.0293 - ACC: 0.1676281/414 [===================>..........] - ETA: 4:58 - loss: 84.9428 - ACC: 0.1677282/414 [===================>..........] - ETA: 4:56 - loss: 84.7961 - ACC: 0.1680283/414 [===================>..........] - ETA: 4:54 - loss: 84.7136 - ACC: 0.1681284/414 [===================>..........] - ETA: 4:51 - loss: 84.5828 - ACC: 0.1681285/414 [===================>..........] - ETA: 4:49 - loss: 84.4449 - ACC: 0.1680286/414 [===================>..........] - ETA: 4:47 - loss: 84.3637 - ACC: 0.1681287/414 [===================>..........] - ETA: 4:45 - loss: 84.4506 - ACC: 0.1681288/414 [===================>..........] - ETA: 4:43 - loss: 84.4035 - ACC: 0.1684289/414 [===================>..........] - ETA: 4:40 - loss: 84.4298 - ACC: 0.1680290/414 [====================>.........] - ETA: 4:38 - loss: 84.2442 - ACC: 0.1679291/414 [====================>.........] - ETA: 4:36 - loss: 84.2090 - ACC: 0.1675292/414 [====================>.........] - ETA: 4:33 - loss: 84.1088 - ACC: 0.1674293/414 [====================>.........] - ETA: 4:31 - loss: 84.0227 - ACC: 0.1670294/414 [====================>.........] - ETA: 4:29 - loss: 83.9262 - ACC: 0.1669295/414 [====================>.........] - ETA: 4:27 - loss: 83.8394 - ACC: 0.1669296/414 [====================>.........] - ETA: 4:24 - loss: 83.8988 - ACC: 0.1666297/414 [====================>.........] - ETA: 4:22 - loss: 83.7071 - ACC: 0.1665298/414 [====================>.........] - ETA: 4:20 - loss: 83.6336 - ACC: 0.1665299/414 [====================>.........] - ETA: 4:18 - loss: 83.4944 - ACC: 0.1670300/414 [====================>.........] - ETA: 4:15 - loss: 83.4428 - ACC: 0.1677301/414 [====================>.........] - ETA: 4:13 - loss: 83.2116 - ACC: 0.1686302/414 [====================>.........] - ETA: 4:11 - loss: 83.1116 - ACC: 0.1691303/414 [====================>.........] - ETA: 4:09 - loss: 82.9906 - ACC: 0.1689304/414 [=====================>........] - ETA: 4:07 - loss: 82.8217 - ACC: 0.1694305/414 [=====================>........] - ETA: 4:04 - loss: 82.7645 - ACC: 0.1697306/414 [=====================>........] - ETA: 4:02 - loss: 82.6639 - ACC: 0.1701307/414 [=====================>........] - ETA: 4:00 - loss: 82.7441 - ACC: 0.1700308/414 [=====================>........] - ETA: 3:58 - loss: 82.6203 - ACC: 0.1700309/414 [=====================>........] - ETA: 3:55 - loss: 82.5368 - ACC: 0.1699310/414 [=====================>........] - ETA: 3:53 - loss: 82.4258 - ACC: 0.1708311/414 [=====================>........] - ETA: 3:51 - loss: 82.2786 - ACC: 0.1710312/414 [=====================>........] - ETA: 3:49 - loss: 82.2518 - ACC: 0.1711313/414 [=====================>........] - ETA: 3:46 - loss: 82.4422 - ACC: 0.1707314/414 [=====================>........] - ETA: 3:44 - loss: 82.4196 - ACC: 0.1708315/414 [=====================>........] - ETA: 3:42 - loss: 82.3610 - ACC: 0.1706316/414 [=====================>........] - ETA: 3:40 - loss: 82.3952 - ACC: 0.1707317/414 [=====================>........] - ETA: 3:37 - loss: 82.3550 - ACC: 0.1707318/414 [======================>.......] - ETA: 3:35 - loss: 82.4304 - ACC: 0.1706319/414 [======================>.......] - ETA: 3:33 - loss: 82.2750 - ACC: 0.1705320/414 [======================>.......] - ETA: 3:31 - loss: 82.3016 - ACC: 0.1701321/414 [======================>.......] - ETA: 3:28 - loss: 82.2130 - ACC: 0.1706322/414 [======================>.......] - ETA: 3:26 - loss: 82.1929 - ACC: 0.1708323/414 [======================>.......] - ETA: 3:24 - loss: 82.2031 - ACC: 0.1709324/414 [======================>.......] - ETA: 3:22 - loss: 82.1642 - ACC: 0.1707325/414 [======================>.......] - ETA: 3:20 - loss: 82.3122 - ACC: 0.1708326/414 [======================>.......] - ETA: 3:17 - loss: 82.1286 - ACC: 0.1712327/414 [======================>.......] - ETA: 3:15 - loss: 81.9699 - ACC: 0.1722328/414 [======================>.......] - ETA: 3:13 - loss: 81.8787 - ACC: 0.1723329/414 [======================>.......] - ETA: 3:11 - loss: 81.9745 - ACC: 0.1721330/414 [======================>.......] - ETA: 3:08 - loss: 82.0462 - ACC: 0.1723331/414 [======================>.......] - ETA: 3:06 - loss: 82.3661 - ACC: 0.1722332/414 [=======================>......] - ETA: 3:04 - loss: 82.4391 - ACC: 0.1723333/414 [=======================>......] - ETA: 3:01 - loss: 82.5655 - ACC: 0.1725334/414 [=======================>......] - ETA: 2:59 - loss: 82.4725 - ACC: 0.1727335/414 [=======================>......] - ETA: 2:57 - loss: 82.7215 - ACC: 0.1724336/414 [=======================>......] - ETA: 2:55 - loss: 82.7313 - ACC: 0.1721337/414 [=======================>......] - ETA: 2:53 - loss: 82.7430 - ACC: 0.1719338/414 [=======================>......] - ETA: 2:50 - loss: 82.6808 - ACC: 0.1722339/414 [=======================>......] - ETA: 2:48 - loss: 82.5131 - ACC: 0.1720340/414 [=======================>......] - ETA: 2:46 - loss: 82.3866 - ACC: 0.1719341/414 [=======================>......] - ETA: 2:43 - loss: 82.4165 - ACC: 0.1714342/414 [=======================>......] - ETA: 2:41 - loss: 82.2945 - ACC: 0.1714343/414 [=======================>......] - ETA: 2:39 - loss: 82.2205 - ACC: 0.1713344/414 [=======================>......] - ETA: 2:37 - loss: 82.1076 - ACC: 0.1713345/414 [========================>.....] - ETA: 2:35 - loss: 81.9817 - ACC: 0.1714346/414 [========================>.....] - ETA: 2:32 - loss: 81.9370 - ACC: 0.1716347/414 [========================>.....] - ETA: 2:30 - loss: 81.8978 - ACC: 0.1715348/414 [========================>.....] - ETA: 2:28 - loss: 81.8706 - ACC: 0.1717349/414 [========================>.....] - ETA: 2:25 - loss: 81.8772 - ACC: 0.1714350/414 [========================>.....] - ETA: 2:23 - loss: 81.9009 - ACC: 0.1713351/414 [========================>.....] - ETA: 2:21 - loss: 81.7568 - ACC: 0.1713352/414 [========================>.....] - ETA: 2:19 - loss: 81.7666 - ACC: 0.1710353/414 [========================>.....] - ETA: 2:17 - loss: 81.7325 - ACC: 0.1709354/414 [========================>.....] - ETA: 2:14 - loss: 81.7509 - ACC: 0.1707355/414 [========================>.....] - ETA: 2:12 - loss: 81.6307 - ACC: 0.1708356/414 [========================>.....] - ETA: 2:10 - loss: 81.6531 - ACC: 0.1710357/414 [========================>.....] - ETA: 2:08 - loss: 81.5764 - ACC: 0.1709358/414 [========================>.....] - ETA: 2:05 - loss: 81.3943 - ACC: 0.1711359/414 [=========================>....] - ETA: 2:03 - loss: 81.3155 - ACC: 0.1713360/414 [=========================>....] - ETA: 2:01 - loss: 81.2399 - ACC: 0.1712361/414 [=========================>....] - ETA: 1:59 - loss: 81.1943 - ACC: 0.1711362/414 [=========================>....] - ETA: 1:56 - loss: 81.1757 - ACC: 0.1709363/414 [=========================>....] - ETA: 1:54 - loss: 81.0730 - ACC: 0.1711364/414 [=========================>....] - ETA: 1:52 - loss: 81.0258 - ACC: 0.1710365/414 [=========================>....] - ETA: 1:49 - loss: 80.9548 - ACC: 0.1709366/414 [=========================>....] - ETA: 1:47 - loss: 80.8621 - ACC: 0.1716367/414 [=========================>....] - ETA: 1:45 - loss: 80.7908 - ACC: 0.1715368/414 [=========================>....] - ETA: 1:43 - loss: 80.7359 - ACC: 0.1715369/414 [=========================>....] - ETA: 1:41 - loss: 80.7470 - ACC: 0.1712370/414 [=========================>....] - ETA: 1:38 - loss: 80.6268 - ACC: 0.1713371/414 [=========================>....] - ETA: 1:36 - loss: 80.5003 - ACC: 0.1715372/414 [=========================>....] - ETA: 1:34 - loss: 80.4053 - ACC: 0.1712373/414 [==========================>...] - ETA: 1:32 - loss: 80.4220 - ACC: 0.1711374/414 [==========================>...] - ETA: 1:29 - loss: 80.3959 - ACC: 0.1708375/414 [==========================>...] - ETA: 1:27 - loss: 80.3909 - ACC: 0.1708376/414 [==========================>...] - ETA: 1:25 - loss: 80.3866 - ACC: 0.1709377/414 [==========================>...] - ETA: 1:23 - loss: 80.7861 - ACC: 0.1706378/414 [==========================>...] - ETA: 1:20 - loss: 80.7551 - ACC: 0.1703379/414 [==========================>...] - ETA: 1:18 - loss: 80.5950 - ACC: 0.1713380/414 [==========================>...] - ETA: 1:16 - loss: 80.5762 - ACC: 0.1714381/414 [==========================>...] - ETA: 1:14 - loss: 80.6892 - ACC: 0.1713382/414 [==========================>...] - ETA: 1:11 - loss: 80.6267 - ACC: 0.1710383/414 [==========================>...] - ETA: 1:09 - loss: 80.6276 - ACC: 0.1705384/414 [==========================>...] - ETA: 1:07 - loss: 80.5513 - ACC: 0.1707385/414 [==========================>...] - ETA: 1:05 - loss: 80.5564 - ACC: 0.1706386/414 [==========================>...] - ETA: 1:02 - loss: 80.5119 - ACC: 0.1710387/414 [===========================>..] - ETA: 1:00 - loss: 80.3967 - ACC: 0.1712388/414 [===========================>..] - ETA: 58s - loss: 80.3347 - ACC: 0.1711 389/414 [===========================>..] - ETA: 56s - loss: 80.3103 - ACC: 0.1711390/414 [===========================>..] - ETA: 53s - loss: 80.2400 - ACC: 0.1710391/414 [===========================>..] - ETA: 51s - loss: 80.1266 - ACC: 0.1712392/414 [===========================>..] - ETA: 49s - loss: 80.0748 - ACC: 0.1712393/414 [===========================>..] - ETA: 47s - loss: 80.0333 - ACC: 0.1710394/414 [===========================>..] - ETA: 44s - loss: 79.9273 - ACC: 0.1710395/414 [===========================>..] - ETA: 42s - loss: 79.7698 - ACC: 0.1714396/414 [===========================>..] - ETA: 40s - loss: 80.2879 - ACC: 0.1719397/414 [===========================>..] - ETA: 38s - loss: 80.3010 - ACC: 0.1721398/414 [===========================>..] - ETA: 35s - loss: 80.2223 - ACC: 0.1718399/414 [===========================>..] - ETA: 33s - loss: 80.1646 - ACC: 0.1721400/414 [===========================>..] - ETA: 31s - loss: 80.0779 - ACC: 0.1725401/414 [============================>.] - ETA: 29s - loss: 80.0795 - ACC: 0.1724402/414 [============================>.] - ETA: 26s - loss: 79.9522 - ACC: 0.1723403/414 [============================>.] - ETA: 24s - loss: 79.9927 - ACC: 0.1720404/414 [============================>.] - ETA: 22s - loss: 79.8921 - ACC: 0.1722405/414 [============================>.] - ETA: 20s - loss: 79.8346 - ACC: 0.1725406/414 [============================>.] - ETA: 17s - loss: 79.9678 - ACC: 0.1727407/414 [============================>.] - ETA: 15s - loss: 80.0345 - ACC: 0.1728408/414 [============================>.] - ETA: 13s - loss: 80.0185 - ACC: 0.1733409/414 [============================>.] - ETA: 11s - loss: 80.3332 - ACC: 0.1730410/414 [============================>.] - ETA: 8s - loss: 80.4268 - ACC: 0.1730 411/414 [============================>.] - ETA: 6s - loss: 80.3832 - ACC: 0.1731412/414 [============================>.] - ETA: 4s - loss: 80.3925 - ACC: 0.1731413/414 [============================>.] - ETA: 2s - loss: 80.9872 - ACC: 0.1728414/414 [==============================] - ETA: 0s - loss: 81.2136 - ACC: 0.1726414/414 [==============================] - 1154s 3s/step - loss: 81.2136 - ACC: 0.1726 - val_loss: 262.5943 - val_ACC: 0.0962
Epoch 9/30
  1/414 [..............................] - ETA: 0s - loss: 113.3464 - ACC: 0.2500  2/414 [..............................] - ETA: 7:20 - loss: 120.9540 - ACC: 0.1562  3/414 [..............................] - ETA: 9:41 - loss: 104.9167 - ACC: 0.1250  4/414 [..............................] - ETA: 10:53 - loss: 102.7021 - ACC: 0.1250  5/414 [..............................] - ETA: 11:41 - loss: 108.3206 - ACC: 0.1250  6/414 [..............................] - ETA: 12:21 - loss: 114.0216 - ACC: 0.1146  7/414 [..............................] - ETA: 12:33 - loss: 125.3925 - ACC: 0.1071  8/414 [..............................] - ETA: 12:49 - loss: 124.7168 - ACC: 0.0938  9/414 [..............................] - ETA: 12:58 - loss: 137.6308 - ACC: 0.0833 10/414 [..............................] - ETA: 13:04 - loss: 141.5846 - ACC: 0.0938 11/414 [..............................] - ETA: 13:09 - loss: 132.7280 - ACC: 0.1136 12/414 [..............................] - ETA: 13:14 - loss: 134.8582 - ACC: 0.1198 13/414 [..............................] - ETA: 13:12 - loss: 165.8251 - ACC: 0.1106 14/414 [>.............................] - ETA: 13:17 - loss: 176.3282 - ACC: 0.1027 15/414 [>.............................] - ETA: 13:18 - loss: 177.3274 - ACC: 0.0958 16/414 [>.............................] - ETA: 13:27 - loss: 172.8970 - ACC: 0.0977 17/414 [>.............................] - ETA: 13:29 - loss: 170.1691 - ACC: 0.0993 18/414 [>.............................] - ETA: 13:30 - loss: 167.6295 - ACC: 0.1146 19/414 [>.............................] - ETA: 13:33 - loss: 167.3304 - ACC: 0.1086 20/414 [>.............................] - ETA: 13:35 - loss: 164.3899 - ACC: 0.1063 21/414 [>.............................] - ETA: 13:31 - loss: 159.6467 - ACC: 0.1101 22/414 [>.............................] - ETA: 13:29 - loss: 155.5120 - ACC: 0.1222 23/414 [>.............................] - ETA: 13:28 - loss: 151.7147 - ACC: 0.1304 24/414 [>.............................] - ETA: 13:29 - loss: 151.4948 - ACC: 0.1302 25/414 [>.............................] - ETA: 13:27 - loss: 150.3851 - ACC: 0.1325 26/414 [>.............................] - ETA: 13:28 - loss: 146.8307 - ACC: 0.1394 27/414 [>.............................] - ETA: 13:27 - loss: 142.9437 - ACC: 0.1458 28/414 [=>............................] - ETA: 13:22 - loss: 140.7052 - ACC: 0.1518 29/414 [=>............................] - ETA: 13:20 - loss: 137.8064 - ACC: 0.1595 30/414 [=>............................] - ETA: 13:21 - loss: 135.4158 - ACC: 0.1583 31/414 [=>............................] - ETA: 13:19 - loss: 133.4319 - ACC: 0.1613 32/414 [=>............................] - ETA: 13:14 - loss: 130.2124 - ACC: 0.1602 33/414 [=>............................] - ETA: 13:18 - loss: 129.0457 - ACC: 0.1553 34/414 [=>............................] - ETA: 13:20 - loss: 128.4567 - ACC: 0.1526 35/414 [=>............................] - ETA: 13:21 - loss: 126.8807 - ACC: 0.1518 36/414 [=>............................] - ETA: 13:18 - loss: 125.8123 - ACC: 0.1528 37/414 [=>............................] - ETA: 13:17 - loss: 125.8155 - ACC: 0.1537 38/414 [=>............................] - ETA: 13:17 - loss: 124.1715 - ACC: 0.1513 39/414 [=>............................] - ETA: 13:16 - loss: 122.0456 - ACC: 0.1506 40/414 [=>............................] - ETA: 13:15 - loss: 120.7090 - ACC: 0.1516 41/414 [=>............................] - ETA: 13:12 - loss: 119.1874 - ACC: 0.1540 42/414 [==>...........................] - ETA: 13:14 - loss: 118.0175 - ACC: 0.1518 43/414 [==>...........................] - ETA: 13:14 - loss: 116.9532 - ACC: 0.1541 44/414 [==>...........................] - ETA: 13:12 - loss: 115.1327 - ACC: 0.1548 45/414 [==>...........................] - ETA: 13:13 - loss: 115.0713 - ACC: 0.1542 46/414 [==>...........................] - ETA: 13:11 - loss: 115.1338 - ACC: 0.1535 47/414 [==>...........................] - ETA: 13:11 - loss: 113.7843 - ACC: 0.1529 48/414 [==>...........................] - ETA: 13:08 - loss: 113.2092 - ACC: 0.1589 49/414 [==>...........................] - ETA: 13:05 - loss: 112.0484 - ACC: 0.1594 50/414 [==>...........................] - ETA: 13:01 - loss: 110.6711 - ACC: 0.1637 51/414 [==>...........................] - ETA: 13:02 - loss: 109.3685 - ACC: 0.1679 52/414 [==>...........................] - ETA: 13:02 - loss: 108.0102 - ACC: 0.1683 53/414 [==>...........................] - ETA: 13:01 - loss: 106.5732 - ACC: 0.1710 54/414 [==>...........................] - ETA: 12:59 - loss: 105.7074 - ACC: 0.1725 55/414 [==>...........................] - ETA: 12:58 - loss: 106.0401 - ACC: 0.1693 56/414 [===>..........................] - ETA: 12:55 - loss: 105.8408 - ACC: 0.1685 57/414 [===>..........................] - ETA: 12:54 - loss: 105.1271 - ACC: 0.1667 58/414 [===>..........................] - ETA: 12:54 - loss: 104.2027 - ACC: 0.1681 59/414 [===>..........................] - ETA: 12:51 - loss: 104.3954 - ACC: 0.1674 60/414 [===>..........................] - ETA: 12:48 - loss: 103.6390 - ACC: 0.1677 61/414 [===>..........................] - ETA: 12:46 - loss: 102.8236 - ACC: 0.1701 62/414 [===>..........................] - ETA: 12:43 - loss: 102.6779 - ACC: 0.1694 63/414 [===>..........................] - ETA: 12:40 - loss: 102.2690 - ACC: 0.1687 64/414 [===>..........................] - ETA: 12:38 - loss: 101.4767 - ACC: 0.1699 65/414 [===>..........................] - ETA: 12:35 - loss: 101.0186 - ACC: 0.1692 66/414 [===>..........................] - ETA: 12:31 - loss: 101.1773 - ACC: 0.1695 67/414 [===>..........................] - ETA: 12:31 - loss: 100.4206 - ACC: 0.1698 68/414 [===>..........................] - ETA: 12:30 - loss: 99.3458 - ACC: 0.1700  69/414 [====>.........................] - ETA: 12:28 - loss: 98.5577 - ACC: 0.1712 70/414 [====>.........................] - ETA: 12:28 - loss: 98.0593 - ACC: 0.1723 71/414 [====>.........................] - ETA: 12:28 - loss: 99.0475 - ACC: 0.1699 72/414 [====>.........................] - ETA: 12:26 - loss: 98.7483 - ACC: 0.1701 73/414 [====>.........................] - ETA: 12:25 - loss: 98.9776 - ACC: 0.1695 74/414 [====>.........................] - ETA: 12:23 - loss: 98.5612 - ACC: 0.1689 75/414 [====>.........................] - ETA: 12:20 - loss: 97.9377 - ACC: 0.1708 76/414 [====>.........................] - ETA: 12:17 - loss: 97.4154 - ACC: 0.1702 77/414 [====>.........................] - ETA: 12:16 - loss: 96.6534 - ACC: 0.1705 78/414 [====>.........................] - ETA: 12:13 - loss: 96.6365 - ACC: 0.1691 79/414 [====>.........................] - ETA: 12:12 - loss: 96.1203 - ACC: 0.1693 80/414 [====>.........................] - ETA: 12:09 - loss: 95.6512 - ACC: 0.1711 81/414 [====>.........................] - ETA: 12:07 - loss: 95.2330 - ACC: 0.1705 82/414 [====>.........................] - ETA: 12:05 - loss: 95.3619 - ACC: 0.1707 83/414 [=====>........................] - ETA: 12:03 - loss: 95.0733 - ACC: 0.1694 84/414 [=====>........................] - ETA: 12:00 - loss: 94.4220 - ACC: 0.1704 85/414 [=====>........................] - ETA: 11:57 - loss: 93.9591 - ACC: 0.1699 86/414 [=====>........................] - ETA: 11:55 - loss: 93.6445 - ACC: 0.1693 87/414 [=====>........................] - ETA: 11:52 - loss: 92.8931 - ACC: 0.1710 88/414 [=====>........................] - ETA: 11:50 - loss: 92.7370 - ACC: 0.1712 89/414 [=====>........................] - ETA: 11:49 - loss: 92.7895 - ACC: 0.1706 90/414 [=====>........................] - ETA: 11:47 - loss: 92.5437 - ACC: 0.1688 91/414 [=====>........................] - ETA: 11:45 - loss: 92.0504 - ACC: 0.1683 92/414 [=====>........................] - ETA: 11:42 - loss: 91.7278 - ACC: 0.1698 93/414 [=====>........................] - ETA: 11:41 - loss: 91.1488 - ACC: 0.1727 94/414 [=====>........................] - ETA: 11:38 - loss: 90.8463 - ACC: 0.1722 95/414 [=====>........................] - ETA: 11:35 - loss: 91.0750 - ACC: 0.1724 96/414 [=====>........................] - ETA: 11:33 - loss: 91.2658 - ACC: 0.1712 97/414 [======>.......................] - ETA: 11:32 - loss: 90.9067 - ACC: 0.1701 98/414 [======>.......................] - ETA: 11:29 - loss: 90.7451 - ACC: 0.1703 99/414 [======>.......................] - ETA: 11:27 - loss: 90.4583 - ACC: 0.1717100/414 [======>.......................] - ETA: 11:24 - loss: 90.1885 - ACC: 0.1725101/414 [======>.......................] - ETA: 11:22 - loss: 90.1611 - ACC: 0.1720102/414 [======>.......................] - ETA: 11:21 - loss: 90.1328 - ACC: 0.1703103/414 [======>.......................] - ETA: 11:18 - loss: 90.0088 - ACC: 0.1699104/414 [======>.......................] - ETA: 11:17 - loss: 89.4333 - ACC: 0.1701105/414 [======>.......................] - ETA: 11:15 - loss: 89.0207 - ACC: 0.1708106/414 [======>.......................] - ETA: 11:13 - loss: 88.9553 - ACC: 0.1698107/414 [======>.......................] - ETA: 11:11 - loss: 88.9105 - ACC: 0.1700108/414 [======>.......................] - ETA: 11:09 - loss: 89.1591 - ACC: 0.1690109/414 [======>.......................] - ETA: 11:08 - loss: 89.3287 - ACC: 0.1686110/414 [======>.......................] - ETA: 11:05 - loss: 89.1924 - ACC: 0.1688111/414 [=======>......................] - ETA: 11:02 - loss: 88.8823 - ACC: 0.1689112/414 [=======>......................] - ETA: 11:01 - loss: 88.4546 - ACC: 0.1691113/414 [=======>......................] - ETA: 10:59 - loss: 88.2391 - ACC: 0.1698114/414 [=======>......................] - ETA: 10:57 - loss: 87.8777 - ACC: 0.1711115/414 [=======>......................] - ETA: 10:55 - loss: 87.5626 - ACC: 0.1717116/414 [=======>......................] - ETA: 10:53 - loss: 87.4879 - ACC: 0.1719117/414 [=======>......................] - ETA: 10:51 - loss: 87.0729 - ACC: 0.1731118/414 [=======>......................] - ETA: 10:49 - loss: 86.9352 - ACC: 0.1732119/414 [=======>......................] - ETA: 10:46 - loss: 86.5662 - ACC: 0.1744120/414 [=======>......................] - ETA: 10:44 - loss: 86.3946 - ACC: 0.1750121/414 [=======>......................] - ETA: 10:41 - loss: 85.8664 - ACC: 0.1761122/414 [=======>......................] - ETA: 10:38 - loss: 85.4934 - ACC: 0.1752123/414 [=======>......................] - ETA: 10:35 - loss: 85.5973 - ACC: 0.1743124/414 [=======>......................] - ETA: 10:34 - loss: 85.5870 - ACC: 0.1734125/414 [========>.....................] - ETA: 10:31 - loss: 85.2441 - ACC: 0.1740126/414 [========>.....................] - ETA: 10:29 - loss: 84.7869 - ACC: 0.1746127/414 [========>.....................] - ETA: 10:26 - loss: 84.6801 - ACC: 0.1732128/414 [========>.....................] - ETA: 10:24 - loss: 85.0593 - ACC: 0.1719129/414 [========>.....................] - ETA: 10:24 - loss: 84.9307 - ACC: 0.1720130/414 [========>.....................] - ETA: 10:21 - loss: 84.9920 - ACC: 0.1731131/414 [========>.....................] - ETA: 10:19 - loss: 84.7800 - ACC: 0.1732132/414 [========>.....................] - ETA: 10:17 - loss: 84.7425 - ACC: 0.1723133/414 [========>.....................] - ETA: 10:15 - loss: 84.6801 - ACC: 0.1720134/414 [========>.....................] - ETA: 10:12 - loss: 84.8400 - ACC: 0.1721135/414 [========>.....................] - ETA: 10:10 - loss: 84.8303 - ACC: 0.1718136/414 [========>.....................] - ETA: 10:08 - loss: 84.7245 - ACC: 0.1714137/414 [========>.....................] - ETA: 10:06 - loss: 84.7480 - ACC: 0.1720138/414 [=========>....................] - ETA: 10:04 - loss: 84.8970 - ACC: 0.1721139/414 [=========>....................] - ETA: 10:03 - loss: 84.9011 - ACC: 0.1718140/414 [=========>....................] - ETA: 10:01 - loss: 84.9461 - ACC: 0.1728141/414 [=========>....................] - ETA: 9:58 - loss: 85.0639 - ACC: 0.1738 142/414 [=========>....................] - ETA: 9:56 - loss: 84.7606 - ACC: 0.1739143/414 [=========>....................] - ETA: 9:54 - loss: 84.8358 - ACC: 0.1735144/414 [=========>....................] - ETA: 9:52 - loss: 84.7775 - ACC: 0.1736145/414 [=========>....................] - ETA: 9:50 - loss: 84.9784 - ACC: 0.1728146/414 [=========>....................] - ETA: 9:48 - loss: 85.5552 - ACC: 0.1729147/414 [=========>....................] - ETA: 9:46 - loss: 85.5287 - ACC: 0.1735148/414 [=========>....................] - ETA: 9:43 - loss: 85.4039 - ACC: 0.1731149/414 [=========>....................] - ETA: 9:41 - loss: 85.0016 - ACC: 0.1737150/414 [=========>....................] - ETA: 9:39 - loss: 85.6844 - ACC: 0.1729151/414 [=========>....................] - ETA: 9:36 - loss: 85.5403 - ACC: 0.1726152/414 [==========>...................] - ETA: 9:34 - loss: 85.4029 - ACC: 0.1723153/414 [==========>...................] - ETA: 9:32 - loss: 85.1824 - ACC: 0.1720154/414 [==========>...................] - ETA: 9:30 - loss: 85.3187 - ACC: 0.1717155/414 [==========>...................] - ETA: 9:27 - loss: 85.3218 - ACC: 0.1726156/414 [==========>...................] - ETA: 9:26 - loss: 85.5540 - ACC: 0.1727157/414 [==========>...................] - ETA: 9:23 - loss: 85.8214 - ACC: 0.1720158/414 [==========>...................] - ETA: 9:21 - loss: 86.2966 - ACC: 0.1717159/414 [==========>...................] - ETA: 9:19 - loss: 86.5274 - ACC: 0.1714160/414 [==========>...................] - ETA: 9:16 - loss: 86.5003 - ACC: 0.1703161/414 [==========>...................] - ETA: 9:14 - loss: 86.5457 - ACC: 0.1693162/414 [==========>...................] - ETA: 9:12 - loss: 86.7959 - ACC: 0.1694163/414 [==========>...................] - ETA: 9:10 - loss: 86.8778 - ACC: 0.1691164/414 [==========>...................] - ETA: 9:08 - loss: 86.6379 - ACC: 0.1681165/414 [==========>...................] - ETA: 9:06 - loss: 86.2806 - ACC: 0.1682166/414 [===========>..................] - ETA: 9:03 - loss: 85.9981 - ACC: 0.1687167/414 [===========>..................] - ETA: 9:02 - loss: 85.8063 - ACC: 0.1692168/414 [===========>..................] - ETA: 9:00 - loss: 86.1717 - ACC: 0.1685169/414 [===========>..................] - ETA: 8:58 - loss: 86.0951 - ACC: 0.1690170/414 [===========>..................] - ETA: 8:56 - loss: 86.1813 - ACC: 0.1699171/414 [===========>..................] - ETA: 8:54 - loss: 86.2280 - ACC: 0.1714172/414 [===========>..................] - ETA: 8:51 - loss: 86.9331 - ACC: 0.1711173/414 [===========>..................] - ETA: 8:50 - loss: 86.8106 - ACC: 0.1709174/414 [===========>..................] - ETA: 8:48 - loss: 86.5894 - ACC: 0.1706175/414 [===========>..................] - ETA: 8:46 - loss: 86.3442 - ACC: 0.1721176/414 [===========>..................] - ETA: 8:44 - loss: 86.2857 - ACC: 0.1719177/414 [===========>..................] - ETA: 8:42 - loss: 86.0775 - ACC: 0.1720178/414 [===========>..................] - ETA: 8:39 - loss: 86.2254 - ACC: 0.1713179/414 [===========>..................] - ETA: 8:37 - loss: 85.9569 - ACC: 0.1718180/414 [============>.................] - ETA: 8:35 - loss: 86.1131 - ACC: 0.1712181/414 [============>.................] - ETA: 8:33 - loss: 86.5879 - ACC: 0.1709182/414 [============>.................] - ETA: 8:31 - loss: 86.4666 - ACC: 0.1703183/414 [============>.................] - ETA: 8:29 - loss: 86.3777 - ACC: 0.1701184/414 [============>.................] - ETA: 8:27 - loss: 86.0712 - ACC: 0.1705185/414 [============>.................] - ETA: 8:25 - loss: 86.0216 - ACC: 0.1709186/414 [============>.................] - ETA: 8:22 - loss: 86.0124 - ACC: 0.1704187/414 [============>.................] - ETA: 8:20 - loss: 86.0517 - ACC: 0.1698188/414 [============>.................] - ETA: 8:18 - loss: 85.9464 - ACC: 0.1695189/414 [============>.................] - ETA: 8:16 - loss: 85.7829 - ACC: 0.1710190/414 [============>.................] - ETA: 8:14 - loss: 85.7685 - ACC: 0.1711191/414 [============>.................] - ETA: 8:12 - loss: 85.8298 - ACC: 0.1708192/414 [============>.................] - ETA: 8:10 - loss: 85.6796 - ACC: 0.1709193/414 [============>.................] - ETA: 8:08 - loss: 85.6017 - ACC: 0.1703194/414 [=============>................] - ETA: 8:06 - loss: 85.4221 - ACC: 0.1698195/414 [=============>................] - ETA: 8:04 - loss: 85.4394 - ACC: 0.1699196/414 [=============>................] - ETA: 8:02 - loss: 85.2416 - ACC: 0.1700197/414 [=============>................] - ETA: 7:59 - loss: 85.0547 - ACC: 0.1704198/414 [=============>................] - ETA: 7:57 - loss: 85.1472 - ACC: 0.1698199/414 [=============>................] - ETA: 7:54 - loss: 85.0376 - ACC: 0.1696200/414 [=============>................] - ETA: 7:52 - loss: 85.0410 - ACC: 0.1697201/414 [=============>................] - ETA: 7:50 - loss: 84.9902 - ACC: 0.1707202/414 [=============>................] - ETA: 7:48 - loss: 85.0427 - ACC: 0.1714203/414 [=============>................] - ETA: 7:46 - loss: 84.9309 - ACC: 0.1709204/414 [=============>................] - ETA: 7:43 - loss: 85.2645 - ACC: 0.1706205/414 [=============>................] - ETA: 7:41 - loss: 85.2657 - ACC: 0.1707206/414 [=============>................] - ETA: 7:39 - loss: 85.0479 - ACC: 0.1708207/414 [==============>...............] - ETA: 7:37 - loss: 85.1877 - ACC: 0.1709208/414 [==============>...............] - ETA: 7:34 - loss: 85.0852 - ACC: 0.1704209/414 [==============>...............] - ETA: 7:32 - loss: 85.2525 - ACC: 0.1702210/414 [==============>...............] - ETA: 7:30 - loss: 85.4186 - ACC: 0.1702211/414 [==============>...............] - ETA: 7:28 - loss: 85.3792 - ACC: 0.1700212/414 [==============>...............] - ETA: 7:25 - loss: 85.3922 - ACC: 0.1698213/414 [==============>...............] - ETA: 7:23 - loss: 85.1679 - ACC: 0.1693214/414 [==============>...............] - ETA: 7:21 - loss: 85.4647 - ACC: 0.1691215/414 [==============>...............] - ETA: 7:18 - loss: 85.3718 - ACC: 0.1695216/414 [==============>...............] - ETA: 7:16 - loss: 85.3264 - ACC: 0.1690217/414 [==============>...............] - ETA: 7:14 - loss: 85.4124 - ACC: 0.1694218/414 [==============>...............] - ETA: 7:12 - loss: 85.3041 - ACC: 0.1692219/414 [==============>...............] - ETA: 7:10 - loss: 85.3142 - ACC: 0.1692220/414 [==============>...............] - ETA: 7:08 - loss: 85.1290 - ACC: 0.1702221/414 [===============>..............] - ETA: 7:06 - loss: 85.1645 - ACC: 0.1700222/414 [===============>..............] - ETA: 7:04 - loss: 85.4700 - ACC: 0.1695223/414 [===============>..............] - ETA: 7:01 - loss: 85.3026 - ACC: 0.1693224/414 [===============>..............] - ETA: 7:00 - loss: 85.4199 - ACC: 0.1699225/414 [===============>..............] - ETA: 6:57 - loss: 85.2699 - ACC: 0.1700226/414 [===============>..............] - ETA: 6:55 - loss: 85.0892 - ACC: 0.1698227/414 [===============>..............] - ETA: 6:53 - loss: 84.9116 - ACC: 0.1707228/414 [===============>..............] - ETA: 6:50 - loss: 84.7622 - ACC: 0.1708229/414 [===============>..............] - ETA: 6:48 - loss: 84.8509 - ACC: 0.1703230/414 [===============>..............] - ETA: 6:46 - loss: 84.6589 - ACC: 0.1712231/414 [===============>..............] - ETA: 6:44 - loss: 84.5701 - ACC: 0.1710232/414 [===============>..............] - ETA: 6:41 - loss: 84.3118 - ACC: 0.1719233/414 [===============>..............] - ETA: 6:39 - loss: 84.1412 - ACC: 0.1717234/414 [===============>..............] - ETA: 6:37 - loss: 84.0204 - ACC: 0.1715235/414 [================>.............] - ETA: 6:35 - loss: 84.1061 - ACC: 0.1718236/414 [================>.............] - ETA: 6:33 - loss: 84.0501 - ACC: 0.1719237/414 [================>.............] - ETA: 6:31 - loss: 83.9091 - ACC: 0.1722238/414 [================>.............] - ETA: 6:29 - loss: 83.8307 - ACC: 0.1723239/414 [================>.............] - ETA: 6:27 - loss: 83.7025 - ACC: 0.1726240/414 [================>.............] - ETA: 6:25 - loss: 83.9314 - ACC: 0.1724241/414 [================>.............] - ETA: 6:23 - loss: 83.7352 - ACC: 0.1735242/414 [================>.............] - ETA: 6:21 - loss: 83.5139 - ACC: 0.1738243/414 [================>.............] - ETA: 6:18 - loss: 83.4280 - ACC: 0.1736244/414 [================>.............] - ETA: 6:16 - loss: 83.6355 - ACC: 0.1729245/414 [================>.............] - ETA: 6:14 - loss: 83.4677 - ACC: 0.1732246/414 [================>.............] - ETA: 6:11 - loss: 83.3308 - ACC: 0.1733247/414 [================>.............] - ETA: 6:09 - loss: 83.2311 - ACC: 0.1733248/414 [================>.............] - ETA: 6:07 - loss: 83.2271 - ACC: 0.1731249/414 [=================>............] - ETA: 6:05 - loss: 83.2035 - ACC: 0.1729250/414 [=================>............] - ETA: 6:02 - loss: 83.1967 - ACC: 0.1725251/414 [=================>............] - ETA: 6:00 - loss: 83.1159 - ACC: 0.1728252/414 [=================>............] - ETA: 5:58 - loss: 82.9532 - ACC: 0.1726253/414 [=================>............] - ETA: 5:56 - loss: 82.8208 - ACC: 0.1724254/414 [=================>............] - ETA: 5:54 - loss: 82.7148 - ACC: 0.1725255/414 [=================>............] - ETA: 5:52 - loss: 82.5855 - ACC: 0.1725256/414 [=================>............] - ETA: 5:50 - loss: 82.8518 - ACC: 0.1726257/414 [=================>............] - ETA: 5:47 - loss: 82.6989 - ACC: 0.1724258/414 [=================>............] - ETA: 5:45 - loss: 82.5608 - ACC: 0.1730259/414 [=================>............] - ETA: 5:43 - loss: 82.8040 - ACC: 0.1730260/414 [=================>............] - ETA: 5:40 - loss: 82.9371 - ACC: 0.1731261/414 [=================>............] - ETA: 5:38 - loss: 83.1017 - ACC: 0.1729262/414 [=================>............] - ETA: 5:36 - loss: 83.0008 - ACC: 0.1727263/414 [==================>...........] - ETA: 5:34 - loss: 82.8388 - ACC: 0.1732264/414 [==================>...........] - ETA: 5:32 - loss: 82.6465 - ACC: 0.1738265/414 [==================>...........] - ETA: 5:30 - loss: 82.7868 - ACC: 0.1741266/414 [==================>...........] - ETA: 5:28 - loss: 82.7447 - ACC: 0.1739267/414 [==================>...........] - ETA: 5:25 - loss: 82.6512 - ACC: 0.1735268/414 [==================>...........] - ETA: 5:23 - loss: 82.6202 - ACC: 0.1730269/414 [==================>...........] - ETA: 5:21 - loss: 82.6732 - ACC: 0.1729270/414 [==================>...........] - ETA: 5:19 - loss: 82.6733 - ACC: 0.1731271/414 [==================>...........] - ETA: 5:17 - loss: 82.8595 - ACC: 0.1727272/414 [==================>...........] - ETA: 5:15 - loss: 82.7821 - ACC: 0.1730273/414 [==================>...........] - ETA: 5:13 - loss: 82.6917 - ACC: 0.1731274/414 [==================>...........] - ETA: 5:10 - loss: 82.6515 - ACC: 0.1731275/414 [==================>...........] - ETA: 5:08 - loss: 82.5654 - ACC: 0.1730276/414 [===================>..........] - ETA: 5:06 - loss: 82.4940 - ACC: 0.1739277/414 [===================>..........] - ETA: 5:03 - loss: 82.4415 - ACC: 0.1737278/414 [===================>..........] - ETA: 5:02 - loss: 82.3539 - ACC: 0.1733279/414 [===================>..........] - ETA: 4:59 - loss: 82.4889 - ACC: 0.1729280/414 [===================>..........] - ETA: 4:57 - loss: 82.4673 - ACC: 0.1728281/414 [===================>..........] - ETA: 4:55 - loss: 82.2871 - ACC: 0.1726282/414 [===================>..........] - ETA: 4:53 - loss: 82.1812 - ACC: 0.1720283/414 [===================>..........] - ETA: 4:50 - loss: 81.9747 - ACC: 0.1727284/414 [===================>..........] - ETA: 4:48 - loss: 81.7797 - ACC: 0.1732285/414 [===================>..........] - ETA: 4:46 - loss: 81.8118 - ACC: 0.1735286/414 [===================>..........] - ETA: 4:44 - loss: 81.7099 - ACC: 0.1735287/414 [===================>..........] - ETA: 4:42 - loss: 81.9297 - ACC: 0.1731288/414 [===================>..........] - ETA: 4:39 - loss: 81.8969 - ACC: 0.1730289/414 [===================>..........] - ETA: 4:37 - loss: 82.0709 - ACC: 0.1724290/414 [====================>.........] - ETA: 4:35 - loss: 81.9733 - ACC: 0.1726291/414 [====================>.........] - ETA: 4:33 - loss: 81.9964 - ACC: 0.1725292/414 [====================>.........] - ETA: 4:30 - loss: 81.9365 - ACC: 0.1727293/414 [====================>.........] - ETA: 4:28 - loss: 81.9505 - ACC: 0.1726294/414 [====================>.........] - ETA: 4:26 - loss: 81.8633 - ACC: 0.1726295/414 [====================>.........] - ETA: 4:24 - loss: 81.7193 - ACC: 0.1725296/414 [====================>.........] - ETA: 4:22 - loss: 81.6782 - ACC: 0.1721297/414 [====================>.........] - ETA: 4:19 - loss: 81.5626 - ACC: 0.1717298/414 [====================>.........] - ETA: 4:17 - loss: 81.4216 - ACC: 0.1720299/414 [====================>.........] - ETA: 4:15 - loss: 81.4137 - ACC: 0.1720300/414 [====================>.........] - ETA: 4:13 - loss: 81.4453 - ACC: 0.1717301/414 [====================>.........] - ETA: 4:10 - loss: 81.2836 - ACC: 0.1723302/414 [====================>.........] - ETA: 4:08 - loss: 81.1326 - ACC: 0.1728303/414 [====================>.........] - ETA: 4:06 - loss: 81.0048 - ACC: 0.1729304/414 [=====================>........] - ETA: 4:04 - loss: 81.0195 - ACC: 0.1729305/414 [=====================>........] - ETA: 4:02 - loss: 81.0276 - ACC: 0.1732306/414 [=====================>........] - ETA: 3:59 - loss: 81.0338 - ACC: 0.1734307/414 [=====================>........] - ETA: 3:57 - loss: 81.1986 - ACC: 0.1730308/414 [=====================>........] - ETA: 3:55 - loss: 81.2214 - ACC: 0.1729309/414 [=====================>........] - ETA: 3:53 - loss: 81.2204 - ACC: 0.1729310/414 [=====================>........] - ETA: 3:50 - loss: 81.2108 - ACC: 0.1726311/414 [=====================>........] - ETA: 3:48 - loss: 81.1342 - ACC: 0.1726312/414 [=====================>........] - ETA: 3:46 - loss: 81.0988 - ACC: 0.1723313/414 [=====================>........] - ETA: 3:44 - loss: 81.0379 - ACC: 0.1725314/414 [=====================>........] - ETA: 3:42 - loss: 80.8828 - ACC: 0.1730315/414 [=====================>........] - ETA: 3:39 - loss: 80.8940 - ACC: 0.1732316/414 [=====================>........] - ETA: 3:37 - loss: 81.0308 - ACC: 0.1731317/414 [=====================>........] - ETA: 3:35 - loss: 81.0181 - ACC: 0.1733318/414 [======================>.......] - ETA: 3:33 - loss: 80.8742 - ACC: 0.1732319/414 [======================>.......] - ETA: 3:30 - loss: 80.7788 - ACC: 0.1732320/414 [======================>.......] - ETA: 3:28 - loss: 80.7447 - ACC: 0.1730321/414 [======================>.......] - ETA: 3:26 - loss: 80.5781 - ACC: 0.1733322/414 [======================>.......] - ETA: 3:24 - loss: 80.5582 - ACC: 0.1731323/414 [======================>.......] - ETA: 3:22 - loss: 80.4533 - ACC: 0.1730324/414 [======================>.......] - ETA: 3:19 - loss: 80.6328 - ACC: 0.1726325/414 [======================>.......] - ETA: 3:17 - loss: 80.6140 - ACC: 0.1729326/414 [======================>.......] - ETA: 3:15 - loss: 80.5068 - ACC: 0.1737327/414 [======================>.......] - ETA: 3:13 - loss: 80.3940 - ACC: 0.1735328/414 [======================>.......] - ETA: 3:11 - loss: 80.2942 - ACC: 0.1738329/414 [======================>.......] - ETA: 3:08 - loss: 80.3699 - ACC: 0.1734330/414 [======================>.......] - ETA: 3:06 - loss: 80.3264 - ACC: 0.1731331/414 [======================>.......] - ETA: 3:04 - loss: 80.3944 - ACC: 0.1726332/414 [=======================>......] - ETA: 3:02 - loss: 80.4442 - ACC: 0.1732333/414 [=======================>......] - ETA: 2:59 - loss: 80.4193 - ACC: 0.1729334/414 [=======================>......] - ETA: 2:57 - loss: 80.3978 - ACC: 0.1727335/414 [=======================>......] - ETA: 2:55 - loss: 80.2719 - ACC: 0.1729336/414 [=======================>......] - ETA: 2:53 - loss: 80.2308 - ACC: 0.1728337/414 [=======================>......] - ETA: 2:51 - loss: 80.1900 - ACC: 0.1730338/414 [=======================>......] - ETA: 2:48 - loss: 80.2271 - ACC: 0.1725339/414 [=======================>......] - ETA: 2:46 - loss: 80.2118 - ACC: 0.1724340/414 [=======================>......] - ETA: 2:44 - loss: 80.2838 - ACC: 0.1726341/414 [=======================>......] - ETA: 2:42 - loss: 80.1974 - ACC: 0.1723342/414 [=======================>......] - ETA: 2:40 - loss: 80.2038 - ACC: 0.1727343/414 [=======================>......] - ETA: 2:37 - loss: 80.1844 - ACC: 0.1726344/414 [=======================>......] - ETA: 2:35 - loss: 80.0182 - ACC: 0.1737345/414 [========================>.....] - ETA: 2:33 - loss: 80.1892 - ACC: 0.1737346/414 [========================>.....] - ETA: 2:31 - loss: 80.1463 - ACC: 0.1741347/414 [========================>.....] - ETA: 2:28 - loss: 79.9996 - ACC: 0.1751348/414 [========================>.....] - ETA: 2:26 - loss: 80.0611 - ACC: 0.1747349/414 [========================>.....] - ETA: 2:24 - loss: 80.0353 - ACC: 0.1746350/414 [========================>.....] - ETA: 2:22 - loss: 80.0182 - ACC: 0.1746351/414 [========================>.....] - ETA: 2:19 - loss: 79.8996 - ACC: 0.1747352/414 [========================>.....] - ETA: 2:17 - loss: 80.0001 - ACC: 0.1744353/414 [========================>.....] - ETA: 2:15 - loss: 80.1415 - ACC: 0.1742354/414 [========================>.....] - ETA: 2:13 - loss: 80.3440 - ACC: 0.1737355/414 [========================>.....] - ETA: 2:11 - loss: 80.2579 - ACC: 0.1738356/414 [========================>.....] - ETA: 2:08 - loss: 80.1751 - ACC: 0.1742357/414 [========================>.....] - ETA: 2:06 - loss: 80.2020 - ACC: 0.1740358/414 [========================>.....] - ETA: 2:04 - loss: 80.1201 - ACC: 0.1744359/414 [=========================>....] - ETA: 2:02 - loss: 80.0306 - ACC: 0.1743360/414 [=========================>....] - ETA: 1:59 - loss: 80.0432 - ACC: 0.1748361/414 [=========================>....] - ETA: 1:57 - loss: 80.1162 - ACC: 0.1747362/414 [=========================>....] - ETA: 1:55 - loss: 80.1471 - ACC: 0.1744363/414 [=========================>....] - ETA: 1:53 - loss: 80.0541 - ACC: 0.1748364/414 [=========================>....] - ETA: 1:50 - loss: 80.0893 - ACC: 0.1745365/414 [=========================>....] - ETA: 1:48 - loss: 80.0824 - ACC: 0.1743366/414 [=========================>....] - ETA: 1:46 - loss: 80.0222 - ACC: 0.1742367/414 [=========================>....] - ETA: 1:44 - loss: 80.0139 - ACC: 0.1742368/414 [=========================>....] - ETA: 1:42 - loss: 80.0995 - ACC: 0.1739369/414 [=========================>....] - ETA: 1:39 - loss: 80.1493 - ACC: 0.1739370/414 [=========================>....] - ETA: 1:37 - loss: 80.1312 - ACC: 0.1740371/414 [=========================>....] - ETA: 1:35 - loss: 80.0026 - ACC: 0.1740372/414 [=========================>....] - ETA: 1:33 - loss: 79.9531 - ACC: 0.1741373/414 [==========================>...] - ETA: 1:31 - loss: 79.9378 - ACC: 0.1739374/414 [==========================>...] - ETA: 1:28 - loss: 79.8374 - ACC: 0.1743375/414 [==========================>...] - ETA: 1:26 - loss: 79.9474 - ACC: 0.1738376/414 [==========================>...] - ETA: 1:24 - loss: 79.9513 - ACC: 0.1740377/414 [==========================>...] - ETA: 1:22 - loss: 80.2368 - ACC: 0.1737378/414 [==========================>...] - ETA: 1:20 - loss: 80.4076 - ACC: 0.1734379/414 [==========================>...] - ETA: 1:17 - loss: 80.3745 - ACC: 0.1736380/414 [==========================>...] - ETA: 1:15 - loss: 80.4324 - ACC: 0.1737381/414 [==========================>...] - ETA: 1:13 - loss: 80.5474 - ACC: 0.1739382/414 [==========================>...] - ETA: 1:11 - loss: 80.6000 - ACC: 0.1736383/414 [==========================>...] - ETA: 1:08 - loss: 80.7306 - ACC: 0.1733384/414 [==========================>...] - ETA: 1:06 - loss: 80.8307 - ACC: 0.1732385/414 [==========================>...] - ETA: 1:04 - loss: 80.8055 - ACC: 0.1734386/414 [==========================>...] - ETA: 1:02 - loss: 80.7092 - ACC: 0.1741387/414 [===========================>..] - ETA: 59s - loss: 80.7617 - ACC: 0.1736 388/414 [===========================>..] - ETA: 57s - loss: 80.7355 - ACC: 0.1738389/414 [===========================>..] - ETA: 55s - loss: 80.7125 - ACC: 0.1740390/414 [===========================>..] - ETA: 53s - loss: 80.6921 - ACC: 0.1740391/414 [===========================>..] - ETA: 51s - loss: 80.7414 - ACC: 0.1739392/414 [===========================>..] - ETA: 48s - loss: 80.7508 - ACC: 0.1738393/414 [===========================>..] - ETA: 46s - loss: 80.6319 - ACC: 0.1741394/414 [===========================>..] - ETA: 44s - loss: 80.6371 - ACC: 0.1742395/414 [===========================>..] - ETA: 42s - loss: 80.5560 - ACC: 0.1744396/414 [===========================>..] - ETA: 40s - loss: 81.2899 - ACC: 0.1744397/414 [===========================>..] - ETA: 37s - loss: 81.3564 - ACC: 0.1743398/414 [===========================>..] - ETA: 35s - loss: 81.2509 - ACC: 0.1742399/414 [===========================>..] - ETA: 33s - loss: 81.3177 - ACC: 0.1742400/414 [===========================>..] - ETA: 31s - loss: 81.4004 - ACC: 0.1739401/414 [============================>.] - ETA: 28s - loss: 81.2689 - ACC: 0.1741402/414 [============================>.] - ETA: 26s - loss: 81.1346 - ACC: 0.1746403/414 [============================>.] - ETA: 24s - loss: 81.0797 - ACC: 0.1746404/414 [============================>.] - ETA: 22s - loss: 81.1007 - ACC: 0.1745405/414 [============================>.] - ETA: 20s - loss: 81.2945 - ACC: 0.1741406/414 [============================>.] - ETA: 17s - loss: 81.2820 - ACC: 0.1747407/414 [============================>.] - ETA: 15s - loss: 81.2981 - ACC: 0.1743408/414 [============================>.] - ETA: 13s - loss: 81.3945 - ACC: 0.1745409/414 [============================>.] - ETA: 11s - loss: 81.5221 - ACC: 0.1741410/414 [============================>.] - ETA: 8s - loss: 81.6361 - ACC: 0.1739 411/414 [============================>.] - ETA: 6s - loss: 81.5817 - ACC: 0.1741412/414 [============================>.] - ETA: 4s - loss: 81.7314 - ACC: 0.1738413/414 [============================>.] - ETA: 2s - loss: 81.8188 - ACC: 0.1737414/414 [==============================] - ETA: 0s - loss: 81.8038 - ACC: 0.1742414/414 [==============================] - 1142s 3s/step - loss: 81.8038 - ACC: 0.1742 - val_loss: 797.2189 - val_ACC: 0.0428
Epoch 10/30
  1/414 [..............................] - ETA: 0s - loss: 59.7116 - ACC: 0.1250  2/414 [..............................] - ETA: 7:23 - loss: 175.4597 - ACC: 0.0938  3/414 [..............................] - ETA: 9:48 - loss: 152.0299 - ACC: 0.1042  4/414 [..............................] - ETA: 11:01 - loss: 133.9020 - ACC: 0.1406  5/414 [..............................] - ETA: 11:46 - loss: 139.0801 - ACC: 0.1500  6/414 [..............................] - ETA: 12:24 - loss: 137.4808 - ACC: 0.1458  7/414 [..............................] - ETA: 12:35 - loss: 136.3856 - ACC: 0.1607  8/414 [..............................] - ETA: 12:50 - loss: 136.3339 - ACC: 0.1719  9/414 [..............................] - ETA: 12:58 - loss: 155.6719 - ACC: 0.1597 10/414 [..............................] - ETA: 13:06 - loss: 148.1496 - ACC: 0.1625 11/414 [..............................] - ETA: 13:10 - loss: 159.5929 - ACC: 0.1477 12/414 [..............................] - ETA: 13:15 - loss: 154.0250 - ACC: 0.1406 13/414 [..............................] - ETA: 13:12 - loss: 159.1897 - ACC: 0.1346 14/414 [>.............................] - ETA: 13:18 - loss: 159.5067 - ACC: 0.1384 15/414 [>.............................] - ETA: 13:19 - loss: 159.8483 - ACC: 0.1292 16/414 [>.............................] - ETA: 13:27 - loss: 161.5978 - ACC: 0.1250 17/414 [>.............................] - ETA: 13:26 - loss: 162.3768 - ACC: 0.1287 18/414 [>.............................] - ETA: 13:28 - loss: 158.8310 - ACC: 0.1319 19/414 [>.............................] - ETA: 13:31 - loss: 157.4521 - ACC: 0.1283 20/414 [>.............................] - ETA: 13:32 - loss: 152.8321 - ACC: 0.1312 21/414 [>.............................] - ETA: 13:29 - loss: 147.2238 - ACC: 0.1369 22/414 [>.............................] - ETA: 13:28 - loss: 146.9785 - ACC: 0.1335 23/414 [>.............................] - ETA: 13:27 - loss: 146.4632 - ACC: 0.1332 24/414 [>.............................] - ETA: 13:28 - loss: 143.7455 - ACC: 0.1302 25/414 [>.............................] - ETA: 13:27 - loss: 141.8801 - ACC: 0.1400 26/414 [>.............................] - ETA: 13:29 - loss: 140.6599 - ACC: 0.1394 27/414 [>.............................] - ETA: 13:28 - loss: 138.8891 - ACC: 0.1389 28/414 [=>............................] - ETA: 13:23 - loss: 138.0145 - ACC: 0.1384 29/414 [=>............................] - ETA: 13:21 - loss: 134.8012 - ACC: 0.1401 30/414 [=>............................] - ETA: 13:21 - loss: 133.0804 - ACC: 0.1417 31/414 [=>............................] - ETA: 13:18 - loss: 131.5103 - ACC: 0.1472 32/414 [=>............................] - ETA: 13:14 - loss: 129.8722 - ACC: 0.1445 33/414 [=>............................] - ETA: 13:18 - loss: 131.0196 - ACC: 0.1458 34/414 [=>............................] - ETA: 13:19 - loss: 129.7585 - ACC: 0.1507 35/414 [=>............................] - ETA: 13:21 - loss: 131.6120 - ACC: 0.1518 36/414 [=>............................] - ETA: 13:18 - loss: 129.8848 - ACC: 0.1545 37/414 [=>............................] - ETA: 13:16 - loss: 127.4260 - ACC: 0.1537 38/414 [=>............................] - ETA: 13:16 - loss: 127.0930 - ACC: 0.1530 39/414 [=>............................] - ETA: 13:15 - loss: 125.7014 - ACC: 0.1522 40/414 [=>............................] - ETA: 13:14 - loss: 125.2784 - ACC: 0.1484 41/414 [=>............................] - ETA: 13:11 - loss: 123.2229 - ACC: 0.1524 42/414 [==>...........................] - ETA: 13:13 - loss: 122.3777 - ACC: 0.1548 43/414 [==>...........................] - ETA: 13:11 - loss: 120.9694 - ACC: 0.1570 44/414 [==>...........................] - ETA: 13:10 - loss: 122.0842 - ACC: 0.1562 45/414 [==>...........................] - ETA: 13:11 - loss: 121.3989 - ACC: 0.1569 46/414 [==>...........................] - ETA: 13:09 - loss: 120.7077 - ACC: 0.1562 47/414 [==>...........................] - ETA: 13:09 - loss: 119.8439 - ACC: 0.1596 48/414 [==>...........................] - ETA: 13:05 - loss: 118.5336 - ACC: 0.1589 49/414 [==>...........................] - ETA: 13:03 - loss: 116.9661 - ACC: 0.1582 50/414 [==>...........................] - ETA: 12:59 - loss: 115.5139 - ACC: 0.1612 51/414 [==>...........................] - ETA: 13:00 - loss: 114.4493 - ACC: 0.1618 52/414 [==>...........................] - ETA: 13:00 - loss: 112.9825 - ACC: 0.1635 53/414 [==>...........................] - ETA: 12:59 - loss: 112.3954 - ACC: 0.1616 54/414 [==>...........................] - ETA: 12:57 - loss: 111.6785 - ACC: 0.1597 55/414 [==>...........................] - ETA: 12:55 - loss: 110.2923 - ACC: 0.1602 56/414 [===>..........................] - ETA: 12:53 - loss: 109.1442 - ACC: 0.1629 57/414 [===>..........................] - ETA: 12:51 - loss: 107.6135 - ACC: 0.1656 58/414 [===>..........................] - ETA: 12:51 - loss: 106.7274 - ACC: 0.1670 59/414 [===>..........................] - ETA: 12:48 - loss: 107.8979 - ACC: 0.1663 60/414 [===>..........................] - ETA: 12:45 - loss: 106.8616 - ACC: 0.1698 61/414 [===>..........................] - ETA: 12:43 - loss: 106.0426 - ACC: 0.1701 62/414 [===>..........................] - ETA: 12:40 - loss: 105.9148 - ACC: 0.1683 63/414 [===>..........................] - ETA: 12:36 - loss: 105.1998 - ACC: 0.1696 64/414 [===>..........................] - ETA: 12:34 - loss: 104.3720 - ACC: 0.1699 65/414 [===>..........................] - ETA: 12:31 - loss: 103.6226 - ACC: 0.1712 66/414 [===>..........................] - ETA: 12:28 - loss: 102.9867 - ACC: 0.1714 67/414 [===>..........................] - ETA: 12:28 - loss: 101.9693 - ACC: 0.1744 68/414 [===>..........................] - ETA: 12:27 - loss: 101.0261 - ACC: 0.1746 69/414 [====>.........................] - ETA: 12:24 - loss: 100.3083 - ACC: 0.1757 70/414 [====>.........................] - ETA: 12:24 - loss: 99.7074 - ACC: 0.1750  71/414 [====>.........................] - ETA: 12:24 - loss: 100.4684 - ACC: 0.1725 72/414 [====>.........................] - ETA: 12:22 - loss: 100.2647 - ACC: 0.1727 73/414 [====>.........................] - ETA: 12:21 - loss: 100.3555 - ACC: 0.1712 74/414 [====>.........................] - ETA: 12:19 - loss: 100.1573 - ACC: 0.1715 75/414 [====>.........................] - ETA: 12:16 - loss: 99.4138 - ACC: 0.1733  76/414 [====>.........................] - ETA: 12:13 - loss: 98.5409 - ACC: 0.1735 77/414 [====>.........................] - ETA: 12:11 - loss: 98.3159 - ACC: 0.1721 78/414 [====>.........................] - ETA: 12:09 - loss: 98.4071 - ACC: 0.1699 79/414 [====>.........................] - ETA: 12:08 - loss: 97.6672 - ACC: 0.1717 80/414 [====>.........................] - ETA: 12:05 - loss: 97.2206 - ACC: 0.1719 81/414 [====>.........................] - ETA: 12:03 - loss: 96.8011 - ACC: 0.1713 82/414 [====>.........................] - ETA: 12:00 - loss: 96.9662 - ACC: 0.1730 83/414 [=====>........................] - ETA: 11:58 - loss: 97.2578 - ACC: 0.1709 84/414 [=====>........................] - ETA: 11:56 - loss: 96.8380 - ACC: 0.1719 85/414 [=====>........................] - ETA: 11:52 - loss: 96.5032 - ACC: 0.1728 86/414 [=====>........................] - ETA: 11:51 - loss: 95.7521 - ACC: 0.1730 87/414 [=====>........................] - ETA: 11:48 - loss: 95.3170 - ACC: 0.1731 88/414 [=====>........................] - ETA: 11:47 - loss: 94.5953 - ACC: 0.1747 89/414 [=====>........................] - ETA: 11:45 - loss: 94.1494 - ACC: 0.1749 90/414 [=====>........................] - ETA: 11:44 - loss: 93.7988 - ACC: 0.1764 91/414 [=====>........................] - ETA: 11:42 - loss: 93.2199 - ACC: 0.1751 92/414 [=====>........................] - ETA: 11:38 - loss: 92.7124 - ACC: 0.1746 93/414 [=====>........................] - ETA: 11:38 - loss: 92.8283 - ACC: 0.1747 94/414 [=====>........................] - ETA: 11:35 - loss: 92.6512 - ACC: 0.1742 95/414 [=====>........................] - ETA: 11:32 - loss: 92.5868 - ACC: 0.1750 96/414 [=====>........................] - ETA: 11:30 - loss: 92.2554 - ACC: 0.1758 97/414 [======>.......................] - ETA: 11:29 - loss: 92.2751 - ACC: 0.1765 98/414 [======>.......................] - ETA: 11:26 - loss: 91.8865 - ACC: 0.1779 99/414 [======>.......................] - ETA: 11:24 - loss: 91.6324 - ACC: 0.1793100/414 [======>.......................] - ETA: 11:22 - loss: 91.3781 - ACC: 0.1794101/414 [======>.......................] - ETA: 11:19 - loss: 91.0014 - ACC: 0.1795102/414 [======>.......................] - ETA: 11:18 - loss: 90.9207 - ACC: 0.1795103/414 [======>.......................] - ETA: 11:15 - loss: 90.5523 - ACC: 0.1796104/414 [======>.......................] - ETA: 11:14 - loss: 90.1505 - ACC: 0.1797105/414 [======>.......................] - ETA: 11:12 - loss: 89.8422 - ACC: 0.1821106/414 [======>.......................] - ETA: 11:10 - loss: 89.8653 - ACC: 0.1834107/414 [======>.......................] - ETA: 11:08 - loss: 89.8278 - ACC: 0.1834108/414 [======>.......................] - ETA: 11:06 - loss: 89.5152 - ACC: 0.1834109/414 [======>.......................] - ETA: 11:05 - loss: 89.2988 - ACC: 0.1818110/414 [======>.......................] - ETA: 11:02 - loss: 88.8176 - ACC: 0.1818111/414 [=======>......................] - ETA: 11:00 - loss: 88.5668 - ACC: 0.1824112/414 [=======>......................] - ETA: 10:58 - loss: 88.0910 - ACC: 0.1819113/414 [=======>......................] - ETA: 10:56 - loss: 87.7561 - ACC: 0.1809114/414 [=======>......................] - ETA: 10:54 - loss: 87.5341 - ACC: 0.1809115/414 [=======>......................] - ETA: 10:53 - loss: 87.1628 - ACC: 0.1826116/414 [=======>......................] - ETA: 10:51 - loss: 87.0314 - ACC: 0.1827117/414 [=======>......................] - ETA: 10:48 - loss: 86.8655 - ACC: 0.1838118/414 [=======>......................] - ETA: 10:46 - loss: 86.6430 - ACC: 0.1833119/414 [=======>......................] - ETA: 10:43 - loss: 86.1217 - ACC: 0.1843120/414 [=======>......................] - ETA: 10:41 - loss: 85.9175 - ACC: 0.1844121/414 [=======>......................] - ETA: 10:39 - loss: 85.6461 - ACC: 0.1854122/414 [=======>......................] - ETA: 10:36 - loss: 85.2983 - ACC: 0.1860123/414 [=======>......................] - ETA: 10:33 - loss: 85.1266 - ACC: 0.1855124/414 [=======>......................] - ETA: 10:32 - loss: 84.7566 - ACC: 0.1870125/414 [========>.....................] - ETA: 10:30 - loss: 84.4468 - ACC: 0.1865126/414 [========>.....................] - ETA: 10:27 - loss: 84.1406 - ACC: 0.1865127/414 [========>.....................] - ETA: 10:24 - loss: 84.1542 - ACC: 0.1870128/414 [========>.....................] - ETA: 10:22 - loss: 84.1617 - ACC: 0.1860129/414 [========>.....................] - ETA: 10:22 - loss: 84.0147 - ACC: 0.1860130/414 [========>.....................] - ETA: 10:19 - loss: 83.6518 - ACC: 0.1865131/414 [========>.....................] - ETA: 10:17 - loss: 83.4120 - ACC: 0.1875132/414 [========>.....................] - ETA: 10:15 - loss: 83.1528 - ACC: 0.1880133/414 [========>.....................] - ETA: 10:13 - loss: 83.7638 - ACC: 0.1875134/414 [========>.....................] - ETA: 10:11 - loss: 83.5073 - ACC: 0.1875135/414 [========>.....................] - ETA: 10:08 - loss: 83.2588 - ACC: 0.1884136/414 [========>.....................] - ETA: 10:06 - loss: 83.1173 - ACC: 0.1875137/414 [========>.....................] - ETA: 10:04 - loss: 83.4241 - ACC: 0.1866138/414 [=========>....................] - ETA: 10:03 - loss: 83.3229 - ACC: 0.1866139/414 [=========>....................] - ETA: 10:01 - loss: 83.3969 - ACC: 0.1862140/414 [=========>....................] - ETA: 9:59 - loss: 83.2724 - ACC: 0.1862 141/414 [=========>....................] - ETA: 9:56 - loss: 82.9634 - ACC: 0.1866142/414 [=========>....................] - ETA: 9:54 - loss: 82.6244 - ACC: 0.1862143/414 [=========>....................] - ETA: 9:52 - loss: 82.5187 - ACC: 0.1858144/414 [=========>....................] - ETA: 9:49 - loss: 82.6501 - ACC: 0.1858145/414 [=========>....................] - ETA: 9:48 - loss: 82.5636 - ACC: 0.1858146/414 [=========>....................] - ETA: 9:46 - loss: 82.5811 - ACC: 0.1862147/414 [=========>....................] - ETA: 9:44 - loss: 82.4787 - ACC: 0.1858148/414 [=========>....................] - ETA: 9:41 - loss: 82.1249 - ACC: 0.1854149/414 [=========>....................] - ETA: 9:38 - loss: 82.0147 - ACC: 0.1862150/414 [=========>....................] - ETA: 9:37 - loss: 82.0188 - ACC: 0.1867151/414 [=========>....................] - ETA: 9:34 - loss: 81.8426 - ACC: 0.1867152/414 [==========>...................] - ETA: 9:32 - loss: 81.6352 - ACC: 0.1867153/414 [==========>...................] - ETA: 9:30 - loss: 81.6114 - ACC: 0.1867154/414 [==========>...................] - ETA: 9:28 - loss: 81.7650 - ACC: 0.1859155/414 [==========>...................] - ETA: 9:25 - loss: 81.6349 - ACC: 0.1859156/414 [==========>...................] - ETA: 9:24 - loss: 81.4973 - ACC: 0.1859157/414 [==========>...................] - ETA: 9:21 - loss: 81.3535 - ACC: 0.1863158/414 [==========>...................] - ETA: 9:19 - loss: 81.4202 - ACC: 0.1859159/414 [==========>...................] - ETA: 9:16 - loss: 81.5185 - ACC: 0.1855160/414 [==========>...................] - ETA: 9:14 - loss: 81.6227 - ACC: 0.1852161/414 [==========>...................] - ETA: 9:12 - loss: 81.3122 - ACC: 0.1848162/414 [==========>...................] - ETA: 9:10 - loss: 81.0368 - ACC: 0.1856163/414 [==========>...................] - ETA: 9:08 - loss: 81.0171 - ACC: 0.1852164/414 [==========>...................] - ETA: 9:06 - loss: 80.7845 - ACC: 0.1864165/414 [==========>...................] - ETA: 9:04 - loss: 80.4209 - ACC: 0.1875166/414 [===========>..................] - ETA: 9:01 - loss: 80.1887 - ACC: 0.1886167/414 [===========>..................] - ETA: 9:00 - loss: 80.0051 - ACC: 0.1886168/414 [===========>..................] - ETA: 8:57 - loss: 79.7938 - ACC: 0.1894169/414 [===========>..................] - ETA: 8:55 - loss: 79.6187 - ACC: 0.1901170/414 [===========>..................] - ETA: 8:53 - loss: 79.5444 - ACC: 0.1901171/414 [===========>..................] - ETA: 8:51 - loss: 79.2969 - ACC: 0.1901172/414 [===========>..................] - ETA: 8:49 - loss: 80.1873 - ACC: 0.1897173/414 [===========>..................] - ETA: 8:47 - loss: 80.0027 - ACC: 0.1897174/414 [===========>..................] - ETA: 8:46 - loss: 79.8066 - ACC: 0.1900175/414 [===========>..................] - ETA: 8:43 - loss: 79.6481 - ACC: 0.1904176/414 [===========>..................] - ETA: 8:41 - loss: 79.4120 - ACC: 0.1896177/414 [===========>..................] - ETA: 8:39 - loss: 79.4323 - ACC: 0.1903178/414 [===========>..................] - ETA: 8:37 - loss: 79.4344 - ACC: 0.1914179/414 [===========>..................] - ETA: 8:35 - loss: 79.2507 - ACC: 0.1903180/414 [============>.................] - ETA: 8:32 - loss: 79.1332 - ACC: 0.1896181/414 [============>.................] - ETA: 8:30 - loss: 78.9990 - ACC: 0.1903182/414 [============>.................] - ETA: 8:28 - loss: 78.8760 - ACC: 0.1906183/414 [============>.................] - ETA: 8:26 - loss: 78.6583 - ACC: 0.1909184/414 [============>.................] - ETA: 8:24 - loss: 78.5599 - ACC: 0.1909185/414 [============>.................] - ETA: 8:22 - loss: 78.5147 - ACC: 0.1905186/414 [============>.................] - ETA: 8:20 - loss: 78.3958 - ACC: 0.1909187/414 [============>.................] - ETA: 8:17 - loss: 78.4493 - ACC: 0.1915188/414 [============>.................] - ETA: 8:15 - loss: 78.4081 - ACC: 0.1918189/414 [============>.................] - ETA: 8:14 - loss: 78.1540 - ACC: 0.1925190/414 [============>.................] - ETA: 8:12 - loss: 78.0117 - ACC: 0.1918191/414 [============>.................] - ETA: 8:09 - loss: 77.9030 - ACC: 0.1924192/414 [============>.................] - ETA: 8:07 - loss: 77.7328 - ACC: 0.1921193/414 [============>.................] - ETA: 8:05 - loss: 77.6792 - ACC: 0.1917194/414 [=============>................] - ETA: 8:03 - loss: 77.7703 - ACC: 0.1914195/414 [=============>................] - ETA: 8:01 - loss: 77.9085 - ACC: 0.1907196/414 [=============>................] - ETA: 7:59 - loss: 77.8118 - ACC: 0.1904197/414 [=============>................] - ETA: 7:56 - loss: 77.7827 - ACC: 0.1894198/414 [=============>................] - ETA: 7:54 - loss: 77.7252 - ACC: 0.1897199/414 [=============>................] - ETA: 7:52 - loss: 77.6099 - ACC: 0.1903200/414 [=============>................] - ETA: 7:50 - loss: 77.3812 - ACC: 0.1903201/414 [=============>................] - ETA: 7:47 - loss: 77.2742 - ACC: 0.1912202/414 [=============>................] - ETA: 7:45 - loss: 77.2094 - ACC: 0.1912203/414 [=============>................] - ETA: 7:43 - loss: 77.1863 - ACC: 0.1912204/414 [=============>................] - ETA: 7:41 - loss: 77.2026 - ACC: 0.1909205/414 [=============>................] - ETA: 7:39 - loss: 77.4030 - ACC: 0.1905206/414 [=============>................] - ETA: 7:36 - loss: 77.3121 - ACC: 0.1902207/414 [==============>...............] - ETA: 7:34 - loss: 77.3258 - ACC: 0.1896208/414 [==============>...............] - ETA: 7:32 - loss: 77.3182 - ACC: 0.1896209/414 [==============>...............] - ETA: 7:30 - loss: 77.2786 - ACC: 0.1905210/414 [==============>...............] - ETA: 7:28 - loss: 77.2643 - ACC: 0.1908211/414 [==============>...............] - ETA: 7:26 - loss: 77.0754 - ACC: 0.1914212/414 [==============>...............] - ETA: 7:23 - loss: 76.9649 - ACC: 0.1913213/414 [==============>...............] - ETA: 7:21 - loss: 76.7810 - ACC: 0.1916214/414 [==============>...............] - ETA: 7:19 - loss: 76.8247 - ACC: 0.1916215/414 [==============>...............] - ETA: 7:16 - loss: 76.7849 - ACC: 0.1919216/414 [==============>...............] - ETA: 7:14 - loss: 76.7586 - ACC: 0.1916217/414 [==============>...............] - ETA: 7:12 - loss: 76.8699 - ACC: 0.1912218/414 [==============>...............] - ETA: 7:10 - loss: 76.8633 - ACC: 0.1907219/414 [==============>...............] - ETA: 7:08 - loss: 76.8052 - ACC: 0.1904220/414 [==============>...............] - ETA: 7:05 - loss: 76.6768 - ACC: 0.1901221/414 [===============>..............] - ETA: 7:03 - loss: 76.6322 - ACC: 0.1895222/414 [===============>..............] - ETA: 7:01 - loss: 76.6350 - ACC: 0.1892223/414 [===============>..............] - ETA: 6:59 - loss: 76.4560 - ACC: 0.1900224/414 [===============>..............] - ETA: 6:57 - loss: 77.0243 - ACC: 0.1892225/414 [===============>..............] - ETA: 6:55 - loss: 77.0569 - ACC: 0.1889226/414 [===============>..............] - ETA: 6:53 - loss: 77.1982 - ACC: 0.1883227/414 [===============>..............] - ETA: 6:50 - loss: 77.0832 - ACC: 0.1878228/414 [===============>..............] - ETA: 6:48 - loss: 76.8746 - ACC: 0.1878229/414 [===============>..............] - ETA: 6:45 - loss: 76.8762 - ACC: 0.1870230/414 [===============>..............] - ETA: 6:43 - loss: 76.7985 - ACC: 0.1867231/414 [===============>..............] - ETA: 6:41 - loss: 76.7792 - ACC: 0.1867232/414 [===============>..............] - ETA: 6:39 - loss: 76.8033 - ACC: 0.1862233/414 [===============>..............] - ETA: 6:37 - loss: 76.7321 - ACC: 0.1862234/414 [===============>..............] - ETA: 6:35 - loss: 76.5535 - ACC: 0.1870235/414 [================>.............] - ETA: 6:32 - loss: 76.4423 - ACC: 0.1878236/414 [================>.............] - ETA: 6:30 - loss: 76.4798 - ACC: 0.1878237/414 [================>.............] - ETA: 6:28 - loss: 76.5770 - ACC: 0.1875238/414 [================>.............] - ETA: 6:26 - loss: 76.5077 - ACC: 0.1878239/414 [================>.............] - ETA: 6:24 - loss: 76.4160 - ACC: 0.1880240/414 [================>.............] - ETA: 6:22 - loss: 76.3391 - ACC: 0.1888241/414 [================>.............] - ETA: 6:20 - loss: 76.4454 - ACC: 0.1888242/414 [================>.............] - ETA: 6:18 - loss: 76.3425 - ACC: 0.1888243/414 [================>.............] - ETA: 6:16 - loss: 76.3692 - ACC: 0.1893244/414 [================>.............] - ETA: 6:13 - loss: 76.3176 - ACC: 0.1890245/414 [================>.............] - ETA: 6:11 - loss: 76.3244 - ACC: 0.1890246/414 [================>.............] - ETA: 6:09 - loss: 76.2248 - ACC: 0.1890247/414 [================>.............] - ETA: 6:07 - loss: 76.1381 - ACC: 0.1890248/414 [================>.............] - ETA: 6:05 - loss: 76.0466 - ACC: 0.1895249/414 [=================>............] - ETA: 6:02 - loss: 76.0277 - ACC: 0.1903250/414 [=================>............] - ETA: 6:00 - loss: 75.9756 - ACC: 0.1905251/414 [=================>............] - ETA: 5:58 - loss: 75.9000 - ACC: 0.1905252/414 [=================>............] - ETA: 5:56 - loss: 75.8365 - ACC: 0.1910253/414 [=================>............] - ETA: 5:54 - loss: 75.7468 - ACC: 0.1910254/414 [=================>............] - ETA: 5:51 - loss: 75.6509 - ACC: 0.1907255/414 [=================>............] - ETA: 5:49 - loss: 75.6601 - ACC: 0.1907256/414 [=================>............] - ETA: 5:47 - loss: 75.7355 - ACC: 0.1909257/414 [=================>............] - ETA: 5:45 - loss: 75.6046 - ACC: 0.1914258/414 [=================>............] - ETA: 5:42 - loss: 75.4329 - ACC: 0.1916259/414 [=================>............] - ETA: 5:40 - loss: 75.3589 - ACC: 0.1923260/414 [=================>............] - ETA: 5:38 - loss: 75.2587 - ACC: 0.1918261/414 [=================>............] - ETA: 5:36 - loss: 75.3893 - ACC: 0.1918262/414 [=================>............] - ETA: 5:34 - loss: 75.2507 - ACC: 0.1927263/414 [==================>...........] - ETA: 5:31 - loss: 75.2504 - ACC: 0.1930264/414 [==================>...........] - ETA: 5:29 - loss: 75.1361 - ACC: 0.1929265/414 [==================>...........] - ETA: 5:27 - loss: 75.1068 - ACC: 0.1927266/414 [==================>...........] - ETA: 5:25 - loss: 75.1499 - ACC: 0.1927267/414 [==================>...........] - ETA: 5:23 - loss: 75.1126 - ACC: 0.1931268/414 [==================>...........] - ETA: 5:21 - loss: 75.0838 - ACC: 0.1931269/414 [==================>...........] - ETA: 5:19 - loss: 75.1465 - ACC: 0.1928270/414 [==================>...........] - ETA: 5:17 - loss: 75.1538 - ACC: 0.1928271/414 [==================>...........] - ETA: 5:15 - loss: 75.2514 - ACC: 0.1923272/414 [==================>...........] - ETA: 5:12 - loss: 75.2713 - ACC: 0.1919273/414 [==================>...........] - ETA: 5:10 - loss: 75.3105 - ACC: 0.1916274/414 [==================>...........] - ETA: 5:08 - loss: 75.3185 - ACC: 0.1914275/414 [==================>...........] - ETA: 5:06 - loss: 75.2248 - ACC: 0.1916276/414 [===================>..........] - ETA: 5:04 - loss: 75.1405 - ACC: 0.1918277/414 [===================>..........] - ETA: 5:01 - loss: 75.0542 - ACC: 0.1916278/414 [===================>..........] - ETA: 4:59 - loss: 74.9398 - ACC: 0.1911279/414 [===================>..........] - ETA: 4:57 - loss: 75.0327 - ACC: 0.1906280/414 [===================>..........] - ETA: 4:55 - loss: 75.0140 - ACC: 0.1902281/414 [===================>..........] - ETA: 4:53 - loss: 74.8478 - ACC: 0.1899282/414 [===================>..........] - ETA: 4:51 - loss: 74.7300 - ACC: 0.1902283/414 [===================>..........] - ETA: 4:48 - loss: 74.6373 - ACC: 0.1899284/414 [===================>..........] - ETA: 4:46 - loss: 74.5127 - ACC: 0.1904285/414 [===================>..........] - ETA: 4:44 - loss: 74.4296 - ACC: 0.1906286/414 [===================>..........] - ETA: 4:42 - loss: 74.3586 - ACC: 0.1903287/414 [===================>..........] - ETA: 4:40 - loss: 74.4709 - ACC: 0.1903288/414 [===================>..........] - ETA: 4:37 - loss: 74.4210 - ACC: 0.1903289/414 [===================>..........] - ETA: 4:35 - loss: 74.6379 - ACC: 0.1899290/414 [====================>.........] - ETA: 4:33 - loss: 74.5712 - ACC: 0.1901291/414 [====================>.........] - ETA: 4:31 - loss: 74.5898 - ACC: 0.1901292/414 [====================>.........] - ETA: 4:28 - loss: 74.5078 - ACC: 0.1903293/414 [====================>.........] - ETA: 4:26 - loss: 74.4385 - ACC: 0.1905294/414 [====================>.........] - ETA: 4:24 - loss: 74.4098 - ACC: 0.1907295/414 [====================>.........] - ETA: 4:22 - loss: 74.3008 - ACC: 0.1903296/414 [====================>.........] - ETA: 4:20 - loss: 74.3029 - ACC: 0.1900297/414 [====================>.........] - ETA: 4:17 - loss: 74.1469 - ACC: 0.1904298/414 [====================>.........] - ETA: 4:15 - loss: 74.0182 - ACC: 0.1909299/414 [====================>.........] - ETA: 4:13 - loss: 74.1153 - ACC: 0.1906300/414 [====================>.........] - ETA: 4:11 - loss: 74.0543 - ACC: 0.1900301/414 [====================>.........] - ETA: 4:09 - loss: 73.9681 - ACC: 0.1898302/414 [====================>.........] - ETA: 4:06 - loss: 73.9822 - ACC: 0.1902303/414 [====================>.........] - ETA: 4:04 - loss: 73.9090 - ACC: 0.1902304/414 [=====================>........] - ETA: 4:02 - loss: 73.8075 - ACC: 0.1898305/414 [=====================>........] - ETA: 4:00 - loss: 73.6966 - ACC: 0.1900306/414 [=====================>........] - ETA: 3:58 - loss: 73.7041 - ACC: 0.1900307/414 [=====================>........] - ETA: 3:55 - loss: 73.6551 - ACC: 0.1897308/414 [=====================>........] - ETA: 3:53 - loss: 73.4918 - ACC: 0.1903309/414 [=====================>........] - ETA: 3:51 - loss: 73.4214 - ACC: 0.1901310/414 [=====================>........] - ETA: 3:49 - loss: 73.4274 - ACC: 0.1907311/414 [=====================>........] - ETA: 3:47 - loss: 73.2983 - ACC: 0.1909312/414 [=====================>........] - ETA: 3:44 - loss: 73.2013 - ACC: 0.1909313/414 [=====================>........] - ETA: 3:42 - loss: 73.2540 - ACC: 0.1909314/414 [=====================>........] - ETA: 3:40 - loss: 73.0811 - ACC: 0.1919315/414 [=====================>........] - ETA: 3:38 - loss: 73.1079 - ACC: 0.1919316/414 [=====================>........] - ETA: 3:35 - loss: 73.0940 - ACC: 0.1919317/414 [=====================>........] - ETA: 3:33 - loss: 73.1123 - ACC: 0.1924318/414 [======================>.......] - ETA: 3:31 - loss: 73.1526 - ACC: 0.1924319/414 [======================>.......] - ETA: 3:29 - loss: 73.1261 - ACC: 0.1920320/414 [======================>.......] - ETA: 3:27 - loss: 73.1902 - ACC: 0.1916321/414 [======================>.......] - ETA: 3:24 - loss: 73.2438 - ACC: 0.1914322/414 [======================>.......] - ETA: 3:22 - loss: 73.2613 - ACC: 0.1912323/414 [======================>.......] - ETA: 3:20 - loss: 73.1339 - ACC: 0.1914324/414 [======================>.......] - ETA: 3:18 - loss: 73.3858 - ACC: 0.1910325/414 [======================>.......] - ETA: 3:16 - loss: 73.4726 - ACC: 0.1913326/414 [======================>.......] - ETA: 3:14 - loss: 73.4554 - ACC: 0.1915327/414 [======================>.......] - ETA: 3:11 - loss: 73.3127 - ACC: 0.1911328/414 [======================>.......] - ETA: 3:09 - loss: 73.4930 - ACC: 0.1909329/414 [======================>.......] - ETA: 3:07 - loss: 73.5088 - ACC: 0.1909330/414 [======================>.......] - ETA: 3:05 - loss: 73.4313 - ACC: 0.1907331/414 [======================>.......] - ETA: 3:03 - loss: 73.4751 - ACC: 0.1903332/414 [=======================>......] - ETA: 3:00 - loss: 73.4596 - ACC: 0.1905333/414 [=======================>......] - ETA: 2:58 - loss: 73.4398 - ACC: 0.1905334/414 [=======================>......] - ETA: 2:56 - loss: 73.7190 - ACC: 0.1903335/414 [=======================>......] - ETA: 2:54 - loss: 73.6594 - ACC: 0.1901336/414 [=======================>......] - ETA: 2:51 - loss: 73.6616 - ACC: 0.1899337/414 [=======================>......] - ETA: 2:49 - loss: 73.6851 - ACC: 0.1901338/414 [=======================>......] - ETA: 2:47 - loss: 73.5914 - ACC: 0.1903339/414 [=======================>......] - ETA: 2:45 - loss: 73.4781 - ACC: 0.1904340/414 [=======================>......] - ETA: 2:43 - loss: 73.5532 - ACC: 0.1903341/414 [=======================>......] - ETA: 2:40 - loss: 73.4492 - ACC: 0.1912342/414 [=======================>......] - ETA: 2:38 - loss: 73.3858 - ACC: 0.1915343/414 [=======================>......] - ETA: 2:36 - loss: 73.3563 - ACC: 0.1915344/414 [=======================>......] - ETA: 2:34 - loss: 73.2795 - ACC: 0.1919345/414 [========================>.....] - ETA: 2:32 - loss: 73.1684 - ACC: 0.1918346/414 [========================>.....] - ETA: 2:29 - loss: 73.0442 - ACC: 0.1918347/414 [========================>.....] - ETA: 2:27 - loss: 72.9814 - ACC: 0.1918348/414 [========================>.....] - ETA: 2:25 - loss: 73.0815 - ACC: 0.1916349/414 [========================>.....] - ETA: 2:23 - loss: 73.2201 - ACC: 0.1913350/414 [========================>.....] - ETA: 2:20 - loss: 73.2492 - ACC: 0.1911351/414 [========================>.....] - ETA: 2:18 - loss: 73.3641 - ACC: 0.1911352/414 [========================>.....] - ETA: 2:16 - loss: 73.3719 - ACC: 0.1907353/414 [========================>.....] - ETA: 2:14 - loss: 73.3580 - ACC: 0.1905354/414 [========================>.....] - ETA: 2:12 - loss: 73.4308 - ACC: 0.1903355/414 [========================>.....] - ETA: 2:10 - loss: 73.3134 - ACC: 0.1907356/414 [========================>.....] - ETA: 2:07 - loss: 73.1787 - ACC: 0.1908357/414 [========================>.....] - ETA: 2:05 - loss: 73.1738 - ACC: 0.1908358/414 [========================>.....] - ETA: 2:03 - loss: 73.1529 - ACC: 0.1906359/414 [=========================>....] - ETA: 2:01 - loss: 73.0793 - ACC: 0.1906360/414 [=========================>....] - ETA: 1:58 - loss: 73.0536 - ACC: 0.1908361/414 [=========================>....] - ETA: 1:56 - loss: 72.9931 - ACC: 0.1908362/414 [=========================>....] - ETA: 1:54 - loss: 72.9742 - ACC: 0.1908363/414 [=========================>....] - ETA: 1:52 - loss: 72.9267 - ACC: 0.1909364/414 [=========================>....] - ETA: 1:50 - loss: 72.9062 - ACC: 0.1909365/414 [=========================>....] - ETA: 1:47 - loss: 72.8220 - ACC: 0.1913366/414 [=========================>....] - ETA: 1:45 - loss: 72.7108 - ACC: 0.1914367/414 [=========================>....] - ETA: 1:43 - loss: 72.6241 - ACC: 0.1912368/414 [=========================>....] - ETA: 1:41 - loss: 72.6604 - ACC: 0.1917369/414 [=========================>....] - ETA: 1:39 - loss: 72.7369 - ACC: 0.1922370/414 [=========================>....] - ETA: 1:36 - loss: 72.9083 - ACC: 0.1919371/414 [=========================>....] - ETA: 1:34 - loss: 72.8283 - ACC: 0.1915372/414 [=========================>....] - ETA: 1:32 - loss: 72.7888 - ACC: 0.1917373/414 [==========================>...] - ETA: 1:30 - loss: 72.8043 - ACC: 0.1914374/414 [==========================>...] - ETA: 1:28 - loss: 72.7574 - ACC: 0.1912375/414 [==========================>...] - ETA: 1:25 - loss: 72.6797 - ACC: 0.1910376/414 [==========================>...] - ETA: 1:23 - loss: 72.6341 - ACC: 0.1912377/414 [==========================>...] - ETA: 1:21 - loss: 73.1390 - ACC: 0.1906378/414 [==========================>...] - ETA: 1:19 - loss: 73.2615 - ACC: 0.1905379/414 [==========================>...] - ETA: 1:17 - loss: 73.2163 - ACC: 0.1908380/414 [==========================>...] - ETA: 1:14 - loss: 73.2386 - ACC: 0.1910381/414 [==========================>...] - ETA: 1:12 - loss: 73.2341 - ACC: 0.1913382/414 [==========================>...] - ETA: 1:10 - loss: 73.1794 - ACC: 0.1911383/414 [==========================>...] - ETA: 1:08 - loss: 73.2547 - ACC: 0.1913384/414 [==========================>...] - ETA: 1:06 - loss: 73.2683 - ACC: 0.1912385/414 [==========================>...] - ETA: 1:03 - loss: 73.3790 - ACC: 0.1912386/414 [==========================>...] - ETA: 1:01 - loss: 73.4594 - ACC: 0.1911387/414 [===========================>..] - ETA: 59s - loss: 73.5433 - ACC: 0.1909 388/414 [===========================>..] - ETA: 57s - loss: 73.5366 - ACC: 0.1910389/414 [===========================>..] - ETA: 55s - loss: 73.5198 - ACC: 0.1917390/414 [===========================>..] - ETA: 52s - loss: 73.4393 - ACC: 0.1921391/414 [===========================>..] - ETA: 50s - loss: 73.5123 - ACC: 0.1923392/414 [===========================>..] - ETA: 48s - loss: 73.5040 - ACC: 0.1923393/414 [===========================>..] - ETA: 46s - loss: 73.6281 - ACC: 0.1921394/414 [===========================>..] - ETA: 44s - loss: 73.6680 - ACC: 0.1918395/414 [===========================>..] - ETA: 41s - loss: 73.5669 - ACC: 0.1921396/414 [===========================>..] - ETA: 39s - loss: 74.1332 - ACC: 0.1919397/414 [===========================>..] - ETA: 37s - loss: 74.1373 - ACC: 0.1914398/414 [===========================>..] - ETA: 35s - loss: 74.2198 - ACC: 0.1911399/414 [===========================>..] - ETA: 33s - loss: 74.2208 - ACC: 0.1909400/414 [===========================>..] - ETA: 30s - loss: 74.2659 - ACC: 0.1909401/414 [============================>.] - ETA: 28s - loss: 74.3232 - ACC: 0.1909402/414 [============================>.] - ETA: 26s - loss: 74.2747 - ACC: 0.1909403/414 [============================>.] - ETA: 24s - loss: 74.2391 - ACC: 0.1911404/414 [============================>.] - ETA: 22s - loss: 74.1817 - ACC: 0.1914405/414 [============================>.] - ETA: 19s - loss: 74.3057 - ACC: 0.1915406/414 [============================>.] - ETA: 17s - loss: 74.3535 - ACC: 0.1917407/414 [============================>.] - ETA: 15s - loss: 74.3005 - ACC: 0.1918408/414 [============================>.] - ETA: 13s - loss: 74.1849 - ACC: 0.1922409/414 [============================>.] - ETA: 11s - loss: 74.1935 - ACC: 0.1919410/414 [============================>.] - ETA: 8s - loss: 74.1973 - ACC: 0.1921 411/414 [============================>.] - ETA: 6s - loss: 74.1731 - ACC: 0.1922412/414 [============================>.] - ETA: 4s - loss: 74.1364 - ACC: 0.1922413/414 [============================>.] - ETA: 2s - loss: 74.2090 - ACC: 0.1920414/414 [==============================] - ETA: 0s - loss: 74.1377 - ACC: 0.1920414/414 [==============================] - 1132s 3s/step - loss: 74.1377 - ACC: 0.1920 - val_loss: 193.3877 - val_ACC: 0.1123
Epoch 11/30
  1/414 [..............................] - ETA: 0s - loss: 69.2967 - ACC: 0.1875  2/414 [..............................] - ETA: 7:19 - loss: 93.9475 - ACC: 0.1562  3/414 [..............................] - ETA: 9:35 - loss: 81.2585 - ACC: 0.1458  4/414 [..............................] - ETA: 10:49 - loss: 81.4342 - ACC: 0.1719  5/414 [..............................] - ETA: 11:32 - loss: 82.3745 - ACC: 0.1750  6/414 [..............................] - ETA: 12:10 - loss: 76.4653 - ACC: 0.1562  7/414 [..............................] - ETA: 12:22 - loss: 75.8537 - ACC: 0.1518  8/414 [..............................] - ETA: 12:40 - loss: 74.8461 - ACC: 0.1484  9/414 [..............................] - ETA: 12:48 - loss: 77.7628 - ACC: 0.1667 10/414 [..............................] - ETA: 12:54 - loss: 77.0954 - ACC: 0.1750 11/414 [..............................] - ETA: 12:59 - loss: 76.0217 - ACC: 0.1761 12/414 [..............................] - ETA: 13:04 - loss: 73.3722 - ACC: 0.1615 13/414 [..............................] - ETA: 13:01 - loss: 76.8122 - ACC: 0.1538 14/414 [>.............................] - ETA: 13:07 - loss: 75.0422 - ACC: 0.1562 15/414 [>.............................] - ETA: 13:08 - loss: 73.2304 - ACC: 0.1542 16/414 [>.............................] - ETA: 13:15 - loss: 73.6789 - ACC: 0.1562 17/414 [>.............................] - ETA: 13:15 - loss: 71.7718 - ACC: 0.1581 18/414 [>.............................] - ETA: 13:17 - loss: 73.4734 - ACC: 0.1597 19/414 [>.............................] - ETA: 13:20 - loss: 74.0475 - ACC: 0.1579 20/414 [>.............................] - ETA: 13:22 - loss: 72.0483 - ACC: 0.1625 21/414 [>.............................] - ETA: 13:19 - loss: 71.4492 - ACC: 0.1607 22/414 [>.............................] - ETA: 13:18 - loss: 70.1050 - ACC: 0.1591 23/414 [>.............................] - ETA: 13:17 - loss: 70.6248 - ACC: 0.1576 24/414 [>.............................] - ETA: 13:17 - loss: 70.6942 - ACC: 0.1641 25/414 [>.............................] - ETA: 13:15 - loss: 70.4890 - ACC: 0.1700 26/414 [>.............................] - ETA: 13:17 - loss: 72.1001 - ACC: 0.1683 27/414 [>.............................] - ETA: 13:16 - loss: 72.2735 - ACC: 0.1690 28/414 [=>............................] - ETA: 13:11 - loss: 70.9824 - ACC: 0.1719 29/414 [=>............................] - ETA: 13:10 - loss: 71.1522 - ACC: 0.1746 30/414 [=>............................] - ETA: 13:09 - loss: 70.7385 - ACC: 0.1833 31/414 [=>............................] - ETA: 13:07 - loss: 69.9838 - ACC: 0.1835 32/414 [=>............................] - ETA: 13:02 - loss: 71.6170 - ACC: 0.1855 33/414 [=>............................] - ETA: 13:06 - loss: 72.0370 - ACC: 0.1837 34/414 [=>............................] - ETA: 13:08 - loss: 72.8083 - ACC: 0.1875 35/414 [=>............................] - ETA: 13:10 - loss: 74.2866 - ACC: 0.1839 36/414 [=>............................] - ETA: 13:07 - loss: 74.4923 - ACC: 0.1858 37/414 [=>............................] - ETA: 13:05 - loss: 73.9528 - ACC: 0.1892 38/414 [=>............................] - ETA: 13:05 - loss: 73.7873 - ACC: 0.1859 39/414 [=>............................] - ETA: 13:03 - loss: 74.0613 - ACC: 0.1827 40/414 [=>............................] - ETA: 13:02 - loss: 74.7085 - ACC: 0.1813 41/414 [=>............................] - ETA: 13:00 - loss: 75.9337 - ACC: 0.1768 42/414 [==>...........................] - ETA: 13:01 - loss: 76.1296 - ACC: 0.1771 43/414 [==>...........................] - ETA: 13:00 - loss: 75.8695 - ACC: 0.1788 44/414 [==>...........................] - ETA: 12:59 - loss: 76.1108 - ACC: 0.1818 45/414 [==>...........................] - ETA: 13:00 - loss: 76.0324 - ACC: 0.1778 46/414 [==>...........................] - ETA: 12:58 - loss: 75.1923 - ACC: 0.1807 47/414 [==>...........................] - ETA: 12:58 - loss: 75.1714 - ACC: 0.1822 48/414 [==>...........................] - ETA: 12:54 - loss: 74.4827 - ACC: 0.1823 49/414 [==>...........................] - ETA: 12:52 - loss: 74.7195 - ACC: 0.1824 50/414 [==>...........................] - ETA: 12:48 - loss: 73.6182 - ACC: 0.1863 51/414 [==>...........................] - ETA: 12:49 - loss: 73.2687 - ACC: 0.1887 52/414 [==>...........................] - ETA: 12:49 - loss: 72.9914 - ACC: 0.1899 53/414 [==>...........................] - ETA: 12:48 - loss: 72.3279 - ACC: 0.1910 54/414 [==>...........................] - ETA: 12:46 - loss: 71.5914 - ACC: 0.1921 55/414 [==>...........................] - ETA: 12:45 - loss: 71.2436 - ACC: 0.1909 56/414 [===>..........................] - ETA: 12:43 - loss: 71.3044 - ACC: 0.1931 57/414 [===>..........................] - ETA: 12:41 - loss: 70.6087 - ACC: 0.1952 58/414 [===>..........................] - ETA: 12:42 - loss: 69.9357 - ACC: 0.1961 59/414 [===>..........................] - ETA: 12:38 - loss: 70.0988 - ACC: 0.1949 60/414 [===>..........................] - ETA: 12:35 - loss: 69.3154 - ACC: 0.1979 61/414 [===>..........................] - ETA: 12:34 - loss: 68.6230 - ACC: 0.2018 62/414 [===>..........................] - ETA: 12:30 - loss: 69.0957 - ACC: 0.1996 63/414 [===>..........................] - ETA: 12:27 - loss: 68.5284 - ACC: 0.2014 64/414 [===>..........................] - ETA: 12:26 - loss: 68.2809 - ACC: 0.2021 65/414 [===>..........................] - ETA: 12:23 - loss: 68.2951 - ACC: 0.2010 66/414 [===>..........................] - ETA: 12:19 - loss: 67.9075 - ACC: 0.2008 67/414 [===>..........................] - ETA: 12:19 - loss: 67.4546 - ACC: 0.2015 68/414 [===>..........................] - ETA: 12:18 - loss: 67.3563 - ACC: 0.2013 69/414 [====>.........................] - ETA: 12:16 - loss: 67.3732 - ACC: 0.2002 70/414 [====>.........................] - ETA: 12:16 - loss: 67.2924 - ACC: 0.2009 71/414 [====>.........................] - ETA: 12:16 - loss: 68.0501 - ACC: 0.2016 72/414 [====>.........................] - ETA: 12:14 - loss: 67.6333 - ACC: 0.2031 73/414 [====>.........................] - ETA: 12:13 - loss: 67.6421 - ACC: 0.2021 74/414 [====>.........................] - ETA: 12:11 - loss: 67.8062 - ACC: 0.2010 75/414 [====>.........................] - ETA: 12:08 - loss: 67.1050 - ACC: 0.2017 76/414 [====>.........................] - ETA: 12:05 - loss: 66.5473 - ACC: 0.2031 77/414 [====>.........................] - ETA: 12:04 - loss: 66.0721 - ACC: 0.2045 78/414 [====>.........................] - ETA: 12:01 - loss: 66.5156 - ACC: 0.2059 79/414 [====>.........................] - ETA: 12:00 - loss: 66.1576 - ACC: 0.2057 80/414 [====>.........................] - ETA: 11:57 - loss: 66.0033 - ACC: 0.2055 81/414 [====>.........................] - ETA: 11:56 - loss: 65.8736 - ACC: 0.2045 82/414 [====>.........................] - ETA: 11:53 - loss: 65.9764 - ACC: 0.2050 83/414 [=====>........................] - ETA: 11:51 - loss: 66.7187 - ACC: 0.2026 84/414 [=====>........................] - ETA: 11:49 - loss: 66.5876 - ACC: 0.2016 85/414 [=====>........................] - ETA: 11:46 - loss: 66.4293 - ACC: 0.2022 86/414 [=====>........................] - ETA: 11:45 - loss: 66.4679 - ACC: 0.2006 87/414 [=====>........................] - ETA: 11:42 - loss: 66.0129 - ACC: 0.2026 88/414 [=====>........................] - ETA: 11:40 - loss: 65.7341 - ACC: 0.2017 89/414 [=====>........................] - ETA: 11:39 - loss: 65.3950 - ACC: 0.2029 90/414 [=====>........................] - ETA: 11:37 - loss: 65.4468 - ACC: 0.2035 91/414 [=====>........................] - ETA: 11:35 - loss: 65.1522 - ACC: 0.2033 92/414 [=====>........................] - ETA: 11:32 - loss: 65.1707 - ACC: 0.2031 93/414 [=====>........................] - ETA: 11:31 - loss: 65.1474 - ACC: 0.2023 94/414 [=====>........................] - ETA: 11:28 - loss: 65.3150 - ACC: 0.2015 95/414 [=====>........................] - ETA: 11:26 - loss: 65.1573 - ACC: 0.2007 96/414 [=====>........................] - ETA: 11:24 - loss: 65.2340 - ACC: 0.2005 97/414 [======>.......................] - ETA: 11:23 - loss: 65.6014 - ACC: 0.1997 98/414 [======>.......................] - ETA: 11:20 - loss: 65.1791 - ACC: 0.1996 99/414 [======>.......................] - ETA: 11:18 - loss: 65.0669 - ACC: 0.1989100/414 [======>.......................] - ETA: 11:16 - loss: 65.2243 - ACC: 0.1981101/414 [======>.......................] - ETA: 11:13 - loss: 65.0643 - ACC: 0.1999102/414 [======>.......................] - ETA: 11:12 - loss: 65.1114 - ACC: 0.1991103/414 [======>.......................] - ETA: 11:10 - loss: 65.2881 - ACC: 0.1996104/414 [======>.......................] - ETA: 11:08 - loss: 64.9189 - ACC: 0.2013105/414 [======>.......................] - ETA: 11:06 - loss: 65.0805 - ACC: 0.2000106/414 [======>.......................] - ETA: 11:04 - loss: 65.1224 - ACC: 0.1993107/414 [======>.......................] - ETA: 11:03 - loss: 64.9085 - ACC: 0.2009108/414 [======>.......................] - ETA: 11:01 - loss: 64.8098 - ACC: 0.1991109/414 [======>.......................] - ETA: 10:59 - loss: 64.8364 - ACC: 0.2001110/414 [======>.......................] - ETA: 10:56 - loss: 64.6717 - ACC: 0.2000111/414 [=======>......................] - ETA: 10:54 - loss: 64.6597 - ACC: 0.1999112/414 [=======>......................] - ETA: 10:52 - loss: 64.8416 - ACC: 0.1987113/414 [=======>......................] - ETA: 10:51 - loss: 64.8743 - ACC: 0.1980114/414 [=======>......................] - ETA: 10:49 - loss: 64.7602 - ACC: 0.1996115/414 [=======>......................] - ETA: 10:47 - loss: 64.5066 - ACC: 0.1989116/414 [=======>......................] - ETA: 10:45 - loss: 64.3722 - ACC: 0.1988117/414 [=======>......................] - ETA: 10:43 - loss: 64.2104 - ACC: 0.1993118/414 [=======>......................] - ETA: 10:40 - loss: 63.9709 - ACC: 0.1997119/414 [=======>......................] - ETA: 10:37 - loss: 63.8397 - ACC: 0.2012120/414 [=======>......................] - ETA: 10:35 - loss: 63.7173 - ACC: 0.2016121/414 [=======>......................] - ETA: 10:33 - loss: 63.4331 - ACC: 0.2030122/414 [=======>......................] - ETA: 10:30 - loss: 63.2001 - ACC: 0.2034123/414 [=======>......................] - ETA: 10:27 - loss: 63.1797 - ACC: 0.2038124/414 [=======>......................] - ETA: 10:25 - loss: 62.9855 - ACC: 0.2046125/414 [========>.....................] - ETA: 10:23 - loss: 62.7982 - ACC: 0.2050126/414 [========>.....................] - ETA: 10:21 - loss: 62.4978 - ACC: 0.2059127/414 [========>.....................] - ETA: 10:18 - loss: 62.7661 - ACC: 0.2047128/414 [========>.....................] - ETA: 10:16 - loss: 63.2840 - ACC: 0.2046129/414 [========>.....................] - ETA: 10:16 - loss: 63.8227 - ACC: 0.2035130/414 [========>.....................] - ETA: 10:13 - loss: 63.7852 - ACC: 0.2029131/414 [========>.....................] - ETA: 10:11 - loss: 63.5743 - ACC: 0.2032132/414 [========>.....................] - ETA: 10:09 - loss: 63.4151 - ACC: 0.2055133/414 [========>.....................] - ETA: 10:07 - loss: 63.4868 - ACC: 0.2044134/414 [========>.....................] - ETA: 10:05 - loss: 63.5550 - ACC: 0.2043135/414 [========>.....................] - ETA: 10:02 - loss: 63.4865 - ACC: 0.2051136/414 [========>.....................] - ETA: 10:00 - loss: 63.9872 - ACC: 0.2045137/414 [========>.....................] - ETA: 9:58 - loss: 64.2204 - ACC: 0.2039 138/414 [=========>....................] - ETA: 9:57 - loss: 64.1616 - ACC: 0.2047139/414 [=========>....................] - ETA: 9:55 - loss: 64.1538 - ACC: 0.2055140/414 [=========>....................] - ETA: 9:53 - loss: 64.1060 - ACC: 0.2054141/414 [=========>....................] - ETA: 9:51 - loss: 63.8841 - ACC: 0.2039142/414 [=========>....................] - ETA: 9:49 - loss: 63.6672 - ACC: 0.2029143/414 [=========>....................] - ETA: 9:46 - loss: 63.6834 - ACC: 0.2024144/414 [=========>....................] - ETA: 9:44 - loss: 63.9307 - ACC: 0.2031145/414 [=========>....................] - ETA: 9:43 - loss: 64.1463 - ACC: 0.2039146/414 [=========>....................] - ETA: 9:41 - loss: 64.2213 - ACC: 0.2046147/414 [=========>....................] - ETA: 9:39 - loss: 64.2572 - ACC: 0.2045148/414 [=========>....................] - ETA: 9:36 - loss: 64.0207 - ACC: 0.2052149/414 [=========>....................] - ETA: 9:34 - loss: 63.8476 - ACC: 0.2051150/414 [=========>....................] - ETA: 9:32 - loss: 63.8461 - ACC: 0.2042151/414 [=========>....................] - ETA: 9:29 - loss: 63.6644 - ACC: 0.2045152/414 [==========>...................] - ETA: 9:27 - loss: 63.6742 - ACC: 0.2044153/414 [==========>...................] - ETA: 9:25 - loss: 63.5742 - ACC: 0.2042154/414 [==========>...................] - ETA: 9:23 - loss: 63.7165 - ACC: 0.2041155/414 [==========>...................] - ETA: 9:21 - loss: 63.8775 - ACC: 0.2028156/414 [==========>...................] - ETA: 9:19 - loss: 63.9407 - ACC: 0.2019157/414 [==========>...................] - ETA: 9:17 - loss: 63.7577 - ACC: 0.2018158/414 [==========>...................] - ETA: 9:14 - loss: 63.6893 - ACC: 0.2021159/414 [==========>...................] - ETA: 9:12 - loss: 63.7465 - ACC: 0.2013160/414 [==========>...................] - ETA: 9:09 - loss: 63.7116 - ACC: 0.2004161/414 [==========>...................] - ETA: 9:07 - loss: 63.6992 - ACC: 0.2003162/414 [==========>...................] - ETA: 9:05 - loss: 63.8898 - ACC: 0.1995163/414 [==========>...................] - ETA: 9:03 - loss: 63.8399 - ACC: 0.2002164/414 [==========>...................] - ETA: 9:01 - loss: 63.6782 - ACC: 0.1997165/414 [==========>...................] - ETA: 8:59 - loss: 63.7597 - ACC: 0.1992166/414 [===========>..................] - ETA: 8:57 - loss: 63.6672 - ACC: 0.1992167/414 [===========>..................] - ETA: 8:55 - loss: 63.6327 - ACC: 0.1991168/414 [===========>..................] - ETA: 8:53 - loss: 64.0491 - ACC: 0.1983169/414 [===========>..................] - ETA: 8:51 - loss: 64.1335 - ACC: 0.1979170/414 [===========>..................] - ETA: 8:49 - loss: 64.3290 - ACC: 0.1967171/414 [===========>..................] - ETA: 8:47 - loss: 64.2232 - ACC: 0.1966172/414 [===========>..................] - ETA: 8:45 - loss: 64.3786 - ACC: 0.1959173/414 [===========>..................] - ETA: 8:43 - loss: 64.2178 - ACC: 0.1969174/414 [===========>..................] - ETA: 8:41 - loss: 64.1095 - ACC: 0.1972175/414 [===========>..................] - ETA: 8:39 - loss: 63.9145 - ACC: 0.1975176/414 [===========>..................] - ETA: 8:37 - loss: 64.3104 - ACC: 0.1974177/414 [===========>..................] - ETA: 8:35 - loss: 64.4033 - ACC: 0.1974178/414 [===========>..................] - ETA: 8:33 - loss: 64.4017 - ACC: 0.1977179/414 [===========>..................] - ETA: 8:31 - loss: 64.7245 - ACC: 0.1976180/414 [============>.................] - ETA: 8:29 - loss: 64.6305 - ACC: 0.1983181/414 [============>.................] - ETA: 8:26 - loss: 64.6903 - ACC: 0.1985182/414 [============>.................] - ETA: 8:24 - loss: 64.8294 - ACC: 0.1978183/414 [============>.................] - ETA: 8:22 - loss: 64.7425 - ACC: 0.1984184/414 [============>.................] - ETA: 8:20 - loss: 64.7566 - ACC: 0.1980185/414 [============>.................] - ETA: 8:18 - loss: 64.6377 - ACC: 0.1990186/414 [============>.................] - ETA: 8:16 - loss: 64.7261 - ACC: 0.1986187/414 [============>.................] - ETA: 8:14 - loss: 64.7604 - ACC: 0.1982188/414 [============>.................] - ETA: 8:12 - loss: 64.7323 - ACC: 0.1978189/414 [============>.................] - ETA: 8:10 - loss: 64.8675 - ACC: 0.1978190/414 [============>.................] - ETA: 8:08 - loss: 64.8889 - ACC: 0.1980191/414 [============>.................] - ETA: 8:05 - loss: 64.9951 - ACC: 0.1980192/414 [============>.................] - ETA: 8:04 - loss: 65.1172 - ACC: 0.1969193/414 [============>.................] - ETA: 8:02 - loss: 65.2435 - ACC: 0.1962194/414 [=============>................] - ETA: 8:00 - loss: 65.1561 - ACC: 0.1968195/414 [=============>................] - ETA: 7:57 - loss: 65.3908 - ACC: 0.1968196/414 [=============>................] - ETA: 7:55 - loss: 65.6435 - ACC: 0.1967197/414 [=============>................] - ETA: 7:53 - loss: 65.8553 - ACC: 0.1964198/414 [=============>................] - ETA: 7:51 - loss: 65.9983 - ACC: 0.1960199/414 [=============>................] - ETA: 7:48 - loss: 65.8721 - ACC: 0.1966200/414 [=============>................] - ETA: 7:46 - loss: 65.7338 - ACC: 0.1966201/414 [=============>................] - ETA: 7:44 - loss: 65.8184 - ACC: 0.1971202/414 [=============>................] - ETA: 7:42 - loss: 65.8527 - ACC: 0.1965203/414 [=============>................] - ETA: 7:40 - loss: 66.2444 - ACC: 0.1970204/414 [=============>................] - ETA: 7:37 - loss: 66.5433 - ACC: 0.1970205/414 [=============>................] - ETA: 7:35 - loss: 66.8911 - ACC: 0.1963206/414 [=============>................] - ETA: 7:33 - loss: 66.7586 - ACC: 0.1972207/414 [==============>...............] - ETA: 7:31 - loss: 66.7733 - ACC: 0.1978208/414 [==============>...............] - ETA: 7:28 - loss: 66.7202 - ACC: 0.1980209/414 [==============>...............] - ETA: 7:26 - loss: 66.5513 - ACC: 0.1986210/414 [==============>...............] - ETA: 7:24 - loss: 66.5588 - ACC: 0.1985211/414 [==============>...............] - ETA: 7:22 - loss: 66.5350 - ACC: 0.1991212/414 [==============>...............] - ETA: 7:19 - loss: 66.5198 - ACC: 0.1987213/414 [==============>...............] - ETA: 7:17 - loss: 66.4192 - ACC: 0.1989214/414 [==============>...............] - ETA: 7:15 - loss: 66.5000 - ACC: 0.1992215/414 [==============>...............] - ETA: 7:13 - loss: 66.3840 - ACC: 0.1997216/414 [==============>...............] - ETA: 7:11 - loss: 66.4469 - ACC: 0.1997217/414 [==============>...............] - ETA: 7:08 - loss: 66.4427 - ACC: 0.1990218/414 [==============>...............] - ETA: 7:06 - loss: 66.4941 - ACC: 0.1990219/414 [==============>...............] - ETA: 7:04 - loss: 66.5382 - ACC: 0.1986220/414 [==============>...............] - ETA: 7:02 - loss: 66.3666 - ACC: 0.1991221/414 [===============>..............] - ETA: 7:00 - loss: 66.3759 - ACC: 0.1991222/414 [===============>..............] - ETA: 6:58 - loss: 66.4146 - ACC: 0.1985223/414 [===============>..............] - ETA: 6:56 - loss: 66.5220 - ACC: 0.1979224/414 [===============>..............] - ETA: 6:54 - loss: 66.6392 - ACC: 0.1975225/414 [===============>..............] - ETA: 6:51 - loss: 66.5293 - ACC: 0.1978226/414 [===============>..............] - ETA: 6:49 - loss: 66.4153 - ACC: 0.1988227/414 [===============>..............] - ETA: 6:47 - loss: 66.3465 - ACC: 0.1982228/414 [===============>..............] - ETA: 6:44 - loss: 66.4159 - ACC: 0.1979229/414 [===============>..............] - ETA: 6:42 - loss: 66.4775 - ACC: 0.1973230/414 [===============>..............] - ETA: 6:40 - loss: 66.4650 - ACC: 0.1973231/414 [===============>..............] - ETA: 6:38 - loss: 66.3929 - ACC: 0.1975232/414 [===============>..............] - ETA: 6:36 - loss: 66.2815 - ACC: 0.1980233/414 [===============>..............] - ETA: 6:34 - loss: 66.1520 - ACC: 0.1988234/414 [===============>..............] - ETA: 6:31 - loss: 66.0537 - ACC: 0.1990235/414 [================>.............] - ETA: 6:29 - loss: 66.1520 - ACC: 0.1989236/414 [================>.............] - ETA: 6:27 - loss: 66.0931 - ACC: 0.1992237/414 [================>.............] - ETA: 6:25 - loss: 66.0819 - ACC: 0.1988238/414 [================>.............] - ETA: 6:23 - loss: 66.0426 - ACC: 0.1991239/414 [================>.............] - ETA: 6:21 - loss: 65.8480 - ACC: 0.2003240/414 [================>.............] - ETA: 6:19 - loss: 65.7799 - ACC: 0.2000241/414 [================>.............] - ETA: 6:17 - loss: 65.5980 - ACC: 0.2007242/414 [================>.............] - ETA: 6:15 - loss: 65.4085 - ACC: 0.2012243/414 [================>.............] - ETA: 6:12 - loss: 65.3493 - ACC: 0.2006244/414 [================>.............] - ETA: 6:10 - loss: 65.3531 - ACC: 0.2003245/414 [================>.............] - ETA: 6:08 - loss: 65.2160 - ACC: 0.2008246/414 [================>.............] - ETA: 6:06 - loss: 65.2949 - ACC: 0.2010247/414 [================>.............] - ETA: 6:03 - loss: 65.2521 - ACC: 0.2007248/414 [================>.............] - ETA: 6:01 - loss: 65.1706 - ACC: 0.2004249/414 [=================>............] - ETA: 5:59 - loss: 65.1611 - ACC: 0.2003250/414 [=================>............] - ETA: 5:57 - loss: 65.1056 - ACC: 0.1998251/414 [=================>............] - ETA: 5:55 - loss: 65.0342 - ACC: 0.2002252/414 [=================>............] - ETA: 5:53 - loss: 65.0258 - ACC: 0.2001253/414 [=================>............] - ETA: 5:50 - loss: 65.0192 - ACC: 0.1999254/414 [=================>............] - ETA: 5:48 - loss: 65.0031 - ACC: 0.2000255/414 [=================>............] - ETA: 5:46 - loss: 64.9627 - ACC: 0.2007256/414 [=================>............] - ETA: 5:44 - loss: 65.1957 - ACC: 0.2009257/414 [=================>............] - ETA: 5:42 - loss: 65.0679 - ACC: 0.2016258/414 [=================>............] - ETA: 5:39 - loss: 65.0124 - ACC: 0.2008259/414 [=================>............] - ETA: 5:37 - loss: 65.1647 - ACC: 0.2005260/414 [=================>............] - ETA: 5:35 - loss: 65.1510 - ACC: 0.2002261/414 [=================>............] - ETA: 5:33 - loss: 65.1462 - ACC: 0.2004262/414 [=================>............] - ETA: 5:31 - loss: 65.0959 - ACC: 0.2001263/414 [==================>...........] - ETA: 5:28 - loss: 65.0387 - ACC: 0.2006264/414 [==================>...........] - ETA: 5:26 - loss: 65.0398 - ACC: 0.2003265/414 [==================>...........] - ETA: 5:24 - loss: 65.3637 - ACC: 0.2002266/414 [==================>...........] - ETA: 5:22 - loss: 65.4431 - ACC: 0.2002267/414 [==================>...........] - ETA: 5:20 - loss: 65.4346 - ACC: 0.2004268/414 [==================>...........] - ETA: 5:18 - loss: 65.4005 - ACC: 0.2006269/414 [==================>...........] - ETA: 5:16 - loss: 65.2705 - ACC: 0.2007270/414 [==================>...........] - ETA: 5:14 - loss: 65.2306 - ACC: 0.2002271/414 [==================>...........] - ETA: 5:12 - loss: 65.3338 - ACC: 0.2000272/414 [==================>...........] - ETA: 5:10 - loss: 65.2827 - ACC: 0.1997273/414 [==================>...........] - ETA: 5:07 - loss: 65.2233 - ACC: 0.1989274/414 [==================>...........] - ETA: 5:05 - loss: 65.3448 - ACC: 0.1987275/414 [==================>...........] - ETA: 5:03 - loss: 65.2124 - ACC: 0.1993276/414 [===================>..........] - ETA: 5:01 - loss: 65.1833 - ACC: 0.1997277/414 [===================>..........] - ETA: 4:58 - loss: 65.1854 - ACC: 0.1997278/414 [===================>..........] - ETA: 4:57 - loss: 65.1814 - ACC: 0.1996279/414 [===================>..........] - ETA: 4:54 - loss: 65.1989 - ACC: 0.1991280/414 [===================>..........] - ETA: 4:52 - loss: 65.1060 - ACC: 0.1991281/414 [===================>..........] - ETA: 4:50 - loss: 64.9739 - ACC: 0.1993282/414 [===================>..........] - ETA: 4:48 - loss: 64.8272 - ACC: 0.1999283/414 [===================>..........] - ETA: 4:46 - loss: 64.7947 - ACC: 0.1996284/414 [===================>..........] - ETA: 4:44 - loss: 64.7429 - ACC: 0.2003285/414 [===================>..........] - ETA: 4:41 - loss: 64.6886 - ACC: 0.2011286/414 [===================>..........] - ETA: 4:39 - loss: 64.7576 - ACC: 0.2010287/414 [===================>..........] - ETA: 4:37 - loss: 64.7385 - ACC: 0.2008288/414 [===================>..........] - ETA: 4:35 - loss: 64.8489 - ACC: 0.2001289/414 [===================>..........] - ETA: 4:33 - loss: 64.9694 - ACC: 0.2003290/414 [====================>.........] - ETA: 4:30 - loss: 64.8158 - ACC: 0.2006291/414 [====================>.........] - ETA: 4:28 - loss: 64.9414 - ACC: 0.2010292/414 [====================>.........] - ETA: 4:26 - loss: 64.9212 - ACC: 0.2008293/414 [====================>.........] - ETA: 4:24 - loss: 64.8965 - ACC: 0.2009294/414 [====================>.........] - ETA: 4:22 - loss: 64.8171 - ACC: 0.2011295/414 [====================>.........] - ETA: 4:19 - loss: 64.7335 - ACC: 0.2021296/414 [====================>.........] - ETA: 4:17 - loss: 64.8059 - ACC: 0.2021297/414 [====================>.........] - ETA: 4:15 - loss: 64.7676 - ACC: 0.2022298/414 [====================>.........] - ETA: 4:13 - loss: 64.6578 - ACC: 0.2024299/414 [====================>.........] - ETA: 4:11 - loss: 64.5886 - ACC: 0.2023300/414 [====================>.........] - ETA: 4:08 - loss: 64.5430 - ACC: 0.2023301/414 [====================>.........] - ETA: 4:07 - loss: 64.4343 - ACC: 0.2020302/414 [====================>.........] - ETA: 4:04 - loss: 64.3511 - ACC: 0.2026303/414 [====================>.........] - ETA: 4:02 - loss: 64.2491 - ACC: 0.2030304/414 [=====================>........] - ETA: 4:00 - loss: 64.2119 - ACC: 0.2029305/414 [=====================>........] - ETA: 3:58 - loss: 64.1979 - ACC: 0.2029306/414 [=====================>........] - ETA: 3:56 - loss: 64.1590 - ACC: 0.2024307/414 [=====================>........] - ETA: 3:53 - loss: 64.1050 - ACC: 0.2028308/414 [=====================>........] - ETA: 3:51 - loss: 64.0550 - ACC: 0.2029309/414 [=====================>........] - ETA: 3:49 - loss: 64.0382 - ACC: 0.2029310/414 [=====================>........] - ETA: 3:47 - loss: 64.0322 - ACC: 0.2024311/414 [=====================>........] - ETA: 3:45 - loss: 63.9939 - ACC: 0.2028312/414 [=====================>........] - ETA: 3:42 - loss: 63.8606 - ACC: 0.2027313/414 [=====================>........] - ETA: 3:40 - loss: 63.7667 - ACC: 0.2027314/414 [=====================>........] - ETA: 3:38 - loss: 63.6893 - ACC: 0.2032315/414 [=====================>........] - ETA: 3:36 - loss: 63.6795 - ACC: 0.2032316/414 [=====================>........] - ETA: 3:34 - loss: 63.6780 - ACC: 0.2033317/414 [=====================>........] - ETA: 3:31 - loss: 63.6254 - ACC: 0.2039318/414 [======================>.......] - ETA: 3:29 - loss: 63.6038 - ACC: 0.2038319/414 [======================>.......] - ETA: 3:27 - loss: 63.5730 - ACC: 0.2038320/414 [======================>.......] - ETA: 3:25 - loss: 63.5219 - ACC: 0.2039321/414 [======================>.......] - ETA: 3:23 - loss: 63.4345 - ACC: 0.2042322/414 [======================>.......] - ETA: 3:21 - loss: 63.4317 - ACC: 0.2040323/414 [======================>.......] - ETA: 3:18 - loss: 63.3402 - ACC: 0.2043324/414 [======================>.......] - ETA: 3:16 - loss: 63.3159 - ACC: 0.2039325/414 [======================>.......] - ETA: 3:14 - loss: 63.2921 - ACC: 0.2035326/414 [======================>.......] - ETA: 3:12 - loss: 63.1958 - ACC: 0.2034327/414 [======================>.......] - ETA: 3:10 - loss: 63.0461 - ACC: 0.2039328/414 [======================>.......] - ETA: 3:08 - loss: 62.9676 - ACC: 0.2041329/414 [======================>.......] - ETA: 3:05 - loss: 62.9405 - ACC: 0.2042330/414 [======================>.......] - ETA: 3:03 - loss: 62.9015 - ACC: 0.2042331/414 [======================>.......] - ETA: 3:01 - loss: 62.8921 - ACC: 0.2041332/414 [=======================>......] - ETA: 2:59 - loss: 62.8393 - ACC: 0.2039333/414 [=======================>......] - ETA: 2:57 - loss: 62.8912 - ACC: 0.2036334/414 [=======================>......] - ETA: 2:54 - loss: 62.8355 - ACC: 0.2042335/414 [=======================>......] - ETA: 2:52 - loss: 62.7634 - ACC: 0.2041336/414 [=======================>......] - ETA: 2:50 - loss: 62.7314 - ACC: 0.2035337/414 [=======================>......] - ETA: 2:48 - loss: 62.6089 - ACC: 0.2040338/414 [=======================>......] - ETA: 2:46 - loss: 62.6170 - ACC: 0.2041339/414 [=======================>......] - ETA: 2:43 - loss: 62.5340 - ACC: 0.2046340/414 [=======================>......] - ETA: 2:41 - loss: 62.4560 - ACC: 0.2046341/414 [=======================>......] - ETA: 2:39 - loss: 62.3451 - ACC: 0.2049342/414 [=======================>......] - ETA: 2:37 - loss: 62.2524 - ACC: 0.2047343/414 [=======================>......] - ETA: 2:35 - loss: 62.2012 - ACC: 0.2048344/414 [=======================>......] - ETA: 2:33 - loss: 62.1421 - ACC: 0.2049345/414 [========================>.....] - ETA: 2:30 - loss: 62.0350 - ACC: 0.2054346/414 [========================>.....] - ETA: 2:28 - loss: 61.9468 - ACC: 0.2057347/414 [========================>.....] - ETA: 2:26 - loss: 61.9336 - ACC: 0.2055348/414 [========================>.....] - ETA: 2:24 - loss: 62.0931 - ACC: 0.2051349/414 [========================>.....] - ETA: 2:22 - loss: 62.1156 - ACC: 0.2051350/414 [========================>.....] - ETA: 2:19 - loss: 62.1741 - ACC: 0.2050351/414 [========================>.....] - ETA: 2:17 - loss: 62.1776 - ACC: 0.2048352/414 [========================>.....] - ETA: 2:15 - loss: 62.2553 - ACC: 0.2042353/414 [========================>.....] - ETA: 2:13 - loss: 62.3077 - ACC: 0.2038354/414 [========================>.....] - ETA: 2:11 - loss: 62.2318 - ACC: 0.2041355/414 [========================>.....] - ETA: 2:09 - loss: 62.1656 - ACC: 0.2048356/414 [========================>.....] - ETA: 2:06 - loss: 62.0840 - ACC: 0.2047357/414 [========================>.....] - ETA: 2:04 - loss: 62.0492 - ACC: 0.2043358/414 [========================>.....] - ETA: 2:02 - loss: 62.1222 - ACC: 0.2039359/414 [=========================>....] - ETA: 2:00 - loss: 62.1714 - ACC: 0.2040360/414 [=========================>....] - ETA: 1:58 - loss: 62.1602 - ACC: 0.2042361/414 [=========================>....] - ETA: 1:55 - loss: 62.1385 - ACC: 0.2043362/414 [=========================>....] - ETA: 1:53 - loss: 62.0932 - ACC: 0.2039363/414 [=========================>....] - ETA: 1:51 - loss: 62.0468 - ACC: 0.2044364/414 [=========================>....] - ETA: 1:49 - loss: 61.9992 - ACC: 0.2043365/414 [=========================>....] - ETA: 1:47 - loss: 61.9506 - ACC: 0.2045366/414 [=========================>....] - ETA: 1:44 - loss: 61.9011 - ACC: 0.2042367/414 [=========================>....] - ETA: 1:42 - loss: 61.8820 - ACC: 0.2044368/414 [=========================>....] - ETA: 1:40 - loss: 61.8839 - ACC: 0.2043369/414 [=========================>....] - ETA: 1:38 - loss: 61.8197 - ACC: 0.2044370/414 [=========================>....] - ETA: 1:36 - loss: 61.7629 - ACC: 0.2041371/414 [=========================>....] - ETA: 1:33 - loss: 61.6325 - ACC: 0.2045372/414 [=========================>....] - ETA: 1:31 - loss: 61.6896 - ACC: 0.2048373/414 [==========================>...] - ETA: 1:29 - loss: 61.6446 - ACC: 0.2046374/414 [==========================>...] - ETA: 1:27 - loss: 61.6116 - ACC: 0.2049375/414 [==========================>...] - ETA: 1:25 - loss: 61.5382 - ACC: 0.2048376/414 [==========================>...] - ETA: 1:23 - loss: 61.4866 - ACC: 0.2048377/414 [==========================>...] - ETA: 1:20 - loss: 61.6483 - ACC: 0.2046378/414 [==========================>...] - ETA: 1:18 - loss: 61.8654 - ACC: 0.2040379/414 [==========================>...] - ETA: 1:16 - loss: 61.7850 - ACC: 0.2042380/414 [==========================>...] - ETA: 1:14 - loss: 61.8038 - ACC: 0.2041381/414 [==========================>...] - ETA: 1:12 - loss: 61.7593 - ACC: 0.2044382/414 [==========================>...] - ETA: 1:10 - loss: 61.6525 - ACC: 0.2045383/414 [==========================>...] - ETA: 1:07 - loss: 61.6732 - ACC: 0.2046384/414 [==========================>...] - ETA: 1:05 - loss: 61.5699 - ACC: 0.2049385/414 [==========================>...] - ETA: 1:03 - loss: 61.5357 - ACC: 0.2052386/414 [==========================>...] - ETA: 1:01 - loss: 61.5340 - ACC: 0.2051387/414 [===========================>..] - ETA: 59s - loss: 61.7579 - ACC: 0.2048 388/414 [===========================>..] - ETA: 56s - loss: 61.7740 - ACC: 0.2049389/414 [===========================>..] - ETA: 54s - loss: 61.7250 - ACC: 0.2053390/414 [===========================>..] - ETA: 52s - loss: 61.7651 - ACC: 0.2050391/414 [===========================>..] - ETA: 50s - loss: 61.7651 - ACC: 0.2052392/414 [===========================>..] - ETA: 48s - loss: 61.9240 - ACC: 0.2052393/414 [===========================>..] - ETA: 45s - loss: 62.1293 - ACC: 0.2050394/414 [===========================>..] - ETA: 43s - loss: 62.2409 - ACC: 0.2048395/414 [===========================>..] - ETA: 41s - loss: 62.2500 - ACC: 0.2046396/414 [===========================>..] - ETA: 39s - loss: 63.0011 - ACC: 0.2041397/414 [===========================>..] - ETA: 37s - loss: 62.9857 - ACC: 0.2042398/414 [===========================>..] - ETA: 35s - loss: 63.0124 - ACC: 0.2040399/414 [===========================>..] - ETA: 32s - loss: 63.0054 - ACC: 0.2038400/414 [===========================>..] - ETA: 30s - loss: 62.9894 - ACC: 0.2034401/414 [============================>.] - ETA: 28s - loss: 63.1560 - ACC: 0.2034402/414 [============================>.] - ETA: 26s - loss: 63.2394 - ACC: 0.2030403/414 [============================>.] - ETA: 24s - loss: 63.2886 - ACC: 0.2025404/414 [============================>.] - ETA: 21s - loss: 63.2508 - ACC: 0.2024405/414 [============================>.] - ETA: 19s - loss: 63.2170 - ACC: 0.2023406/414 [============================>.] - ETA: 17s - loss: 63.2138 - ACC: 0.2023407/414 [============================>.] - ETA: 15s - loss: 63.2533 - ACC: 0.2021408/414 [============================>.] - ETA: 13s - loss: 63.3203 - ACC: 0.2021409/414 [============================>.] - ETA: 10s - loss: 63.5304 - ACC: 0.2016410/414 [============================>.] - ETA: 8s - loss: 63.5503 - ACC: 0.2014 411/414 [============================>.] - ETA: 6s - loss: 63.6310 - ACC: 0.2009412/414 [============================>.] - ETA: 4s - loss: 63.7347 - ACC: 0.2007413/414 [============================>.] - ETA: 2s - loss: 64.0254 - ACC: 0.2002414/414 [==============================] - ETA: 0s - loss: 63.9906 - ACC: 0.2005414/414 [==============================] - 1129s 3s/step - loss: 63.9906 - ACC: 0.2005 - val_loss: 186.7558 - val_ACC: 0.1135
Epoch 12/30
  1/414 [..............................] - ETA: 0s - loss: 118.0905 - ACC: 0.2500  2/414 [..............................] - ETA: 7:22 - loss: 108.6654 - ACC: 0.1250  3/414 [..............................] - ETA: 9:41 - loss: 92.8542 - ACC: 0.1250   4/414 [..............................] - ETA: 10:54 - loss: 96.3225 - ACC: 0.1406  5/414 [..............................] - ETA: 11:38 - loss: 98.4899 - ACC: 0.1250  6/414 [..............................] - ETA: 12:20 - loss: 93.6451 - ACC: 0.1354  7/414 [..............................] - ETA: 12:32 - loss: 91.1787 - ACC: 0.1250  8/414 [..............................] - ETA: 12:51 - loss: 83.5154 - ACC: 0.1406  9/414 [..............................] - ETA: 13:08 - loss: 81.9459 - ACC: 0.1389 10/414 [..............................] - ETA: 13:12 - loss: 85.1365 - ACC: 0.1375 11/414 [..............................] - ETA: 13:15 - loss: 81.4437 - ACC: 0.1364 12/414 [..............................] - ETA: 13:19 - loss: 80.3487 - ACC: 0.1354 13/414 [..............................] - ETA: 13:16 - loss: 83.1415 - ACC: 0.1298 14/414 [>.............................] - ETA: 13:21 - loss: 80.7246 - ACC: 0.1339 15/414 [>.............................] - ETA: 13:22 - loss: 78.0882 - ACC: 0.1333 16/414 [>.............................] - ETA: 13:29 - loss: 77.2934 - ACC: 0.1445 17/414 [>.............................] - ETA: 13:29 - loss: 76.5955 - ACC: 0.1471 18/414 [>.............................] - ETA: 13:32 - loss: 75.9000 - ACC: 0.1458 19/414 [>.............................] - ETA: 13:35 - loss: 76.4531 - ACC: 0.1480 20/414 [>.............................] - ETA: 13:37 - loss: 75.4962 - ACC: 0.1531 21/414 [>.............................] - ETA: 13:33 - loss: 74.3522 - ACC: 0.1488 22/414 [>.............................] - ETA: 13:32 - loss: 73.7148 - ACC: 0.1562 23/414 [>.............................] - ETA: 13:30 - loss: 72.2944 - ACC: 0.1603 24/414 [>.............................] - ETA: 13:30 - loss: 73.7554 - ACC: 0.1615 25/414 [>.............................] - ETA: 13:29 - loss: 72.1197 - ACC: 0.1675 26/414 [>.............................] - ETA: 13:31 - loss: 72.5057 - ACC: 0.1659 27/414 [>.............................] - ETA: 13:29 - loss: 74.3548 - ACC: 0.1620 28/414 [=>............................] - ETA: 13:25 - loss: 78.0925 - ACC: 0.1585 29/414 [=>............................] - ETA: 13:23 - loss: 79.0199 - ACC: 0.1573 30/414 [=>............................] - ETA: 13:24 - loss: 78.2187 - ACC: 0.1604 31/414 [=>............................] - ETA: 13:21 - loss: 76.7969 - ACC: 0.1613 32/414 [=>............................] - ETA: 13:16 - loss: 76.7822 - ACC: 0.1582 33/414 [=>............................] - ETA: 13:20 - loss: 76.4995 - ACC: 0.1553 34/414 [=>............................] - ETA: 13:22 - loss: 77.8965 - ACC: 0.1507 35/414 [=>............................] - ETA: 13:23 - loss: 81.9893 - ACC: 0.1464 36/414 [=>............................] - ETA: 13:21 - loss: 85.1687 - ACC: 0.1441 37/414 [=>............................] - ETA: 13:18 - loss: 84.8734 - ACC: 0.1419 38/414 [=>............................] - ETA: 13:19 - loss: 84.7484 - ACC: 0.1447 39/414 [=>............................] - ETA: 13:17 - loss: 84.9809 - ACC: 0.1458 40/414 [=>............................] - ETA: 13:16 - loss: 85.5202 - ACC: 0.1453 41/414 [=>............................] - ETA: 13:13 - loss: 86.6542 - ACC: 0.1418 42/414 [==>...........................] - ETA: 13:15 - loss: 86.3679 - ACC: 0.1384 43/414 [==>...........................] - ETA: 13:14 - loss: 87.2095 - ACC: 0.1366 44/414 [==>...........................] - ETA: 13:12 - loss: 86.5399 - ACC: 0.1378 45/414 [==>...........................] - ETA: 13:13 - loss: 85.7785 - ACC: 0.1431 46/414 [==>...........................] - ETA: 13:10 - loss: 85.8868 - ACC: 0.1427 47/414 [==>...........................] - ETA: 13:11 - loss: 86.3022 - ACC: 0.1463 48/414 [==>...........................] - ETA: 13:07 - loss: 86.5806 - ACC: 0.1484 49/414 [==>...........................] - ETA: 13:05 - loss: 85.7560 - ACC: 0.1492 50/414 [==>...........................] - ETA: 13:01 - loss: 85.1281 - ACC: 0.1475 51/414 [==>...........................] - ETA: 13:02 - loss: 84.9248 - ACC: 0.1458 52/414 [==>...........................] - ETA: 13:02 - loss: 84.0017 - ACC: 0.1466 53/414 [==>...........................] - ETA: 13:00 - loss: 83.6430 - ACC: 0.1462 54/414 [==>...........................] - ETA: 12:58 - loss: 82.7996 - ACC: 0.1505 55/414 [==>...........................] - ETA: 12:57 - loss: 82.0776 - ACC: 0.1500 56/414 [===>..........................] - ETA: 12:55 - loss: 81.9304 - ACC: 0.1518 57/414 [===>..........................] - ETA: 12:53 - loss: 81.2355 - ACC: 0.1524 58/414 [===>..........................] - ETA: 12:53 - loss: 80.5726 - ACC: 0.1552 59/414 [===>..........................] - ETA: 12:50 - loss: 80.2822 - ACC: 0.1578 60/414 [===>..........................] - ETA: 12:47 - loss: 79.8238 - ACC: 0.1552 61/414 [===>..........................] - ETA: 12:44 - loss: 79.0058 - ACC: 0.1588 62/414 [===>..........................] - ETA: 12:41 - loss: 79.2789 - ACC: 0.1573 63/414 [===>..........................] - ETA: 12:38 - loss: 78.7528 - ACC: 0.1607 64/414 [===>..........................] - ETA: 12:36 - loss: 78.3602 - ACC: 0.1602 65/414 [===>..........................] - ETA: 12:33 - loss: 77.8215 - ACC: 0.1606 66/414 [===>..........................] - ETA: 12:29 - loss: 77.4541 - ACC: 0.1600 67/414 [===>..........................] - ETA: 12:30 - loss: 77.2039 - ACC: 0.1576 68/414 [===>..........................] - ETA: 12:28 - loss: 76.6573 - ACC: 0.1590 69/414 [====>.........................] - ETA: 12:26 - loss: 76.6637 - ACC: 0.1576 70/414 [====>.........................] - ETA: 12:26 - loss: 76.3907 - ACC: 0.1562 71/414 [====>.........................] - ETA: 12:26 - loss: 77.0673 - ACC: 0.1567 72/414 [====>.........................] - ETA: 12:24 - loss: 77.2372 - ACC: 0.1545 73/414 [====>.........................] - ETA: 12:24 - loss: 77.5079 - ACC: 0.1541 74/414 [====>.........................] - ETA: 12:21 - loss: 77.1415 - ACC: 0.1554 75/414 [====>.........................] - ETA: 12:18 - loss: 77.8368 - ACC: 0.1542 76/414 [====>.........................] - ETA: 12:15 - loss: 77.7454 - ACC: 0.1538 77/414 [====>.........................] - ETA: 12:14 - loss: 77.1646 - ACC: 0.1542 78/414 [====>.........................] - ETA: 12:12 - loss: 77.0783 - ACC: 0.1546 79/414 [====>.........................] - ETA: 12:10 - loss: 76.6519 - ACC: 0.1559 80/414 [====>.........................] - ETA: 12:07 - loss: 76.1968 - ACC: 0.1578 81/414 [====>.........................] - ETA: 12:06 - loss: 75.7969 - ACC: 0.1597 82/414 [====>.........................] - ETA: 12:03 - loss: 76.5010 - ACC: 0.1608 83/414 [=====>........................] - ETA: 12:02 - loss: 76.9815 - ACC: 0.1589 84/414 [=====>........................] - ETA: 11:59 - loss: 76.2720 - ACC: 0.1629 85/414 [=====>........................] - ETA: 11:56 - loss: 76.0872 - ACC: 0.1654 86/414 [=====>........................] - ETA: 11:55 - loss: 76.0981 - ACC: 0.1664 87/414 [=====>........................] - ETA: 11:52 - loss: 76.0088 - ACC: 0.1674 88/414 [=====>........................] - ETA: 11:50 - loss: 75.6099 - ACC: 0.1697 89/414 [=====>........................] - ETA: 11:49 - loss: 75.2514 - ACC: 0.1706 90/414 [=====>........................] - ETA: 11:47 - loss: 75.3490 - ACC: 0.1701 91/414 [=====>........................] - ETA: 11:45 - loss: 75.1211 - ACC: 0.1703 92/414 [=====>........................] - ETA: 11:42 - loss: 74.9052 - ACC: 0.1705 93/414 [=====>........................] - ETA: 11:41 - loss: 74.7227 - ACC: 0.1707 94/414 [=====>........................] - ETA: 11:38 - loss: 74.5958 - ACC: 0.1735 95/414 [=====>........................] - ETA: 11:35 - loss: 74.7005 - ACC: 0.1724 96/414 [=====>........................] - ETA: 11:33 - loss: 75.2534 - ACC: 0.1712 97/414 [======>.......................] - ETA: 11:32 - loss: 75.3022 - ACC: 0.1720 98/414 [======>.......................] - ETA: 11:29 - loss: 75.5707 - ACC: 0.1716 99/414 [======>.......................] - ETA: 11:27 - loss: 75.5212 - ACC: 0.1705100/414 [======>.......................] - ETA: 11:25 - loss: 75.1374 - ACC: 0.1725101/414 [======>.......................] - ETA: 11:23 - loss: 74.6901 - ACC: 0.1714102/414 [======>.......................] - ETA: 11:22 - loss: 74.3398 - ACC: 0.1728103/414 [======>.......................] - ETA: 11:20 - loss: 74.2094 - ACC: 0.1735104/414 [======>.......................] - ETA: 11:18 - loss: 73.9860 - ACC: 0.1737105/414 [======>.......................] - ETA: 11:16 - loss: 74.0871 - ACC: 0.1726106/414 [======>.......................] - ETA: 11:14 - loss: 74.4157 - ACC: 0.1716107/414 [======>.......................] - ETA: 11:12 - loss: 74.3213 - ACC: 0.1723108/414 [======>.......................] - ETA: 11:10 - loss: 74.0255 - ACC: 0.1730109/414 [======>.......................] - ETA: 11:09 - loss: 73.8711 - ACC: 0.1726110/414 [======>.......................] - ETA: 11:06 - loss: 73.6810 - ACC: 0.1733111/414 [=======>......................] - ETA: 11:03 - loss: 73.3888 - ACC: 0.1745112/414 [=======>......................] - ETA: 11:01 - loss: 73.2872 - ACC: 0.1763113/414 [=======>......................] - ETA: 11:00 - loss: 73.0092 - ACC: 0.1764114/414 [=======>......................] - ETA: 10:58 - loss: 72.7542 - ACC: 0.1765115/414 [=======>......................] - ETA: 10:56 - loss: 72.2893 - ACC: 0.1783116/414 [=======>......................] - ETA: 10:54 - loss: 72.1669 - ACC: 0.1794117/414 [=======>......................] - ETA: 10:51 - loss: 72.2164 - ACC: 0.1800118/414 [=======>......................] - ETA: 10:49 - loss: 71.8835 - ACC: 0.1811119/414 [=======>......................] - ETA: 10:46 - loss: 71.5623 - ACC: 0.1801120/414 [=======>......................] - ETA: 10:44 - loss: 71.6435 - ACC: 0.1802121/414 [=======>......................] - ETA: 10:41 - loss: 71.3005 - ACC: 0.1808122/414 [=======>......................] - ETA: 10:39 - loss: 70.9300 - ACC: 0.1834123/414 [=======>......................] - ETA: 10:36 - loss: 70.7328 - ACC: 0.1834124/414 [=======>......................] - ETA: 10:34 - loss: 70.3918 - ACC: 0.1840125/414 [========>.....................] - ETA: 10:32 - loss: 70.1582 - ACC: 0.1850126/414 [========>.....................] - ETA: 10:30 - loss: 69.8471 - ACC: 0.1865127/414 [========>.....................] - ETA: 10:27 - loss: 69.9243 - ACC: 0.1860128/414 [========>.....................] - ETA: 10:25 - loss: 70.2490 - ACC: 0.1855129/414 [========>.....................] - ETA: 10:25 - loss: 70.8280 - ACC: 0.1856130/414 [========>.....................] - ETA: 10:22 - loss: 70.7028 - ACC: 0.1851131/414 [========>.....................] - ETA: 10:20 - loss: 70.6360 - ACC: 0.1861132/414 [========>.....................] - ETA: 10:18 - loss: 70.3693 - ACC: 0.1856133/414 [========>.....................] - ETA: 10:16 - loss: 70.4591 - ACC: 0.1856134/414 [========>.....................] - ETA: 10:14 - loss: 70.3577 - ACC: 0.1866135/414 [========>.....................] - ETA: 10:11 - loss: 70.0293 - ACC: 0.1875136/414 [========>.....................] - ETA: 10:09 - loss: 70.3743 - ACC: 0.1866137/414 [========>.....................] - ETA: 10:07 - loss: 70.6713 - ACC: 0.1857138/414 [=========>....................] - ETA: 10:05 - loss: 71.1740 - ACC: 0.1848139/414 [=========>....................] - ETA: 10:04 - loss: 70.9095 - ACC: 0.1848140/414 [=========>....................] - ETA: 10:02 - loss: 70.8480 - ACC: 0.1848141/414 [=========>....................] - ETA: 9:59 - loss: 70.5712 - ACC: 0.1853 142/414 [=========>....................] - ETA: 9:57 - loss: 70.3443 - ACC: 0.1853143/414 [=========>....................] - ETA: 9:54 - loss: 70.2280 - ACC: 0.1844144/414 [=========>....................] - ETA: 9:52 - loss: 70.3963 - ACC: 0.1849145/414 [=========>....................] - ETA: 9:51 - loss: 70.6968 - ACC: 0.1853146/414 [=========>....................] - ETA: 9:49 - loss: 70.5849 - ACC: 0.1854147/414 [=========>....................] - ETA: 9:47 - loss: 70.7408 - ACC: 0.1841148/414 [=========>....................] - ETA: 9:44 - loss: 70.5714 - ACC: 0.1837149/414 [=========>....................] - ETA: 9:41 - loss: 70.3613 - ACC: 0.1837150/414 [=========>....................] - ETA: 9:40 - loss: 70.4536 - ACC: 0.1833151/414 [=========>....................] - ETA: 9:38 - loss: 70.3464 - ACC: 0.1838152/414 [==========>...................] - ETA: 9:35 - loss: 70.1297 - ACC: 0.1854153/414 [==========>...................] - ETA: 9:33 - loss: 70.1454 - ACC: 0.1850154/414 [==========>...................] - ETA: 9:32 - loss: 70.2821 - ACC: 0.1847155/414 [==========>...................] - ETA: 9:29 - loss: 70.1474 - ACC: 0.1851156/414 [==========>...................] - ETA: 9:27 - loss: 70.0220 - ACC: 0.1851157/414 [==========>...................] - ETA: 9:25 - loss: 69.8624 - ACC: 0.1847158/414 [==========>...................] - ETA: 9:22 - loss: 69.6722 - ACC: 0.1843159/414 [==========>...................] - ETA: 9:20 - loss: 69.6538 - ACC: 0.1847160/414 [==========>...................] - ETA: 9:17 - loss: 69.5754 - ACC: 0.1844161/414 [==========>...................] - ETA: 9:15 - loss: 69.4676 - ACC: 0.1840162/414 [==========>...................] - ETA: 9:13 - loss: 69.3384 - ACC: 0.1844163/414 [==========>...................] - ETA: 9:12 - loss: 69.1222 - ACC: 0.1844164/414 [==========>...................] - ETA: 9:09 - loss: 69.1573 - ACC: 0.1856165/414 [==========>...................] - ETA: 9:07 - loss: 69.0538 - ACC: 0.1864166/414 [===========>..................] - ETA: 9:05 - loss: 68.6778 - ACC: 0.1890167/414 [===========>..................] - ETA: 9:03 - loss: 68.4761 - ACC: 0.1886168/414 [===========>..................] - ETA: 9:01 - loss: 68.7010 - ACC: 0.1890169/414 [===========>..................] - ETA: 8:59 - loss: 68.9215 - ACC: 0.1886170/414 [===========>..................] - ETA: 8:57 - loss: 68.7048 - ACC: 0.1886171/414 [===========>..................] - ETA: 8:55 - loss: 68.6318 - ACC: 0.1890172/414 [===========>..................] - ETA: 8:52 - loss: 68.6540 - ACC: 0.1882173/414 [===========>..................] - ETA: 8:51 - loss: 68.6192 - ACC: 0.1871174/414 [===========>..................] - ETA: 8:49 - loss: 68.4877 - ACC: 0.1875175/414 [===========>..................] - ETA: 8:47 - loss: 68.3617 - ACC: 0.1871176/414 [===========>..................] - ETA: 8:44 - loss: 68.2187 - ACC: 0.1875177/414 [===========>..................] - ETA: 8:42 - loss: 68.1695 - ACC: 0.1871178/414 [===========>..................] - ETA: 8:40 - loss: 68.2300 - ACC: 0.1868179/414 [===========>..................] - ETA: 8:38 - loss: 68.1783 - ACC: 0.1865180/414 [============>.................] - ETA: 8:36 - loss: 68.6752 - ACC: 0.1858181/414 [============>.................] - ETA: 8:34 - loss: 68.8882 - ACC: 0.1851182/414 [============>.................] - ETA: 8:32 - loss: 68.9178 - ACC: 0.1858183/414 [============>.................] - ETA: 8:29 - loss: 68.9560 - ACC: 0.1868184/414 [============>.................] - ETA: 8:27 - loss: 68.7968 - ACC: 0.1865185/414 [============>.................] - ETA: 8:25 - loss: 68.7945 - ACC: 0.1868186/414 [============>.................] - ETA: 8:23 - loss: 68.6423 - ACC: 0.1872187/414 [============>.................] - ETA: 8:21 - loss: 69.1111 - ACC: 0.1862188/414 [============>.................] - ETA: 8:19 - loss: 69.1013 - ACC: 0.1868189/414 [============>.................] - ETA: 8:17 - loss: 68.9389 - ACC: 0.1868190/414 [============>.................] - ETA: 8:15 - loss: 68.6774 - ACC: 0.1882191/414 [============>.................] - ETA: 8:12 - loss: 68.8041 - ACC: 0.1878192/414 [============>.................] - ETA: 8:10 - loss: 68.7974 - ACC: 0.1885193/414 [============>.................] - ETA: 8:08 - loss: 68.6066 - ACC: 0.1888194/414 [=============>................] - ETA: 8:06 - loss: 68.3919 - ACC: 0.1898195/414 [=============>................] - ETA: 8:04 - loss: 68.5160 - ACC: 0.1891196/414 [=============>................] - ETA: 8:02 - loss: 68.3665 - ACC: 0.1904197/414 [=============>................] - ETA: 8:00 - loss: 68.4085 - ACC: 0.1904198/414 [=============>................] - ETA: 7:57 - loss: 68.5478 - ACC: 0.1897199/414 [=============>................] - ETA: 7:55 - loss: 68.2914 - ACC: 0.1906200/414 [=============>................] - ETA: 7:53 - loss: 68.2487 - ACC: 0.1903201/414 [=============>................] - ETA: 7:50 - loss: 68.0389 - ACC: 0.1900202/414 [=============>................] - ETA: 7:48 - loss: 68.2494 - ACC: 0.1903203/414 [=============>................] - ETA: 7:46 - loss: 68.2197 - ACC: 0.1906204/414 [=============>................] - ETA: 7:44 - loss: 68.2170 - ACC: 0.1909205/414 [=============>................] - ETA: 7:41 - loss: 68.2296 - ACC: 0.1905206/414 [=============>................] - ETA: 7:39 - loss: 68.2416 - ACC: 0.1905207/414 [==============>...............] - ETA: 7:37 - loss: 68.3162 - ACC: 0.1908208/414 [==============>...............] - ETA: 7:35 - loss: 68.2975 - ACC: 0.1920209/414 [==============>...............] - ETA: 7:33 - loss: 68.2340 - ACC: 0.1923210/414 [==============>...............] - ETA: 7:31 - loss: 68.2303 - ACC: 0.1929211/414 [==============>...............] - ETA: 7:28 - loss: 68.1204 - ACC: 0.1931212/414 [==============>...............] - ETA: 7:26 - loss: 68.1037 - ACC: 0.1940213/414 [==============>...............] - ETA: 7:23 - loss: 68.1015 - ACC: 0.1937214/414 [==============>...............] - ETA: 7:21 - loss: 67.9902 - ACC: 0.1945215/414 [==============>...............] - ETA: 7:19 - loss: 67.9655 - ACC: 0.1948216/414 [==============>...............] - ETA: 7:17 - loss: 67.8756 - ACC: 0.1950217/414 [==============>...............] - ETA: 7:14 - loss: 67.9648 - ACC: 0.1947218/414 [==============>...............] - ETA: 7:12 - loss: 67.9167 - ACC: 0.1958219/414 [==============>...............] - ETA: 7:10 - loss: 68.0364 - ACC: 0.1955220/414 [==============>...............] - ETA: 7:08 - loss: 67.9076 - ACC: 0.1949221/414 [===============>..............] - ETA: 7:06 - loss: 67.8276 - ACC: 0.1943222/414 [===============>..............] - ETA: 7:04 - loss: 67.8705 - ACC: 0.1940223/414 [===============>..............] - ETA: 7:01 - loss: 67.7950 - ACC: 0.1937224/414 [===============>..............] - ETA: 6:59 - loss: 68.0524 - ACC: 0.1936225/414 [===============>..............] - ETA: 6:57 - loss: 68.0273 - ACC: 0.1933226/414 [===============>..............] - ETA: 6:55 - loss: 67.8793 - ACC: 0.1947227/414 [===============>..............] - ETA: 6:52 - loss: 67.8643 - ACC: 0.1949228/414 [===============>..............] - ETA: 6:50 - loss: 67.7788 - ACC: 0.1952229/414 [===============>..............] - ETA: 6:48 - loss: 67.7871 - ACC: 0.1954230/414 [===============>..............] - ETA: 6:46 - loss: 67.6577 - ACC: 0.1954231/414 [===============>..............] - ETA: 6:43 - loss: 67.5575 - ACC: 0.1956232/414 [===============>..............] - ETA: 6:41 - loss: 67.4229 - ACC: 0.1964233/414 [===============>..............] - ETA: 6:39 - loss: 67.2982 - ACC: 0.1964234/414 [===============>..............] - ETA: 6:37 - loss: 67.2004 - ACC: 0.1960235/414 [================>.............] - ETA: 6:35 - loss: 67.3948 - ACC: 0.1963236/414 [================>.............] - ETA: 6:33 - loss: 67.3788 - ACC: 0.1960237/414 [================>.............] - ETA: 6:30 - loss: 67.2220 - ACC: 0.1957238/414 [================>.............] - ETA: 6:28 - loss: 67.0759 - ACC: 0.1959239/414 [================>.............] - ETA: 6:26 - loss: 66.9810 - ACC: 0.1959240/414 [================>.............] - ETA: 6:24 - loss: 66.8486 - ACC: 0.1964241/414 [================>.............] - ETA: 6:22 - loss: 66.6778 - ACC: 0.1958242/414 [================>.............] - ETA: 6:20 - loss: 66.5753 - ACC: 0.1958243/414 [================>.............] - ETA: 6:17 - loss: 66.5355 - ACC: 0.1955244/414 [================>.............] - ETA: 6:15 - loss: 66.6045 - ACC: 0.1949245/414 [================>.............] - ETA: 6:13 - loss: 66.4905 - ACC: 0.1954246/414 [================>.............] - ETA: 6:11 - loss: 66.3868 - ACC: 0.1956247/414 [================>.............] - ETA: 6:08 - loss: 66.2850 - ACC: 0.1959248/414 [================>.............] - ETA: 6:06 - loss: 66.1896 - ACC: 0.1961249/414 [=================>............] - ETA: 6:04 - loss: 66.1920 - ACC: 0.1958250/414 [=================>............] - ETA: 6:02 - loss: 66.0729 - ACC: 0.1955251/414 [=================>............] - ETA: 6:00 - loss: 65.8860 - ACC: 0.1960252/414 [=================>............] - ETA: 5:57 - loss: 65.7620 - ACC: 0.1959253/414 [=================>............] - ETA: 5:55 - loss: 65.7557 - ACC: 0.1957254/414 [=================>............] - ETA: 5:53 - loss: 65.6215 - ACC: 0.1966255/414 [=================>............] - ETA: 5:51 - loss: 65.6272 - ACC: 0.1963256/414 [=================>............] - ETA: 5:49 - loss: 65.5613 - ACC: 0.1960257/414 [=================>............] - ETA: 5:46 - loss: 65.4282 - ACC: 0.1972258/414 [=================>............] - ETA: 5:44 - loss: 65.6108 - ACC: 0.1967259/414 [=================>............] - ETA: 5:42 - loss: 65.5847 - ACC: 0.1974260/414 [=================>............] - ETA: 5:39 - loss: 65.5521 - ACC: 0.1976261/414 [=================>............] - ETA: 5:37 - loss: 65.4311 - ACC: 0.1976262/414 [=================>............] - ETA: 5:35 - loss: 65.4007 - ACC: 0.1973263/414 [==================>...........] - ETA: 5:33 - loss: 65.3532 - ACC: 0.1965264/414 [==================>...........] - ETA: 5:31 - loss: 65.2547 - ACC: 0.1967265/414 [==================>...........] - ETA: 5:29 - loss: 65.4431 - ACC: 0.1965266/414 [==================>...........] - ETA: 5:27 - loss: 65.4573 - ACC: 0.1967267/414 [==================>...........] - ETA: 5:25 - loss: 65.4275 - ACC: 0.1971268/414 [==================>...........] - ETA: 5:23 - loss: 65.3344 - ACC: 0.1966269/414 [==================>...........] - ETA: 5:21 - loss: 65.2111 - ACC: 0.1968270/414 [==================>...........] - ETA: 5:19 - loss: 65.2705 - ACC: 0.1965271/414 [==================>...........] - ETA: 5:17 - loss: 65.5548 - ACC: 0.1963272/414 [==================>...........] - ETA: 5:14 - loss: 65.5690 - ACC: 0.1958273/414 [==================>...........] - ETA: 5:12 - loss: 65.6796 - ACC: 0.1953274/414 [==================>...........] - ETA: 5:10 - loss: 65.5558 - ACC: 0.1959275/414 [==================>...........] - ETA: 5:08 - loss: 65.4441 - ACC: 0.1961276/414 [===================>..........] - ETA: 5:05 - loss: 65.3848 - ACC: 0.1961277/414 [===================>..........] - ETA: 5:03 - loss: 65.4403 - ACC: 0.1965278/414 [===================>..........] - ETA: 5:01 - loss: 65.3670 - ACC: 0.1967279/414 [===================>..........] - ETA: 4:59 - loss: 65.4671 - ACC: 0.1960280/414 [===================>..........] - ETA: 4:57 - loss: 65.3737 - ACC: 0.1964281/414 [===================>..........] - ETA: 4:54 - loss: 65.3107 - ACC: 0.1966282/414 [===================>..........] - ETA: 4:52 - loss: 65.2670 - ACC: 0.1964283/414 [===================>..........] - ETA: 4:50 - loss: 65.2786 - ACC: 0.1963284/414 [===================>..........] - ETA: 4:48 - loss: 65.1513 - ACC: 0.1963285/414 [===================>..........] - ETA: 4:46 - loss: 65.1852 - ACC: 0.1963286/414 [===================>..........] - ETA: 4:43 - loss: 65.0881 - ACC: 0.1969287/414 [===================>..........] - ETA: 4:41 - loss: 65.1369 - ACC: 0.1966288/414 [===================>..........] - ETA: 4:39 - loss: 65.1241 - ACC: 0.1962289/414 [===================>..........] - ETA: 4:37 - loss: 65.2627 - ACC: 0.1955290/414 [====================>.........] - ETA: 4:35 - loss: 65.1829 - ACC: 0.1957291/414 [====================>.........] - ETA: 4:32 - loss: 65.1197 - ACC: 0.1961292/414 [====================>.........] - ETA: 4:30 - loss: 65.0262 - ACC: 0.1958293/414 [====================>.........] - ETA: 4:28 - loss: 65.0928 - ACC: 0.1958294/414 [====================>.........] - ETA: 4:25 - loss: 64.9337 - ACC: 0.1964295/414 [====================>.........] - ETA: 4:23 - loss: 64.8642 - ACC: 0.1964296/414 [====================>.........] - ETA: 4:21 - loss: 64.8119 - ACC: 0.1962297/414 [====================>.........] - ETA: 4:19 - loss: 64.7900 - ACC: 0.1963298/414 [====================>.........] - ETA: 4:17 - loss: 64.6573 - ACC: 0.1965299/414 [====================>.........] - ETA: 4:14 - loss: 64.5249 - ACC: 0.1969300/414 [====================>.........] - ETA: 4:12 - loss: 64.4514 - ACC: 0.1975301/414 [====================>.........] - ETA: 4:10 - loss: 64.2970 - ACC: 0.1981302/414 [====================>.........] - ETA: 4:08 - loss: 64.2135 - ACC: 0.1981303/414 [====================>.........] - ETA: 4:06 - loss: 64.1241 - ACC: 0.1982304/414 [=====================>........] - ETA: 4:04 - loss: 64.0399 - ACC: 0.1986305/414 [=====================>........] - ETA: 4:01 - loss: 63.9806 - ACC: 0.1988306/414 [=====================>........] - ETA: 3:59 - loss: 63.8902 - ACC: 0.1987307/414 [=====================>........] - ETA: 3:57 - loss: 63.7583 - ACC: 0.1985308/414 [=====================>........] - ETA: 3:55 - loss: 63.6824 - ACC: 0.1987309/414 [=====================>........] - ETA: 3:52 - loss: 63.5790 - ACC: 0.1984310/414 [=====================>........] - ETA: 3:50 - loss: 63.6473 - ACC: 0.1978311/414 [=====================>........] - ETA: 3:48 - loss: 63.5530 - ACC: 0.1977312/414 [=====================>........] - ETA: 3:46 - loss: 63.4567 - ACC: 0.1983313/414 [=====================>........] - ETA: 3:43 - loss: 63.3911 - ACC: 0.1983314/414 [=====================>........] - ETA: 3:41 - loss: 63.2456 - ACC: 0.1984315/414 [=====================>........] - ETA: 3:39 - loss: 63.1421 - ACC: 0.1988316/414 [=====================>........] - ETA: 3:37 - loss: 63.0934 - ACC: 0.1992317/414 [=====================>........] - ETA: 3:35 - loss: 63.0717 - ACC: 0.2001318/414 [======================>.......] - ETA: 3:32 - loss: 62.9545 - ACC: 0.2003319/414 [======================>.......] - ETA: 3:30 - loss: 62.8381 - ACC: 0.2004320/414 [======================>.......] - ETA: 3:28 - loss: 62.8319 - ACC: 0.2002321/414 [======================>.......] - ETA: 3:26 - loss: 62.8092 - ACC: 0.2004322/414 [======================>.......] - ETA: 3:23 - loss: 62.7003 - ACC: 0.2007323/414 [======================>.......] - ETA: 3:21 - loss: 62.6085 - ACC: 0.2005324/414 [======================>.......] - ETA: 3:19 - loss: 62.6941 - ACC: 0.2008325/414 [======================>.......] - ETA: 3:17 - loss: 62.6432 - ACC: 0.2008326/414 [======================>.......] - ETA: 3:15 - loss: 62.5057 - ACC: 0.2015327/414 [======================>.......] - ETA: 3:13 - loss: 62.4291 - ACC: 0.2018328/414 [======================>.......] - ETA: 3:10 - loss: 62.3451 - ACC: 0.2018329/414 [======================>.......] - ETA: 3:08 - loss: 62.2877 - ACC: 0.2019330/414 [======================>.......] - ETA: 3:06 - loss: 62.2960 - ACC: 0.2021331/414 [======================>.......] - ETA: 3:04 - loss: 62.3448 - ACC: 0.2022332/414 [=======================>......] - ETA: 3:01 - loss: 62.2702 - ACC: 0.2022333/414 [=======================>......] - ETA: 2:59 - loss: 62.1800 - ACC: 0.2023334/414 [=======================>......] - ETA: 2:57 - loss: 62.1862 - ACC: 0.2021335/414 [=======================>......] - ETA: 2:55 - loss: 62.1570 - ACC: 0.2024336/414 [=======================>......] - ETA: 2:53 - loss: 62.0889 - ACC: 0.2024337/414 [=======================>......] - ETA: 2:50 - loss: 62.0495 - ACC: 0.2020338/414 [=======================>......] - ETA: 2:48 - loss: 62.0395 - ACC: 0.2021339/414 [=======================>......] - ETA: 2:46 - loss: 61.9126 - ACC: 0.2026340/414 [=======================>......] - ETA: 2:44 - loss: 61.8112 - ACC: 0.2026341/414 [=======================>......] - ETA: 2:41 - loss: 61.7398 - ACC: 0.2023342/414 [=======================>......] - ETA: 2:39 - loss: 61.6896 - ACC: 0.2023343/414 [=======================>......] - ETA: 2:37 - loss: 61.7304 - ACC: 0.2021344/414 [=======================>......] - ETA: 2:35 - loss: 61.6810 - ACC: 0.2024345/414 [========================>.....] - ETA: 2:33 - loss: 61.5827 - ACC: 0.2027346/414 [========================>.....] - ETA: 2:30 - loss: 61.5134 - ACC: 0.2029347/414 [========================>.....] - ETA: 2:28 - loss: 61.4804 - ACC: 0.2026348/414 [========================>.....] - ETA: 2:26 - loss: 61.4537 - ACC: 0.2024349/414 [========================>.....] - ETA: 2:24 - loss: 61.4615 - ACC: 0.2025350/414 [========================>.....] - ETA: 2:21 - loss: 61.3716 - ACC: 0.2027351/414 [========================>.....] - ETA: 2:19 - loss: 61.3586 - ACC: 0.2025352/414 [========================>.....] - ETA: 2:17 - loss: 61.3071 - ACC: 0.2029353/414 [========================>.....] - ETA: 2:15 - loss: 61.2857 - ACC: 0.2031354/414 [========================>.....] - ETA: 2:13 - loss: 61.2024 - ACC: 0.2030355/414 [========================>.....] - ETA: 2:10 - loss: 61.0925 - ACC: 0.2032356/414 [========================>.....] - ETA: 2:08 - loss: 60.9880 - ACC: 0.2037357/414 [========================>.....] - ETA: 2:06 - loss: 60.9531 - ACC: 0.2036358/414 [========================>.....] - ETA: 2:04 - loss: 60.8621 - ACC: 0.2036359/414 [=========================>....] - ETA: 2:01 - loss: 60.7436 - ACC: 0.2035360/414 [=========================>....] - ETA: 1:59 - loss: 60.6943 - ACC: 0.2035361/414 [=========================>....] - ETA: 1:57 - loss: 60.6968 - ACC: 0.2033362/414 [=========================>....] - ETA: 1:55 - loss: 60.6669 - ACC: 0.2034363/414 [=========================>....] - ETA: 1:52 - loss: 60.5973 - ACC: 0.2035364/414 [=========================>....] - ETA: 1:50 - loss: 60.5169 - ACC: 0.2035365/414 [=========================>....] - ETA: 1:48 - loss: 60.5012 - ACC: 0.2034366/414 [=========================>....] - ETA: 1:46 - loss: 60.4512 - ACC: 0.2034367/414 [=========================>....] - ETA: 1:44 - loss: 60.3872 - ACC: 0.2035368/414 [=========================>....] - ETA: 1:41 - loss: 60.3389 - ACC: 0.2041369/414 [=========================>....] - ETA: 1:39 - loss: 60.2900 - ACC: 0.2041370/414 [=========================>....] - ETA: 1:37 - loss: 60.2402 - ACC: 0.2042371/414 [=========================>....] - ETA: 1:35 - loss: 60.2597 - ACC: 0.2038372/414 [=========================>....] - ETA: 1:33 - loss: 60.2134 - ACC: 0.2038373/414 [==========================>...] - ETA: 1:30 - loss: 60.1640 - ACC: 0.2034374/414 [==========================>...] - ETA: 1:28 - loss: 60.0951 - ACC: 0.2032375/414 [==========================>...] - ETA: 1:26 - loss: 60.0579 - ACC: 0.2033376/414 [==========================>...] - ETA: 1:24 - loss: 59.9612 - ACC: 0.2038377/414 [==========================>...] - ETA: 1:22 - loss: 59.8826 - ACC: 0.2041378/414 [==========================>...] - ETA: 1:19 - loss: 59.8646 - ACC: 0.2039379/414 [==========================>...] - ETA: 1:17 - loss: 59.7985 - ACC: 0.2043380/414 [==========================>...] - ETA: 1:15 - loss: 59.9021 - ACC: 0.2038381/414 [==========================>...] - ETA: 1:13 - loss: 59.8741 - ACC: 0.2039382/414 [==========================>...] - ETA: 1:10 - loss: 59.7938 - ACC: 0.2039383/414 [==========================>...] - ETA: 1:08 - loss: 59.8015 - ACC: 0.2040384/414 [==========================>...] - ETA: 1:06 - loss: 59.7161 - ACC: 0.2041385/414 [==========================>...] - ETA: 1:04 - loss: 59.6421 - ACC: 0.2042386/414 [==========================>...] - ETA: 1:02 - loss: 59.5797 - ACC: 0.2045387/414 [===========================>..] - ETA: 59s - loss: 59.6261 - ACC: 0.2041 388/414 [===========================>..] - ETA: 57s - loss: 59.6467 - ACC: 0.2044389/414 [===========================>..] - ETA: 55s - loss: 59.6666 - ACC: 0.2042390/414 [===========================>..] - ETA: 53s - loss: 59.6590 - ACC: 0.2042391/414 [===========================>..] - ETA: 51s - loss: 59.6115 - ACC: 0.2043392/414 [===========================>..] - ETA: 48s - loss: 59.6298 - ACC: 0.2041393/414 [===========================>..] - ETA: 46s - loss: 59.8690 - ACC: 0.2042394/414 [===========================>..] - ETA: 44s - loss: 59.8329 - ACC: 0.2042395/414 [===========================>..] - ETA: 42s - loss: 59.8679 - ACC: 0.2041396/414 [===========================>..] - ETA: 39s - loss: 60.3433 - ACC: 0.2041397/414 [===========================>..] - ETA: 37s - loss: 60.3027 - ACC: 0.2043398/414 [===========================>..] - ETA: 35s - loss: 60.3104 - ACC: 0.2046399/414 [===========================>..] - ETA: 33s - loss: 60.2868 - ACC: 0.2047400/414 [===========================>..] - ETA: 31s - loss: 60.2116 - ACC: 0.2048401/414 [============================>.] - ETA: 28s - loss: 60.1927 - ACC: 0.2046402/414 [============================>.] - ETA: 26s - loss: 60.1754 - ACC: 0.2044403/414 [============================>.] - ETA: 24s - loss: 60.3086 - ACC: 0.2042404/414 [============================>.] - ETA: 22s - loss: 60.3814 - ACC: 0.2037405/414 [============================>.] - ETA: 19s - loss: 60.5403 - ACC: 0.2034406/414 [============================>.] - ETA: 17s - loss: 60.5665 - ACC: 0.2032407/414 [============================>.] - ETA: 15s - loss: 60.5775 - ACC: 0.2030408/414 [============================>.] - ETA: 13s - loss: 60.5987 - ACC: 0.2031409/414 [============================>.] - ETA: 11s - loss: 60.7393 - ACC: 0.2029410/414 [============================>.] - ETA: 8s - loss: 60.8299 - ACC: 0.2026 411/414 [============================>.] - ETA: 6s - loss: 60.8647 - ACC: 0.2027412/414 [============================>.] - ETA: 4s - loss: 60.8792 - ACC: 0.2024413/414 [============================>.] - ETA: 2s - loss: 60.9266 - ACC: 0.2022414/414 [==============================] - ETA: 0s - loss: 60.8799 - ACC: 0.2024414/414 [==============================] - 1145s 3s/step - loss: 60.8799 - ACC: 0.2024 - val_loss: 189.2957 - val_ACC: 0.1024
Epoch 13/30
  1/414 [..............................] - ETA: 0s - loss: 20.6891 - ACC: 0.3750  2/414 [..............................] - ETA: 7:31 - loss: 75.8051 - ACC: 0.2188  3/414 [..............................] - ETA: 9:49 - loss: 65.1939 - ACC: 0.2500  4/414 [..............................] - ETA: 11:07 - loss: 62.8837 - ACC: 0.2344  5/414 [..............................] - ETA: 11:51 - loss: 60.0461 - ACC: 0.2125  6/414 [..............................] - ETA: 12:32 - loss: 54.2506 - ACC: 0.2188  7/414 [..............................] - ETA: 12:43 - loss: 51.7298 - ACC: 0.2232  8/414 [..............................] - ETA: 12:59 - loss: 54.1698 - ACC: 0.2109  9/414 [..............................] - ETA: 13:06 - loss: 61.0431 - ACC: 0.1944 10/414 [..............................] - ETA: 13:15 - loss: 58.9863 - ACC: 0.2062 11/414 [..............................] - ETA: 13:19 - loss: 57.2223 - ACC: 0.2102 12/414 [..............................] - ETA: 13:23 - loss: 56.4060 - ACC: 0.2135 13/414 [..............................] - ETA: 13:20 - loss: 58.9296 - ACC: 0.2212 14/414 [>.............................] - ETA: 13:27 - loss: 57.9655 - ACC: 0.2054 15/414 [>.............................] - ETA: 13:28 - loss: 57.7403 - ACC: 0.2167 16/414 [>.............................] - ETA: 13:36 - loss: 62.9589 - ACC: 0.2109 17/414 [>.............................] - ETA: 13:35 - loss: 61.1950 - ACC: 0.2096 18/414 [>.............................] - ETA: 13:36 - loss: 60.0805 - ACC: 0.2083 19/414 [>.............................] - ETA: 13:39 - loss: 58.5107 - ACC: 0.2138 20/414 [>.............................] - ETA: 13:40 - loss: 57.6601 - ACC: 0.2125 21/414 [>.............................] - ETA: 13:36 - loss: 57.6230 - ACC: 0.2173 22/414 [>.............................] - ETA: 13:34 - loss: 56.5234 - ACC: 0.2188 23/414 [>.............................] - ETA: 13:33 - loss: 55.0249 - ACC: 0.2310 24/414 [>.............................] - ETA: 13:34 - loss: 54.3071 - ACC: 0.2344 25/414 [>.............................] - ETA: 13:32 - loss: 55.3542 - ACC: 0.2325 26/414 [>.............................] - ETA: 13:34 - loss: 57.6278 - ACC: 0.2260 27/414 [>.............................] - ETA: 13:33 - loss: 58.5888 - ACC: 0.2222 28/414 [=>............................] - ETA: 13:28 - loss: 59.0071 - ACC: 0.2210 29/414 [=>............................] - ETA: 13:27 - loss: 58.8427 - ACC: 0.2241 30/414 [=>............................] - ETA: 13:26 - loss: 57.6751 - ACC: 0.2250 31/414 [=>............................] - ETA: 13:24 - loss: 57.7645 - ACC: 0.2218 32/414 [=>............................] - ETA: 13:20 - loss: 57.3960 - ACC: 0.2227 33/414 [=>............................] - ETA: 13:23 - loss: 56.7655 - ACC: 0.2216 34/414 [=>............................] - ETA: 13:25 - loss: 56.2180 - ACC: 0.2298 35/414 [=>............................] - ETA: 13:26 - loss: 58.7158 - ACC: 0.2232 36/414 [=>............................] - ETA: 13:23 - loss: 59.4538 - ACC: 0.2205 37/414 [=>............................] - ETA: 13:20 - loss: 59.5083 - ACC: 0.2213 38/414 [=>............................] - ETA: 13:21 - loss: 60.4821 - ACC: 0.2188 39/414 [=>............................] - ETA: 13:19 - loss: 59.9978 - ACC: 0.2179 40/414 [=>............................] - ETA: 13:18 - loss: 59.3234 - ACC: 0.2266 41/414 [=>............................] - ETA: 13:15 - loss: 59.6861 - ACC: 0.2302 42/414 [==>...........................] - ETA: 13:17 - loss: 59.7113 - ACC: 0.2292 43/414 [==>...........................] - ETA: 13:16 - loss: 60.2730 - ACC: 0.2238 44/414 [==>...........................] - ETA: 13:14 - loss: 60.9562 - ACC: 0.2202 45/414 [==>...........................] - ETA: 13:15 - loss: 62.4303 - ACC: 0.2167 46/414 [==>...........................] - ETA: 13:13 - loss: 62.0314 - ACC: 0.2147 47/414 [==>...........................] - ETA: 13:13 - loss: 61.3183 - ACC: 0.2168 48/414 [==>...........................] - ETA: 13:09 - loss: 60.9919 - ACC: 0.2161 49/414 [==>...........................] - ETA: 13:06 - loss: 60.5252 - ACC: 0.2181 50/414 [==>...........................] - ETA: 13:02 - loss: 60.7264 - ACC: 0.2150 51/414 [==>...........................] - ETA: 13:02 - loss: 61.2056 - ACC: 0.2120 52/414 [==>...........................] - ETA: 13:03 - loss: 61.1602 - ACC: 0.2103 53/414 [==>...........................] - ETA: 13:02 - loss: 60.7113 - ACC: 0.2087 54/414 [==>...........................] - ETA: 12:59 - loss: 60.3761 - ACC: 0.2095 55/414 [==>...........................] - ETA: 12:58 - loss: 60.2912 - ACC: 0.2080 56/414 [===>..........................] - ETA: 12:56 - loss: 60.1595 - ACC: 0.2076 57/414 [===>..........................] - ETA: 12:54 - loss: 60.1087 - ACC: 0.2072 58/414 [===>..........................] - ETA: 12:54 - loss: 60.2352 - ACC: 0.2069 59/414 [===>..........................] - ETA: 12:51 - loss: 61.4817 - ACC: 0.2066 60/414 [===>..........................] - ETA: 12:48 - loss: 61.0545 - ACC: 0.2062 61/414 [===>..........................] - ETA: 12:46 - loss: 61.6241 - ACC: 0.2070 62/414 [===>..........................] - ETA: 12:42 - loss: 61.7391 - ACC: 0.2046 63/414 [===>..........................] - ETA: 12:39 - loss: 62.1255 - ACC: 0.2024 64/414 [===>..........................] - ETA: 12:37 - loss: 61.8853 - ACC: 0.2012 65/414 [===>..........................] - ETA: 12:34 - loss: 61.4438 - ACC: 0.2029 66/414 [===>..........................] - ETA: 12:31 - loss: 61.2235 - ACC: 0.2017 67/414 [===>..........................] - ETA: 12:31 - loss: 60.5695 - ACC: 0.2052 68/414 [===>..........................] - ETA: 12:29 - loss: 60.1639 - ACC: 0.2031 69/414 [====>.........................] - ETA: 12:27 - loss: 59.5905 - ACC: 0.2047 70/414 [====>.........................] - ETA: 12:27 - loss: 59.6972 - ACC: 0.2045 71/414 [====>.........................] - ETA: 12:27 - loss: 59.7798 - ACC: 0.2060 72/414 [====>.........................] - ETA: 12:24 - loss: 59.4035 - ACC: 0.2066 73/414 [====>.........................] - ETA: 12:24 - loss: 59.4485 - ACC: 0.2055 74/414 [====>.........................] - ETA: 12:21 - loss: 59.4081 - ACC: 0.2052 75/414 [====>.........................] - ETA: 12:18 - loss: 58.9129 - ACC: 0.2075 76/414 [====>.........................] - ETA: 12:15 - loss: 58.5761 - ACC: 0.2081 77/414 [====>.........................] - ETA: 12:14 - loss: 58.6905 - ACC: 0.2062 78/414 [====>.........................] - ETA: 12:12 - loss: 59.0614 - ACC: 0.2051 79/414 [====>.........................] - ETA: 12:10 - loss: 58.9294 - ACC: 0.2057 80/414 [====>.........................] - ETA: 12:07 - loss: 58.6858 - ACC: 0.2055 81/414 [====>.........................] - ETA: 12:05 - loss: 58.3997 - ACC: 0.2083 82/414 [====>.........................] - ETA: 12:03 - loss: 58.6949 - ACC: 0.2088 83/414 [=====>........................] - ETA: 12:02 - loss: 58.5715 - ACC: 0.2086 84/414 [=====>........................] - ETA: 11:59 - loss: 58.4367 - ACC: 0.2083 85/414 [=====>........................] - ETA: 11:56 - loss: 57.9981 - ACC: 0.2088 86/414 [=====>........................] - ETA: 11:54 - loss: 57.9395 - ACC: 0.2086 87/414 [=====>........................] - ETA: 11:51 - loss: 57.5878 - ACC: 0.2098 88/414 [=====>........................] - ETA: 11:50 - loss: 57.6660 - ACC: 0.2081 89/414 [=====>........................] - ETA: 11:48 - loss: 57.4502 - ACC: 0.2086 90/414 [=====>........................] - ETA: 11:47 - loss: 57.6029 - ACC: 0.2076 91/414 [=====>........................] - ETA: 11:45 - loss: 57.5379 - ACC: 0.2088 92/414 [=====>........................] - ETA: 11:41 - loss: 57.2626 - ACC: 0.2086 93/414 [=====>........................] - ETA: 11:41 - loss: 57.0622 - ACC: 0.2117 94/414 [=====>........................] - ETA: 11:37 - loss: 57.2419 - ACC: 0.2114 95/414 [=====>........................] - ETA: 11:35 - loss: 57.3048 - ACC: 0.2112 96/414 [=====>........................] - ETA: 11:33 - loss: 57.6922 - ACC: 0.2096 97/414 [======>.......................] - ETA: 11:31 - loss: 57.6856 - ACC: 0.2075 98/414 [======>.......................] - ETA: 11:29 - loss: 57.3301 - ACC: 0.2092 99/414 [======>.......................] - ETA: 11:27 - loss: 57.2596 - ACC: 0.2096100/414 [======>.......................] - ETA: 11:24 - loss: 57.2820 - ACC: 0.2100101/414 [======>.......................] - ETA: 11:22 - loss: 57.1005 - ACC: 0.2085102/414 [======>.......................] - ETA: 11:20 - loss: 57.1527 - ACC: 0.2096103/414 [======>.......................] - ETA: 11:18 - loss: 56.9226 - ACC: 0.2106104/414 [======>.......................] - ETA: 11:16 - loss: 56.8949 - ACC: 0.2109105/414 [======>.......................] - ETA: 11:14 - loss: 56.8270 - ACC: 0.2119106/414 [======>.......................] - ETA: 11:13 - loss: 56.9297 - ACC: 0.2111107/414 [======>.......................] - ETA: 11:11 - loss: 56.8837 - ACC: 0.2097108/414 [======>.......................] - ETA: 11:10 - loss: 56.9601 - ACC: 0.2078109/414 [======>.......................] - ETA: 11:07 - loss: 56.9088 - ACC: 0.2087110/414 [======>.......................] - ETA: 11:04 - loss: 56.5816 - ACC: 0.2102111/414 [=======>......................] - ETA: 11:02 - loss: 56.7399 - ACC: 0.2095112/414 [=======>......................] - ETA: 11:00 - loss: 56.5696 - ACC: 0.2098113/414 [=======>......................] - ETA: 10:59 - loss: 56.4136 - ACC: 0.2102114/414 [=======>......................] - ETA: 10:56 - loss: 56.1203 - ACC: 0.2122115/414 [=======>......................] - ETA: 10:55 - loss: 56.1118 - ACC: 0.2141116/414 [=======>......................] - ETA: 10:52 - loss: 56.2112 - ACC: 0.2144117/414 [=======>......................] - ETA: 10:50 - loss: 56.3244 - ACC: 0.2131118/414 [=======>......................] - ETA: 10:48 - loss: 56.0704 - ACC: 0.2140119/414 [=======>......................] - ETA: 10:45 - loss: 56.0535 - ACC: 0.2143120/414 [=======>......................] - ETA: 10:43 - loss: 56.0407 - ACC: 0.2146121/414 [=======>......................] - ETA: 10:41 - loss: 55.9951 - ACC: 0.2149122/414 [=======>......................] - ETA: 10:38 - loss: 56.1431 - ACC: 0.2136123/414 [=======>......................] - ETA: 10:35 - loss: 55.8722 - ACC: 0.2149124/414 [=======>......................] - ETA: 10:33 - loss: 55.8872 - ACC: 0.2147125/414 [========>.....................] - ETA: 10:31 - loss: 55.6930 - ACC: 0.2155126/414 [========>.....................] - ETA: 10:28 - loss: 55.4386 - ACC: 0.2178127/414 [========>.....................] - ETA: 10:26 - loss: 55.3778 - ACC: 0.2165128/414 [========>.....................] - ETA: 10:24 - loss: 55.5743 - ACC: 0.2153129/414 [========>.....................] - ETA: 10:23 - loss: 55.9495 - ACC: 0.2141130/414 [========>.....................] - ETA: 10:21 - loss: 55.8350 - ACC: 0.2154131/414 [========>.....................] - ETA: 10:18 - loss: 55.9127 - ACC: 0.2161132/414 [========>.....................] - ETA: 10:16 - loss: 55.8296 - ACC: 0.2159133/414 [========>.....................] - ETA: 10:14 - loss: 56.1675 - ACC: 0.2152134/414 [========>.....................] - ETA: 10:12 - loss: 56.3962 - ACC: 0.2150135/414 [========>.....................] - ETA: 10:10 - loss: 56.3157 - ACC: 0.2157136/414 [========>.....................] - ETA: 10:08 - loss: 56.3672 - ACC: 0.2165137/414 [========>.....................] - ETA: 10:06 - loss: 56.5099 - ACC: 0.2162138/414 [=========>....................] - ETA: 10:04 - loss: 56.4824 - ACC: 0.2156139/414 [=========>....................] - ETA: 10:03 - loss: 56.3190 - ACC: 0.2167140/414 [=========>....................] - ETA: 10:01 - loss: 56.3486 - ACC: 0.2161141/414 [=========>....................] - ETA: 9:58 - loss: 56.2521 - ACC: 0.2159 142/414 [=========>....................] - ETA: 9:56 - loss: 56.2556 - ACC: 0.2165143/414 [=========>....................] - ETA: 9:54 - loss: 56.2041 - ACC: 0.2168144/414 [=========>....................] - ETA: 9:52 - loss: 56.3209 - ACC: 0.2161145/414 [=========>....................] - ETA: 9:50 - loss: 56.7993 - ACC: 0.2159146/414 [=========>....................] - ETA: 9:48 - loss: 56.7431 - ACC: 0.2162147/414 [=========>....................] - ETA: 9:46 - loss: 56.8777 - ACC: 0.2160148/414 [=========>....................] - ETA: 9:43 - loss: 56.8635 - ACC: 0.2158149/414 [=========>....................] - ETA: 9:40 - loss: 56.7629 - ACC: 0.2169150/414 [=========>....................] - ETA: 9:39 - loss: 56.8178 - ACC: 0.2163151/414 [=========>....................] - ETA: 9:36 - loss: 56.5953 - ACC: 0.2169152/414 [==========>...................] - ETA: 9:34 - loss: 56.4009 - ACC: 0.2171153/414 [==========>...................] - ETA: 9:31 - loss: 56.2401 - ACC: 0.2161154/414 [==========>...................] - ETA: 9:30 - loss: 56.3451 - ACC: 0.2167155/414 [==========>...................] - ETA: 9:27 - loss: 56.4852 - ACC: 0.2169156/414 [==========>...................] - ETA: 9:25 - loss: 56.4365 - ACC: 0.2163157/414 [==========>...................] - ETA: 9:23 - loss: 56.2850 - ACC: 0.2166158/414 [==========>...................] - ETA: 9:21 - loss: 56.2897 - ACC: 0.2164159/414 [==========>...................] - ETA: 9:18 - loss: 56.3761 - ACC: 0.2174160/414 [==========>...................] - ETA: 9:16 - loss: 56.4266 - ACC: 0.2160161/414 [==========>...................] - ETA: 9:13 - loss: 56.3865 - ACC: 0.2155162/414 [==========>...................] - ETA: 9:11 - loss: 56.4292 - ACC: 0.2153163/414 [==========>...................] - ETA: 9:10 - loss: 56.2551 - ACC: 0.2155164/414 [==========>...................] - ETA: 9:07 - loss: 56.1456 - ACC: 0.2165165/414 [==========>...................] - ETA: 9:05 - loss: 55.9907 - ACC: 0.2167166/414 [===========>..................] - ETA: 9:03 - loss: 55.9216 - ACC: 0.2157167/414 [===========>..................] - ETA: 9:02 - loss: 55.7844 - ACC: 0.2152168/414 [===========>..................] - ETA: 8:59 - loss: 55.8065 - ACC: 0.2143169/414 [===========>..................] - ETA: 8:57 - loss: 55.8250 - ACC: 0.2149170/414 [===========>..................] - ETA: 8:55 - loss: 56.0410 - ACC: 0.2143171/414 [===========>..................] - ETA: 8:53 - loss: 55.9994 - ACC: 0.2135172/414 [===========>..................] - ETA: 8:51 - loss: 55.9817 - ACC: 0.2133173/414 [===========>..................] - ETA: 8:49 - loss: 55.8718 - ACC: 0.2139174/414 [===========>..................] - ETA: 8:48 - loss: 55.7879 - ACC: 0.2148175/414 [===========>..................] - ETA: 8:45 - loss: 55.6729 - ACC: 0.2150176/414 [===========>..................] - ETA: 8:43 - loss: 55.5840 - ACC: 0.2156177/414 [===========>..................] - ETA: 8:42 - loss: 55.4427 - ACC: 0.2161178/414 [===========>..................] - ETA: 8:40 - loss: 55.3422 - ACC: 0.2173179/414 [===========>..................] - ETA: 8:38 - loss: 55.2800 - ACC: 0.2175180/414 [============>.................] - ETA: 8:35 - loss: 55.2237 - ACC: 0.2181181/414 [============>.................] - ETA: 8:33 - loss: 55.1911 - ACC: 0.2182182/414 [============>.................] - ETA: 8:31 - loss: 55.3164 - ACC: 0.2177183/414 [============>.................] - ETA: 8:29 - loss: 55.2402 - ACC: 0.2172184/414 [============>.................] - ETA: 8:27 - loss: 55.1849 - ACC: 0.2174185/414 [============>.................] - ETA: 8:25 - loss: 55.2237 - ACC: 0.2172186/414 [============>.................] - ETA: 8:22 - loss: 55.3039 - ACC: 0.2167187/414 [============>.................] - ETA: 8:20 - loss: 55.5151 - ACC: 0.2166188/414 [============>.................] - ETA: 8:18 - loss: 55.4784 - ACC: 0.2164189/414 [============>.................] - ETA: 8:16 - loss: 55.6077 - ACC: 0.2166190/414 [============>.................] - ETA: 8:14 - loss: 55.6735 - ACC: 0.2158191/414 [============>.................] - ETA: 8:12 - loss: 55.8602 - ACC: 0.2153192/414 [============>.................] - ETA: 8:10 - loss: 55.8802 - ACC: 0.2152193/414 [============>.................] - ETA: 8:08 - loss: 55.9149 - ACC: 0.2147194/414 [=============>................] - ETA: 8:06 - loss: 55.8133 - ACC: 0.2149195/414 [=============>................] - ETA: 8:04 - loss: 55.8996 - ACC: 0.2151196/414 [=============>................] - ETA: 8:02 - loss: 55.7822 - ACC: 0.2149197/414 [=============>................] - ETA: 7:59 - loss: 55.8338 - ACC: 0.2151198/414 [=============>................] - ETA: 7:57 - loss: 56.0557 - ACC: 0.2153199/414 [=============>................] - ETA: 7:54 - loss: 56.1097 - ACC: 0.2148200/414 [=============>................] - ETA: 7:52 - loss: 56.0138 - ACC: 0.2144201/414 [=============>................] - ETA: 7:50 - loss: 55.9553 - ACC: 0.2152202/414 [=============>................] - ETA: 7:48 - loss: 55.7772 - ACC: 0.2160203/414 [=============>................] - ETA: 7:46 - loss: 55.6417 - ACC: 0.2164204/414 [=============>................] - ETA: 7:43 - loss: 55.7516 - ACC: 0.2166205/414 [=============>................] - ETA: 7:41 - loss: 55.7546 - ACC: 0.2171206/414 [=============>................] - ETA: 7:39 - loss: 55.8621 - ACC: 0.2172207/414 [==============>...............] - ETA: 7:36 - loss: 55.8996 - ACC: 0.2168208/414 [==============>...............] - ETA: 7:34 - loss: 55.8182 - ACC: 0.2172209/414 [==============>...............] - ETA: 7:32 - loss: 55.9335 - ACC: 0.2165210/414 [==============>...............] - ETA: 7:30 - loss: 55.8119 - ACC: 0.2170211/414 [==============>...............] - ETA: 7:28 - loss: 55.7496 - ACC: 0.2171212/414 [==============>...............] - ETA: 7:25 - loss: 55.6802 - ACC: 0.2170213/414 [==============>...............] - ETA: 7:23 - loss: 55.8146 - ACC: 0.2163214/414 [==============>...............] - ETA: 7:21 - loss: 55.9657 - ACC: 0.2155215/414 [==============>...............] - ETA: 7:18 - loss: 55.9074 - ACC: 0.2157216/414 [==============>...............] - ETA: 7:16 - loss: 55.9709 - ACC: 0.2156217/414 [==============>...............] - ETA: 7:14 - loss: 55.8530 - ACC: 0.2154218/414 [==============>...............] - ETA: 7:12 - loss: 55.7762 - ACC: 0.2150219/414 [==============>...............] - ETA: 7:09 - loss: 55.7490 - ACC: 0.2149220/414 [==============>...............] - ETA: 7:07 - loss: 55.7725 - ACC: 0.2156221/414 [===============>..............] - ETA: 7:05 - loss: 56.0300 - ACC: 0.2161222/414 [===============>..............] - ETA: 7:03 - loss: 55.9706 - ACC: 0.2165223/414 [===============>..............] - ETA: 7:01 - loss: 55.9673 - ACC: 0.2166224/414 [===============>..............] - ETA: 6:59 - loss: 56.0858 - ACC: 0.2171225/414 [===============>..............] - ETA: 6:56 - loss: 56.1233 - ACC: 0.2164226/414 [===============>..............] - ETA: 6:54 - loss: 56.1347 - ACC: 0.2160227/414 [===============>..............] - ETA: 6:52 - loss: 56.0295 - ACC: 0.2161228/414 [===============>..............] - ETA: 6:49 - loss: 55.9212 - ACC: 0.2166229/414 [===============>..............] - ETA: 6:47 - loss: 55.9241 - ACC: 0.2167230/414 [===============>..............] - ETA: 6:45 - loss: 56.0014 - ACC: 0.2171231/414 [===============>..............] - ETA: 6:43 - loss: 55.8957 - ACC: 0.2170232/414 [===============>..............] - ETA: 6:40 - loss: 55.7889 - ACC: 0.2174233/414 [===============>..............] - ETA: 6:38 - loss: 55.6782 - ACC: 0.2173234/414 [===============>..............] - ETA: 6:36 - loss: 55.5779 - ACC: 0.2177235/414 [================>.............] - ETA: 6:34 - loss: 55.6045 - ACC: 0.2176236/414 [================>.............] - ETA: 6:32 - loss: 55.5018 - ACC: 0.2172237/414 [================>.............] - ETA: 6:30 - loss: 55.4180 - ACC: 0.2170238/414 [================>.............] - ETA: 6:28 - loss: 55.5116 - ACC: 0.2182239/414 [================>.............] - ETA: 6:25 - loss: 55.4534 - ACC: 0.2184240/414 [================>.............] - ETA: 6:24 - loss: 55.3678 - ACC: 0.2193241/414 [================>.............] - ETA: 6:21 - loss: 55.3388 - ACC: 0.2191242/414 [================>.............] - ETA: 6:19 - loss: 55.3212 - ACC: 0.2190243/414 [================>.............] - ETA: 6:17 - loss: 55.2682 - ACC: 0.2189244/414 [================>.............] - ETA: 6:15 - loss: 55.2126 - ACC: 0.2188245/414 [================>.............] - ETA: 6:12 - loss: 55.1058 - ACC: 0.2189246/414 [================>.............] - ETA: 6:10 - loss: 55.0358 - ACC: 0.2188247/414 [================>.............] - ETA: 6:08 - loss: 54.9643 - ACC: 0.2191248/414 [================>.............] - ETA: 6:06 - loss: 54.8776 - ACC: 0.2195249/414 [=================>............] - ETA: 6:04 - loss: 54.8861 - ACC: 0.2201250/414 [=================>............] - ETA: 6:01 - loss: 54.8042 - ACC: 0.2208251/414 [=================>............] - ETA: 5:59 - loss: 54.6637 - ACC: 0.2211252/414 [=================>............] - ETA: 5:57 - loss: 54.5307 - ACC: 0.2212253/414 [=================>............] - ETA: 5:55 - loss: 54.4447 - ACC: 0.2218254/414 [=================>............] - ETA: 5:53 - loss: 54.3669 - ACC: 0.2222255/414 [=================>............] - ETA: 5:51 - loss: 54.3159 - ACC: 0.2221256/414 [=================>............] - ETA: 5:49 - loss: 54.4310 - ACC: 0.2222257/414 [=================>............] - ETA: 5:46 - loss: 54.3995 - ACC: 0.2223258/414 [=================>............] - ETA: 5:44 - loss: 54.3457 - ACC: 0.2219259/414 [=================>............] - ETA: 5:41 - loss: 54.2793 - ACC: 0.2220260/414 [=================>............] - ETA: 5:39 - loss: 54.1847 - ACC: 0.2219261/414 [=================>............] - ETA: 5:37 - loss: 54.1876 - ACC: 0.2217262/414 [=================>............] - ETA: 5:35 - loss: 54.0462 - ACC: 0.2221263/414 [==================>...........] - ETA: 5:33 - loss: 53.9926 - ACC: 0.2227264/414 [==================>...........] - ETA: 5:31 - loss: 53.9828 - ACC: 0.2232265/414 [==================>...........] - ETA: 5:29 - loss: 54.1309 - ACC: 0.2229266/414 [==================>...........] - ETA: 5:27 - loss: 54.1489 - ACC: 0.2220267/414 [==================>...........] - ETA: 5:24 - loss: 54.2108 - ACC: 0.2214268/414 [==================>...........] - ETA: 5:22 - loss: 54.2135 - ACC: 0.2213269/414 [==================>...........] - ETA: 5:20 - loss: 54.0804 - ACC: 0.2217270/414 [==================>...........] - ETA: 5:18 - loss: 54.0532 - ACC: 0.2218271/414 [==================>...........] - ETA: 5:16 - loss: 54.1601 - ACC: 0.2214272/414 [==================>...........] - ETA: 5:14 - loss: 54.2867 - ACC: 0.2217273/414 [==================>...........] - ETA: 5:11 - loss: 54.4501 - ACC: 0.2214274/414 [==================>...........] - ETA: 5:09 - loss: 54.3556 - ACC: 0.2215275/414 [==================>...........] - ETA: 5:07 - loss: 54.4828 - ACC: 0.2211276/414 [===================>..........] - ETA: 5:05 - loss: 54.3994 - ACC: 0.2215277/414 [===================>..........] - ETA: 5:03 - loss: 54.3034 - ACC: 0.2218278/414 [===================>..........] - ETA: 5:01 - loss: 54.2556 - ACC: 0.2219279/414 [===================>..........] - ETA: 4:58 - loss: 54.4406 - ACC: 0.2220280/414 [===================>..........] - ETA: 4:56 - loss: 54.5641 - ACC: 0.2212281/414 [===================>..........] - ETA: 4:54 - loss: 54.5501 - ACC: 0.2213282/414 [===================>..........] - ETA: 4:52 - loss: 54.5889 - ACC: 0.2212283/414 [===================>..........] - ETA: 4:50 - loss: 54.5491 - ACC: 0.2211284/414 [===================>..........] - ETA: 4:47 - loss: 54.5123 - ACC: 0.2210285/414 [===================>..........] - ETA: 4:45 - loss: 54.4540 - ACC: 0.2208286/414 [===================>..........] - ETA: 4:43 - loss: 54.3813 - ACC: 0.2203287/414 [===================>..........] - ETA: 4:41 - loss: 54.3405 - ACC: 0.2210288/414 [===================>..........] - ETA: 4:39 - loss: 54.2970 - ACC: 0.2214289/414 [===================>..........] - ETA: 4:36 - loss: 54.3980 - ACC: 0.2210290/414 [====================>.........] - ETA: 4:34 - loss: 54.3293 - ACC: 0.2216291/414 [====================>.........] - ETA: 4:32 - loss: 54.2873 - ACC: 0.2212292/414 [====================>.........] - ETA: 4:30 - loss: 54.2567 - ACC: 0.2215293/414 [====================>.........] - ETA: 4:27 - loss: 54.2266 - ACC: 0.2214294/414 [====================>.........] - ETA: 4:25 - loss: 54.2055 - ACC: 0.2215295/414 [====================>.........] - ETA: 4:23 - loss: 54.1919 - ACC: 0.2220296/414 [====================>.........] - ETA: 4:21 - loss: 54.2458 - ACC: 0.2215297/414 [====================>.........] - ETA: 4:19 - loss: 54.1850 - ACC: 0.2216298/414 [====================>.........] - ETA: 4:17 - loss: 54.1279 - ACC: 0.2221299/414 [====================>.........] - ETA: 4:14 - loss: 54.0843 - ACC: 0.2222300/414 [====================>.........] - ETA: 4:12 - loss: 54.0673 - ACC: 0.2221301/414 [====================>.........] - ETA: 4:10 - loss: 54.0889 - ACC: 0.2220302/414 [====================>.........] - ETA: 4:08 - loss: 54.0277 - ACC: 0.2221303/414 [====================>.........] - ETA: 4:05 - loss: 53.8930 - ACC: 0.2224304/414 [=====================>........] - ETA: 4:03 - loss: 53.8397 - ACC: 0.2218305/414 [=====================>........] - ETA: 4:01 - loss: 53.7770 - ACC: 0.2219306/414 [=====================>........] - ETA: 3:59 - loss: 53.8271 - ACC: 0.2226307/414 [=====================>........] - ETA: 3:57 - loss: 53.7968 - ACC: 0.2231308/414 [=====================>........] - ETA: 3:54 - loss: 53.7509 - ACC: 0.2230309/414 [=====================>........] - ETA: 3:52 - loss: 53.7500 - ACC: 0.2227310/414 [=====================>........] - ETA: 3:50 - loss: 53.7179 - ACC: 0.2224311/414 [=====================>........] - ETA: 3:48 - loss: 53.6402 - ACC: 0.2227312/414 [=====================>........] - ETA: 3:45 - loss: 53.5316 - ACC: 0.2234313/414 [=====================>........] - ETA: 3:43 - loss: 53.4433 - ACC: 0.2234314/414 [=====================>........] - ETA: 3:41 - loss: 53.3468 - ACC: 0.2241315/414 [=====================>........] - ETA: 3:39 - loss: 53.2717 - ACC: 0.2246316/414 [=====================>........] - ETA: 3:37 - loss: 53.2285 - ACC: 0.2247317/414 [=====================>........] - ETA: 3:34 - loss: 53.2347 - ACC: 0.2248318/414 [======================>.......] - ETA: 3:32 - loss: 53.2348 - ACC: 0.2246319/414 [======================>.......] - ETA: 3:30 - loss: 53.2245 - ACC: 0.2243320/414 [======================>.......] - ETA: 3:28 - loss: 53.1645 - ACC: 0.2240321/414 [======================>.......] - ETA: 3:26 - loss: 53.1327 - ACC: 0.2239322/414 [======================>.......] - ETA: 3:23 - loss: 53.0533 - ACC: 0.2240323/414 [======================>.......] - ETA: 3:21 - loss: 52.9605 - ACC: 0.2241324/414 [======================>.......] - ETA: 3:19 - loss: 53.0438 - ACC: 0.2236325/414 [======================>.......] - ETA: 3:17 - loss: 53.1199 - ACC: 0.2233326/414 [======================>.......] - ETA: 3:15 - loss: 53.0676 - ACC: 0.2232327/414 [======================>.......] - ETA: 3:12 - loss: 52.9636 - ACC: 0.2236328/414 [======================>.......] - ETA: 3:10 - loss: 52.9331 - ACC: 0.2237329/414 [======================>.......] - ETA: 3:08 - loss: 52.9613 - ACC: 0.2234330/414 [======================>.......] - ETA: 3:06 - loss: 53.0008 - ACC: 0.2233331/414 [======================>.......] - ETA: 3:03 - loss: 52.9617 - ACC: 0.2228332/414 [=======================>......] - ETA: 3:01 - loss: 52.9167 - ACC: 0.2236333/414 [=======================>......] - ETA: 2:59 - loss: 52.9337 - ACC: 0.2233334/414 [=======================>......] - ETA: 2:57 - loss: 52.9394 - ACC: 0.2232335/414 [=======================>......] - ETA: 2:54 - loss: 52.9168 - ACC: 0.2231336/414 [=======================>......] - ETA: 2:52 - loss: 52.8419 - ACC: 0.2228337/414 [=======================>......] - ETA: 2:50 - loss: 52.8687 - ACC: 0.2226338/414 [=======================>......] - ETA: 2:48 - loss: 52.8332 - ACC: 0.2224339/414 [=======================>......] - ETA: 2:46 - loss: 52.7921 - ACC: 0.2227340/414 [=======================>......] - ETA: 2:43 - loss: 52.7147 - ACC: 0.2228341/414 [=======================>......] - ETA: 2:41 - loss: 52.6595 - ACC: 0.2232342/414 [=======================>......] - ETA: 2:39 - loss: 52.6328 - ACC: 0.2231343/414 [=======================>......] - ETA: 2:37 - loss: 52.6039 - ACC: 0.2227344/414 [=======================>......] - ETA: 2:35 - loss: 52.6129 - ACC: 0.2226345/414 [========================>.....] - ETA: 2:32 - loss: 52.5120 - ACC: 0.2230346/414 [========================>.....] - ETA: 2:30 - loss: 52.4861 - ACC: 0.2229347/414 [========================>.....] - ETA: 2:28 - loss: 52.4463 - ACC: 0.2232348/414 [========================>.....] - ETA: 2:26 - loss: 52.4469 - ACC: 0.2234349/414 [========================>.....] - ETA: 2:23 - loss: 52.3588 - ACC: 0.2240350/414 [========================>.....] - ETA: 2:21 - loss: 52.3063 - ACC: 0.2243351/414 [========================>.....] - ETA: 2:19 - loss: 52.2566 - ACC: 0.2244352/414 [========================>.....] - ETA: 2:17 - loss: 52.2339 - ACC: 0.2243353/414 [========================>.....] - ETA: 2:15 - loss: 52.2370 - ACC: 0.2238354/414 [========================>.....] - ETA: 2:12 - loss: 52.1808 - ACC: 0.2239355/414 [========================>.....] - ETA: 2:10 - loss: 52.0820 - ACC: 0.2239356/414 [========================>.....] - ETA: 2:08 - loss: 52.0593 - ACC: 0.2242357/414 [========================>.....] - ETA: 2:06 - loss: 52.0446 - ACC: 0.2241358/414 [========================>.....] - ETA: 2:04 - loss: 52.0136 - ACC: 0.2245359/414 [=========================>....] - ETA: 2:01 - loss: 51.9468 - ACC: 0.2248360/414 [=========================>....] - ETA: 1:59 - loss: 51.9031 - ACC: 0.2243361/414 [=========================>....] - ETA: 1:57 - loss: 51.8105 - ACC: 0.2244362/414 [=========================>....] - ETA: 1:55 - loss: 51.7692 - ACC: 0.2243363/414 [=========================>....] - ETA: 1:52 - loss: 51.7204 - ACC: 0.2242364/414 [=========================>....] - ETA: 1:50 - loss: 51.6470 - ACC: 0.2244365/414 [=========================>....] - ETA: 1:48 - loss: 51.5890 - ACC: 0.2245366/414 [=========================>....] - ETA: 1:46 - loss: 51.5330 - ACC: 0.2246367/414 [=========================>....] - ETA: 1:43 - loss: 51.4888 - ACC: 0.2246368/414 [=========================>....] - ETA: 1:41 - loss: 51.5544 - ACC: 0.2247369/414 [=========================>....] - ETA: 1:39 - loss: 51.5588 - ACC: 0.2248370/414 [=========================>....] - ETA: 1:37 - loss: 51.4772 - ACC: 0.2247371/414 [=========================>....] - ETA: 1:35 - loss: 51.4866 - ACC: 0.2249372/414 [=========================>....] - ETA: 1:32 - loss: 51.4393 - ACC: 0.2253373/414 [==========================>...] - ETA: 1:30 - loss: 51.3705 - ACC: 0.2250374/414 [==========================>...] - ETA: 1:28 - loss: 51.3297 - ACC: 0.2251375/414 [==========================>...] - ETA: 1:26 - loss: 51.2633 - ACC: 0.2253376/414 [==========================>...] - ETA: 1:24 - loss: 51.2635 - ACC: 0.2251377/414 [==========================>...] - ETA: 1:22 - loss: 51.2560 - ACC: 0.2253378/414 [==========================>...] - ETA: 1:19 - loss: 51.2324 - ACC: 0.2249379/414 [==========================>...] - ETA: 1:17 - loss: 51.1989 - ACC: 0.2248380/414 [==========================>...] - ETA: 1:15 - loss: 51.2831 - ACC: 0.2248381/414 [==========================>...] - ETA: 1:13 - loss: 51.2339 - ACC: 0.2252382/414 [==========================>...] - ETA: 1:10 - loss: 51.1830 - ACC: 0.2250383/414 [==========================>...] - ETA: 1:08 - loss: 51.1931 - ACC: 0.2252384/414 [==========================>...] - ETA: 1:06 - loss: 51.0965 - ACC: 0.2253385/414 [==========================>...] - ETA: 1:04 - loss: 51.0823 - ACC: 0.2248386/414 [==========================>...] - ETA: 1:02 - loss: 51.0701 - ACC: 0.2246387/414 [===========================>..] - ETA: 59s - loss: 51.1536 - ACC: 0.2243 388/414 [===========================>..] - ETA: 57s - loss: 51.2208 - ACC: 0.2242389/414 [===========================>..] - ETA: 55s - loss: 51.1645 - ACC: 0.2246390/414 [===========================>..] - ETA: 53s - loss: 51.0804 - ACC: 0.2255391/414 [===========================>..] - ETA: 50s - loss: 51.0281 - ACC: 0.2259392/414 [===========================>..] - ETA: 48s - loss: 50.9787 - ACC: 0.2261393/414 [===========================>..] - ETA: 46s - loss: 51.0398 - ACC: 0.2260394/414 [===========================>..] - ETA: 44s - loss: 50.9899 - ACC: 0.2265395/414 [===========================>..] - ETA: 42s - loss: 51.0048 - ACC: 0.2269396/414 [===========================>..] - ETA: 39s - loss: 51.5353 - ACC: 0.2270397/414 [===========================>..] - ETA: 37s - loss: 51.4801 - ACC: 0.2273398/414 [===========================>..] - ETA: 35s - loss: 51.4373 - ACC: 0.2274399/414 [===========================>..] - ETA: 33s - loss: 51.5374 - ACC: 0.2268400/414 [===========================>..] - ETA: 31s - loss: 51.6391 - ACC: 0.2267401/414 [============================>.] - ETA: 28s - loss: 51.6215 - ACC: 0.2266402/414 [============================>.] - ETA: 26s - loss: 51.5892 - ACC: 0.2265403/414 [============================>.] - ETA: 24s - loss: 51.6459 - ACC: 0.2264404/414 [============================>.] - ETA: 22s - loss: 51.6818 - ACC: 0.2260405/414 [============================>.] - ETA: 19s - loss: 51.8267 - ACC: 0.2259406/414 [============================>.] - ETA: 17s - loss: 52.0287 - ACC: 0.2257407/414 [============================>.] - ETA: 15s - loss: 52.0571 - ACC: 0.2253408/414 [============================>.] - ETA: 13s - loss: 52.0263 - ACC: 0.2253409/414 [============================>.] - ETA: 11s - loss: 52.0846 - ACC: 0.2249410/414 [============================>.] - ETA: 8s - loss: 52.0738 - ACC: 0.2247 411/414 [============================>.] - ETA: 6s - loss: 52.0720 - ACC: 0.2249412/414 [============================>.] - ETA: 4s - loss: 52.1688 - ACC: 0.2245413/414 [============================>.] - ETA: 2s - loss: 52.1378 - ACC: 0.2244414/414 [==============================] - ETA: 0s - loss: 52.2564 - ACC: 0.2243414/414 [==============================] - 1142s 3s/step - loss: 52.2564 - ACC: 0.2243 - val_loss: 153.2635 - val_ACC: 0.1427
Epoch 14/30
  1/414 [..............................] - ETA: 0s - loss: 38.4803 - ACC: 0.1875  2/414 [..............................] - ETA: 7:22 - loss: 64.1910 - ACC: 0.1562  3/414 [..............................] - ETA: 9:40 - loss: 52.5882 - ACC: 0.1250  4/414 [..............................] - ETA: 10:57 - loss: 47.9019 - ACC: 0.1875  5/414 [..............................] - ETA: 11:42 - loss: 45.9507 - ACC: 0.2250  6/414 [..............................] - ETA: 12:21 - loss: 53.2292 - ACC: 0.2083  7/414 [..............................] - ETA: 12:33 - loss: 60.3706 - ACC: 0.2143  8/414 [..............................] - ETA: 12:49 - loss: 59.6781 - ACC: 0.2344  9/414 [..............................] - ETA: 12:57 - loss: 57.3342 - ACC: 0.2361 10/414 [..............................] - ETA: 13:06 - loss: 55.6556 - ACC: 0.2375 11/414 [..............................] - ETA: 13:11 - loss: 56.9829 - ACC: 0.2273 12/414 [..............................] - ETA: 13:15 - loss: 55.4209 - ACC: 0.2292 13/414 [..............................] - ETA: 13:13 - loss: 54.2735 - ACC: 0.2260 14/414 [>.............................] - ETA: 13:18 - loss: 54.2911 - ACC: 0.2232 15/414 [>.............................] - ETA: 13:20 - loss: 56.0287 - ACC: 0.2083 16/414 [>.............................] - ETA: 13:28 - loss: 56.8328 - ACC: 0.1992 17/414 [>.............................] - ETA: 13:28 - loss: 55.4121 - ACC: 0.2243 18/414 [>.............................] - ETA: 13:29 - loss: 54.8414 - ACC: 0.2153 19/414 [>.............................] - ETA: 13:32 - loss: 53.6089 - ACC: 0.2270 20/414 [>.............................] - ETA: 13:34 - loss: 57.2704 - ACC: 0.2188 21/414 [>.............................] - ETA: 13:30 - loss: 57.7865 - ACC: 0.2202 22/414 [>.............................] - ETA: 13:28 - loss: 58.6272 - ACC: 0.2131 23/414 [>.............................] - ETA: 13:27 - loss: 58.2071 - ACC: 0.2092 24/414 [>.............................] - ETA: 13:27 - loss: 59.3283 - ACC: 0.2057 25/414 [>.............................] - ETA: 13:26 - loss: 58.9444 - ACC: 0.2075 26/414 [>.............................] - ETA: 13:28 - loss: 62.7683 - ACC: 0.2043 27/414 [>.............................] - ETA: 13:29 - loss: 64.4822 - ACC: 0.1991 28/414 [=>............................] - ETA: 13:24 - loss: 67.0519 - ACC: 0.1942 29/414 [=>............................] - ETA: 13:22 - loss: 69.0629 - ACC: 0.1940 30/414 [=>............................] - ETA: 13:22 - loss: 67.6141 - ACC: 0.1917 31/414 [=>............................] - ETA: 13:20 - loss: 66.8329 - ACC: 0.1976 32/414 [=>............................] - ETA: 13:15 - loss: 67.9324 - ACC: 0.1934 33/414 [=>............................] - ETA: 13:19 - loss: 72.6115 - ACC: 0.1875 34/414 [=>............................] - ETA: 13:21 - loss: 72.7128 - ACC: 0.1875 35/414 [=>............................] - ETA: 13:23 - loss: 76.4321 - ACC: 0.1821 36/414 [=>............................] - ETA: 13:21 - loss: 76.9641 - ACC: 0.1806 37/414 [=>............................] - ETA: 13:19 - loss: 76.2060 - ACC: 0.1807 38/414 [=>............................] - ETA: 13:19 - loss: 75.4553 - ACC: 0.1809 39/414 [=>............................] - ETA: 13:17 - loss: 75.2011 - ACC: 0.1859 40/414 [=>............................] - ETA: 13:16 - loss: 74.3113 - ACC: 0.1906 41/414 [=>............................] - ETA: 13:13 - loss: 74.3073 - ACC: 0.1890 42/414 [==>...........................] - ETA: 13:15 - loss: 74.7935 - ACC: 0.1860 43/414 [==>...........................] - ETA: 13:15 - loss: 74.5933 - ACC: 0.1890 44/414 [==>...........................] - ETA: 13:13 - loss: 74.7771 - ACC: 0.1861 45/414 [==>...........................] - ETA: 13:14 - loss: 74.4232 - ACC: 0.1861 46/414 [==>...........................] - ETA: 13:11 - loss: 73.7148 - ACC: 0.1861 47/414 [==>...........................] - ETA: 13:11 - loss: 73.5562 - ACC: 0.1835 48/414 [==>...........................] - ETA: 13:07 - loss: 73.0363 - ACC: 0.1849 49/414 [==>...........................] - ETA: 13:05 - loss: 72.2426 - ACC: 0.1875 50/414 [==>...........................] - ETA: 13:01 - loss: 71.7730 - ACC: 0.1863 51/414 [==>...........................] - ETA: 13:02 - loss: 71.5334 - ACC: 0.1863 52/414 [==>...........................] - ETA: 13:02 - loss: 71.1214 - ACC: 0.1851 53/414 [==>...........................] - ETA: 13:01 - loss: 71.1401 - ACC: 0.1840 54/414 [==>...........................] - ETA: 12:58 - loss: 71.3710 - ACC: 0.1840 55/414 [==>...........................] - ETA: 12:57 - loss: 71.7310 - ACC: 0.1830 56/414 [===>..........................] - ETA: 12:55 - loss: 71.7430 - ACC: 0.1830 57/414 [===>..........................] - ETA: 12:53 - loss: 71.8827 - ACC: 0.1853 58/414 [===>..........................] - ETA: 12:54 - loss: 71.4850 - ACC: 0.1832 59/414 [===>..........................] - ETA: 12:50 - loss: 72.2962 - ACC: 0.1822 60/414 [===>..........................] - ETA: 12:47 - loss: 71.7818 - ACC: 0.1802 61/414 [===>..........................] - ETA: 12:45 - loss: 71.6029 - ACC: 0.1834 62/414 [===>..........................] - ETA: 12:42 - loss: 72.8399 - ACC: 0.1825 63/414 [===>..........................] - ETA: 12:38 - loss: 72.6113 - ACC: 0.1815 64/414 [===>..........................] - ETA: 12:37 - loss: 72.0402 - ACC: 0.1836 65/414 [===>..........................] - ETA: 12:34 - loss: 71.7086 - ACC: 0.1827 66/414 [===>..........................] - ETA: 12:30 - loss: 71.1526 - ACC: 0.1847 67/414 [===>..........................] - ETA: 12:30 - loss: 70.5413 - ACC: 0.1875 68/414 [===>..........................] - ETA: 12:29 - loss: 70.1463 - ACC: 0.1857 69/414 [====>.........................] - ETA: 12:27 - loss: 70.3491 - ACC: 0.1848 70/414 [====>.........................] - ETA: 12:27 - loss: 70.6241 - ACC: 0.1830 71/414 [====>.........................] - ETA: 12:27 - loss: 70.9285 - ACC: 0.1840 72/414 [====>.........................] - ETA: 12:25 - loss: 70.6311 - ACC: 0.1823 73/414 [====>.........................] - ETA: 12:24 - loss: 70.3244 - ACC: 0.1815 74/414 [====>.........................] - ETA: 12:22 - loss: 70.8847 - ACC: 0.1816 75/414 [====>.........................] - ETA: 12:19 - loss: 70.2869 - ACC: 0.1825 76/414 [====>.........................] - ETA: 12:15 - loss: 70.1127 - ACC: 0.1817 77/414 [====>.........................] - ETA: 12:14 - loss: 69.8429 - ACC: 0.1834 78/414 [====>.........................] - ETA: 12:12 - loss: 69.5108 - ACC: 0.1843 79/414 [====>.........................] - ETA: 12:10 - loss: 68.9904 - ACC: 0.1843 80/414 [====>.........................] - ETA: 12:07 - loss: 68.7467 - ACC: 0.1859 81/414 [====>.........................] - ETA: 12:05 - loss: 68.8762 - ACC: 0.1860 82/414 [====>.........................] - ETA: 12:03 - loss: 68.9933 - ACC: 0.1845 83/414 [=====>........................] - ETA: 12:01 - loss: 68.7893 - ACC: 0.1852 84/414 [=====>........................] - ETA: 11:58 - loss: 68.5048 - ACC: 0.1853 85/414 [=====>........................] - ETA: 11:55 - loss: 68.0263 - ACC: 0.1875 86/414 [=====>........................] - ETA: 11:54 - loss: 67.6018 - ACC: 0.1875 87/414 [=====>........................] - ETA: 11:51 - loss: 67.4090 - ACC: 0.1889 88/414 [=====>........................] - ETA: 11:49 - loss: 67.4118 - ACC: 0.1903 89/414 [=====>........................] - ETA: 11:48 - loss: 67.0749 - ACC: 0.1889 90/414 [=====>........................] - ETA: 11:46 - loss: 67.3247 - ACC: 0.1875 91/414 [=====>........................] - ETA: 11:44 - loss: 66.9848 - ACC: 0.1882 92/414 [=====>........................] - ETA: 11:41 - loss: 67.3495 - ACC: 0.1868 93/414 [=====>........................] - ETA: 11:40 - loss: 67.1361 - ACC: 0.1868 94/414 [=====>........................] - ETA: 11:37 - loss: 66.9494 - ACC: 0.1862 95/414 [=====>........................] - ETA: 11:34 - loss: 66.7817 - ACC: 0.1875 96/414 [=====>........................] - ETA: 11:33 - loss: 66.6357 - ACC: 0.1882 97/414 [======>.......................] - ETA: 11:31 - loss: 66.7713 - ACC: 0.1875 98/414 [======>.......................] - ETA: 11:29 - loss: 66.7133 - ACC: 0.1913 99/414 [======>.......................] - ETA: 11:27 - loss: 66.4790 - ACC: 0.1919100/414 [======>.......................] - ETA: 11:24 - loss: 66.3647 - ACC: 0.1919101/414 [======>.......................] - ETA: 11:22 - loss: 66.0386 - ACC: 0.1925102/414 [======>.......................] - ETA: 11:20 - loss: 66.0880 - ACC: 0.1918103/414 [======>.......................] - ETA: 11:18 - loss: 65.7625 - ACC: 0.1942104/414 [======>.......................] - ETA: 11:16 - loss: 65.4623 - ACC: 0.1947105/414 [======>.......................] - ETA: 11:15 - loss: 65.2965 - ACC: 0.1958106/414 [======>.......................] - ETA: 11:13 - loss: 65.3242 - ACC: 0.1958107/414 [======>.......................] - ETA: 11:11 - loss: 65.2428 - ACC: 0.1963108/414 [======>.......................] - ETA: 11:09 - loss: 64.9668 - ACC: 0.1950109/414 [======>.......................] - ETA: 11:07 - loss: 64.8789 - ACC: 0.1961110/414 [======>.......................] - ETA: 11:04 - loss: 64.4687 - ACC: 0.1977111/414 [=======>......................] - ETA: 11:02 - loss: 64.2655 - ACC: 0.1971112/414 [=======>......................] - ETA: 11:00 - loss: 64.1850 - ACC: 0.1970113/414 [=======>......................] - ETA: 10:59 - loss: 64.1239 - ACC: 0.1969114/414 [=======>......................] - ETA: 10:57 - loss: 63.8467 - ACC: 0.1979115/414 [=======>......................] - ETA: 10:55 - loss: 63.5345 - ACC: 0.1978116/414 [=======>......................] - ETA: 10:53 - loss: 63.6445 - ACC: 0.1977117/414 [=======>......................] - ETA: 10:51 - loss: 63.3956 - ACC: 0.1987118/414 [=======>......................] - ETA: 10:48 - loss: 63.4036 - ACC: 0.1997119/414 [=======>......................] - ETA: 10:45 - loss: 63.2111 - ACC: 0.2001120/414 [=======>......................] - ETA: 10:43 - loss: 62.9802 - ACC: 0.2016121/414 [=======>......................] - ETA: 10:40 - loss: 62.6155 - ACC: 0.2020122/414 [=======>......................] - ETA: 10:38 - loss: 62.3091 - ACC: 0.2029123/414 [=======>......................] - ETA: 10:35 - loss: 62.1127 - ACC: 0.2038124/414 [=======>......................] - ETA: 10:33 - loss: 61.7921 - ACC: 0.2056125/414 [========>.....................] - ETA: 10:31 - loss: 61.6616 - ACC: 0.2060126/414 [========>.....................] - ETA: 10:28 - loss: 61.4687 - ACC: 0.2083127/414 [========>.....................] - ETA: 10:26 - loss: 61.5201 - ACC: 0.2077128/414 [========>.....................] - ETA: 10:24 - loss: 61.7987 - ACC: 0.2065129/414 [========>.....................] - ETA: 10:24 - loss: 62.0313 - ACC: 0.2054130/414 [========>.....................] - ETA: 10:21 - loss: 62.0184 - ACC: 0.2053131/414 [========>.....................] - ETA: 10:19 - loss: 61.9896 - ACC: 0.2047132/414 [========>.....................] - ETA: 10:17 - loss: 61.7104 - ACC: 0.2060133/414 [========>.....................] - ETA: 10:15 - loss: 61.7501 - ACC: 0.2072134/414 [========>.....................] - ETA: 10:13 - loss: 61.5202 - ACC: 0.2076135/414 [========>.....................] - ETA: 10:11 - loss: 61.3041 - ACC: 0.2074136/414 [========>.....................] - ETA: 10:09 - loss: 61.6067 - ACC: 0.2068137/414 [========>.....................] - ETA: 10:06 - loss: 62.3378 - ACC: 0.2057138/414 [=========>....................] - ETA: 10:05 - loss: 62.4436 - ACC: 0.2056139/414 [=========>....................] - ETA: 10:03 - loss: 62.3301 - ACC: 0.2059140/414 [=========>....................] - ETA: 10:01 - loss: 62.1447 - ACC: 0.2071141/414 [=========>....................] - ETA: 9:59 - loss: 62.0451 - ACC: 0.2079 142/414 [=========>....................] - ETA: 9:56 - loss: 61.8976 - ACC: 0.2091143/414 [=========>....................] - ETA: 9:54 - loss: 61.7853 - ACC: 0.2094144/414 [=========>....................] - ETA: 9:53 - loss: 61.8421 - ACC: 0.2101145/414 [=========>....................] - ETA: 9:50 - loss: 61.7585 - ACC: 0.2099146/414 [=========>....................] - ETA: 9:49 - loss: 61.5367 - ACC: 0.2106147/414 [=========>....................] - ETA: 9:46 - loss: 61.7371 - ACC: 0.2096148/414 [=========>....................] - ETA: 9:44 - loss: 61.4733 - ACC: 0.2095149/414 [=========>....................] - ETA: 9:41 - loss: 61.2303 - ACC: 0.2097150/414 [=========>....................] - ETA: 9:39 - loss: 61.0356 - ACC: 0.2092151/414 [=========>....................] - ETA: 9:37 - loss: 60.8512 - ACC: 0.2086152/414 [==========>...................] - ETA: 9:35 - loss: 60.7094 - ACC: 0.2089153/414 [==========>...................] - ETA: 9:33 - loss: 60.5151 - ACC: 0.2079154/414 [==========>...................] - ETA: 9:31 - loss: 60.4673 - ACC: 0.2082155/414 [==========>...................] - ETA: 9:28 - loss: 60.3436 - ACC: 0.2077156/414 [==========>...................] - ETA: 9:26 - loss: 60.2237 - ACC: 0.2075157/414 [==========>...................] - ETA: 9:24 - loss: 60.1773 - ACC: 0.2074158/414 [==========>...................] - ETA: 9:22 - loss: 60.0940 - ACC: 0.2089159/414 [==========>...................] - ETA: 9:19 - loss: 59.9322 - ACC: 0.2091160/414 [==========>...................] - ETA: 9:17 - loss: 59.9417 - ACC: 0.2086161/414 [==========>...................] - ETA: 9:15 - loss: 59.8472 - ACC: 0.2081162/414 [==========>...................] - ETA: 9:13 - loss: 59.8353 - ACC: 0.2072163/414 [==========>...................] - ETA: 9:11 - loss: 59.6106 - ACC: 0.2074164/414 [==========>...................] - ETA: 9:09 - loss: 59.4497 - ACC: 0.2069165/414 [==========>...................] - ETA: 9:07 - loss: 59.3057 - ACC: 0.2064166/414 [===========>..................] - ETA: 9:04 - loss: 59.0815 - ACC: 0.2063167/414 [===========>..................] - ETA: 9:03 - loss: 59.1116 - ACC: 0.2070168/414 [===========>..................] - ETA: 9:01 - loss: 59.0290 - ACC: 0.2068169/414 [===========>..................] - ETA: 8:59 - loss: 59.1224 - ACC: 0.2064170/414 [===========>..................] - ETA: 8:57 - loss: 59.0093 - ACC: 0.2066171/414 [===========>..................] - ETA: 8:55 - loss: 58.9719 - ACC: 0.2065172/414 [===========>..................] - ETA: 8:52 - loss: 59.1116 - ACC: 0.2068173/414 [===========>..................] - ETA: 8:50 - loss: 59.1872 - ACC: 0.2070174/414 [===========>..................] - ETA: 8:49 - loss: 59.1254 - ACC: 0.2062175/414 [===========>..................] - ETA: 8:47 - loss: 59.3727 - ACC: 0.2054176/414 [===========>..................] - ETA: 8:44 - loss: 59.2434 - ACC: 0.2056177/414 [===========>..................] - ETA: 8:42 - loss: 59.1469 - ACC: 0.2055178/414 [===========>..................] - ETA: 8:40 - loss: 59.0779 - ACC: 0.2061179/414 [===========>..................] - ETA: 8:38 - loss: 58.9799 - ACC: 0.2053180/414 [============>.................] - ETA: 8:36 - loss: 59.2330 - ACC: 0.2045181/414 [============>.................] - ETA: 8:34 - loss: 59.2611 - ACC: 0.2041182/414 [============>.................] - ETA: 8:32 - loss: 59.3466 - ACC: 0.2040183/414 [============>.................] - ETA: 8:29 - loss: 59.3299 - ACC: 0.2039184/414 [============>.................] - ETA: 8:28 - loss: 59.2400 - ACC: 0.2045185/414 [============>.................] - ETA: 8:25 - loss: 59.3499 - ACC: 0.2051186/414 [============>.................] - ETA: 8:23 - loss: 59.3780 - ACC: 0.2050187/414 [============>.................] - ETA: 8:21 - loss: 59.3958 - ACC: 0.2052188/414 [============>.................] - ETA: 8:19 - loss: 59.2905 - ACC: 0.2051189/414 [============>.................] - ETA: 8:17 - loss: 59.1192 - ACC: 0.2050190/414 [============>.................] - ETA: 8:15 - loss: 59.1836 - ACC: 0.2046191/414 [============>.................] - ETA: 8:13 - loss: 59.2966 - ACC: 0.2042192/414 [============>.................] - ETA: 8:11 - loss: 59.4081 - ACC: 0.2041193/414 [============>.................] - ETA: 8:09 - loss: 59.3638 - ACC: 0.2043194/414 [=============>................] - ETA: 8:07 - loss: 59.2762 - ACC: 0.2043195/414 [=============>................] - ETA: 8:05 - loss: 59.3619 - ACC: 0.2035196/414 [=============>................] - ETA: 8:03 - loss: 59.2093 - ACC: 0.2038197/414 [=============>................] - ETA: 8:00 - loss: 59.2369 - ACC: 0.2030198/414 [=============>................] - ETA: 7:58 - loss: 59.4040 - ACC: 0.2020199/414 [=============>................] - ETA: 7:55 - loss: 59.2429 - ACC: 0.2016200/414 [=============>................] - ETA: 7:53 - loss: 59.1913 - ACC: 0.2013201/414 [=============>................] - ETA: 7:51 - loss: 59.0607 - ACC: 0.2015202/414 [=============>................] - ETA: 7:49 - loss: 59.1329 - ACC: 0.2017203/414 [=============>................] - ETA: 7:47 - loss: 59.1051 - ACC: 0.2017204/414 [=============>................] - ETA: 7:44 - loss: 59.2493 - ACC: 0.2007205/414 [=============>................] - ETA: 7:42 - loss: 59.3332 - ACC: 0.2015206/414 [=============>................] - ETA: 7:40 - loss: 59.1781 - ACC: 0.2021207/414 [==============>...............] - ETA: 7:37 - loss: 59.1003 - ACC: 0.2014208/414 [==============>...............] - ETA: 7:35 - loss: 59.0232 - ACC: 0.2013209/414 [==============>...............] - ETA: 7:33 - loss: 58.9734 - ACC: 0.2016210/414 [==============>...............] - ETA: 7:31 - loss: 58.8445 - ACC: 0.2024211/414 [==============>...............] - ETA: 7:29 - loss: 58.8244 - ACC: 0.2029212/414 [==============>...............] - ETA: 7:26 - loss: 58.8133 - ACC: 0.2025213/414 [==============>...............] - ETA: 7:24 - loss: 58.9274 - ACC: 0.2022214/414 [==============>...............] - ETA: 7:22 - loss: 58.9139 - ACC: 0.2015215/414 [==============>...............] - ETA: 7:19 - loss: 58.8033 - ACC: 0.2017216/414 [==============>...............] - ETA: 7:17 - loss: 58.7763 - ACC: 0.2017217/414 [==============>...............] - ETA: 7:15 - loss: 58.8539 - ACC: 0.2010218/414 [==============>...............] - ETA: 7:13 - loss: 58.8241 - ACC: 0.2010219/414 [==============>...............] - ETA: 7:11 - loss: 58.8768 - ACC: 0.2009220/414 [==============>...............] - ETA: 7:09 - loss: 58.8009 - ACC: 0.2009221/414 [===============>..............] - ETA: 7:06 - loss: 58.6459 - ACC: 0.2016222/414 [===============>..............] - ETA: 7:05 - loss: 58.7101 - ACC: 0.2016223/414 [===============>..............] - ETA: 7:02 - loss: 58.8279 - ACC: 0.2015224/414 [===============>..............] - ETA: 7:01 - loss: 58.8398 - ACC: 0.2020225/414 [===============>..............] - ETA: 6:58 - loss: 58.7160 - ACC: 0.2022226/414 [===============>..............] - ETA: 6:56 - loss: 58.6776 - ACC: 0.2022227/414 [===============>..............] - ETA: 6:54 - loss: 58.7059 - ACC: 0.2021228/414 [===============>..............] - ETA: 6:51 - loss: 58.8517 - ACC: 0.2026229/414 [===============>..............] - ETA: 6:49 - loss: 58.9432 - ACC: 0.2022230/414 [===============>..............] - ETA: 6:47 - loss: 58.8480 - ACC: 0.2024231/414 [===============>..............] - ETA: 6:44 - loss: 58.8213 - ACC: 0.2021232/414 [===============>..............] - ETA: 6:42 - loss: 58.6287 - ACC: 0.2029233/414 [===============>..............] - ETA: 6:40 - loss: 58.6349 - ACC: 0.2031234/414 [===============>..............] - ETA: 6:38 - loss: 58.5294 - ACC: 0.2038235/414 [================>.............] - ETA: 6:36 - loss: 58.4673 - ACC: 0.2037236/414 [================>.............] - ETA: 6:34 - loss: 58.5265 - ACC: 0.2034237/414 [================>.............] - ETA: 6:32 - loss: 58.5267 - ACC: 0.2033238/414 [================>.............] - ETA: 6:29 - loss: 58.4318 - ACC: 0.2030239/414 [================>.............] - ETA: 6:27 - loss: 58.2960 - ACC: 0.2037240/414 [================>.............] - ETA: 6:25 - loss: 58.4394 - ACC: 0.2034241/414 [================>.............] - ETA: 6:23 - loss: 58.3911 - ACC: 0.2031242/414 [================>.............] - ETA: 6:21 - loss: 58.3495 - ACC: 0.2033243/414 [================>.............] - ETA: 6:19 - loss: 58.3373 - ACC: 0.2034244/414 [================>.............] - ETA: 6:16 - loss: 58.2839 - ACC: 0.2034245/414 [================>.............] - ETA: 6:14 - loss: 58.1839 - ACC: 0.2033246/414 [================>.............] - ETA: 6:12 - loss: 58.0690 - ACC: 0.2035247/414 [================>.............] - ETA: 6:09 - loss: 58.0188 - ACC: 0.2029248/414 [================>.............] - ETA: 6:08 - loss: 58.0065 - ACC: 0.2024249/414 [=================>............] - ETA: 6:05 - loss: 57.9879 - ACC: 0.2021250/414 [=================>............] - ETA: 6:03 - loss: 57.9620 - ACC: 0.2025251/414 [=================>............] - ETA: 6:01 - loss: 57.8640 - ACC: 0.2029252/414 [=================>............] - ETA: 5:58 - loss: 57.7239 - ACC: 0.2031253/414 [=================>............] - ETA: 5:56 - loss: 57.6615 - ACC: 0.2036254/414 [=================>............] - ETA: 5:54 - loss: 57.5642 - ACC: 0.2032255/414 [=================>............] - ETA: 5:52 - loss: 57.4387 - ACC: 0.2037256/414 [=================>............] - ETA: 5:50 - loss: 57.6224 - ACC: 0.2036257/414 [=================>............] - ETA: 5:47 - loss: 57.5425 - ACC: 0.2036258/414 [=================>............] - ETA: 5:45 - loss: 57.4299 - ACC: 0.2040259/414 [=================>............] - ETA: 5:43 - loss: 57.3910 - ACC: 0.2037260/414 [=================>............] - ETA: 5:40 - loss: 57.3027 - ACC: 0.2036261/414 [=================>............] - ETA: 5:38 - loss: 57.2290 - ACC: 0.2040262/414 [=================>............] - ETA: 5:36 - loss: 57.0559 - ACC: 0.2047263/414 [==================>...........] - ETA: 5:34 - loss: 56.9671 - ACC: 0.2046264/414 [==================>...........] - ETA: 5:32 - loss: 56.9463 - ACC: 0.2055265/414 [==================>...........] - ETA: 5:30 - loss: 57.1166 - ACC: 0.2054266/414 [==================>...........] - ETA: 5:28 - loss: 57.0239 - ACC: 0.2054267/414 [==================>...........] - ETA: 5:26 - loss: 56.9846 - ACC: 0.2053268/414 [==================>...........] - ETA: 5:24 - loss: 56.9161 - ACC: 0.2050269/414 [==================>...........] - ETA: 5:21 - loss: 56.9055 - ACC: 0.2042270/414 [==================>...........] - ETA: 5:19 - loss: 56.8689 - ACC: 0.2042271/414 [==================>...........] - ETA: 5:17 - loss: 56.8296 - ACC: 0.2036272/414 [==================>...........] - ETA: 5:15 - loss: 56.8956 - ACC: 0.2034273/414 [==================>...........] - ETA: 5:13 - loss: 57.0670 - ACC: 0.2028274/414 [==================>...........] - ETA: 5:10 - loss: 57.0647 - ACC: 0.2035275/414 [==================>...........] - ETA: 5:08 - loss: 57.0877 - ACC: 0.2030276/414 [===================>..........] - ETA: 5:06 - loss: 57.1563 - ACC: 0.2029277/414 [===================>..........] - ETA: 5:04 - loss: 57.0537 - ACC: 0.2037278/414 [===================>..........] - ETA: 5:02 - loss: 57.0211 - ACC: 0.2037279/414 [===================>..........] - ETA: 4:59 - loss: 57.0460 - ACC: 0.2032280/414 [===================>..........] - ETA: 4:57 - loss: 57.0280 - ACC: 0.2038281/414 [===================>..........] - ETA: 4:55 - loss: 56.9947 - ACC: 0.2037282/414 [===================>..........] - ETA: 4:53 - loss: 57.1232 - ACC: 0.2030283/414 [===================>..........] - ETA: 4:51 - loss: 57.1960 - ACC: 0.2023284/414 [===================>..........] - ETA: 4:48 - loss: 57.2012 - ACC: 0.2022285/414 [===================>..........] - ETA: 4:46 - loss: 57.1151 - ACC: 0.2024286/414 [===================>..........] - ETA: 4:44 - loss: 57.0859 - ACC: 0.2024287/414 [===================>..........] - ETA: 4:42 - loss: 57.3183 - ACC: 0.2019288/414 [===================>..........] - ETA: 4:40 - loss: 57.5577 - ACC: 0.2016289/414 [===================>..........] - ETA: 4:37 - loss: 57.6577 - ACC: 0.2016290/414 [====================>.........] - ETA: 4:35 - loss: 57.6111 - ACC: 0.2017291/414 [====================>.........] - ETA: 4:33 - loss: 57.7219 - ACC: 0.2019292/414 [====================>.........] - ETA: 4:30 - loss: 57.6636 - ACC: 0.2014293/414 [====================>.........] - ETA: 4:28 - loss: 57.5976 - ACC: 0.2009294/414 [====================>.........] - ETA: 4:26 - loss: 57.5511 - ACC: 0.2011295/414 [====================>.........] - ETA: 4:24 - loss: 57.4931 - ACC: 0.2008296/414 [====================>.........] - ETA: 4:22 - loss: 57.4255 - ACC: 0.2012297/414 [====================>.........] - ETA: 4:19 - loss: 57.3023 - ACC: 0.2020298/414 [====================>.........] - ETA: 4:17 - loss: 57.2158 - ACC: 0.2022299/414 [====================>.........] - ETA: 4:15 - loss: 57.1432 - ACC: 0.2030300/414 [====================>.........] - ETA: 4:13 - loss: 57.0447 - ACC: 0.2027301/414 [====================>.........] - ETA: 4:11 - loss: 57.0542 - ACC: 0.2029302/414 [====================>.........] - ETA: 4:08 - loss: 56.9957 - ACC: 0.2032303/414 [====================>.........] - ETA: 4:06 - loss: 57.0143 - ACC: 0.2030304/414 [=====================>........] - ETA: 4:04 - loss: 57.0297 - ACC: 0.2027305/414 [=====================>........] - ETA: 4:02 - loss: 56.9405 - ACC: 0.2029306/414 [=====================>........] - ETA: 4:00 - loss: 56.8493 - ACC: 0.2026307/414 [=====================>........] - ETA: 3:57 - loss: 56.8054 - ACC: 0.2026308/414 [=====================>........] - ETA: 3:55 - loss: 56.7211 - ACC: 0.2027309/414 [=====================>........] - ETA: 3:53 - loss: 56.7069 - ACC: 0.2029310/414 [=====================>........] - ETA: 3:51 - loss: 56.6285 - ACC: 0.2032311/414 [=====================>........] - ETA: 3:48 - loss: 56.6151 - ACC: 0.2034312/414 [=====================>........] - ETA: 3:46 - loss: 56.4886 - ACC: 0.2033313/414 [=====================>........] - ETA: 3:44 - loss: 56.5708 - ACC: 0.2035314/414 [=====================>........] - ETA: 3:42 - loss: 56.5455 - ACC: 0.2036315/414 [=====================>........] - ETA: 3:39 - loss: 56.5358 - ACC: 0.2038316/414 [=====================>........] - ETA: 3:37 - loss: 56.4326 - ACC: 0.2043317/414 [=====================>........] - ETA: 3:35 - loss: 56.3547 - ACC: 0.2043318/414 [======================>.......] - ETA: 3:33 - loss: 56.2907 - ACC: 0.2040319/414 [======================>.......] - ETA: 3:30 - loss: 56.3819 - ACC: 0.2036320/414 [======================>.......] - ETA: 3:28 - loss: 56.2645 - ACC: 0.2039321/414 [======================>.......] - ETA: 3:26 - loss: 56.1464 - ACC: 0.2042322/414 [======================>.......] - ETA: 3:24 - loss: 56.1009 - ACC: 0.2042323/414 [======================>.......] - ETA: 3:22 - loss: 56.0236 - ACC: 0.2043324/414 [======================>.......] - ETA: 3:20 - loss: 56.0239 - ACC: 0.2043325/414 [======================>.......] - ETA: 3:17 - loss: 55.9620 - ACC: 0.2044326/414 [======================>.......] - ETA: 3:15 - loss: 55.8590 - ACC: 0.2042327/414 [======================>.......] - ETA: 3:13 - loss: 55.7704 - ACC: 0.2049328/414 [======================>.......] - ETA: 3:11 - loss: 55.6971 - ACC: 0.2054329/414 [======================>.......] - ETA: 3:09 - loss: 55.6990 - ACC: 0.2052330/414 [======================>.......] - ETA: 3:06 - loss: 55.6094 - ACC: 0.2057331/414 [======================>.......] - ETA: 3:04 - loss: 55.5054 - ACC: 0.2056332/414 [=======================>......] - ETA: 3:02 - loss: 55.5733 - ACC: 0.2052333/414 [=======================>......] - ETA: 2:59 - loss: 55.5021 - ACC: 0.2059334/414 [=======================>......] - ETA: 2:57 - loss: 55.4918 - ACC: 0.2057335/414 [=======================>......] - ETA: 2:55 - loss: 55.4515 - ACC: 0.2060336/414 [=======================>......] - ETA: 2:53 - loss: 55.4314 - ACC: 0.2059337/414 [=======================>......] - ETA: 2:51 - loss: 55.3593 - ACC: 0.2062338/414 [=======================>......] - ETA: 2:48 - loss: 55.3047 - ACC: 0.2062339/414 [=======================>......] - ETA: 2:46 - loss: 55.3196 - ACC: 0.2059340/414 [=======================>......] - ETA: 2:44 - loss: 55.2651 - ACC: 0.2062341/414 [=======================>......] - ETA: 2:42 - loss: 55.1748 - ACC: 0.2060342/414 [=======================>......] - ETA: 2:40 - loss: 55.1276 - ACC: 0.2063343/414 [=======================>......] - ETA: 2:37 - loss: 55.1167 - ACC: 0.2065344/414 [=======================>......] - ETA: 2:35 - loss: 55.1953 - ACC: 0.2059345/414 [========================>.....] - ETA: 2:33 - loss: 55.1176 - ACC: 0.2062346/414 [========================>.....] - ETA: 2:31 - loss: 55.0941 - ACC: 0.2063347/414 [========================>.....] - ETA: 2:28 - loss: 55.0600 - ACC: 0.2062348/414 [========================>.....] - ETA: 2:26 - loss: 55.0782 - ACC: 0.2060349/414 [========================>.....] - ETA: 2:24 - loss: 55.0670 - ACC: 0.2059350/414 [========================>.....] - ETA: 2:22 - loss: 55.0560 - ACC: 0.2061351/414 [========================>.....] - ETA: 2:19 - loss: 55.0561 - ACC: 0.2062352/414 [========================>.....] - ETA: 2:17 - loss: 55.0542 - ACC: 0.2058353/414 [========================>.....] - ETA: 2:15 - loss: 55.0402 - ACC: 0.2056354/414 [========================>.....] - ETA: 2:13 - loss: 54.9255 - ACC: 0.2064355/414 [========================>.....] - ETA: 2:11 - loss: 54.8175 - ACC: 0.2065356/414 [========================>.....] - ETA: 2:08 - loss: 54.7089 - ACC: 0.2065357/414 [========================>.....] - ETA: 2:06 - loss: 54.7104 - ACC: 0.2068358/414 [========================>.....] - ETA: 2:04 - loss: 54.6303 - ACC: 0.2072359/414 [=========================>....] - ETA: 2:02 - loss: 54.6116 - ACC: 0.2077360/414 [=========================>....] - ETA: 1:59 - loss: 54.5844 - ACC: 0.2075361/414 [=========================>....] - ETA: 1:57 - loss: 54.4767 - ACC: 0.2078362/414 [=========================>....] - ETA: 1:55 - loss: 54.4251 - ACC: 0.2077363/414 [=========================>....] - ETA: 1:53 - loss: 54.3117 - ACC: 0.2082364/414 [=========================>....] - ETA: 1:51 - loss: 54.2363 - ACC: 0.2084365/414 [=========================>....] - ETA: 1:48 - loss: 54.1794 - ACC: 0.2080366/414 [=========================>....] - ETA: 1:46 - loss: 54.1110 - ACC: 0.2080367/414 [=========================>....] - ETA: 1:44 - loss: 54.0924 - ACC: 0.2081368/414 [=========================>....] - ETA: 1:42 - loss: 54.0981 - ACC: 0.2082369/414 [=========================>....] - ETA: 1:39 - loss: 54.0591 - ACC: 0.2083370/414 [=========================>....] - ETA: 1:37 - loss: 54.0355 - ACC: 0.2086371/414 [=========================>....] - ETA: 1:35 - loss: 53.9960 - ACC: 0.2086372/414 [=========================>....] - ETA: 1:33 - loss: 54.0048 - ACC: 0.2083373/414 [==========================>...] - ETA: 1:31 - loss: 53.9112 - ACC: 0.2086374/414 [==========================>...] - ETA: 1:28 - loss: 53.8792 - ACC: 0.2091375/414 [==========================>...] - ETA: 1:26 - loss: 53.9740 - ACC: 0.2090376/414 [==========================>...] - ETA: 1:24 - loss: 53.8832 - ACC: 0.2091377/414 [==========================>...] - ETA: 1:22 - loss: 53.8622 - ACC: 0.2091378/414 [==========================>...] - ETA: 1:20 - loss: 53.8769 - ACC: 0.2093379/414 [==========================>...] - ETA: 1:17 - loss: 53.8496 - ACC: 0.2093380/414 [==========================>...] - ETA: 1:15 - loss: 53.8371 - ACC: 0.2092381/414 [==========================>...] - ETA: 1:13 - loss: 53.7697 - ACC: 0.2092382/414 [==========================>...] - ETA: 1:11 - loss: 53.7649 - ACC: 0.2086383/414 [==========================>...] - ETA: 1:08 - loss: 53.7226 - ACC: 0.2087384/414 [==========================>...] - ETA: 1:06 - loss: 53.6620 - ACC: 0.2090385/414 [==========================>...] - ETA: 1:04 - loss: 53.6441 - ACC: 0.2091386/414 [==========================>...] - ETA: 1:02 - loss: 53.5909 - ACC: 0.2089387/414 [===========================>..] - ETA: 59s - loss: 53.5692 - ACC: 0.2087 388/414 [===========================>..] - ETA: 57s - loss: 53.4816 - ACC: 0.2092389/414 [===========================>..] - ETA: 55s - loss: 53.4317 - ACC: 0.2094390/414 [===========================>..] - ETA: 53s - loss: 53.3858 - ACC: 0.2096391/414 [===========================>..] - ETA: 51s - loss: 53.3318 - ACC: 0.2097392/414 [===========================>..] - ETA: 48s - loss: 53.2523 - ACC: 0.2103393/414 [===========================>..] - ETA: 46s - loss: 53.1832 - ACC: 0.2101394/414 [===========================>..] - ETA: 44s - loss: 53.3516 - ACC: 0.2099395/414 [===========================>..] - ETA: 42s - loss: 53.2771 - ACC: 0.2103396/414 [===========================>..] - ETA: 40s - loss: 53.7807 - ACC: 0.2102397/414 [===========================>..] - ETA: 37s - loss: 53.7345 - ACC: 0.2100398/414 [===========================>..] - ETA: 35s - loss: 53.7663 - ACC: 0.2098399/414 [===========================>..] - ETA: 33s - loss: 53.7525 - ACC: 0.2096400/414 [===========================>..] - ETA: 31s - loss: 53.9296 - ACC: 0.2094401/414 [============================>.] - ETA: 28s - loss: 54.0139 - ACC: 0.2093402/414 [============================>.] - ETA: 26s - loss: 54.0362 - ACC: 0.2093403/414 [============================>.] - ETA: 24s - loss: 54.0128 - ACC: 0.2091404/414 [============================>.] - ETA: 22s - loss: 53.9560 - ACC: 0.2087405/414 [============================>.] - ETA: 20s - loss: 54.0557 - ACC: 0.2085406/414 [============================>.] - ETA: 17s - loss: 54.0469 - ACC: 0.2083407/414 [============================>.] - ETA: 15s - loss: 54.0163 - ACC: 0.2081408/414 [============================>.] - ETA: 13s - loss: 54.0015 - ACC: 0.2083409/414 [============================>.] - ETA: 11s - loss: 54.0826 - ACC: 0.2083410/414 [============================>.] - ETA: 8s - loss: 54.1414 - ACC: 0.2085 411/414 [============================>.] - ETA: 6s - loss: 54.1325 - ACC: 0.2085412/414 [============================>.] - ETA: 4s - loss: 54.1982 - ACC: 0.2083413/414 [============================>.] - ETA: 2s - loss: 54.2292 - ACC: 0.2079414/414 [==============================] - ETA: 0s - loss: 54.2862 - ACC: 0.2077414/414 [==============================] - 1143s 3s/step - loss: 54.2862 - ACC: 0.2077 - val_loss: 149.3573 - val_ACC: 0.1297
Epoch 15/30
  1/414 [..............................] - ETA: 0s - loss: 61.4885 - ACC: 0.4375  2/414 [..............................] - ETA: 7:22 - loss: 72.5842 - ACC: 0.3125  3/414 [..............................] - ETA: 9:43 - loss: 63.7807 - ACC: 0.2292  4/414 [..............................] - ETA: 10:58 - loss: 94.2554 - ACC: 0.1875  5/414 [..............................] - ETA: 11:44 - loss: 100.9274 - ACC: 0.1625  6/414 [..............................] - ETA: 12:22 - loss: 94.2315 - ACC: 0.1979   7/414 [..............................] - ETA: 12:34 - loss: 87.1922 - ACC: 0.1875  8/414 [..............................] - ETA: 12:50 - loss: 79.7002 - ACC: 0.2031  9/414 [..............................] - ETA: 12:59 - loss: 79.0194 - ACC: 0.2014 10/414 [..............................] - ETA: 13:05 - loss: 79.1889 - ACC: 0.1937 11/414 [..............................] - ETA: 13:09 - loss: 80.1622 - ACC: 0.1932 12/414 [..............................] - ETA: 13:14 - loss: 80.4056 - ACC: 0.2031 13/414 [..............................] - ETA: 13:12 - loss: 81.1727 - ACC: 0.1923 14/414 [>.............................] - ETA: 13:18 - loss: 79.7122 - ACC: 0.1964 15/414 [>.............................] - ETA: 13:20 - loss: 81.1386 - ACC: 0.1833 16/414 [>.............................] - ETA: 13:27 - loss: 80.7219 - ACC: 0.1797 17/414 [>.............................] - ETA: 13:27 - loss: 79.5209 - ACC: 0.1875 18/414 [>.............................] - ETA: 13:27 - loss: 78.7294 - ACC: 0.1910 19/414 [>.............................] - ETA: 13:31 - loss: 76.3643 - ACC: 0.1842 20/414 [>.............................] - ETA: 13:33 - loss: 73.9784 - ACC: 0.1813 21/414 [>.............................] - ETA: 13:29 - loss: 74.1209 - ACC: 0.1815 22/414 [>.............................] - ETA: 13:28 - loss: 73.6614 - ACC: 0.1875 23/414 [>.............................] - ETA: 13:26 - loss: 72.2491 - ACC: 0.1902 24/414 [>.............................] - ETA: 13:27 - loss: 75.7018 - ACC: 0.1823 25/414 [>.............................] - ETA: 13:26 - loss: 77.0215 - ACC: 0.1800 26/414 [>.............................] - ETA: 13:28 - loss: 79.5408 - ACC: 0.1803 27/414 [>.............................] - ETA: 13:28 - loss: 83.0271 - ACC: 0.1806 28/414 [=>............................] - ETA: 13:23 - loss: 88.4024 - ACC: 0.1786 29/414 [=>............................] - ETA: 13:21 - loss: 88.9580 - ACC: 0.1767 30/414 [=>............................] - ETA: 13:21 - loss: 87.7151 - ACC: 0.1771 31/414 [=>............................] - ETA: 13:23 - loss: 86.9074 - ACC: 0.1794 32/414 [=>............................] - ETA: 13:18 - loss: 87.5205 - ACC: 0.1816 33/414 [=>............................] - ETA: 13:22 - loss: 86.8019 - ACC: 0.1780 34/414 [=>............................] - ETA: 13:24 - loss: 86.5627 - ACC: 0.1783 35/414 [=>............................] - ETA: 13:26 - loss: 90.3990 - ACC: 0.1768 36/414 [=>............................] - ETA: 13:22 - loss: 90.2074 - ACC: 0.1806 37/414 [=>............................] - ETA: 13:20 - loss: 90.0637 - ACC: 0.1774 38/414 [=>............................] - ETA: 13:20 - loss: 91.3072 - ACC: 0.1809 39/414 [=>............................] - ETA: 13:18 - loss: 90.2783 - ACC: 0.1779 40/414 [=>............................] - ETA: 13:17 - loss: 90.4488 - ACC: 0.1734 41/414 [=>............................] - ETA: 13:14 - loss: 90.8840 - ACC: 0.1753 42/414 [==>...........................] - ETA: 13:16 - loss: 90.6916 - ACC: 0.1711 43/414 [==>...........................] - ETA: 13:15 - loss: 90.1638 - ACC: 0.1686 44/414 [==>...........................] - ETA: 13:13 - loss: 88.9974 - ACC: 0.1690 45/414 [==>...........................] - ETA: 13:14 - loss: 88.6101 - ACC: 0.1722 46/414 [==>...........................] - ETA: 13:12 - loss: 87.2323 - ACC: 0.1753 47/414 [==>...........................] - ETA: 13:11 - loss: 87.0941 - ACC: 0.1755 48/414 [==>...........................] - ETA: 13:07 - loss: 86.7529 - ACC: 0.1771 49/414 [==>...........................] - ETA: 13:05 - loss: 86.1224 - ACC: 0.1760 50/414 [==>...........................] - ETA: 13:00 - loss: 86.1134 - ACC: 0.1750 51/414 [==>...........................] - ETA: 13:02 - loss: 85.2411 - ACC: 0.1789 52/414 [==>...........................] - ETA: 13:02 - loss: 84.1068 - ACC: 0.1815 53/414 [==>...........................] - ETA: 13:01 - loss: 83.3990 - ACC: 0.1804 54/414 [==>...........................] - ETA: 12:59 - loss: 82.5397 - ACC: 0.1817 55/414 [==>...........................] - ETA: 12:57 - loss: 81.4833 - ACC: 0.1830 56/414 [===>..........................] - ETA: 12:55 - loss: 81.4074 - ACC: 0.1830 57/414 [===>..........................] - ETA: 12:53 - loss: 80.6919 - ACC: 0.1864 58/414 [===>..........................] - ETA: 12:54 - loss: 79.8936 - ACC: 0.1864 59/414 [===>..........................] - ETA: 12:50 - loss: 79.5520 - ACC: 0.1896 60/414 [===>..........................] - ETA: 12:47 - loss: 78.7773 - ACC: 0.1917 61/414 [===>..........................] - ETA: 12:45 - loss: 78.9276 - ACC: 0.1916 62/414 [===>..........................] - ETA: 12:42 - loss: 78.3453 - ACC: 0.1935 63/414 [===>..........................] - ETA: 12:39 - loss: 77.7256 - ACC: 0.1964 64/414 [===>..........................] - ETA: 12:37 - loss: 77.3232 - ACC: 0.1963 65/414 [===>..........................] - ETA: 12:34 - loss: 77.0511 - ACC: 0.1952 66/414 [===>..........................] - ETA: 12:30 - loss: 76.3934 - ACC: 0.1960 67/414 [===>..........................] - ETA: 12:31 - loss: 76.7478 - ACC: 0.1931 68/414 [===>..........................] - ETA: 12:30 - loss: 75.9206 - ACC: 0.1967 69/414 [====>.........................] - ETA: 12:28 - loss: 75.6035 - ACC: 0.1975 70/414 [====>.........................] - ETA: 12:28 - loss: 74.9655 - ACC: 0.1973 71/414 [====>.........................] - ETA: 12:28 - loss: 74.7415 - ACC: 0.1972 72/414 [====>.........................] - ETA: 12:26 - loss: 74.5726 - ACC: 0.1979 73/414 [====>.........................] - ETA: 12:25 - loss: 74.3756 - ACC: 0.1978 74/414 [====>.........................] - ETA: 12:23 - loss: 74.3865 - ACC: 0.1968 75/414 [====>.........................] - ETA: 12:20 - loss: 74.4370 - ACC: 0.1967 76/414 [====>.........................] - ETA: 12:17 - loss: 74.1123 - ACC: 0.1982 77/414 [====>.........................] - ETA: 12:16 - loss: 73.5261 - ACC: 0.1972 78/414 [====>.........................] - ETA: 12:13 - loss: 72.9554 - ACC: 0.1987 79/414 [====>.........................] - ETA: 12:12 - loss: 72.6356 - ACC: 0.2002 80/414 [====>.........................] - ETA: 12:09 - loss: 72.3449 - ACC: 0.1984 81/414 [====>.........................] - ETA: 12:07 - loss: 72.2840 - ACC: 0.1991 82/414 [====>.........................] - ETA: 12:05 - loss: 72.9508 - ACC: 0.1982 83/414 [=====>........................] - ETA: 12:03 - loss: 73.0368 - ACC: 0.1973 84/414 [=====>........................] - ETA: 12:00 - loss: 72.8349 - ACC: 0.1972 85/414 [=====>........................] - ETA: 11:57 - loss: 72.3443 - ACC: 0.1993 86/414 [=====>........................] - ETA: 11:56 - loss: 71.9177 - ACC: 0.1977 87/414 [=====>........................] - ETA: 11:53 - loss: 71.3835 - ACC: 0.1983 88/414 [=====>........................] - ETA: 11:51 - loss: 70.9141 - ACC: 0.2017 89/414 [=====>........................] - ETA: 11:49 - loss: 70.6986 - ACC: 0.2022 90/414 [=====>........................] - ETA: 11:48 - loss: 70.7173 - ACC: 0.2021 91/414 [=====>........................] - ETA: 11:46 - loss: 70.9646 - ACC: 0.2019 92/414 [=====>........................] - ETA: 11:42 - loss: 70.7168 - ACC: 0.2011 93/414 [=====>........................] - ETA: 11:42 - loss: 70.3215 - ACC: 0.2016 94/414 [=====>........................] - ETA: 11:38 - loss: 70.4876 - ACC: 0.2015 95/414 [=====>........................] - ETA: 11:36 - loss: 70.1520 - ACC: 0.2026 96/414 [=====>........................] - ETA: 11:34 - loss: 70.5461 - ACC: 0.2012 97/414 [======>.......................] - ETA: 11:32 - loss: 70.2881 - ACC: 0.2010 98/414 [======>.......................] - ETA: 11:30 - loss: 69.9864 - ACC: 0.2009 99/414 [======>.......................] - ETA: 11:28 - loss: 69.6385 - ACC: 0.1995100/414 [======>.......................] - ETA: 11:25 - loss: 69.8063 - ACC: 0.1981101/414 [======>.......................] - ETA: 11:23 - loss: 69.5020 - ACC: 0.1993102/414 [======>.......................] - ETA: 11:22 - loss: 69.2616 - ACC: 0.1979103/414 [======>.......................] - ETA: 11:19 - loss: 68.9746 - ACC: 0.1984104/414 [======>.......................] - ETA: 11:18 - loss: 68.8200 - ACC: 0.1983105/414 [======>.......................] - ETA: 11:15 - loss: 68.4862 - ACC: 0.1994106/414 [======>.......................] - ETA: 11:14 - loss: 68.4075 - ACC: 0.1999107/414 [======>.......................] - ETA: 11:12 - loss: 68.2930 - ACC: 0.2004108/414 [======>.......................] - ETA: 11:10 - loss: 68.3077 - ACC: 0.2008109/414 [======>.......................] - ETA: 11:08 - loss: 68.2227 - ACC: 0.2001110/414 [======>.......................] - ETA: 11:05 - loss: 67.8421 - ACC: 0.2028111/414 [=======>......................] - ETA: 11:03 - loss: 67.7994 - ACC: 0.2027112/414 [=======>......................] - ETA: 11:01 - loss: 67.4506 - ACC: 0.2031113/414 [=======>......................] - ETA: 11:00 - loss: 67.2270 - ACC: 0.2035114/414 [=======>......................] - ETA: 10:58 - loss: 66.8752 - ACC: 0.2039115/414 [=======>......................] - ETA: 10:56 - loss: 67.0983 - ACC: 0.2027116/414 [=======>......................] - ETA: 10:54 - loss: 66.8913 - ACC: 0.2026117/414 [=======>......................] - ETA: 10:52 - loss: 66.5907 - ACC: 0.2035118/414 [=======>......................] - ETA: 10:49 - loss: 66.2506 - ACC: 0.2050119/414 [=======>......................] - ETA: 10:46 - loss: 65.9242 - ACC: 0.2059120/414 [=======>......................] - ETA: 10:45 - loss: 65.7368 - ACC: 0.2052121/414 [=======>......................] - ETA: 10:42 - loss: 65.5555 - ACC: 0.2056122/414 [=======>......................] - ETA: 10:39 - loss: 65.1528 - ACC: 0.2059123/414 [=======>......................] - ETA: 10:36 - loss: 65.0096 - ACC: 0.2063124/414 [=======>......................] - ETA: 10:35 - loss: 64.7771 - ACC: 0.2061125/414 [========>.....................] - ETA: 10:32 - loss: 64.5036 - ACC: 0.2075126/414 [========>.....................] - ETA: 10:30 - loss: 64.2511 - ACC: 0.2078127/414 [========>.....................] - ETA: 10:27 - loss: 64.1532 - ACC: 0.2077128/414 [========>.....................] - ETA: 10:25 - loss: 64.2746 - ACC: 0.2075129/414 [========>.....................] - ETA: 10:25 - loss: 64.3701 - ACC: 0.2064130/414 [========>.....................] - ETA: 10:22 - loss: 64.1626 - ACC: 0.2053131/414 [========>.....................] - ETA: 10:20 - loss: 64.1171 - ACC: 0.2061132/414 [========>.....................] - ETA: 10:18 - loss: 63.8105 - ACC: 0.2064133/414 [========>.....................] - ETA: 10:16 - loss: 63.5611 - ACC: 0.2086134/414 [========>.....................] - ETA: 10:13 - loss: 63.4380 - ACC: 0.2085135/414 [========>.....................] - ETA: 10:11 - loss: 63.3458 - ACC: 0.2074136/414 [========>.....................] - ETA: 10:09 - loss: 63.4012 - ACC: 0.2063137/414 [========>.....................] - ETA: 10:06 - loss: 63.9540 - ACC: 0.2067138/414 [=========>....................] - ETA: 10:05 - loss: 64.0356 - ACC: 0.2056139/414 [=========>....................] - ETA: 10:04 - loss: 64.0223 - ACC: 0.2050140/414 [=========>....................] - ETA: 10:01 - loss: 63.9249 - ACC: 0.2054141/414 [=========>....................] - ETA: 9:59 - loss: 64.0494 - ACC: 0.2052 142/414 [=========>....................] - ETA: 9:57 - loss: 63.9379 - ACC: 0.2047143/414 [=========>....................] - ETA: 9:54 - loss: 63.7635 - ACC: 0.2045144/414 [=========>....................] - ETA: 9:52 - loss: 63.5696 - ACC: 0.2044145/414 [=========>....................] - ETA: 9:50 - loss: 63.5456 - ACC: 0.2043146/414 [=========>....................] - ETA: 9:49 - loss: 63.7318 - ACC: 0.2033147/414 [=========>....................] - ETA: 9:47 - loss: 63.8495 - ACC: 0.2028148/414 [=========>....................] - ETA: 9:44 - loss: 63.5991 - ACC: 0.2031149/414 [=========>....................] - ETA: 9:41 - loss: 63.6923 - ACC: 0.2026150/414 [=========>....................] - ETA: 9:40 - loss: 63.6440 - ACC: 0.2025151/414 [=========>....................] - ETA: 9:37 - loss: 63.6473 - ACC: 0.2020152/414 [==========>...................] - ETA: 9:35 - loss: 63.3809 - ACC: 0.2027153/414 [==========>...................] - ETA: 9:33 - loss: 63.3795 - ACC: 0.2038154/414 [==========>...................] - ETA: 9:31 - loss: 63.1903 - ACC: 0.2037155/414 [==========>...................] - ETA: 9:28 - loss: 63.1719 - ACC: 0.2040156/414 [==========>...................] - ETA: 9:27 - loss: 63.0589 - ACC: 0.2043157/414 [==========>...................] - ETA: 9:24 - loss: 62.8430 - ACC: 0.2050158/414 [==========>...................] - ETA: 9:22 - loss: 62.7090 - ACC: 0.2065159/414 [==========>...................] - ETA: 9:19 - loss: 62.6911 - ACC: 0.2060160/414 [==========>...................] - ETA: 9:17 - loss: 62.6013 - ACC: 0.2062161/414 [==========>...................] - ETA: 9:15 - loss: 62.6366 - ACC: 0.2050162/414 [==========>...................] - ETA: 9:13 - loss: 62.5084 - ACC: 0.2049163/414 [==========>...................] - ETA: 9:11 - loss: 62.3435 - ACC: 0.2055164/414 [==========>...................] - ETA: 9:09 - loss: 62.1689 - ACC: 0.2062165/414 [==========>...................] - ETA: 9:07 - loss: 61.9805 - ACC: 0.2068166/414 [===========>..................] - ETA: 9:04 - loss: 61.7715 - ACC: 0.2075167/414 [===========>..................] - ETA: 9:03 - loss: 61.7300 - ACC: 0.2070168/414 [===========>..................] - ETA: 9:01 - loss: 61.6308 - ACC: 0.2080169/414 [===========>..................] - ETA: 8:59 - loss: 61.6453 - ACC: 0.2086170/414 [===========>..................] - ETA: 8:57 - loss: 61.5304 - ACC: 0.2081171/414 [===========>..................] - ETA: 8:55 - loss: 61.3663 - ACC: 0.2091172/414 [===========>..................] - ETA: 8:52 - loss: 61.3258 - ACC: 0.2097173/414 [===========>..................] - ETA: 8:50 - loss: 61.2312 - ACC: 0.2106174/414 [===========>..................] - ETA: 8:49 - loss: 61.1145 - ACC: 0.2098175/414 [===========>..................] - ETA: 8:47 - loss: 60.9138 - ACC: 0.2104176/414 [===========>..................] - ETA: 8:44 - loss: 60.7551 - ACC: 0.2109177/414 [===========>..................] - ETA: 8:42 - loss: 60.6922 - ACC: 0.2105178/414 [===========>..................] - ETA: 8:40 - loss: 60.5761 - ACC: 0.2103179/414 [===========>..................] - ETA: 8:38 - loss: 60.4819 - ACC: 0.2102180/414 [============>.................] - ETA: 8:36 - loss: 60.5414 - ACC: 0.2094181/414 [============>.................] - ETA: 8:34 - loss: 60.4126 - ACC: 0.2093182/414 [============>.................] - ETA: 8:32 - loss: 60.4760 - ACC: 0.2095183/414 [============>.................] - ETA: 8:29 - loss: 60.4875 - ACC: 0.2090184/414 [============>.................] - ETA: 8:28 - loss: 60.3846 - ACC: 0.2103185/414 [============>.................] - ETA: 8:25 - loss: 60.3686 - ACC: 0.2108186/414 [============>.................] - ETA: 8:23 - loss: 60.4432 - ACC: 0.2097187/414 [============>.................] - ETA: 8:21 - loss: 60.3203 - ACC: 0.2106188/414 [============>.................] - ETA: 8:19 - loss: 60.1136 - ACC: 0.2114189/414 [============>.................] - ETA: 8:18 - loss: 59.9959 - ACC: 0.2106190/414 [============>.................] - ETA: 8:15 - loss: 60.0558 - ACC: 0.2112191/414 [============>.................] - ETA: 8:13 - loss: 60.3464 - ACC: 0.2107192/414 [============>.................] - ETA: 8:11 - loss: 60.2710 - ACC: 0.2106193/414 [============>.................] - ETA: 8:09 - loss: 60.1579 - ACC: 0.2098194/414 [=============>................] - ETA: 8:07 - loss: 60.1400 - ACC: 0.2094195/414 [=============>................] - ETA: 8:05 - loss: 60.1224 - ACC: 0.2093196/414 [=============>................] - ETA: 8:03 - loss: 60.0929 - ACC: 0.2085197/414 [=============>................] - ETA: 8:00 - loss: 59.9020 - ACC: 0.2094198/414 [=============>................] - ETA: 7:58 - loss: 60.0575 - ACC: 0.2090199/414 [=============>................] - ETA: 7:55 - loss: 60.0191 - ACC: 0.2092200/414 [=============>................] - ETA: 7:53 - loss: 59.9818 - ACC: 0.2081201/414 [=============>................] - ETA: 7:51 - loss: 59.8053 - ACC: 0.2093202/414 [=============>................] - ETA: 7:49 - loss: 59.7837 - ACC: 0.2098203/414 [=============>................] - ETA: 7:47 - loss: 59.6148 - ACC: 0.2109204/414 [=============>................] - ETA: 7:44 - loss: 59.7187 - ACC: 0.2111205/414 [=============>................] - ETA: 7:42 - loss: 59.6179 - ACC: 0.2119206/414 [=============>................] - ETA: 7:40 - loss: 59.4792 - ACC: 0.2124207/414 [==============>...............] - ETA: 7:37 - loss: 59.3727 - ACC: 0.2123208/414 [==============>...............] - ETA: 7:35 - loss: 59.2378 - ACC: 0.2136209/414 [==============>...............] - ETA: 7:33 - loss: 59.1917 - ACC: 0.2138210/414 [==============>...............] - ETA: 7:31 - loss: 59.0011 - ACC: 0.2143211/414 [==============>...............] - ETA: 7:29 - loss: 58.8330 - ACC: 0.2150212/414 [==============>...............] - ETA: 7:26 - loss: 58.7266 - ACC: 0.2152213/414 [==============>...............] - ETA: 7:24 - loss: 58.8312 - ACC: 0.2151214/414 [==============>...............] - ETA: 7:22 - loss: 58.7224 - ACC: 0.2152215/414 [==============>...............] - ETA: 7:19 - loss: 58.6368 - ACC: 0.2154216/414 [==============>...............] - ETA: 7:17 - loss: 58.7912 - ACC: 0.2147217/414 [==============>...............] - ETA: 7:15 - loss: 58.6936 - ACC: 0.2146218/414 [==============>...............] - ETA: 7:13 - loss: 58.5294 - ACC: 0.2159219/414 [==============>...............] - ETA: 7:11 - loss: 58.5259 - ACC: 0.2158220/414 [==============>...............] - ETA: 7:09 - loss: 58.5151 - ACC: 0.2151221/414 [===============>..............] - ETA: 7:06 - loss: 58.4697 - ACC: 0.2144222/414 [===============>..............] - ETA: 7:04 - loss: 58.4310 - ACC: 0.2140223/414 [===============>..............] - ETA: 7:02 - loss: 58.3851 - ACC: 0.2136224/414 [===============>..............] - ETA: 7:00 - loss: 58.4367 - ACC: 0.2140225/414 [===============>..............] - ETA: 6:58 - loss: 58.3891 - ACC: 0.2144226/414 [===============>..............] - ETA: 6:56 - loss: 58.2864 - ACC: 0.2149227/414 [===============>..............] - ETA: 6:53 - loss: 58.1927 - ACC: 0.2156228/414 [===============>..............] - ETA: 6:51 - loss: 58.1662 - ACC: 0.2157229/414 [===============>..............] - ETA: 6:48 - loss: 58.0415 - ACC: 0.2159230/414 [===============>..............] - ETA: 6:46 - loss: 57.9413 - ACC: 0.2163231/414 [===============>..............] - ETA: 6:44 - loss: 57.8148 - ACC: 0.2165232/414 [===============>..............] - ETA: 6:42 - loss: 57.7966 - ACC: 0.2166233/414 [===============>..............] - ETA: 6:40 - loss: 57.6671 - ACC: 0.2170234/414 [===============>..............] - ETA: 6:37 - loss: 57.6317 - ACC: 0.2174235/414 [================>.............] - ETA: 6:35 - loss: 57.7565 - ACC: 0.2168236/414 [================>.............] - ETA: 6:33 - loss: 57.7104 - ACC: 0.2172237/414 [================>.............] - ETA: 6:31 - loss: 57.5498 - ACC: 0.2170238/414 [================>.............] - ETA: 6:29 - loss: 57.4870 - ACC: 0.2180239/414 [================>.............] - ETA: 6:27 - loss: 57.4054 - ACC: 0.2184240/414 [================>.............] - ETA: 6:25 - loss: 57.2572 - ACC: 0.2190241/414 [================>.............] - ETA: 6:22 - loss: 57.1655 - ACC: 0.2197242/414 [================>.............] - ETA: 6:20 - loss: 57.0845 - ACC: 0.2195243/414 [================>.............] - ETA: 6:18 - loss: 56.9870 - ACC: 0.2194244/414 [================>.............] - ETA: 6:16 - loss: 56.9359 - ACC: 0.2200245/414 [================>.............] - ETA: 6:14 - loss: 56.8375 - ACC: 0.2202246/414 [================>.............] - ETA: 6:11 - loss: 56.7913 - ACC: 0.2203247/414 [================>.............] - ETA: 6:09 - loss: 56.8004 - ACC: 0.2204248/414 [================>.............] - ETA: 6:07 - loss: 56.6918 - ACC: 0.2200249/414 [=================>............] - ETA: 6:05 - loss: 56.6270 - ACC: 0.2199250/414 [=================>............] - ETA: 6:02 - loss: 56.5752 - ACC: 0.2208251/414 [=================>............] - ETA: 6:00 - loss: 56.5840 - ACC: 0.2209252/414 [=================>............] - ETA: 5:58 - loss: 56.5013 - ACC: 0.2217253/414 [=================>............] - ETA: 5:56 - loss: 56.4308 - ACC: 0.2218254/414 [=================>............] - ETA: 5:54 - loss: 56.2842 - ACC: 0.2215255/414 [=================>............] - ETA: 5:52 - loss: 56.2704 - ACC: 0.2211256/414 [=================>............] - ETA: 5:49 - loss: 56.4409 - ACC: 0.2207257/414 [=================>............] - ETA: 5:47 - loss: 56.4807 - ACC: 0.2211258/414 [=================>............] - ETA: 5:45 - loss: 56.4568 - ACC: 0.2207259/414 [=================>............] - ETA: 5:42 - loss: 56.3862 - ACC: 0.2210260/414 [=================>............] - ETA: 5:40 - loss: 56.3115 - ACC: 0.2212261/414 [=================>............] - ETA: 5:38 - loss: 56.2686 - ACC: 0.2217262/414 [=================>............] - ETA: 5:36 - loss: 56.2307 - ACC: 0.2211263/414 [==================>...........] - ETA: 5:34 - loss: 56.1840 - ACC: 0.2210264/414 [==================>...........] - ETA: 5:32 - loss: 56.1396 - ACC: 0.2209265/414 [==================>...........] - ETA: 5:29 - loss: 56.4113 - ACC: 0.2205266/414 [==================>...........] - ETA: 5:27 - loss: 56.4446 - ACC: 0.2202267/414 [==================>...........] - ETA: 5:25 - loss: 56.4663 - ACC: 0.2207268/414 [==================>...........] - ETA: 5:23 - loss: 56.4499 - ACC: 0.2211269/414 [==================>...........] - ETA: 5:21 - loss: 56.5238 - ACC: 0.2210270/414 [==================>...........] - ETA: 5:19 - loss: 56.4113 - ACC: 0.2220271/414 [==================>...........] - ETA: 5:17 - loss: 56.2673 - ACC: 0.2230272/414 [==================>...........] - ETA: 5:15 - loss: 56.2318 - ACC: 0.2224273/414 [==================>...........] - ETA: 5:12 - loss: 56.3344 - ACC: 0.2225274/414 [==================>...........] - ETA: 5:10 - loss: 56.3362 - ACC: 0.2229275/414 [==================>...........] - ETA: 5:08 - loss: 56.4724 - ACC: 0.2223276/414 [===================>..........] - ETA: 5:06 - loss: 56.5372 - ACC: 0.2217277/414 [===================>..........] - ETA: 5:03 - loss: 56.4337 - ACC: 0.2220278/414 [===================>..........] - ETA: 5:01 - loss: 56.3442 - ACC: 0.2223279/414 [===================>..........] - ETA: 4:59 - loss: 56.2607 - ACC: 0.2222280/414 [===================>..........] - ETA: 4:57 - loss: 56.3236 - ACC: 0.2217281/414 [===================>..........] - ETA: 4:55 - loss: 56.1980 - ACC: 0.2220282/414 [===================>..........] - ETA: 4:52 - loss: 56.2541 - ACC: 0.2219283/414 [===================>..........] - ETA: 4:50 - loss: 56.3406 - ACC: 0.2213284/414 [===================>..........] - ETA: 4:48 - loss: 56.3589 - ACC: 0.2210285/414 [===================>..........] - ETA: 4:46 - loss: 56.2312 - ACC: 0.2213286/414 [===================>..........] - ETA: 4:44 - loss: 56.3185 - ACC: 0.2214287/414 [===================>..........] - ETA: 4:42 - loss: 56.2479 - ACC: 0.2213288/414 [===================>..........] - ETA: 4:39 - loss: 56.1914 - ACC: 0.2216289/414 [===================>..........] - ETA: 4:37 - loss: 56.3169 - ACC: 0.2215290/414 [====================>.........] - ETA: 4:35 - loss: 56.4173 - ACC: 0.2209291/414 [====================>.........] - ETA: 4:32 - loss: 56.5222 - ACC: 0.2206292/414 [====================>.........] - ETA: 4:30 - loss: 56.6363 - ACC: 0.2202293/414 [====================>.........] - ETA: 4:28 - loss: 56.5747 - ACC: 0.2199294/414 [====================>.........] - ETA: 4:26 - loss: 56.5658 - ACC: 0.2200295/414 [====================>.........] - ETA: 4:24 - loss: 56.4395 - ACC: 0.2203296/414 [====================>.........] - ETA: 4:21 - loss: 56.4619 - ACC: 0.2207297/414 [====================>.........] - ETA: 4:19 - loss: 56.4031 - ACC: 0.2210298/414 [====================>.........] - ETA: 4:17 - loss: 56.3320 - ACC: 0.2213299/414 [====================>.........] - ETA: 4:15 - loss: 56.3337 - ACC: 0.2212300/414 [====================>.........] - ETA: 4:12 - loss: 56.3121 - ACC: 0.2206301/414 [====================>.........] - ETA: 4:11 - loss: 56.1828 - ACC: 0.2213302/414 [====================>.........] - ETA: 4:08 - loss: 56.1225 - ACC: 0.2214303/414 [====================>.........] - ETA: 4:06 - loss: 56.0231 - ACC: 0.2211304/414 [=====================>........] - ETA: 4:04 - loss: 55.9386 - ACC: 0.2210305/414 [=====================>........] - ETA: 4:02 - loss: 55.8640 - ACC: 0.2213306/414 [=====================>........] - ETA: 4:00 - loss: 55.8603 - ACC: 0.2214307/414 [=====================>........] - ETA: 3:57 - loss: 55.7934 - ACC: 0.2215308/414 [=====================>........] - ETA: 3:55 - loss: 55.7020 - ACC: 0.2212309/414 [=====================>........] - ETA: 3:53 - loss: 55.6291 - ACC: 0.2217310/414 [=====================>........] - ETA: 3:51 - loss: 55.6350 - ACC: 0.2216311/414 [=====================>........] - ETA: 3:48 - loss: 55.5941 - ACC: 0.2215312/414 [=====================>........] - ETA: 3:46 - loss: 55.5511 - ACC: 0.2214313/414 [=====================>........] - ETA: 3:44 - loss: 55.5696 - ACC: 0.2210314/414 [=====================>........] - ETA: 3:42 - loss: 55.4922 - ACC: 0.2209315/414 [=====================>........] - ETA: 3:39 - loss: 55.4402 - ACC: 0.2204316/414 [=====================>........] - ETA: 3:37 - loss: 55.3723 - ACC: 0.2213317/414 [=====================>........] - ETA: 3:35 - loss: 55.3567 - ACC: 0.2208318/414 [======================>.......] - ETA: 3:33 - loss: 55.2475 - ACC: 0.2211319/414 [======================>.......] - ETA: 3:30 - loss: 55.1736 - ACC: 0.2212320/414 [======================>.......] - ETA: 3:28 - loss: 55.1027 - ACC: 0.2213321/414 [======================>.......] - ETA: 3:26 - loss: 55.0182 - ACC: 0.2214322/414 [======================>.......] - ETA: 3:24 - loss: 54.9730 - ACC: 0.2215323/414 [======================>.......] - ETA: 3:22 - loss: 54.8981 - ACC: 0.2214324/414 [======================>.......] - ETA: 3:20 - loss: 54.9920 - ACC: 0.2213325/414 [======================>.......] - ETA: 3:17 - loss: 55.0107 - ACC: 0.2213326/414 [======================>.......] - ETA: 3:15 - loss: 55.1952 - ACC: 0.2209327/414 [======================>.......] - ETA: 3:13 - loss: 55.1396 - ACC: 0.2208328/414 [======================>.......] - ETA: 3:11 - loss: 55.0442 - ACC: 0.2214329/414 [======================>.......] - ETA: 3:08 - loss: 54.9729 - ACC: 0.2213330/414 [======================>.......] - ETA: 3:06 - loss: 54.8795 - ACC: 0.2216331/414 [======================>.......] - ETA: 3:04 - loss: 54.8886 - ACC: 0.2215332/414 [=======================>......] - ETA: 3:02 - loss: 54.8549 - ACC: 0.2214333/414 [=======================>......] - ETA: 2:59 - loss: 54.9378 - ACC: 0.2211334/414 [=======================>......] - ETA: 2:57 - loss: 54.9041 - ACC: 0.2217335/414 [=======================>......] - ETA: 2:55 - loss: 54.8202 - ACC: 0.2216336/414 [=======================>......] - ETA: 2:53 - loss: 54.7366 - ACC: 0.2219337/414 [=======================>......] - ETA: 2:51 - loss: 54.6224 - ACC: 0.2222338/414 [=======================>......] - ETA: 2:48 - loss: 54.5467 - ACC: 0.2224339/414 [=======================>......] - ETA: 2:46 - loss: 54.4913 - ACC: 0.2223340/414 [=======================>......] - ETA: 2:44 - loss: 54.4298 - ACC: 0.2222341/414 [=======================>......] - ETA: 2:42 - loss: 54.3983 - ACC: 0.2220342/414 [=======================>......] - ETA: 2:39 - loss: 54.3204 - ACC: 0.2226343/414 [=======================>......] - ETA: 2:37 - loss: 54.2712 - ACC: 0.2223344/414 [=======================>......] - ETA: 2:35 - loss: 54.1878 - ACC: 0.2227345/414 [========================>.....] - ETA: 2:33 - loss: 54.1186 - ACC: 0.2228346/414 [========================>.....] - ETA: 2:31 - loss: 54.1007 - ACC: 0.2225347/414 [========================>.....] - ETA: 2:28 - loss: 54.0331 - ACC: 0.2230348/414 [========================>.....] - ETA: 2:26 - loss: 53.9742 - ACC: 0.2234349/414 [========================>.....] - ETA: 2:24 - loss: 53.9114 - ACC: 0.2235350/414 [========================>.....] - ETA: 2:22 - loss: 53.8673 - ACC: 0.2236351/414 [========================>.....] - ETA: 2:19 - loss: 53.8104 - ACC: 0.2236352/414 [========================>.....] - ETA: 2:17 - loss: 53.8030 - ACC: 0.2239353/414 [========================>.....] - ETA: 2:15 - loss: 53.8564 - ACC: 0.2236354/414 [========================>.....] - ETA: 2:13 - loss: 53.7747 - ACC: 0.2244355/414 [========================>.....] - ETA: 2:11 - loss: 53.6931 - ACC: 0.2243356/414 [========================>.....] - ETA: 2:08 - loss: 53.6463 - ACC: 0.2242357/414 [========================>.....] - ETA: 2:06 - loss: 53.6275 - ACC: 0.2241358/414 [========================>.....] - ETA: 2:04 - loss: 53.5474 - ACC: 0.2242359/414 [=========================>....] - ETA: 2:02 - loss: 53.5103 - ACC: 0.2244360/414 [=========================>....] - ETA: 1:59 - loss: 53.4946 - ACC: 0.2245361/414 [=========================>....] - ETA: 1:57 - loss: 53.4383 - ACC: 0.2245362/414 [=========================>....] - ETA: 1:55 - loss: 53.4202 - ACC: 0.2246363/414 [=========================>....] - ETA: 1:53 - loss: 53.3757 - ACC: 0.2249364/414 [=========================>....] - ETA: 1:50 - loss: 53.3143 - ACC: 0.2244365/414 [=========================>....] - ETA: 1:48 - loss: 53.2343 - ACC: 0.2250366/414 [=========================>....] - ETA: 1:46 - loss: 53.2156 - ACC: 0.2249367/414 [=========================>....] - ETA: 1:44 - loss: 53.1251 - ACC: 0.2246368/414 [=========================>....] - ETA: 1:42 - loss: 53.0107 - ACC: 0.2255369/414 [=========================>....] - ETA: 1:39 - loss: 53.0123 - ACC: 0.2253370/414 [=========================>....] - ETA: 1:37 - loss: 52.9946 - ACC: 0.2257371/414 [=========================>....] - ETA: 1:35 - loss: 52.9072 - ACC: 0.2262372/414 [=========================>....] - ETA: 1:33 - loss: 52.8264 - ACC: 0.2270373/414 [==========================>...] - ETA: 1:30 - loss: 52.8109 - ACC: 0.2265374/414 [==========================>...] - ETA: 1:28 - loss: 52.7481 - ACC: 0.2271375/414 [==========================>...] - ETA: 1:26 - loss: 52.6973 - ACC: 0.2277376/414 [==========================>...] - ETA: 1:24 - loss: 52.6840 - ACC: 0.2277377/414 [==========================>...] - ETA: 1:22 - loss: 52.7444 - ACC: 0.2275378/414 [==========================>...] - ETA: 1:19 - loss: 52.7753 - ACC: 0.2273379/414 [==========================>...] - ETA: 1:17 - loss: 52.6778 - ACC: 0.2281380/414 [==========================>...] - ETA: 1:15 - loss: 52.7429 - ACC: 0.2281381/414 [==========================>...] - ETA: 1:13 - loss: 52.6880 - ACC: 0.2283382/414 [==========================>...] - ETA: 1:11 - loss: 52.7041 - ACC: 0.2282383/414 [==========================>...] - ETA: 1:08 - loss: 52.6784 - ACC: 0.2283384/414 [==========================>...] - ETA: 1:06 - loss: 52.6215 - ACC: 0.2282385/414 [==========================>...] - ETA: 1:04 - loss: 52.6981 - ACC: 0.2278386/414 [==========================>...] - ETA: 1:02 - loss: 52.6918 - ACC: 0.2278387/414 [===========================>..] - ETA: 59s - loss: 52.7911 - ACC: 0.2274 388/414 [===========================>..] - ETA: 57s - loss: 52.7722 - ACC: 0.2274389/414 [===========================>..] - ETA: 55s - loss: 52.7599 - ACC: 0.2275390/414 [===========================>..] - ETA: 53s - loss: 52.6774 - ACC: 0.2277391/414 [===========================>..] - ETA: 51s - loss: 52.6438 - ACC: 0.2275392/414 [===========================>..] - ETA: 48s - loss: 52.5761 - ACC: 0.2277393/414 [===========================>..] - ETA: 46s - loss: 52.5468 - ACC: 0.2281394/414 [===========================>..] - ETA: 44s - loss: 52.4702 - ACC: 0.2289395/414 [===========================>..] - ETA: 42s - loss: 52.4582 - ACC: 0.2286396/414 [===========================>..] - ETA: 39s - loss: 52.9259 - ACC: 0.2281397/414 [===========================>..] - ETA: 37s - loss: 52.9510 - ACC: 0.2278398/414 [===========================>..] - ETA: 35s - loss: 52.9538 - ACC: 0.2275399/414 [===========================>..] - ETA: 33s - loss: 52.8984 - ACC: 0.2278400/414 [===========================>..] - ETA: 31s - loss: 52.8985 - ACC: 0.2280401/414 [============================>.] - ETA: 28s - loss: 52.8918 - ACC: 0.2283402/414 [============================>.] - ETA: 26s - loss: 52.7958 - ACC: 0.2289403/414 [============================>.] - ETA: 24s - loss: 52.8207 - ACC: 0.2289404/414 [============================>.] - ETA: 22s - loss: 52.7729 - ACC: 0.2285405/414 [============================>.] - ETA: 19s - loss: 52.7441 - ACC: 0.2284406/414 [============================>.] - ETA: 17s - loss: 52.7067 - ACC: 0.2286407/414 [============================>.] - ETA: 15s - loss: 52.7057 - ACC: 0.2283408/414 [============================>.] - ETA: 13s - loss: 52.6455 - ACC: 0.2281409/414 [============================>.] - ETA: 11s - loss: 52.5456 - ACC: 0.2288410/414 [============================>.] - ETA: 8s - loss: 52.5049 - ACC: 0.2288 411/414 [============================>.] - ETA: 6s - loss: 52.4730 - ACC: 0.2289412/414 [============================>.] - ETA: 4s - loss: 52.4547 - ACC: 0.2291413/414 [============================>.] - ETA: 2s - loss: 52.3961 - ACC: 0.2294414/414 [==============================] - ETA: 0s - loss: 52.4229 - ACC: 0.2295414/414 [==============================] - 1141s 3s/step - loss: 52.4229 - ACC: 0.2295 - val_loss: 170.1659 - val_ACC: 0.1234
Epoch 16/30
  1/414 [..............................] - ETA: 0s - loss: 47.8031 - ACC: 0.3125  2/414 [..............................] - ETA: 7:24 - loss: 43.3361 - ACC: 0.2188  3/414 [..............................] - ETA: 9:43 - loss: 64.8079 - ACC: 0.1875  4/414 [..............................] - ETA: 10:58 - loss: 108.5638 - ACC: 0.1406  5/414 [..............................] - ETA: 11:46 - loss: 105.2655 - ACC: 0.1500  6/414 [..............................] - ETA: 12:25 - loss: 101.6083 - ACC: 0.1667  7/414 [..............................] - ETA: 12:36 - loss: 101.1908 - ACC: 0.1518  8/414 [..............................] - ETA: 12:52 - loss: 101.4659 - ACC: 0.1328  9/414 [..............................] - ETA: 13:00 - loss: 99.0994 - ACC: 0.1319  10/414 [..............................] - ETA: 13:09 - loss: 109.1041 - ACC: 0.1187 11/414 [..............................] - ETA: 13:13 - loss: 103.5030 - ACC: 0.1193 12/414 [..............................] - ETA: 13:17 - loss: 97.0068 - ACC: 0.1406  13/414 [..............................] - ETA: 13:17 - loss: 93.5646 - ACC: 0.1490 14/414 [>.............................] - ETA: 13:22 - loss: 96.1632 - ACC: 0.1384 15/414 [>.............................] - ETA: 13:23 - loss: 104.4111 - ACC: 0.1292 16/414 [>.............................] - ETA: 13:31 - loss: 102.6893 - ACC: 0.1367 17/414 [>.............................] - ETA: 13:30 - loss: 98.8995 - ACC: 0.1397  18/414 [>.............................] - ETA: 13:31 - loss: 97.6656 - ACC: 0.1458 19/414 [>.............................] - ETA: 13:35 - loss: 97.0495 - ACC: 0.1447 20/414 [>.............................] - ETA: 13:37 - loss: 98.0961 - ACC: 0.1500 21/414 [>.............................] - ETA: 13:33 - loss: 98.4366 - ACC: 0.1488 22/414 [>.............................] - ETA: 13:32 - loss: 95.8252 - ACC: 0.1506 23/414 [>.............................] - ETA: 13:31 - loss: 93.8022 - ACC: 0.1576 24/414 [>.............................] - ETA: 13:31 - loss: 93.9903 - ACC: 0.1562 25/414 [>.............................] - ETA: 13:30 - loss: 92.4489 - ACC: 0.1550 26/414 [>.............................] - ETA: 13:32 - loss: 92.2436 - ACC: 0.1538 27/414 [>.............................] - ETA: 13:31 - loss: 94.8255 - ACC: 0.1481 28/414 [=>............................] - ETA: 13:26 - loss: 99.2378 - ACC: 0.1429 29/414 [=>............................] - ETA: 13:24 - loss: 96.9723 - ACC: 0.1487 30/414 [=>............................] - ETA: 13:24 - loss: 95.5324 - ACC: 0.1542 31/414 [=>............................] - ETA: 13:23 - loss: 94.0139 - ACC: 0.1552 32/414 [=>............................] - ETA: 13:18 - loss: 92.6292 - ACC: 0.1602 33/414 [=>............................] - ETA: 13:23 - loss: 92.4529 - ACC: 0.1572 34/414 [=>............................] - ETA: 13:24 - loss: 92.1911 - ACC: 0.1599 35/414 [=>............................] - ETA: 13:26 - loss: 96.2158 - ACC: 0.1554 36/414 [=>............................] - ETA: 13:23 - loss: 95.9886 - ACC: 0.1528 37/414 [=>............................] - ETA: 13:21 - loss: 94.6129 - ACC: 0.1537 38/414 [=>............................] - ETA: 13:21 - loss: 92.5591 - ACC: 0.1612 39/414 [=>............................] - ETA: 13:19 - loss: 92.5784 - ACC: 0.1619 40/414 [=>............................] - ETA: 13:18 - loss: 93.4166 - ACC: 0.1609 41/414 [=>............................] - ETA: 13:15 - loss: 92.7237 - ACC: 0.1601 42/414 [==>...........................] - ETA: 13:16 - loss: 91.6683 - ACC: 0.1622 43/414 [==>...........................] - ETA: 13:15 - loss: 90.0798 - ACC: 0.1672 44/414 [==>...........................] - ETA: 13:13 - loss: 88.9202 - ACC: 0.1705 45/414 [==>...........................] - ETA: 13:14 - loss: 87.8601 - ACC: 0.1722 46/414 [==>...........................] - ETA: 13:12 - loss: 86.7283 - ACC: 0.1753 47/414 [==>...........................] - ETA: 13:11 - loss: 86.1481 - ACC: 0.1769 48/414 [==>...........................] - ETA: 13:07 - loss: 85.6661 - ACC: 0.1758 49/414 [==>...........................] - ETA: 13:05 - loss: 84.9535 - ACC: 0.1773 50/414 [==>...........................] - ETA: 13:01 - loss: 83.8336 - ACC: 0.1787 51/414 [==>...........................] - ETA: 13:02 - loss: 82.9466 - ACC: 0.1801 52/414 [==>...........................] - ETA: 13:02 - loss: 81.9898 - ACC: 0.1827 53/414 [==>...........................] - ETA: 13:01 - loss: 81.1487 - ACC: 0.1840 54/414 [==>...........................] - ETA: 12:59 - loss: 80.5277 - ACC: 0.1863 55/414 [==>...........................] - ETA: 12:58 - loss: 79.4125 - ACC: 0.1875 56/414 [===>..........................] - ETA: 12:56 - loss: 78.6246 - ACC: 0.1875 57/414 [===>..........................] - ETA: 12:54 - loss: 77.8852 - ACC: 0.1875 58/414 [===>..........................] - ETA: 12:55 - loss: 77.3876 - ACC: 0.1897 59/414 [===>..........................] - ETA: 12:51 - loss: 77.7017 - ACC: 0.1896 60/414 [===>..........................] - ETA: 12:48 - loss: 76.9633 - ACC: 0.1906 61/414 [===>..........................] - ETA: 12:46 - loss: 76.2867 - ACC: 0.1895 62/414 [===>..........................] - ETA: 12:43 - loss: 75.8743 - ACC: 0.1885 63/414 [===>..........................] - ETA: 12:40 - loss: 75.3781 - ACC: 0.1885 64/414 [===>..........................] - ETA: 12:39 - loss: 74.6256 - ACC: 0.1924 65/414 [===>..........................] - ETA: 12:36 - loss: 74.1105 - ACC: 0.1962 66/414 [===>..........................] - ETA: 12:32 - loss: 73.6573 - ACC: 0.1989 67/414 [===>..........................] - ETA: 12:32 - loss: 72.9924 - ACC: 0.1996 68/414 [===>..........................] - ETA: 12:31 - loss: 72.2127 - ACC: 0.2022 69/414 [====>.........................] - ETA: 12:28 - loss: 71.8466 - ACC: 0.2011 70/414 [====>.........................] - ETA: 12:29 - loss: 71.4934 - ACC: 0.2009 71/414 [====>.........................] - ETA: 12:29 - loss: 71.2749 - ACC: 0.2016 72/414 [====>.........................] - ETA: 12:27 - loss: 70.5924 - ACC: 0.2049 73/414 [====>.........................] - ETA: 12:26 - loss: 70.1161 - ACC: 0.2072 74/414 [====>.........................] - ETA: 12:24 - loss: 69.8455 - ACC: 0.2086 75/414 [====>.........................] - ETA: 12:21 - loss: 69.6562 - ACC: 0.2083 76/414 [====>.........................] - ETA: 12:18 - loss: 69.2438 - ACC: 0.2089 77/414 [====>.........................] - ETA: 12:17 - loss: 68.5929 - ACC: 0.2119 78/414 [====>.........................] - ETA: 12:15 - loss: 68.4588 - ACC: 0.2099 79/414 [====>.........................] - ETA: 12:13 - loss: 68.0624 - ACC: 0.2097 80/414 [====>.........................] - ETA: 12:10 - loss: 67.7342 - ACC: 0.2094 81/414 [====>.........................] - ETA: 12:08 - loss: 67.6441 - ACC: 0.2076 82/414 [====>.........................] - ETA: 12:06 - loss: 67.6758 - ACC: 0.2073 83/414 [=====>........................] - ETA: 12:04 - loss: 67.1367 - ACC: 0.2078 84/414 [=====>........................] - ETA: 12:01 - loss: 66.4988 - ACC: 0.2098 85/414 [=====>........................] - ETA: 11:58 - loss: 66.2372 - ACC: 0.2103 86/414 [=====>........................] - ETA: 11:57 - loss: 66.0702 - ACC: 0.2093 87/414 [=====>........................] - ETA: 11:54 - loss: 65.8279 - ACC: 0.2105 88/414 [=====>........................] - ETA: 11:52 - loss: 65.5175 - ACC: 0.2109 89/414 [=====>........................] - ETA: 11:50 - loss: 65.3161 - ACC: 0.2121 90/414 [=====>........................] - ETA: 11:49 - loss: 65.5717 - ACC: 0.2132 91/414 [=====>........................] - ETA: 11:46 - loss: 65.1984 - ACC: 0.2143 92/414 [=====>........................] - ETA: 11:43 - loss: 64.8638 - ACC: 0.2133 93/414 [=====>........................] - ETA: 11:42 - loss: 64.7993 - ACC: 0.2124 94/414 [=====>........................] - ETA: 11:39 - loss: 64.8099 - ACC: 0.2121 95/414 [=====>........................] - ETA: 11:37 - loss: 64.4055 - ACC: 0.2132 96/414 [=====>........................] - ETA: 11:35 - loss: 64.0572 - ACC: 0.2155 97/414 [======>.......................] - ETA: 11:33 - loss: 63.8591 - ACC: 0.2165 98/414 [======>.......................] - ETA: 11:31 - loss: 63.6057 - ACC: 0.2168 99/414 [======>.......................] - ETA: 11:29 - loss: 63.2323 - ACC: 0.2172100/414 [======>.......................] - ETA: 11:26 - loss: 63.1381 - ACC: 0.2169101/414 [======>.......................] - ETA: 11:24 - loss: 62.7049 - ACC: 0.2178102/414 [======>.......................] - ETA: 11:22 - loss: 62.4384 - ACC: 0.2194103/414 [======>.......................] - ETA: 11:20 - loss: 62.4113 - ACC: 0.2184104/414 [======>.......................] - ETA: 11:18 - loss: 62.0391 - ACC: 0.2194105/414 [======>.......................] - ETA: 11:16 - loss: 61.7804 - ACC: 0.2202106/414 [======>.......................] - ETA: 11:14 - loss: 61.8362 - ACC: 0.2193107/414 [======>.......................] - ETA: 11:13 - loss: 61.9300 - ACC: 0.2196108/414 [======>.......................] - ETA: 11:11 - loss: 61.9411 - ACC: 0.2182109/414 [======>.......................] - ETA: 11:09 - loss: 61.7012 - ACC: 0.2196110/414 [======>.......................] - ETA: 11:06 - loss: 61.4559 - ACC: 0.2188111/414 [=======>......................] - ETA: 11:04 - loss: 61.1873 - ACC: 0.2196112/414 [=======>......................] - ETA: 11:02 - loss: 61.0495 - ACC: 0.2215113/414 [=======>......................] - ETA: 11:00 - loss: 60.7845 - ACC: 0.2223114/414 [=======>......................] - ETA: 10:58 - loss: 60.4824 - ACC: 0.2237115/414 [=======>......................] - ETA: 10:57 - loss: 60.2274 - ACC: 0.2234116/414 [=======>......................] - ETA: 10:55 - loss: 60.3420 - ACC: 0.2225117/414 [=======>......................] - ETA: 10:52 - loss: 60.1988 - ACC: 0.2228118/414 [=======>......................] - ETA: 10:50 - loss: 60.3326 - ACC: 0.2219119/414 [=======>......................] - ETA: 10:47 - loss: 60.1782 - ACC: 0.2227120/414 [=======>......................] - ETA: 10:45 - loss: 60.0675 - ACC: 0.2234121/414 [=======>......................] - ETA: 10:42 - loss: 59.8404 - ACC: 0.2237122/414 [=======>......................] - ETA: 10:39 - loss: 59.5748 - ACC: 0.2244123/414 [=======>......................] - ETA: 10:37 - loss: 59.3189 - ACC: 0.2236124/414 [=======>......................] - ETA: 10:35 - loss: 59.2290 - ACC: 0.2233125/414 [========>.....................] - ETA: 10:33 - loss: 59.3647 - ACC: 0.2220126/414 [========>.....................] - ETA: 10:30 - loss: 59.0965 - ACC: 0.2217127/414 [========>.....................] - ETA: 10:28 - loss: 58.8833 - ACC: 0.2239128/414 [========>.....................] - ETA: 10:25 - loss: 59.0633 - ACC: 0.2222129/414 [========>.....................] - ETA: 10:25 - loss: 59.1278 - ACC: 0.2209130/414 [========>.....................] - ETA: 10:23 - loss: 58.8346 - ACC: 0.2216131/414 [========>.....................] - ETA: 10:20 - loss: 58.5837 - ACC: 0.2238132/414 [========>.....................] - ETA: 10:18 - loss: 58.4123 - ACC: 0.2244133/414 [========>.....................] - ETA: 10:16 - loss: 58.7967 - ACC: 0.2237134/414 [========>.....................] - ETA: 10:14 - loss: 58.8633 - ACC: 0.2239135/414 [========>.....................] - ETA: 10:12 - loss: 58.7144 - ACC: 0.2255136/414 [========>.....................] - ETA: 10:09 - loss: 58.5240 - ACC: 0.2266137/414 [========>.....................] - ETA: 10:07 - loss: 58.4191 - ACC: 0.2276138/414 [=========>....................] - ETA: 10:06 - loss: 58.2233 - ACC: 0.2278139/414 [=========>....................] - ETA: 10:04 - loss: 58.0580 - ACC: 0.2293140/414 [=========>....................] - ETA: 10:02 - loss: 58.2870 - ACC: 0.2286141/414 [=========>....................] - ETA: 10:00 - loss: 58.2274 - ACC: 0.2287142/414 [=========>....................] - ETA: 9:57 - loss: 58.3716 - ACC: 0.2293 143/414 [=========>....................] - ETA: 9:55 - loss: 58.1429 - ACC: 0.2299144/414 [=========>....................] - ETA: 9:53 - loss: 57.9753 - ACC: 0.2300145/414 [=========>....................] - ETA: 9:51 - loss: 57.9843 - ACC: 0.2297146/414 [=========>....................] - ETA: 9:49 - loss: 57.9645 - ACC: 0.2299147/414 [=========>....................] - ETA: 9:47 - loss: 58.1575 - ACC: 0.2300148/414 [=========>....................] - ETA: 9:44 - loss: 58.0611 - ACC: 0.2293149/414 [=========>....................] - ETA: 9:42 - loss: 57.9410 - ACC: 0.2299150/414 [=========>....................] - ETA: 9:40 - loss: 57.7854 - ACC: 0.2288151/414 [=========>....................] - ETA: 9:37 - loss: 57.7716 - ACC: 0.2289152/414 [==========>...................] - ETA: 9:35 - loss: 57.6672 - ACC: 0.2290153/414 [==========>...................] - ETA: 9:33 - loss: 57.4285 - ACC: 0.2300154/414 [==========>...................] - ETA: 9:31 - loss: 57.3253 - ACC: 0.2297155/414 [==========>...................] - ETA: 9:29 - loss: 57.2937 - ACC: 0.2294156/414 [==========>...................] - ETA: 9:27 - loss: 57.1787 - ACC: 0.2292157/414 [==========>...................] - ETA: 9:25 - loss: 57.2096 - ACC: 0.2289158/414 [==========>...................] - ETA: 9:22 - loss: 57.1305 - ACC: 0.2294159/414 [==========>...................] - ETA: 9:20 - loss: 57.2313 - ACC: 0.2288160/414 [==========>...................] - ETA: 9:17 - loss: 57.0489 - ACC: 0.2289161/414 [==========>...................] - ETA: 9:15 - loss: 57.0843 - ACC: 0.2286162/414 [==========>...................] - ETA: 9:13 - loss: 56.9600 - ACC: 0.2284163/414 [==========>...................] - ETA: 9:11 - loss: 56.8840 - ACC: 0.2289164/414 [==========>...................] - ETA: 9:09 - loss: 56.7230 - ACC: 0.2294165/414 [==========>...................] - ETA: 9:07 - loss: 56.5153 - ACC: 0.2299166/414 [===========>..................] - ETA: 9:05 - loss: 56.3372 - ACC: 0.2297167/414 [===========>..................] - ETA: 9:03 - loss: 56.3074 - ACC: 0.2294168/414 [===========>..................] - ETA: 9:01 - loss: 56.2635 - ACC: 0.2299169/414 [===========>..................] - ETA: 8:59 - loss: 56.0745 - ACC: 0.2289170/414 [===========>..................] - ETA: 8:57 - loss: 55.9870 - ACC: 0.2301171/414 [===========>..................] - ETA: 8:55 - loss: 55.8032 - ACC: 0.2314172/414 [===========>..................] - ETA: 8:53 - loss: 55.7547 - ACC: 0.2304173/414 [===========>..................] - ETA: 8:51 - loss: 55.7483 - ACC: 0.2312174/414 [===========>..................] - ETA: 8:49 - loss: 55.5601 - ACC: 0.2313175/414 [===========>..................] - ETA: 8:47 - loss: 55.3939 - ACC: 0.2311176/414 [===========>..................] - ETA: 8:45 - loss: 55.3596 - ACC: 0.2315177/414 [===========>..................] - ETA: 8:43 - loss: 55.2780 - ACC: 0.2313178/414 [===========>..................] - ETA: 8:40 - loss: 55.1246 - ACC: 0.2317179/414 [===========>..................] - ETA: 8:38 - loss: 54.9618 - ACC: 0.2325180/414 [============>.................] - ETA: 8:36 - loss: 54.9683 - ACC: 0.2323181/414 [============>.................] - ETA: 8:34 - loss: 54.9661 - ACC: 0.2320182/414 [============>.................] - ETA: 8:32 - loss: 54.8307 - ACC: 0.2328183/414 [============>.................] - ETA: 8:30 - loss: 54.7755 - ACC: 0.2326184/414 [============>.................] - ETA: 8:28 - loss: 54.7198 - ACC: 0.2327185/414 [============>.................] - ETA: 8:25 - loss: 54.6826 - ACC: 0.2328186/414 [============>.................] - ETA: 8:23 - loss: 54.8539 - ACC: 0.2319187/414 [============>.................] - ETA: 8:21 - loss: 54.7023 - ACC: 0.2309188/414 [============>.................] - ETA: 8:19 - loss: 54.5819 - ACC: 0.2314189/414 [============>.................] - ETA: 8:17 - loss: 54.5772 - ACC: 0.2308190/414 [============>.................] - ETA: 8:15 - loss: 54.5036 - ACC: 0.2306191/414 [============>.................] - ETA: 8:13 - loss: 54.4190 - ACC: 0.2304192/414 [============>.................] - ETA: 8:11 - loss: 54.2311 - ACC: 0.2308193/414 [============>.................] - ETA: 8:09 - loss: 54.2600 - ACC: 0.2306194/414 [=============>................] - ETA: 8:07 - loss: 54.6338 - ACC: 0.2294195/414 [=============>................] - ETA: 8:04 - loss: 54.7717 - ACC: 0.2288196/414 [=============>................] - ETA: 8:02 - loss: 54.6548 - ACC: 0.2290197/414 [=============>................] - ETA: 8:00 - loss: 54.4795 - ACC: 0.2294198/414 [=============>................] - ETA: 7:57 - loss: 54.5410 - ACC: 0.2289199/414 [=============>................] - ETA: 7:55 - loss: 54.4837 - ACC: 0.2296200/414 [=============>................] - ETA: 7:53 - loss: 54.4731 - ACC: 0.2291201/414 [=============>................] - ETA: 7:50 - loss: 54.5740 - ACC: 0.2292202/414 [=============>................] - ETA: 7:49 - loss: 54.5934 - ACC: 0.2287203/414 [=============>................] - ETA: 7:46 - loss: 54.6873 - ACC: 0.2284204/414 [=============>................] - ETA: 7:44 - loss: 54.7284 - ACC: 0.2279205/414 [=============>................] - ETA: 7:42 - loss: 54.6239 - ACC: 0.2284206/414 [=============>................] - ETA: 7:39 - loss: 54.4638 - ACC: 0.2297207/414 [==============>...............] - ETA: 7:37 - loss: 54.8094 - ACC: 0.2286208/414 [==============>...............] - ETA: 7:35 - loss: 54.7174 - ACC: 0.2284209/414 [==============>...............] - ETA: 7:33 - loss: 54.6691 - ACC: 0.2285210/414 [==============>...............] - ETA: 7:31 - loss: 54.5645 - ACC: 0.2283211/414 [==============>...............] - ETA: 7:29 - loss: 54.4350 - ACC: 0.2278212/414 [==============>...............] - ETA: 7:26 - loss: 54.3362 - ACC: 0.2282213/414 [==============>...............] - ETA: 7:24 - loss: 54.2425 - ACC: 0.2277214/414 [==============>...............] - ETA: 7:22 - loss: 54.1913 - ACC: 0.2275215/414 [==============>...............] - ETA: 7:19 - loss: 54.1046 - ACC: 0.2279216/414 [==============>...............] - ETA: 7:17 - loss: 54.0099 - ACC: 0.2271217/414 [==============>...............] - ETA: 7:15 - loss: 53.8965 - ACC: 0.2272218/414 [==============>...............] - ETA: 7:13 - loss: 53.9264 - ACC: 0.2268219/414 [==============>...............] - ETA: 7:11 - loss: 54.0197 - ACC: 0.2263220/414 [==============>...............] - ETA: 7:09 - loss: 53.9228 - ACC: 0.2264221/414 [===============>..............] - ETA: 7:06 - loss: 53.9164 - ACC: 0.2265222/414 [===============>..............] - ETA: 7:04 - loss: 53.7656 - ACC: 0.2278223/414 [===============>..............] - ETA: 7:02 - loss: 53.6371 - ACC: 0.2279224/414 [===============>..............] - ETA: 7:00 - loss: 53.6463 - ACC: 0.2274225/414 [===============>..............] - ETA: 6:58 - loss: 53.4923 - ACC: 0.2281226/414 [===============>..............] - ETA: 6:56 - loss: 53.4447 - ACC: 0.2279227/414 [===============>..............] - ETA: 6:53 - loss: 53.4473 - ACC: 0.2274228/414 [===============>..............] - ETA: 6:51 - loss: 53.2990 - ACC: 0.2278229/414 [===============>..............] - ETA: 6:49 - loss: 53.2586 - ACC: 0.2276230/414 [===============>..............] - ETA: 6:46 - loss: 53.2354 - ACC: 0.2277231/414 [===============>..............] - ETA: 6:44 - loss: 53.0856 - ACC: 0.2278232/414 [===============>..............] - ETA: 6:42 - loss: 53.0549 - ACC: 0.2279233/414 [===============>..............] - ETA: 6:40 - loss: 53.0219 - ACC: 0.2280234/414 [===============>..............] - ETA: 6:38 - loss: 52.8609 - ACC: 0.2284235/414 [================>.............] - ETA: 6:36 - loss: 52.8981 - ACC: 0.2282236/414 [================>.............] - ETA: 6:33 - loss: 52.8740 - ACC: 0.2288237/414 [================>.............] - ETA: 6:31 - loss: 52.8648 - ACC: 0.2292238/414 [================>.............] - ETA: 6:29 - loss: 52.7346 - ACC: 0.2306239/414 [================>.............] - ETA: 6:27 - loss: 52.6281 - ACC: 0.2309240/414 [================>.............] - ETA: 6:25 - loss: 52.6476 - ACC: 0.2302241/414 [================>.............] - ETA: 6:23 - loss: 52.5216 - ACC: 0.2303242/414 [================>.............] - ETA: 6:20 - loss: 52.4306 - ACC: 0.2314243/414 [================>.............] - ETA: 6:18 - loss: 52.3010 - ACC: 0.2320244/414 [================>.............] - ETA: 6:16 - loss: 52.2875 - ACC: 0.2316245/414 [================>.............] - ETA: 6:14 - loss: 52.2096 - ACC: 0.2309246/414 [================>.............] - ETA: 6:11 - loss: 52.1419 - ACC: 0.2312247/414 [================>.............] - ETA: 6:09 - loss: 52.2166 - ACC: 0.2313248/414 [================>.............] - ETA: 6:07 - loss: 52.2517 - ACC: 0.2326249/414 [=================>............] - ETA: 6:05 - loss: 52.2245 - ACC: 0.2324250/414 [=================>............] - ETA: 6:02 - loss: 52.1452 - ACC: 0.2327251/414 [=================>............] - ETA: 6:00 - loss: 52.0449 - ACC: 0.2331252/414 [=================>............] - ETA: 5:58 - loss: 51.9224 - ACC: 0.2324253/414 [=================>............] - ETA: 5:56 - loss: 51.8741 - ACC: 0.2320254/414 [=================>............] - ETA: 5:54 - loss: 51.9334 - ACC: 0.2323255/414 [=================>............] - ETA: 5:52 - loss: 51.8401 - ACC: 0.2321256/414 [=================>............] - ETA: 5:50 - loss: 51.8456 - ACC: 0.2319257/414 [=================>............] - ETA: 5:47 - loss: 51.7483 - ACC: 0.2325258/414 [=================>............] - ETA: 5:45 - loss: 51.7029 - ACC: 0.2323259/414 [=================>............] - ETA: 5:43 - loss: 51.6250 - ACC: 0.2326260/414 [=================>............] - ETA: 5:40 - loss: 51.6030 - ACC: 0.2329261/414 [=================>............] - ETA: 5:38 - loss: 51.5360 - ACC: 0.2328262/414 [=================>............] - ETA: 5:36 - loss: 51.4707 - ACC: 0.2333263/414 [==================>...........] - ETA: 5:34 - loss: 51.3697 - ACC: 0.2334264/414 [==================>...........] - ETA: 5:32 - loss: 51.3500 - ACC: 0.2327265/414 [==================>...........] - ETA: 5:30 - loss: 51.3269 - ACC: 0.2325266/414 [==================>...........] - ETA: 5:28 - loss: 51.4486 - ACC: 0.2328267/414 [==================>...........] - ETA: 5:26 - loss: 51.4218 - ACC: 0.2329268/414 [==================>...........] - ETA: 5:23 - loss: 51.3346 - ACC: 0.2327269/414 [==================>...........] - ETA: 5:21 - loss: 51.3593 - ACC: 0.2326270/414 [==================>...........] - ETA: 5:19 - loss: 51.2981 - ACC: 0.2326271/414 [==================>...........] - ETA: 5:17 - loss: 51.1903 - ACC: 0.2334272/414 [==================>...........] - ETA: 5:15 - loss: 51.1979 - ACC: 0.2332273/414 [==================>...........] - ETA: 5:13 - loss: 51.2845 - ACC: 0.2331274/414 [==================>...........] - ETA: 5:10 - loss: 51.2517 - ACC: 0.2333275/414 [==================>...........] - ETA: 5:08 - loss: 51.1355 - ACC: 0.2334276/414 [===================>..........] - ETA: 5:06 - loss: 51.0934 - ACC: 0.2330277/414 [===================>..........] - ETA: 5:03 - loss: 51.0876 - ACC: 0.2326278/414 [===================>..........] - ETA: 5:02 - loss: 51.1887 - ACC: 0.2327279/414 [===================>..........] - ETA: 4:59 - loss: 51.2437 - ACC: 0.2330280/414 [===================>..........] - ETA: 4:57 - loss: 51.2039 - ACC: 0.2333281/414 [===================>..........] - ETA: 4:55 - loss: 51.1207 - ACC: 0.2333282/414 [===================>..........] - ETA: 4:53 - loss: 51.0910 - ACC: 0.2325283/414 [===================>..........] - ETA: 4:50 - loss: 51.2189 - ACC: 0.2319284/414 [===================>..........] - ETA: 4:48 - loss: 51.4382 - ACC: 0.2313285/414 [===================>..........] - ETA: 4:46 - loss: 51.5005 - ACC: 0.2314286/414 [===================>..........] - ETA: 4:44 - loss: 51.7165 - ACC: 0.2312287/414 [===================>..........] - ETA: 4:42 - loss: 51.7024 - ACC: 0.2304288/414 [===================>..........] - ETA: 4:39 - loss: 51.7251 - ACC: 0.2300289/414 [===================>..........] - ETA: 4:37 - loss: 51.7221 - ACC: 0.2297290/414 [====================>.........] - ETA: 4:35 - loss: 51.6967 - ACC: 0.2297291/414 [====================>.........] - ETA: 4:33 - loss: 51.6887 - ACC: 0.2296292/414 [====================>.........] - ETA: 4:30 - loss: 51.8471 - ACC: 0.2295293/414 [====================>.........] - ETA: 4:28 - loss: 51.8988 - ACC: 0.2291294/414 [====================>.........] - ETA: 4:26 - loss: 52.0602 - ACC: 0.2285295/414 [====================>.........] - ETA: 4:24 - loss: 52.3121 - ACC: 0.2284296/414 [====================>.........] - ETA: 4:21 - loss: 52.2403 - ACC: 0.2287297/414 [====================>.........] - ETA: 4:19 - loss: 52.1902 - ACC: 0.2285298/414 [====================>.........] - ETA: 4:17 - loss: 52.2268 - ACC: 0.2284299/414 [====================>.........] - ETA: 4:15 - loss: 52.1561 - ACC: 0.2289300/414 [====================>.........] - ETA: 4:13 - loss: 52.1349 - ACC: 0.2290301/414 [====================>.........] - ETA: 4:10 - loss: 52.3319 - ACC: 0.2288302/414 [====================>.........] - ETA: 4:08 - loss: 52.3881 - ACC: 0.2283303/414 [====================>.........] - ETA: 4:06 - loss: 52.3174 - ACC: 0.2281304/414 [=====================>........] - ETA: 4:04 - loss: 52.2239 - ACC: 0.2284305/414 [=====================>........] - ETA: 4:02 - loss: 52.2512 - ACC: 0.2281306/414 [=====================>........] - ETA: 3:59 - loss: 52.3887 - ACC: 0.2275307/414 [=====================>........] - ETA: 3:57 - loss: 52.3164 - ACC: 0.2278308/414 [=====================>........] - ETA: 3:55 - loss: 52.3012 - ACC: 0.2275309/414 [=====================>........] - ETA: 3:53 - loss: 52.2571 - ACC: 0.2273310/414 [=====================>........] - ETA: 3:50 - loss: 52.1994 - ACC: 0.2280311/414 [=====================>........] - ETA: 3:48 - loss: 52.1534 - ACC: 0.2281312/414 [=====================>........] - ETA: 3:46 - loss: 52.1814 - ACC: 0.2276313/414 [=====================>........] - ETA: 3:44 - loss: 52.0852 - ACC: 0.2274314/414 [=====================>........] - ETA: 3:41 - loss: 52.0133 - ACC: 0.2279315/414 [=====================>........] - ETA: 3:39 - loss: 52.0061 - ACC: 0.2280316/414 [=====================>........] - ETA: 3:37 - loss: 51.9103 - ACC: 0.2284317/414 [=====================>........] - ETA: 3:35 - loss: 51.8730 - ACC: 0.2283318/414 [======================>.......] - ETA: 3:32 - loss: 51.8767 - ACC: 0.2284319/414 [======================>.......] - ETA: 3:30 - loss: 51.8723 - ACC: 0.2284320/414 [======================>.......] - ETA: 3:28 - loss: 51.7860 - ACC: 0.2287321/414 [======================>.......] - ETA: 3:26 - loss: 51.7923 - ACC: 0.2288322/414 [======================>.......] - ETA: 3:24 - loss: 51.8042 - ACC: 0.2290323/414 [======================>.......] - ETA: 3:21 - loss: 51.8520 - ACC: 0.2291324/414 [======================>.......] - ETA: 3:19 - loss: 51.8484 - ACC: 0.2284325/414 [======================>.......] - ETA: 3:17 - loss: 51.7652 - ACC: 0.2285326/414 [======================>.......] - ETA: 3:15 - loss: 51.8489 - ACC: 0.2281327/414 [======================>.......] - ETA: 3:13 - loss: 51.7920 - ACC: 0.2280328/414 [======================>.......] - ETA: 3:10 - loss: 51.7977 - ACC: 0.2281329/414 [======================>.......] - ETA: 3:08 - loss: 51.8440 - ACC: 0.2280330/414 [======================>.......] - ETA: 3:06 - loss: 51.8222 - ACC: 0.2280331/414 [======================>.......] - ETA: 3:04 - loss: 51.7898 - ACC: 0.2285332/414 [=======================>......] - ETA: 3:01 - loss: 51.8163 - ACC: 0.2285333/414 [=======================>......] - ETA: 2:59 - loss: 51.7695 - ACC: 0.2280334/414 [=======================>......] - ETA: 2:57 - loss: 51.7114 - ACC: 0.2279335/414 [=======================>......] - ETA: 2:55 - loss: 51.6329 - ACC: 0.2280336/414 [=======================>......] - ETA: 2:53 - loss: 51.6187 - ACC: 0.2281337/414 [=======================>......] - ETA: 2:50 - loss: 51.5852 - ACC: 0.2283338/414 [=======================>......] - ETA: 2:48 - loss: 51.4936 - ACC: 0.2284339/414 [=======================>......] - ETA: 2:46 - loss: 51.4648 - ACC: 0.2281340/414 [=======================>......] - ETA: 2:44 - loss: 51.4107 - ACC: 0.2283341/414 [=======================>......] - ETA: 2:41 - loss: 51.3995 - ACC: 0.2286342/414 [=======================>......] - ETA: 2:39 - loss: 51.3834 - ACC: 0.2286343/414 [=======================>......] - ETA: 2:37 - loss: 51.4209 - ACC: 0.2281344/414 [=======================>......] - ETA: 2:35 - loss: 51.4213 - ACC: 0.2278345/414 [========================>.....] - ETA: 2:33 - loss: 51.3356 - ACC: 0.2279346/414 [========================>.....] - ETA: 2:30 - loss: 51.4269 - ACC: 0.2278347/414 [========================>.....] - ETA: 2:28 - loss: 51.3395 - ACC: 0.2282348/414 [========================>.....] - ETA: 2:26 - loss: 51.3087 - ACC: 0.2283349/414 [========================>.....] - ETA: 2:24 - loss: 51.2496 - ACC: 0.2278350/414 [========================>.....] - ETA: 2:21 - loss: 51.1812 - ACC: 0.2280351/414 [========================>.....] - ETA: 2:19 - loss: 51.1015 - ACC: 0.2285352/414 [========================>.....] - ETA: 2:17 - loss: 51.0668 - ACC: 0.2283353/414 [========================>.....] - ETA: 2:15 - loss: 51.0000 - ACC: 0.2289354/414 [========================>.....] - ETA: 2:13 - loss: 50.9099 - ACC: 0.2293355/414 [========================>.....] - ETA: 2:10 - loss: 50.9146 - ACC: 0.2287356/414 [========================>.....] - ETA: 2:08 - loss: 50.8423 - ACC: 0.2293357/414 [========================>.....] - ETA: 2:06 - loss: 50.7731 - ACC: 0.2293358/414 [========================>.....] - ETA: 2:04 - loss: 50.6763 - ACC: 0.2299359/414 [=========================>....] - ETA: 2:01 - loss: 50.5859 - ACC: 0.2302360/414 [=========================>....] - ETA: 1:59 - loss: 50.5179 - ACC: 0.2302361/414 [=========================>....] - ETA: 1:57 - loss: 50.5409 - ACC: 0.2303362/414 [=========================>....] - ETA: 1:55 - loss: 50.5663 - ACC: 0.2303363/414 [=========================>....] - ETA: 1:52 - loss: 50.5344 - ACC: 0.2305364/414 [=========================>....] - ETA: 1:50 - loss: 50.5273 - ACC: 0.2304365/414 [=========================>....] - ETA: 1:48 - loss: 50.5878 - ACC: 0.2300366/414 [=========================>....] - ETA: 1:46 - loss: 50.5894 - ACC: 0.2300367/414 [=========================>....] - ETA: 1:44 - loss: 50.5939 - ACC: 0.2301368/414 [=========================>....] - ETA: 1:41 - loss: 50.6302 - ACC: 0.2303369/414 [=========================>....] - ETA: 1:39 - loss: 50.5557 - ACC: 0.2307370/414 [=========================>....] - ETA: 1:37 - loss: 50.5116 - ACC: 0.2309371/414 [=========================>....] - ETA: 1:35 - loss: 50.4235 - ACC: 0.2315372/414 [=========================>....] - ETA: 1:33 - loss: 50.3408 - ACC: 0.2315373/414 [==========================>...] - ETA: 1:30 - loss: 50.2701 - ACC: 0.2316374/414 [==========================>...] - ETA: 1:28 - loss: 50.1858 - ACC: 0.2315375/414 [==========================>...] - ETA: 1:26 - loss: 50.1394 - ACC: 0.2317376/414 [==========================>...] - ETA: 1:24 - loss: 50.0609 - ACC: 0.2315377/414 [==========================>...] - ETA: 1:22 - loss: 49.9848 - ACC: 0.2318378/414 [==========================>...] - ETA: 1:19 - loss: 50.0165 - ACC: 0.2316379/414 [==========================>...] - ETA: 1:17 - loss: 50.0438 - ACC: 0.2314380/414 [==========================>...] - ETA: 1:15 - loss: 50.0551 - ACC: 0.2313381/414 [==========================>...] - ETA: 1:13 - loss: 50.0334 - ACC: 0.2313382/414 [==========================>...] - ETA: 1:10 - loss: 49.9798 - ACC: 0.2313383/414 [==========================>...] - ETA: 1:08 - loss: 49.9226 - ACC: 0.2316384/414 [==========================>...] - ETA: 1:06 - loss: 49.8326 - ACC: 0.2319385/414 [==========================>...] - ETA: 1:04 - loss: 49.8246 - ACC: 0.2321386/414 [==========================>...] - ETA: 1:02 - loss: 49.7744 - ACC: 0.2325387/414 [===========================>..] - ETA: 59s - loss: 49.8242 - ACC: 0.2326 388/414 [===========================>..] - ETA: 57s - loss: 49.7907 - ACC: 0.2331389/414 [===========================>..] - ETA: 55s - loss: 49.7876 - ACC: 0.2325390/414 [===========================>..] - ETA: 53s - loss: 49.7461 - ACC: 0.2327391/414 [===========================>..] - ETA: 51s - loss: 49.7250 - ACC: 0.2324392/414 [===========================>..] - ETA: 48s - loss: 49.7098 - ACC: 0.2323393/414 [===========================>..] - ETA: 46s - loss: 49.6508 - ACC: 0.2323394/414 [===========================>..] - ETA: 44s - loss: 49.6643 - ACC: 0.2322395/414 [===========================>..] - ETA: 42s - loss: 49.6020 - ACC: 0.2324396/414 [===========================>..] - ETA: 39s - loss: 49.8556 - ACC: 0.2323397/414 [===========================>..] - ETA: 37s - loss: 49.7656 - ACC: 0.2322398/414 [===========================>..] - ETA: 35s - loss: 49.7409 - ACC: 0.2321399/414 [===========================>..] - ETA: 33s - loss: 49.7058 - ACC: 0.2317400/414 [===========================>..] - ETA: 31s - loss: 49.9174 - ACC: 0.2313401/414 [============================>.] - ETA: 28s - loss: 49.9468 - ACC: 0.2310402/414 [============================>.] - ETA: 26s - loss: 49.9601 - ACC: 0.2304403/414 [============================>.] - ETA: 24s - loss: 49.9174 - ACC: 0.2305404/414 [============================>.] - ETA: 22s - loss: 49.8596 - ACC: 0.2307405/414 [============================>.] - ETA: 19s - loss: 49.8788 - ACC: 0.2307406/414 [============================>.] - ETA: 17s - loss: 49.8800 - ACC: 0.2314407/414 [============================>.] - ETA: 15s - loss: 49.9076 - ACC: 0.2311408/414 [============================>.] - ETA: 13s - loss: 49.9824 - ACC: 0.2307409/414 [============================>.] - ETA: 11s - loss: 49.9520 - ACC: 0.2307410/414 [============================>.] - ETA: 8s - loss: 49.9630 - ACC: 0.2305 411/414 [============================>.] - ETA: 6s - loss: 49.8848 - ACC: 0.2307412/414 [============================>.] - ETA: 4s - loss: 49.8684 - ACC: 0.2306413/414 [============================>.] - ETA: 2s - loss: 49.8400 - ACC: 0.2302414/414 [==============================] - ETA: 0s - loss: 49.8113 - ACC: 0.2302414/414 [==============================] - 1141s 3s/step - loss: 49.8113 - ACC: 0.2302 - val_loss: 173.8054 - val_ACC: 0.1228
Epoch 17/30
  1/414 [..............................] - ETA: 0s - loss: 67.2630 - ACC: 0.1250  2/414 [..............................] - ETA: 7:26 - loss: 56.1066 - ACC: 0.1562  3/414 [..............................] - ETA: 9:47 - loss: 95.0151 - ACC: 0.1250  4/414 [..............................] - ETA: 11:06 - loss: 110.7885 - ACC: 0.1094  5/414 [..............................] - ETA: 11:51 - loss: 98.4224 - ACC: 0.1250   6/414 [..............................] - ETA: 12:31 - loss: 88.6452 - ACC: 0.1354  7/414 [..............................] - ETA: 12:42 - loss: 81.6624 - ACC: 0.1607  8/414 [..............................] - ETA: 12:58 - loss: 77.4412 - ACC: 0.1562  9/414 [..............................] - ETA: 13:06 - loss: 77.9955 - ACC: 0.1528 10/414 [..............................] - ETA: 13:12 - loss: 86.1174 - ACC: 0.1375 11/414 [..............................] - ETA: 13:15 - loss: 85.2011 - ACC: 0.1477 12/414 [..............................] - ETA: 13:19 - loss: 83.4631 - ACC: 0.1615 13/414 [..............................] - ETA: 13:17 - loss: 80.5015 - ACC: 0.1827 14/414 [>.............................] - ETA: 13:22 - loss: 83.9908 - ACC: 0.1696 15/414 [>.............................] - ETA: 13:24 - loss: 88.9812 - ACC: 0.1625 16/414 [>.............................] - ETA: 13:33 - loss: 87.1168 - ACC: 0.1641 17/414 [>.............................] - ETA: 13:33 - loss: 84.3582 - ACC: 0.1691 18/414 [>.............................] - ETA: 13:33 - loss: 82.4390 - ACC: 0.1667 19/414 [>.............................] - ETA: 13:36 - loss: 79.9060 - ACC: 0.1711 20/414 [>.............................] - ETA: 13:38 - loss: 80.3548 - ACC: 0.1750 21/414 [>.............................] - ETA: 13:34 - loss: 80.4258 - ACC: 0.1726 22/414 [>.............................] - ETA: 13:34 - loss: 79.6941 - ACC: 0.1733 23/414 [>.............................] - ETA: 13:33 - loss: 78.7482 - ACC: 0.1712 24/414 [>.............................] - ETA: 13:33 - loss: 78.1636 - ACC: 0.1693 25/414 [>.............................] - ETA: 13:34 - loss: 76.4856 - ACC: 0.1700 26/414 [>.............................] - ETA: 13:36 - loss: 75.8950 - ACC: 0.1635 27/414 [>.............................] - ETA: 13:35 - loss: 77.4810 - ACC: 0.1620 28/414 [=>............................] - ETA: 13:30 - loss: 78.2819 - ACC: 0.1607 29/414 [=>............................] - ETA: 13:28 - loss: 76.9090 - ACC: 0.1659 30/414 [=>............................] - ETA: 13:27 - loss: 80.8928 - ACC: 0.1604 31/414 [=>............................] - ETA: 13:27 - loss: 80.2351 - ACC: 0.1593 32/414 [=>............................] - ETA: 13:23 - loss: 80.9941 - ACC: 0.1582 33/414 [=>............................] - ETA: 13:28 - loss: 79.1130 - ACC: 0.1591 34/414 [=>............................] - ETA: 13:29 - loss: 79.2276 - ACC: 0.1599 35/414 [=>............................] - ETA: 13:35 - loss: 84.7379 - ACC: 0.1589 36/414 [=>............................] - ETA: 13:32 - loss: 85.0884 - ACC: 0.1597 37/414 [=>............................] - ETA: 13:30 - loss: 85.6439 - ACC: 0.1554 38/414 [=>............................] - ETA: 13:31 - loss: 88.3197 - ACC: 0.1530 39/414 [=>............................] - ETA: 13:29 - loss: 88.7043 - ACC: 0.1506 40/414 [=>............................] - ETA: 13:27 - loss: 87.1529 - ACC: 0.1531 41/414 [=>............................] - ETA: 13:24 - loss: 87.1568 - ACC: 0.1524 42/414 [==>...........................] - ETA: 13:25 - loss: 88.2062 - ACC: 0.1518 43/414 [==>...........................] - ETA: 13:24 - loss: 89.7303 - ACC: 0.1483 44/414 [==>...........................] - ETA: 13:23 - loss: 89.0711 - ACC: 0.1491 45/414 [==>...........................] - ETA: 13:24 - loss: 88.6593 - ACC: 0.1472 46/414 [==>...........................] - ETA: 13:21 - loss: 88.8074 - ACC: 0.1467 47/414 [==>...........................] - ETA: 13:21 - loss: 89.7301 - ACC: 0.1436 48/414 [==>...........................] - ETA: 13:16 - loss: 89.5526 - ACC: 0.1432 49/414 [==>...........................] - ETA: 13:14 - loss: 90.9415 - ACC: 0.1416 50/414 [==>...........................] - ETA: 13:09 - loss: 89.5019 - ACC: 0.1412 51/414 [==>...........................] - ETA: 13:10 - loss: 88.4010 - ACC: 0.1446 52/414 [==>...........................] - ETA: 13:11 - loss: 87.3028 - ACC: 0.1478 53/414 [==>...........................] - ETA: 13:09 - loss: 87.6681 - ACC: 0.1474 54/414 [==>...........................] - ETA: 13:07 - loss: 87.5676 - ACC: 0.1481 55/414 [==>...........................] - ETA: 13:06 - loss: 86.5333 - ACC: 0.1523 56/414 [===>..........................] - ETA: 13:04 - loss: 85.6910 - ACC: 0.1518 57/414 [===>..........................] - ETA: 13:02 - loss: 84.6697 - ACC: 0.1568 58/414 [===>..........................] - ETA: 13:03 - loss: 83.7004 - ACC: 0.1562 59/414 [===>..........................] - ETA: 12:59 - loss: 83.6406 - ACC: 0.1578 60/414 [===>..........................] - ETA: 12:56 - loss: 83.1204 - ACC: 0.1583 61/414 [===>..........................] - ETA: 12:54 - loss: 82.1735 - ACC: 0.1650 62/414 [===>..........................] - ETA: 12:50 - loss: 82.5796 - ACC: 0.1653 63/414 [===>..........................] - ETA: 12:47 - loss: 81.5369 - ACC: 0.1677 64/414 [===>..........................] - ETA: 12:45 - loss: 80.8467 - ACC: 0.1709 65/414 [===>..........................] - ETA: 12:42 - loss: 79.9480 - ACC: 0.1721 66/414 [===>..........................] - ETA: 12:38 - loss: 79.9074 - ACC: 0.1733 67/414 [===>..........................] - ETA: 12:38 - loss: 79.7467 - ACC: 0.1735 68/414 [===>..........................] - ETA: 12:37 - loss: 79.2471 - ACC: 0.1719 69/414 [====>.........................] - ETA: 12:34 - loss: 78.7007 - ACC: 0.1730 70/414 [====>.........................] - ETA: 12:34 - loss: 78.0372 - ACC: 0.1741 71/414 [====>.........................] - ETA: 12:34 - loss: 78.3414 - ACC: 0.1734 72/414 [====>.........................] - ETA: 12:32 - loss: 78.6558 - ACC: 0.1719 73/414 [====>.........................] - ETA: 12:31 - loss: 78.5133 - ACC: 0.1721 74/414 [====>.........................] - ETA: 12:29 - loss: 78.0716 - ACC: 0.1731 75/414 [====>.........................] - ETA: 12:25 - loss: 78.1744 - ACC: 0.1717 76/414 [====>.........................] - ETA: 12:22 - loss: 77.6842 - ACC: 0.1727 77/414 [====>.........................] - ETA: 12:21 - loss: 78.3550 - ACC: 0.1729 78/414 [====>.........................] - ETA: 12:19 - loss: 79.7014 - ACC: 0.1715 79/414 [====>.........................] - ETA: 12:17 - loss: 79.4443 - ACC: 0.1709 80/414 [====>.........................] - ETA: 12:14 - loss: 79.1376 - ACC: 0.1742 81/414 [====>.........................] - ETA: 12:12 - loss: 78.4467 - ACC: 0.1752 82/414 [====>.........................] - ETA: 12:10 - loss: 78.7253 - ACC: 0.1745 83/414 [=====>........................] - ETA: 12:08 - loss: 78.6400 - ACC: 0.1747 84/414 [=====>........................] - ETA: 12:06 - loss: 78.3116 - ACC: 0.1749 85/414 [=====>........................] - ETA: 12:03 - loss: 79.6313 - ACC: 0.1728 86/414 [=====>........................] - ETA: 12:01 - loss: 79.4544 - ACC: 0.1730 87/414 [=====>........................] - ETA: 11:58 - loss: 79.2716 - ACC: 0.1731 88/414 [=====>........................] - ETA: 11:56 - loss: 78.8978 - ACC: 0.1754 89/414 [=====>........................] - ETA: 11:55 - loss: 78.9448 - ACC: 0.1735 90/414 [=====>........................] - ETA: 11:53 - loss: 78.4454 - ACC: 0.1743 91/414 [=====>........................] - ETA: 11:51 - loss: 79.0355 - ACC: 0.1738 92/414 [=====>........................] - ETA: 11:48 - loss: 78.5135 - ACC: 0.1726 93/414 [=====>........................] - ETA: 11:47 - loss: 78.0425 - ACC: 0.1747 94/414 [=====>........................] - ETA: 11:44 - loss: 77.4814 - ACC: 0.1762 95/414 [=====>........................] - ETA: 11:41 - loss: 77.3027 - ACC: 0.1770 96/414 [=====>........................] - ETA: 11:39 - loss: 77.8615 - ACC: 0.1758 97/414 [======>.......................] - ETA: 11:38 - loss: 77.4526 - ACC: 0.1753 98/414 [======>.......................] - ETA: 11:35 - loss: 77.2085 - ACC: 0.1754 99/414 [======>.......................] - ETA: 11:33 - loss: 77.2777 - ACC: 0.1736100/414 [======>.......................] - ETA: 11:31 - loss: 77.2632 - ACC: 0.1731101/414 [======>.......................] - ETA: 11:28 - loss: 76.7968 - ACC: 0.1751102/414 [======>.......................] - ETA: 11:27 - loss: 76.9043 - ACC: 0.1740103/414 [======>.......................] - ETA: 11:24 - loss: 76.5479 - ACC: 0.1742104/414 [======>.......................] - ETA: 11:23 - loss: 76.3195 - ACC: 0.1743105/414 [======>.......................] - ETA: 11:20 - loss: 76.3525 - ACC: 0.1750106/414 [======>.......................] - ETA: 11:18 - loss: 76.0488 - ACC: 0.1757107/414 [======>.......................] - ETA: 11:17 - loss: 75.5970 - ACC: 0.1787108/414 [======>.......................] - ETA: 11:14 - loss: 75.5952 - ACC: 0.1788109/414 [======>.......................] - ETA: 11:13 - loss: 75.6060 - ACC: 0.1789110/414 [======>.......................] - ETA: 11:10 - loss: 75.2697 - ACC: 0.1807111/414 [=======>......................] - ETA: 11:08 - loss: 74.8627 - ACC: 0.1802112/414 [=======>......................] - ETA: 11:07 - loss: 74.6076 - ACC: 0.1814113/414 [=======>......................] - ETA: 11:05 - loss: 74.3379 - ACC: 0.1825114/414 [=======>......................] - ETA: 11:03 - loss: 74.2261 - ACC: 0.1820115/414 [=======>......................] - ETA: 11:01 - loss: 74.1217 - ACC: 0.1804116/414 [=======>......................] - ETA: 10:59 - loss: 73.8221 - ACC: 0.1805117/414 [=======>......................] - ETA: 10:57 - loss: 73.5984 - ACC: 0.1806118/414 [=======>......................] - ETA: 10:54 - loss: 73.3814 - ACC: 0.1801119/414 [=======>......................] - ETA: 10:52 - loss: 73.0627 - ACC: 0.1807120/414 [=======>......................] - ETA: 10:50 - loss: 72.7570 - ACC: 0.1828121/414 [=======>......................] - ETA: 10:47 - loss: 72.6304 - ACC: 0.1818122/414 [=======>......................] - ETA: 10:44 - loss: 72.3304 - ACC: 0.1839123/414 [=======>......................] - ETA: 10:42 - loss: 72.4336 - ACC: 0.1845124/414 [=======>......................] - ETA: 10:40 - loss: 72.0636 - ACC: 0.1855125/414 [========>.....................] - ETA: 10:38 - loss: 71.9838 - ACC: 0.1860126/414 [========>.....................] - ETA: 10:35 - loss: 71.5895 - ACC: 0.1870127/414 [========>.....................] - ETA: 10:32 - loss: 71.5169 - ACC: 0.1880128/414 [========>.....................] - ETA: 10:30 - loss: 71.8813 - ACC: 0.1870129/414 [========>.....................] - ETA: 10:30 - loss: 72.3519 - ACC: 0.1856130/414 [========>.....................] - ETA: 10:27 - loss: 72.0481 - ACC: 0.1861131/414 [========>.....................] - ETA: 10:25 - loss: 72.0480 - ACC: 0.1865132/414 [========>.....................] - ETA: 10:23 - loss: 71.7663 - ACC: 0.1884133/414 [========>.....................] - ETA: 10:21 - loss: 71.5525 - ACC: 0.1884134/414 [========>.....................] - ETA: 10:19 - loss: 71.5042 - ACC: 0.1894135/414 [========>.....................] - ETA: 10:16 - loss: 71.4565 - ACC: 0.1889136/414 [========>.....................] - ETA: 10:14 - loss: 71.4611 - ACC: 0.1889137/414 [========>.....................] - ETA: 10:12 - loss: 71.5743 - ACC: 0.1889138/414 [=========>....................] - ETA: 10:11 - loss: 71.5675 - ACC: 0.1898139/414 [=========>....................] - ETA: 10:09 - loss: 71.6113 - ACC: 0.1893140/414 [=========>....................] - ETA: 10:06 - loss: 71.4843 - ACC: 0.1902141/414 [=========>....................] - ETA: 10:04 - loss: 71.3996 - ACC: 0.1902142/414 [=========>....................] - ETA: 10:02 - loss: 71.1091 - ACC: 0.1901143/414 [=========>....................] - ETA: 9:59 - loss: 70.7313 - ACC: 0.1910 144/414 [=========>....................] - ETA: 9:57 - loss: 70.7558 - ACC: 0.1910145/414 [=========>....................] - ETA: 9:56 - loss: 70.5587 - ACC: 0.1927146/414 [=========>....................] - ETA: 9:54 - loss: 70.5311 - ACC: 0.1931147/414 [=========>....................] - ETA: 9:51 - loss: 70.5498 - ACC: 0.1918148/414 [=========>....................] - ETA: 9:49 - loss: 70.4633 - ACC: 0.1917149/414 [=========>....................] - ETA: 9:46 - loss: 70.3469 - ACC: 0.1925150/414 [=========>....................] - ETA: 9:44 - loss: 70.1656 - ACC: 0.1933151/414 [=========>....................] - ETA: 9:42 - loss: 69.9247 - ACC: 0.1929152/414 [==========>...................] - ETA: 9:39 - loss: 69.7055 - ACC: 0.1928153/414 [==========>...................] - ETA: 9:37 - loss: 69.4716 - ACC: 0.1920154/414 [==========>...................] - ETA: 9:36 - loss: 69.4384 - ACC: 0.1928155/414 [==========>...................] - ETA: 9:33 - loss: 69.4572 - ACC: 0.1935156/414 [==========>...................] - ETA: 9:31 - loss: 69.2938 - ACC: 0.1951157/414 [==========>...................] - ETA: 9:29 - loss: 69.0555 - ACC: 0.1967158/414 [==========>...................] - ETA: 9:26 - loss: 69.1520 - ACC: 0.1970159/414 [==========>...................] - ETA: 9:24 - loss: 69.0710 - ACC: 0.1969160/414 [==========>...................] - ETA: 9:21 - loss: 68.9711 - ACC: 0.1980161/414 [==========>...................] - ETA: 9:19 - loss: 69.0092 - ACC: 0.1972162/414 [==========>...................] - ETA: 9:17 - loss: 68.7184 - ACC: 0.1987163/414 [==========>...................] - ETA: 9:16 - loss: 68.5939 - ACC: 0.1994164/414 [==========>...................] - ETA: 9:13 - loss: 68.4598 - ACC: 0.1993165/414 [==========>...................] - ETA: 9:11 - loss: 68.3405 - ACC: 0.2004166/414 [===========>..................] - ETA: 9:09 - loss: 68.1156 - ACC: 0.2011167/414 [===========>..................] - ETA: 9:07 - loss: 68.0489 - ACC: 0.2017168/414 [===========>..................] - ETA: 9:05 - loss: 68.0229 - ACC: 0.2013169/414 [===========>..................] - ETA: 9:03 - loss: 67.7901 - ACC: 0.2008170/414 [===========>..................] - ETA: 9:01 - loss: 67.7973 - ACC: 0.2015171/414 [===========>..................] - ETA: 8:58 - loss: 67.7379 - ACC: 0.2010172/414 [===========>..................] - ETA: 8:56 - loss: 67.6754 - ACC: 0.2013173/414 [===========>..................] - ETA: 8:54 - loss: 67.4704 - ACC: 0.2023174/414 [===========>..................] - ETA: 8:53 - loss: 67.3491 - ACC: 0.2022175/414 [===========>..................] - ETA: 8:50 - loss: 67.3276 - ACC: 0.2029176/414 [===========>..................] - ETA: 8:48 - loss: 67.2740 - ACC: 0.2024177/414 [===========>..................] - ETA: 8:46 - loss: 67.1567 - ACC: 0.2023178/414 [===========>..................] - ETA: 8:44 - loss: 66.9762 - ACC: 0.2026179/414 [===========>..................] - ETA: 8:42 - loss: 66.8208 - ACC: 0.2029180/414 [============>.................] - ETA: 8:39 - loss: 66.6003 - ACC: 0.2028181/414 [============>.................] - ETA: 8:37 - loss: 66.7950 - ACC: 0.2027182/414 [============>.................] - ETA: 8:35 - loss: 66.6581 - ACC: 0.2033183/414 [============>.................] - ETA: 8:33 - loss: 66.3782 - ACC: 0.2049184/414 [============>.................] - ETA: 8:31 - loss: 66.2852 - ACC: 0.2048185/414 [============>.................] - ETA: 8:29 - loss: 66.1290 - ACC: 0.2044186/414 [============>.................] - ETA: 8:26 - loss: 66.0545 - ACC: 0.2046187/414 [============>.................] - ETA: 8:24 - loss: 65.8954 - ACC: 0.2052188/414 [============>.................] - ETA: 8:22 - loss: 65.8359 - ACC: 0.2051189/414 [============>.................] - ETA: 8:20 - loss: 65.6213 - ACC: 0.2054190/414 [============>.................] - ETA: 8:18 - loss: 65.5314 - ACC: 0.2053191/414 [============>.................] - ETA: 8:16 - loss: 65.4498 - ACC: 0.2055192/414 [============>.................] - ETA: 8:14 - loss: 65.4542 - ACC: 0.2051193/414 [============>.................] - ETA: 8:12 - loss: 65.5144 - ACC: 0.2053194/414 [=============>................] - ETA: 8:10 - loss: 65.4487 - ACC: 0.2052195/414 [=============>................] - ETA: 8:07 - loss: 65.4029 - ACC: 0.2051196/414 [=============>................] - ETA: 8:05 - loss: 65.2082 - ACC: 0.2063197/414 [=============>................] - ETA: 8:03 - loss: 65.1425 - ACC: 0.2062198/414 [=============>................] - ETA: 8:00 - loss: 65.2917 - ACC: 0.2061199/414 [=============>................] - ETA: 7:58 - loss: 65.1308 - ACC: 0.2060200/414 [=============>................] - ETA: 7:56 - loss: 64.9731 - ACC: 0.2050201/414 [=============>................] - ETA: 7:53 - loss: 64.8630 - ACC: 0.2052202/414 [=============>................] - ETA: 7:51 - loss: 64.7161 - ACC: 0.2061203/414 [=============>................] - ETA: 7:49 - loss: 64.5859 - ACC: 0.2066204/414 [=============>................] - ETA: 7:47 - loss: 64.6540 - ACC: 0.2056205/414 [=============>................] - ETA: 7:44 - loss: 64.5111 - ACC: 0.2061206/414 [=============>................] - ETA: 7:42 - loss: 64.3843 - ACC: 0.2063207/414 [==============>...............] - ETA: 7:40 - loss: 64.4064 - ACC: 0.2065208/414 [==============>...............] - ETA: 7:37 - loss: 64.2306 - ACC: 0.2070209/414 [==============>...............] - ETA: 7:35 - loss: 64.2133 - ACC: 0.2066210/414 [==============>...............] - ETA: 7:33 - loss: 64.0297 - ACC: 0.2080211/414 [==============>...............] - ETA: 7:31 - loss: 64.1780 - ACC: 0.2082212/414 [==============>...............] - ETA: 7:28 - loss: 64.2984 - ACC: 0.2084213/414 [==============>...............] - ETA: 7:26 - loss: 64.1973 - ACC: 0.2080214/414 [==============>...............] - ETA: 7:24 - loss: 64.2303 - ACC: 0.2077215/414 [==============>...............] - ETA: 7:21 - loss: 64.0791 - ACC: 0.2081216/414 [==============>...............] - ETA: 7:19 - loss: 64.0698 - ACC: 0.2080217/414 [==============>...............] - ETA: 7:17 - loss: 63.9578 - ACC: 0.2088218/414 [==============>...............] - ETA: 7:15 - loss: 64.2284 - ACC: 0.2079219/414 [==============>...............] - ETA: 7:13 - loss: 64.4156 - ACC: 0.2075220/414 [==============>...............] - ETA: 7:10 - loss: 64.2517 - ACC: 0.2068221/414 [===============>..............] - ETA: 7:08 - loss: 64.1821 - ACC: 0.2064222/414 [===============>..............] - ETA: 7:06 - loss: 64.0830 - ACC: 0.2069223/414 [===============>..............] - ETA: 7:04 - loss: 64.0349 - ACC: 0.2071224/414 [===============>..............] - ETA: 7:02 - loss: 64.0732 - ACC: 0.2068225/414 [===============>..............] - ETA: 6:59 - loss: 63.9251 - ACC: 0.2067226/414 [===============>..............] - ETA: 6:57 - loss: 63.9235 - ACC: 0.2071227/414 [===============>..............] - ETA: 6:55 - loss: 63.8811 - ACC: 0.2068228/414 [===============>..............] - ETA: 6:52 - loss: 63.7151 - ACC: 0.2067229/414 [===============>..............] - ETA: 6:50 - loss: 63.5960 - ACC: 0.2072230/414 [===============>..............] - ETA: 6:48 - loss: 63.4095 - ACC: 0.2068231/414 [===============>..............] - ETA: 6:45 - loss: 63.2547 - ACC: 0.2073232/414 [===============>..............] - ETA: 6:43 - loss: 63.1565 - ACC: 0.2066233/414 [===============>..............] - ETA: 6:41 - loss: 63.0324 - ACC: 0.2060234/414 [===============>..............] - ETA: 6:39 - loss: 62.9263 - ACC: 0.2059235/414 [================>.............] - ETA: 6:37 - loss: 62.8832 - ACC: 0.2066236/414 [================>.............] - ETA: 6:35 - loss: 62.8377 - ACC: 0.2074237/414 [================>.............] - ETA: 6:33 - loss: 62.7093 - ACC: 0.2083238/414 [================>.............] - ETA: 6:30 - loss: 62.5801 - ACC: 0.2080239/414 [================>.............] - ETA: 6:28 - loss: 62.4841 - ACC: 0.2076240/414 [================>.............] - ETA: 6:26 - loss: 62.4330 - ACC: 0.2078241/414 [================>.............] - ETA: 6:24 - loss: 62.2971 - ACC: 0.2082242/414 [================>.............] - ETA: 6:22 - loss: 62.1594 - ACC: 0.2082243/414 [================>.............] - ETA: 6:19 - loss: 62.0895 - ACC: 0.2086244/414 [================>.............] - ETA: 6:17 - loss: 62.0490 - ACC: 0.2090245/414 [================>.............] - ETA: 6:15 - loss: 61.8849 - ACC: 0.2094246/414 [================>.............] - ETA: 6:13 - loss: 61.7821 - ACC: 0.2096247/414 [================>.............] - ETA: 6:10 - loss: 61.6259 - ACC: 0.2098248/414 [================>.............] - ETA: 6:08 - loss: 61.4928 - ACC: 0.2099249/414 [=================>............] - ETA: 6:06 - loss: 61.3961 - ACC: 0.2098250/414 [=================>............] - ETA: 6:04 - loss: 61.3345 - ACC: 0.2103251/414 [=================>............] - ETA: 6:01 - loss: 61.3087 - ACC: 0.2099252/414 [=================>............] - ETA: 5:59 - loss: 61.1977 - ACC: 0.2103253/414 [=================>............] - ETA: 5:57 - loss: 61.2884 - ACC: 0.2102254/414 [=================>............] - ETA: 5:55 - loss: 61.1249 - ACC: 0.2106255/414 [=================>............] - ETA: 5:53 - loss: 61.0150 - ACC: 0.2108256/414 [=================>............] - ETA: 5:50 - loss: 60.9409 - ACC: 0.2109257/414 [=================>............] - ETA: 5:48 - loss: 60.8567 - ACC: 0.2118258/414 [=================>............] - ETA: 5:46 - loss: 60.7747 - ACC: 0.2115259/414 [=================>............] - ETA: 5:43 - loss: 60.7171 - ACC: 0.2116260/414 [=================>............] - ETA: 5:41 - loss: 60.6969 - ACC: 0.2118261/414 [=================>............] - ETA: 5:39 - loss: 60.6138 - ACC: 0.2117262/414 [=================>............] - ETA: 5:37 - loss: 60.5476 - ACC: 0.2123263/414 [==================>...........] - ETA: 5:35 - loss: 60.5190 - ACC: 0.2127264/414 [==================>...........] - ETA: 5:33 - loss: 60.4079 - ACC: 0.2128265/414 [==================>...........] - ETA: 5:31 - loss: 60.6237 - ACC: 0.2123266/414 [==================>...........] - ETA: 5:28 - loss: 60.6449 - ACC: 0.2122267/414 [==================>...........] - ETA: 5:26 - loss: 60.5996 - ACC: 0.2118268/414 [==================>...........] - ETA: 5:24 - loss: 60.4496 - ACC: 0.2122269/414 [==================>...........] - ETA: 5:22 - loss: 60.3481 - ACC: 0.2121270/414 [==================>...........] - ETA: 5:20 - loss: 60.2233 - ACC: 0.2125271/414 [==================>...........] - ETA: 5:18 - loss: 60.1216 - ACC: 0.2124272/414 [==================>...........] - ETA: 5:16 - loss: 60.0362 - ACC: 0.2125273/414 [==================>...........] - ETA: 5:13 - loss: 59.9947 - ACC: 0.2127274/414 [==================>...........] - ETA: 5:11 - loss: 59.8453 - ACC: 0.2128275/414 [==================>...........] - ETA: 5:09 - loss: 59.7060 - ACC: 0.2132276/414 [===================>..........] - ETA: 5:06 - loss: 59.6279 - ACC: 0.2133277/414 [===================>..........] - ETA: 5:04 - loss: 59.4778 - ACC: 0.2139278/414 [===================>..........] - ETA: 5:02 - loss: 59.4360 - ACC: 0.2149279/414 [===================>..........] - ETA: 5:00 - loss: 59.2826 - ACC: 0.2155280/414 [===================>..........] - ETA: 4:58 - loss: 59.1921 - ACC: 0.2158281/414 [===================>..........] - ETA: 4:56 - loss: 59.0697 - ACC: 0.2162282/414 [===================>..........] - ETA: 4:53 - loss: 59.0389 - ACC: 0.2161283/414 [===================>..........] - ETA: 4:51 - loss: 58.9772 - ACC: 0.2162284/414 [===================>..........] - ETA: 4:49 - loss: 58.9962 - ACC: 0.2157285/414 [===================>..........] - ETA: 4:47 - loss: 58.9598 - ACC: 0.2151286/414 [===================>..........] - ETA: 4:44 - loss: 59.1351 - ACC: 0.2146287/414 [===================>..........] - ETA: 4:42 - loss: 59.1020 - ACC: 0.2141288/414 [===================>..........] - ETA: 4:40 - loss: 59.1805 - ACC: 0.2142289/414 [===================>..........] - ETA: 4:38 - loss: 59.1388 - ACC: 0.2143290/414 [====================>.........] - ETA: 4:35 - loss: 59.0105 - ACC: 0.2153291/414 [====================>.........] - ETA: 4:33 - loss: 58.8485 - ACC: 0.2163292/414 [====================>.........] - ETA: 4:31 - loss: 58.8938 - ACC: 0.2158293/414 [====================>.........] - ETA: 4:29 - loss: 59.0256 - ACC: 0.2154294/414 [====================>.........] - ETA: 4:26 - loss: 59.1758 - ACC: 0.2149295/414 [====================>.........] - ETA: 4:24 - loss: 59.2341 - ACC: 0.2144296/414 [====================>.........] - ETA: 4:22 - loss: 59.1573 - ACC: 0.2149297/414 [====================>.........] - ETA: 4:20 - loss: 59.1027 - ACC: 0.2155298/414 [====================>.........] - ETA: 4:18 - loss: 58.9995 - ACC: 0.2158299/414 [====================>.........] - ETA: 4:15 - loss: 58.9565 - ACC: 0.2159300/414 [====================>.........] - ETA: 4:13 - loss: 58.8598 - ACC: 0.2160301/414 [====================>.........] - ETA: 4:11 - loss: 58.9017 - ACC: 0.2164302/414 [====================>.........] - ETA: 4:09 - loss: 58.9282 - ACC: 0.2165303/414 [====================>.........] - ETA: 4:06 - loss: 58.9558 - ACC: 0.2166304/414 [=====================>........] - ETA: 4:04 - loss: 58.9342 - ACC: 0.2161305/414 [=====================>........] - ETA: 4:02 - loss: 58.8429 - ACC: 0.2156306/414 [=====================>........] - ETA: 4:00 - loss: 58.8178 - ACC: 0.2161307/414 [=====================>........] - ETA: 3:58 - loss: 58.7249 - ACC: 0.2164308/414 [=====================>........] - ETA: 3:55 - loss: 58.7564 - ACC: 0.2163309/414 [=====================>........] - ETA: 3:53 - loss: 58.7294 - ACC: 0.2164310/414 [=====================>........] - ETA: 3:51 - loss: 58.6387 - ACC: 0.2161311/414 [=====================>........] - ETA: 3:49 - loss: 58.5892 - ACC: 0.2164312/414 [=====================>........] - ETA: 3:46 - loss: 58.5468 - ACC: 0.2161313/414 [=====================>........] - ETA: 3:44 - loss: 58.4617 - ACC: 0.2159314/414 [=====================>........] - ETA: 3:42 - loss: 58.3625 - ACC: 0.2160315/414 [=====================>........] - ETA: 3:40 - loss: 58.3906 - ACC: 0.2155316/414 [=====================>........] - ETA: 3:37 - loss: 58.3181 - ACC: 0.2156317/414 [=====================>........] - ETA: 3:35 - loss: 58.3098 - ACC: 0.2161318/414 [======================>.......] - ETA: 3:33 - loss: 58.3342 - ACC: 0.2158319/414 [======================>.......] - ETA: 3:31 - loss: 58.3770 - ACC: 0.2159320/414 [======================>.......] - ETA: 3:28 - loss: 58.4579 - ACC: 0.2158321/414 [======================>.......] - ETA: 3:26 - loss: 58.4001 - ACC: 0.2159322/414 [======================>.......] - ETA: 3:24 - loss: 58.3147 - ACC: 0.2164323/414 [======================>.......] - ETA: 3:22 - loss: 58.2401 - ACC: 0.2161324/414 [======================>.......] - ETA: 3:20 - loss: 58.1727 - ACC: 0.2157325/414 [======================>.......] - ETA: 3:17 - loss: 58.1606 - ACC: 0.2154326/414 [======================>.......] - ETA: 3:15 - loss: 58.1716 - ACC: 0.2153327/414 [======================>.......] - ETA: 3:13 - loss: 58.0946 - ACC: 0.2156328/414 [======================>.......] - ETA: 3:11 - loss: 57.9714 - ACC: 0.2159329/414 [======================>.......] - ETA: 3:09 - loss: 57.8821 - ACC: 0.2160330/414 [======================>.......] - ETA: 3:06 - loss: 57.8348 - ACC: 0.2157331/414 [======================>.......] - ETA: 3:04 - loss: 57.7288 - ACC: 0.2162332/414 [=======================>......] - ETA: 3:02 - loss: 57.6181 - ACC: 0.2169333/414 [=======================>......] - ETA: 3:00 - loss: 57.5667 - ACC: 0.2170334/414 [=======================>......] - ETA: 2:57 - loss: 57.5812 - ACC: 0.2171335/414 [=======================>......] - ETA: 2:55 - loss: 57.5348 - ACC: 0.2174336/414 [=======================>......] - ETA: 2:53 - loss: 57.4713 - ACC: 0.2178337/414 [=======================>......] - ETA: 2:51 - loss: 57.3648 - ACC: 0.2177338/414 [=======================>......] - ETA: 2:48 - loss: 57.2403 - ACC: 0.2180339/414 [=======================>......] - ETA: 2:46 - loss: 57.1410 - ACC: 0.2177340/414 [=======================>......] - ETA: 2:44 - loss: 57.0796 - ACC: 0.2178341/414 [=======================>......] - ETA: 2:42 - loss: 56.9850 - ACC: 0.2183342/414 [=======================>......] - ETA: 2:40 - loss: 56.8908 - ACC: 0.2189343/414 [=======================>......] - ETA: 2:37 - loss: 56.8300 - ACC: 0.2190344/414 [=======================>......] - ETA: 2:35 - loss: 56.7551 - ACC: 0.2191345/414 [========================>.....] - ETA: 2:33 - loss: 56.6764 - ACC: 0.2196346/414 [========================>.....] - ETA: 2:31 - loss: 56.6342 - ACC: 0.2193347/414 [========================>.....] - ETA: 2:28 - loss: 56.5856 - ACC: 0.2199348/414 [========================>.....] - ETA: 2:26 - loss: 56.4852 - ACC: 0.2205349/414 [========================>.....] - ETA: 2:24 - loss: 56.4605 - ACC: 0.2210350/414 [========================>.....] - ETA: 2:22 - loss: 56.3857 - ACC: 0.2207351/414 [========================>.....] - ETA: 2:19 - loss: 56.3740 - ACC: 0.2215352/414 [========================>.....] - ETA: 2:17 - loss: 56.3848 - ACC: 0.2214353/414 [========================>.....] - ETA: 2:15 - loss: 56.3649 - ACC: 0.2210354/414 [========================>.....] - ETA: 2:13 - loss: 56.2378 - ACC: 0.2218355/414 [========================>.....] - ETA: 2:11 - loss: 56.1387 - ACC: 0.2218356/414 [========================>.....] - ETA: 2:08 - loss: 56.1552 - ACC: 0.2214357/414 [========================>.....] - ETA: 2:06 - loss: 56.0422 - ACC: 0.2213358/414 [========================>.....] - ETA: 2:04 - loss: 55.9430 - ACC: 0.2214359/414 [=========================>....] - ETA: 2:02 - loss: 55.8478 - ACC: 0.2220360/414 [=========================>....] - ETA: 1:59 - loss: 55.7599 - ACC: 0.2217361/414 [=========================>....] - ETA: 1:57 - loss: 55.6801 - ACC: 0.2218362/414 [=========================>....] - ETA: 1:55 - loss: 55.6572 - ACC: 0.2219363/414 [=========================>....] - ETA: 1:53 - loss: 55.5898 - ACC: 0.2219364/414 [=========================>....] - ETA: 1:50 - loss: 55.5553 - ACC: 0.2220365/414 [=========================>....] - ETA: 1:48 - loss: 55.5063 - ACC: 0.2221366/414 [=========================>....] - ETA: 1:46 - loss: 55.5171 - ACC: 0.2222367/414 [=========================>....] - ETA: 1:44 - loss: 55.4887 - ACC: 0.2221368/414 [=========================>....] - ETA: 1:42 - loss: 55.4995 - ACC: 0.2218369/414 [=========================>....] - ETA: 1:39 - loss: 55.4296 - ACC: 0.2221370/414 [=========================>....] - ETA: 1:37 - loss: 55.3628 - ACC: 0.2221371/414 [=========================>....] - ETA: 1:35 - loss: 55.3312 - ACC: 0.2224372/414 [=========================>....] - ETA: 1:33 - loss: 55.2794 - ACC: 0.2226373/414 [==========================>...] - ETA: 1:31 - loss: 55.2467 - ACC: 0.2225374/414 [==========================>...] - ETA: 1:28 - loss: 55.1578 - ACC: 0.2231375/414 [==========================>...] - ETA: 1:26 - loss: 55.0477 - ACC: 0.2238376/414 [==========================>...] - ETA: 1:24 - loss: 54.9980 - ACC: 0.2242377/414 [==========================>...] - ETA: 1:22 - loss: 55.0390 - ACC: 0.2246378/414 [==========================>...] - ETA: 1:19 - loss: 54.9996 - ACC: 0.2242379/414 [==========================>...] - ETA: 1:17 - loss: 54.9646 - ACC: 0.2244380/414 [==========================>...] - ETA: 1:15 - loss: 54.9178 - ACC: 0.2248381/414 [==========================>...] - ETA: 1:13 - loss: 54.8338 - ACC: 0.2249382/414 [==========================>...] - ETA: 1:11 - loss: 54.7590 - ACC: 0.2253383/414 [==========================>...] - ETA: 1:08 - loss: 54.7456 - ACC: 0.2254384/414 [==========================>...] - ETA: 1:06 - loss: 54.6477 - ACC: 0.2257385/414 [==========================>...] - ETA: 1:04 - loss: 54.5582 - ACC: 0.2261386/414 [==========================>...] - ETA: 1:02 - loss: 54.4621 - ACC: 0.2264387/414 [===========================>..] - ETA: 59s - loss: 54.4775 - ACC: 0.2261 388/414 [===========================>..] - ETA: 57s - loss: 54.4183 - ACC: 0.2263389/414 [===========================>..] - ETA: 55s - loss: 54.3613 - ACC: 0.2267390/414 [===========================>..] - ETA: 53s - loss: 54.2933 - ACC: 0.2271391/414 [===========================>..] - ETA: 51s - loss: 54.2334 - ACC: 0.2270392/414 [===========================>..] - ETA: 48s - loss: 54.1481 - ACC: 0.2274393/414 [===========================>..] - ETA: 46s - loss: 54.1292 - ACC: 0.2274394/414 [===========================>..] - ETA: 44s - loss: 54.1572 - ACC: 0.2268395/414 [===========================>..] - ETA: 42s - loss: 54.1004 - ACC: 0.2269396/414 [===========================>..] - ETA: 39s - loss: 54.2637 - ACC: 0.2268397/414 [===========================>..] - ETA: 37s - loss: 54.2247 - ACC: 0.2270398/414 [===========================>..] - ETA: 35s - loss: 54.2154 - ACC: 0.2272399/414 [===========================>..] - ETA: 33s - loss: 54.2086 - ACC: 0.2274400/414 [===========================>..] - ETA: 31s - loss: 54.4310 - ACC: 0.2269401/414 [============================>.] - ETA: 28s - loss: 54.4486 - ACC: 0.2266402/414 [============================>.] - ETA: 26s - loss: 54.5598 - ACC: 0.2261403/414 [============================>.] - ETA: 24s - loss: 54.5940 - ACC: 0.2261404/414 [============================>.] - ETA: 22s - loss: 54.6192 - ACC: 0.2260405/414 [============================>.] - ETA: 19s - loss: 54.5841 - ACC: 0.2261406/414 [============================>.] - ETA: 17s - loss: 54.4985 - ACC: 0.2263407/414 [============================>.] - ETA: 15s - loss: 54.4354 - ACC: 0.2264408/414 [============================>.] - ETA: 13s - loss: 54.4509 - ACC: 0.2263409/414 [============================>.] - ETA: 11s - loss: 54.5218 - ACC: 0.2259410/414 [============================>.] - ETA: 8s - loss: 54.6129 - ACC: 0.2258 411/414 [============================>.] - ETA: 6s - loss: 54.8212 - ACC: 0.2252412/414 [============================>.] - ETA: 4s - loss: 54.8616 - ACC: 0.2248413/414 [============================>.] - ETA: 2s - loss: 54.9977 - ACC: 0.2247414/414 [==============================] - ETA: 0s - loss: 55.0015 - ACC: 0.2248414/414 [==============================] - 1141s 3s/step - loss: 55.0015 - ACC: 0.2248 - val_loss: 264.7400 - val_ACC: 0.0962
Epoch 18/30
  1/414 [..............................] - ETA: 0s - loss: 51.4181 - ACC: 0.1250  2/414 [..............................] - ETA: 7:23 - loss: 62.9924 - ACC: 0.1250  3/414 [..............................] - ETA: 9:38 - loss: 94.1649 - ACC: 0.0833  4/414 [..............................] - ETA: 10:53 - loss: 86.2254 - ACC: 0.0938  5/414 [..............................] - ETA: 11:39 - loss: 95.5885 - ACC: 0.0750  6/414 [..............................] - ETA: 12:20 - loss: 89.8422 - ACC: 0.0938  7/414 [..............................] - ETA: 12:32 - loss: 80.7848 - ACC: 0.1071  8/414 [..............................] - ETA: 12:48 - loss: 73.3362 - ACC: 0.1406  9/414 [..............................] - ETA: 12:56 - loss: 71.5087 - ACC: 0.1389 10/414 [..............................] - ETA: 13:02 - loss: 71.3753 - ACC: 0.1500 11/414 [..............................] - ETA: 13:07 - loss: 67.2588 - ACC: 0.1648 12/414 [..............................] - ETA: 13:11 - loss: 66.5581 - ACC: 0.1771 13/414 [..............................] - ETA: 13:08 - loss: 71.3591 - ACC: 0.1683 14/414 [>.............................] - ETA: 13:13 - loss: 72.0116 - ACC: 0.1652 15/414 [>.............................] - ETA: 13:15 - loss: 70.5832 - ACC: 0.1708 16/414 [>.............................] - ETA: 13:23 - loss: 67.1729 - ACC: 0.1875 17/414 [>.............................] - ETA: 13:22 - loss: 67.0605 - ACC: 0.1838 18/414 [>.............................] - ETA: 13:23 - loss: 71.4308 - ACC: 0.1736 19/414 [>.............................] - ETA: 13:27 - loss: 79.0160 - ACC: 0.1678 20/414 [>.............................] - ETA: 13:28 - loss: 79.9620 - ACC: 0.1656 21/414 [>.............................] - ETA: 13:25 - loss: 79.2085 - ACC: 0.1637 22/414 [>.............................] - ETA: 13:24 - loss: 78.3168 - ACC: 0.1733 23/414 [>.............................] - ETA: 13:22 - loss: 77.4832 - ACC: 0.1739 24/414 [>.............................] - ETA: 13:23 - loss: 80.5545 - ACC: 0.1667 25/414 [>.............................] - ETA: 13:22 - loss: 85.4286 - ACC: 0.1600 26/414 [>.............................] - ETA: 13:24 - loss: 88.7852 - ACC: 0.1562 27/414 [>.............................] - ETA: 13:23 - loss: 86.2214 - ACC: 0.1574 28/414 [=>............................] - ETA: 13:18 - loss: 85.6680 - ACC: 0.1562 29/414 [=>............................] - ETA: 13:16 - loss: 84.4385 - ACC: 0.1616 30/414 [=>............................] - ETA: 13:16 - loss: 87.9019 - ACC: 0.1562 31/414 [=>............................] - ETA: 13:14 - loss: 91.8199 - ACC: 0.1512 32/414 [=>............................] - ETA: 13:10 - loss: 90.8497 - ACC: 0.1543 33/414 [=>............................] - ETA: 13:15 - loss: 89.9284 - ACC: 0.1515 34/414 [=>............................] - ETA: 13:16 - loss: 90.2642 - ACC: 0.1507 35/414 [=>............................] - ETA: 13:18 - loss: 97.9571 - ACC: 0.1464 36/414 [=>............................] - ETA: 13:15 - loss: 97.4925 - ACC: 0.1458 37/414 [=>............................] - ETA: 13:13 - loss: 96.2680 - ACC: 0.1486 38/414 [=>............................] - ETA: 13:14 - loss: 95.6122 - ACC: 0.1497 39/414 [=>............................] - ETA: 13:12 - loss: 94.9000 - ACC: 0.1490 40/414 [=>............................] - ETA: 13:11 - loss: 93.2027 - ACC: 0.1500 41/414 [=>............................] - ETA: 13:08 - loss: 91.9032 - ACC: 0.1494 42/414 [==>...........................] - ETA: 13:10 - loss: 91.8753 - ACC: 0.1473 43/414 [==>...........................] - ETA: 13:09 - loss: 90.2982 - ACC: 0.1512 44/414 [==>...........................] - ETA: 13:07 - loss: 89.0927 - ACC: 0.1534 45/414 [==>...........................] - ETA: 13:08 - loss: 89.8102 - ACC: 0.1542 46/414 [==>...........................] - ETA: 13:06 - loss: 89.8970 - ACC: 0.1562 47/414 [==>...........................] - ETA: 13:06 - loss: 88.8472 - ACC: 0.1556 48/414 [==>...........................] - ETA: 13:02 - loss: 87.5695 - ACC: 0.1589 49/414 [==>...........................] - ETA: 13:00 - loss: 88.0529 - ACC: 0.1594 50/414 [==>...........................] - ETA: 12:56 - loss: 87.9169 - ACC: 0.1562 51/414 [==>...........................] - ETA: 12:57 - loss: 86.6479 - ACC: 0.1581 52/414 [==>...........................] - ETA: 12:58 - loss: 86.1197 - ACC: 0.1599 53/414 [==>...........................] - ETA: 12:57 - loss: 85.6966 - ACC: 0.1592 54/414 [==>...........................] - ETA: 12:55 - loss: 85.2054 - ACC: 0.1586 55/414 [==>...........................] - ETA: 12:54 - loss: 85.0446 - ACC: 0.1591 56/414 [===>..........................] - ETA: 12:52 - loss: 84.4173 - ACC: 0.1596 57/414 [===>..........................] - ETA: 12:50 - loss: 83.6344 - ACC: 0.1612 58/414 [===>..........................] - ETA: 12:51 - loss: 82.6234 - ACC: 0.1649 59/414 [===>..........................] - ETA: 12:48 - loss: 83.1151 - ACC: 0.1642 60/414 [===>..........................] - ETA: 12:45 - loss: 82.2101 - ACC: 0.1667 61/414 [===>..........................] - ETA: 12:42 - loss: 81.4587 - ACC: 0.1660 62/414 [===>..........................] - ETA: 12:39 - loss: 81.2446 - ACC: 0.1653 63/414 [===>..........................] - ETA: 12:36 - loss: 80.9298 - ACC: 0.1657 64/414 [===>..........................] - ETA: 12:34 - loss: 80.1113 - ACC: 0.1699 65/414 [===>..........................] - ETA: 12:31 - loss: 79.5193 - ACC: 0.1712 66/414 [===>..........................] - ETA: 12:27 - loss: 80.1250 - ACC: 0.1705 67/414 [===>..........................] - ETA: 12:28 - loss: 79.6353 - ACC: 0.1707 68/414 [===>..........................] - ETA: 12:27 - loss: 79.2546 - ACC: 0.1719 69/414 [====>.........................] - ETA: 12:24 - loss: 78.8441 - ACC: 0.1712 70/414 [====>.........................] - ETA: 12:25 - loss: 78.1456 - ACC: 0.1714 71/414 [====>.........................] - ETA: 12:25 - loss: 77.8520 - ACC: 0.1699 72/414 [====>.........................] - ETA: 12:24 - loss: 78.1601 - ACC: 0.1693 73/414 [====>.........................] - ETA: 12:23 - loss: 77.8240 - ACC: 0.1695 74/414 [====>.........................] - ETA: 12:21 - loss: 78.0033 - ACC: 0.1689 75/414 [====>.........................] - ETA: 12:17 - loss: 77.8931 - ACC: 0.1717 76/414 [====>.........................] - ETA: 12:14 - loss: 77.5409 - ACC: 0.1735 77/414 [====>.........................] - ETA: 12:14 - loss: 77.0802 - ACC: 0.1721 78/414 [====>.........................] - ETA: 12:12 - loss: 76.7320 - ACC: 0.1715 79/414 [====>.........................] - ETA: 12:11 - loss: 76.2626 - ACC: 0.1725 80/414 [====>.........................] - ETA: 12:08 - loss: 75.8099 - ACC: 0.1727 81/414 [====>.........................] - ETA: 12:07 - loss: 75.1165 - ACC: 0.1744 82/414 [====>.........................] - ETA: 12:04 - loss: 74.8681 - ACC: 0.1753 83/414 [=====>........................] - ETA: 12:02 - loss: 74.3974 - ACC: 0.1755 84/414 [=====>........................] - ETA: 12:00 - loss: 73.8792 - ACC: 0.1749 85/414 [=====>........................] - ETA: 11:57 - loss: 73.4531 - ACC: 0.1765 86/414 [=====>........................] - ETA: 11:56 - loss: 73.2123 - ACC: 0.1766 87/414 [=====>........................] - ETA: 11:53 - loss: 72.6014 - ACC: 0.1803 88/414 [=====>........................] - ETA: 11:52 - loss: 72.5500 - ACC: 0.1818 89/414 [=====>........................] - ETA: 11:50 - loss: 72.0956 - ACC: 0.1826 90/414 [=====>........................] - ETA: 11:49 - loss: 71.9763 - ACC: 0.1833 91/414 [=====>........................] - ETA: 11:47 - loss: 71.5273 - ACC: 0.1834 92/414 [=====>........................] - ETA: 11:44 - loss: 71.0634 - ACC: 0.1834 93/414 [=====>........................] - ETA: 11:43 - loss: 70.5770 - ACC: 0.1848 94/414 [=====>........................] - ETA: 11:40 - loss: 70.0443 - ACC: 0.1862 95/414 [=====>........................] - ETA: 11:38 - loss: 70.0278 - ACC: 0.1855 96/414 [=====>........................] - ETA: 11:35 - loss: 70.2801 - ACC: 0.1842 97/414 [======>.......................] - ETA: 11:34 - loss: 70.3287 - ACC: 0.1843 98/414 [======>.......................] - ETA: 11:32 - loss: 70.0552 - ACC: 0.1843 99/414 [======>.......................] - ETA: 11:29 - loss: 69.6970 - ACC: 0.1837100/414 [======>.......................] - ETA: 11:27 - loss: 69.6412 - ACC: 0.1831101/414 [======>.......................] - ETA: 11:25 - loss: 69.5672 - ACC: 0.1832102/414 [======>.......................] - ETA: 11:23 - loss: 69.6972 - ACC: 0.1838103/414 [======>.......................] - ETA: 11:21 - loss: 69.4350 - ACC: 0.1826104/414 [======>.......................] - ETA: 11:19 - loss: 69.0376 - ACC: 0.1839105/414 [======>.......................] - ETA: 11:17 - loss: 69.0540 - ACC: 0.1839106/414 [======>.......................] - ETA: 11:16 - loss: 69.1070 - ACC: 0.1828107/414 [======>.......................] - ETA: 11:14 - loss: 68.9057 - ACC: 0.1822108/414 [======>.......................] - ETA: 11:12 - loss: 68.4474 - ACC: 0.1829109/414 [======>.......................] - ETA: 11:11 - loss: 68.5025 - ACC: 0.1818110/414 [======>.......................] - ETA: 11:08 - loss: 68.1721 - ACC: 0.1818111/414 [=======>......................] - ETA: 11:06 - loss: 68.1331 - ACC: 0.1824112/414 [=======>......................] - ETA: 11:04 - loss: 67.9439 - ACC: 0.1825113/414 [=======>......................] - ETA: 11:02 - loss: 67.7452 - ACC: 0.1836114/414 [=======>......................] - ETA: 11:00 - loss: 67.7864 - ACC: 0.1837115/414 [=======>......................] - ETA: 10:59 - loss: 67.6067 - ACC: 0.1842116/414 [=======>......................] - ETA: 10:58 - loss: 67.3511 - ACC: 0.1853117/414 [=======>......................] - ETA: 10:55 - loss: 67.0646 - ACC: 0.1848118/414 [=======>......................] - ETA: 10:53 - loss: 66.8110 - ACC: 0.1864119/414 [=======>......................] - ETA: 10:50 - loss: 66.6199 - ACC: 0.1875120/414 [=======>......................] - ETA: 10:48 - loss: 66.5060 - ACC: 0.1885121/414 [=======>......................] - ETA: 10:45 - loss: 66.2672 - ACC: 0.1885122/414 [=======>......................] - ETA: 10:43 - loss: 66.0165 - ACC: 0.1890123/414 [=======>......................] - ETA: 10:40 - loss: 65.9996 - ACC: 0.1875124/414 [=======>......................] - ETA: 10:38 - loss: 65.6685 - ACC: 0.1885125/414 [========>.....................] - ETA: 10:36 - loss: 65.3594 - ACC: 0.1885126/414 [========>.....................] - ETA: 10:33 - loss: 65.0299 - ACC: 0.1895127/414 [========>.....................] - ETA: 10:31 - loss: 64.9516 - ACC: 0.1895128/414 [========>.....................] - ETA: 10:29 - loss: 65.2166 - ACC: 0.1895129/414 [========>.....................] - ETA: 10:28 - loss: 65.3257 - ACC: 0.1890130/414 [========>.....................] - ETA: 10:26 - loss: 65.1871 - ACC: 0.1899131/414 [========>.....................] - ETA: 10:23 - loss: 65.0727 - ACC: 0.1894132/414 [========>.....................] - ETA: 10:21 - loss: 64.7630 - ACC: 0.1903133/414 [========>.....................] - ETA: 10:19 - loss: 64.4146 - ACC: 0.1903134/414 [========>.....................] - ETA: 10:17 - loss: 64.2601 - ACC: 0.1903135/414 [========>.....................] - ETA: 10:15 - loss: 64.0968 - ACC: 0.1907136/414 [========>.....................] - ETA: 10:13 - loss: 64.0090 - ACC: 0.1907137/414 [========>.....................] - ETA: 10:11 - loss: 64.6265 - ACC: 0.1902138/414 [=========>....................] - ETA: 10:10 - loss: 64.6545 - ACC: 0.1907139/414 [=========>....................] - ETA: 10:08 - loss: 64.4462 - ACC: 0.1911140/414 [=========>....................] - ETA: 10:06 - loss: 64.5029 - ACC: 0.1897141/414 [=========>....................] - ETA: 10:04 - loss: 64.2035 - ACC: 0.1910142/414 [=========>....................] - ETA: 10:01 - loss: 64.0511 - ACC: 0.1915143/414 [=========>....................] - ETA: 9:59 - loss: 63.7018 - ACC: 0.1923 144/414 [=========>....................] - ETA: 9:57 - loss: 63.4926 - ACC: 0.1936145/414 [=========>....................] - ETA: 9:56 - loss: 63.2664 - ACC: 0.1940146/414 [=========>....................] - ETA: 9:54 - loss: 63.2104 - ACC: 0.1952147/414 [=========>....................] - ETA: 9:52 - loss: 62.9830 - ACC: 0.1964148/414 [=========>....................] - ETA: 9:49 - loss: 62.7436 - ACC: 0.1972149/414 [=========>....................] - ETA: 9:47 - loss: 62.6576 - ACC: 0.1980150/414 [=========>....................] - ETA: 9:45 - loss: 62.4249 - ACC: 0.1983151/414 [=========>....................] - ETA: 9:42 - loss: 62.2453 - ACC: 0.1995152/414 [==========>...................] - ETA: 9:40 - loss: 62.3262 - ACC: 0.1982153/414 [==========>...................] - ETA: 9:38 - loss: 62.0916 - ACC: 0.1993154/414 [==========>...................] - ETA: 9:36 - loss: 62.0490 - ACC: 0.1993155/414 [==========>...................] - ETA: 9:33 - loss: 61.8713 - ACC: 0.2000156/414 [==========>...................] - ETA: 9:32 - loss: 61.8076 - ACC: 0.2003157/414 [==========>...................] - ETA: 9:29 - loss: 61.6377 - ACC: 0.2006158/414 [==========>...................] - ETA: 9:27 - loss: 61.6086 - ACC: 0.2002159/414 [==========>...................] - ETA: 9:24 - loss: 61.5004 - ACC: 0.2001160/414 [==========>...................] - ETA: 9:22 - loss: 61.3653 - ACC: 0.2008161/414 [==========>...................] - ETA: 9:19 - loss: 61.3719 - ACC: 0.2007162/414 [==========>...................] - ETA: 9:18 - loss: 61.0879 - ACC: 0.2014163/414 [==========>...................] - ETA: 9:16 - loss: 60.9284 - ACC: 0.2013164/414 [==========>...................] - ETA: 9:14 - loss: 60.7834 - ACC: 0.2020165/414 [==========>...................] - ETA: 9:12 - loss: 60.6243 - ACC: 0.2030166/414 [===========>..................] - ETA: 9:09 - loss: 60.5630 - ACC: 0.2037167/414 [===========>..................] - ETA: 9:08 - loss: 60.4935 - ACC: 0.2040168/414 [===========>..................] - ETA: 9:05 - loss: 60.5590 - ACC: 0.2039169/414 [===========>..................] - ETA: 9:03 - loss: 60.6433 - ACC: 0.2034170/414 [===========>..................] - ETA: 9:01 - loss: 60.4573 - ACC: 0.2033171/414 [===========>..................] - ETA: 8:59 - loss: 60.1931 - ACC: 0.2050172/414 [===========>..................] - ETA: 8:56 - loss: 60.0615 - ACC: 0.2042173/414 [===========>..................] - ETA: 8:55 - loss: 60.0181 - ACC: 0.2045174/414 [===========>..................] - ETA: 8:53 - loss: 60.1928 - ACC: 0.2033175/414 [===========>..................] - ETA: 8:51 - loss: 60.0823 - ACC: 0.2036176/414 [===========>..................] - ETA: 8:48 - loss: 59.9312 - ACC: 0.2038177/414 [===========>..................] - ETA: 8:46 - loss: 59.8225 - ACC: 0.2052178/414 [===========>..................] - ETA: 8:44 - loss: 59.6775 - ACC: 0.2061179/414 [===========>..................] - ETA: 8:42 - loss: 59.4579 - ACC: 0.2074180/414 [============>.................] - ETA: 8:40 - loss: 59.3980 - ACC: 0.2073181/414 [============>.................] - ETA: 8:37 - loss: 59.2367 - ACC: 0.2089182/414 [============>.................] - ETA: 8:35 - loss: 59.0775 - ACC: 0.2088183/414 [============>.................] - ETA: 8:33 - loss: 58.9906 - ACC: 0.2100184/414 [============>.................] - ETA: 8:31 - loss: 58.9039 - ACC: 0.2096185/414 [============>.................] - ETA: 8:29 - loss: 58.8115 - ACC: 0.2091186/414 [============>.................] - ETA: 8:27 - loss: 58.7283 - ACC: 0.2093187/414 [============>.................] - ETA: 8:24 - loss: 58.6330 - ACC: 0.2096188/414 [============>.................] - ETA: 8:22 - loss: 58.4104 - ACC: 0.2098189/414 [============>.................] - ETA: 8:21 - loss: 58.3139 - ACC: 0.2090190/414 [============>.................] - ETA: 8:19 - loss: 58.1179 - ACC: 0.2092191/414 [============>.................] - ETA: 8:16 - loss: 57.9323 - ACC: 0.2094192/414 [============>.................] - ETA: 8:14 - loss: 57.9088 - ACC: 0.2090193/414 [============>.................] - ETA: 8:12 - loss: 58.0156 - ACC: 0.2082194/414 [=============>................] - ETA: 8:10 - loss: 57.8963 - ACC: 0.2081195/414 [=============>................] - ETA: 8:08 - loss: 57.7275 - ACC: 0.2080196/414 [=============>................] - ETA: 8:06 - loss: 58.0113 - ACC: 0.2079197/414 [=============>................] - ETA: 8:03 - loss: 57.7785 - ACC: 0.2081198/414 [=============>................] - ETA: 8:01 - loss: 57.7295 - ACC: 0.2086199/414 [=============>................] - ETA: 7:58 - loss: 57.6053 - ACC: 0.2089200/414 [=============>................] - ETA: 7:56 - loss: 57.3873 - ACC: 0.2100201/414 [=============>................] - ETA: 7:54 - loss: 57.1991 - ACC: 0.2111202/414 [=============>................] - ETA: 7:52 - loss: 57.3232 - ACC: 0.2104203/414 [=============>................] - ETA: 7:50 - loss: 57.4135 - ACC: 0.2109204/414 [=============>................] - ETA: 7:47 - loss: 57.5032 - ACC: 0.2111205/414 [=============>................] - ETA: 7:45 - loss: 57.3733 - ACC: 0.2116206/414 [=============>................] - ETA: 7:43 - loss: 57.4915 - ACC: 0.2112207/414 [==============>...............] - ETA: 7:40 - loss: 57.4205 - ACC: 0.2114208/414 [==============>...............] - ETA: 7:38 - loss: 57.3360 - ACC: 0.2112209/414 [==============>...............] - ETA: 7:36 - loss: 57.1817 - ACC: 0.2117210/414 [==============>...............] - ETA: 7:34 - loss: 57.1598 - ACC: 0.2113211/414 [==============>...............] - ETA: 7:32 - loss: 57.1681 - ACC: 0.2115212/414 [==============>...............] - ETA: 7:29 - loss: 57.0893 - ACC: 0.2114213/414 [==============>...............] - ETA: 7:27 - loss: 56.9781 - ACC: 0.2119214/414 [==============>...............] - ETA: 7:25 - loss: 56.9836 - ACC: 0.2117215/414 [==============>...............] - ETA: 7:22 - loss: 56.9453 - ACC: 0.2110216/414 [==============>...............] - ETA: 7:20 - loss: 56.9669 - ACC: 0.2106217/414 [==============>...............] - ETA: 7:18 - loss: 56.9020 - ACC: 0.2114218/414 [==============>...............] - ETA: 7:16 - loss: 56.7852 - ACC: 0.2122219/414 [==============>...............] - ETA: 7:13 - loss: 57.0971 - ACC: 0.2118220/414 [==============>...............] - ETA: 7:11 - loss: 56.9591 - ACC: 0.2119221/414 [===============>..............] - ETA: 7:09 - loss: 56.8935 - ACC: 0.2113222/414 [===============>..............] - ETA: 7:07 - loss: 57.0158 - ACC: 0.2109223/414 [===============>..............] - ETA: 7:05 - loss: 56.9319 - ACC: 0.2113224/414 [===============>..............] - ETA: 7:03 - loss: 57.0292 - ACC: 0.2109225/414 [===============>..............] - ETA: 7:00 - loss: 56.9649 - ACC: 0.2111226/414 [===============>..............] - ETA: 6:58 - loss: 56.8344 - ACC: 0.2113227/414 [===============>..............] - ETA: 6:56 - loss: 56.8588 - ACC: 0.2115228/414 [===============>..............] - ETA: 6:53 - loss: 56.7686 - ACC: 0.2113229/414 [===============>..............] - ETA: 6:51 - loss: 56.9237 - ACC: 0.2112230/414 [===============>..............] - ETA: 6:49 - loss: 56.8545 - ACC: 0.2109231/414 [===============>..............] - ETA: 6:46 - loss: 56.7645 - ACC: 0.2113232/414 [===============>..............] - ETA: 6:44 - loss: 56.6697 - ACC: 0.2112233/414 [===============>..............] - ETA: 6:42 - loss: 56.6031 - ACC: 0.2114234/414 [===============>..............] - ETA: 6:40 - loss: 56.5501 - ACC: 0.2118235/414 [================>.............] - ETA: 6:38 - loss: 56.5078 - ACC: 0.2117236/414 [================>.............] - ETA: 6:36 - loss: 56.6267 - ACC: 0.2119237/414 [================>.............] - ETA: 6:34 - loss: 56.7869 - ACC: 0.2115238/414 [================>.............] - ETA: 6:31 - loss: 56.9109 - ACC: 0.2109239/414 [================>.............] - ETA: 6:29 - loss: 56.8154 - ACC: 0.2110240/414 [================>.............] - ETA: 6:27 - loss: 56.6494 - ACC: 0.2122241/414 [================>.............] - ETA: 6:25 - loss: 56.4874 - ACC: 0.2134242/414 [================>.............] - ETA: 6:23 - loss: 56.4055 - ACC: 0.2133243/414 [================>.............] - ETA: 6:21 - loss: 56.3124 - ACC: 0.2137244/414 [================>.............] - ETA: 6:18 - loss: 56.3031 - ACC: 0.2134245/414 [================>.............] - ETA: 6:16 - loss: 56.4072 - ACC: 0.2128246/414 [================>.............] - ETA: 6:14 - loss: 56.3349 - ACC: 0.2124247/414 [================>.............] - ETA: 6:11 - loss: 56.2695 - ACC: 0.2128248/414 [================>.............] - ETA: 6:09 - loss: 56.2318 - ACC: 0.2127249/414 [=================>............] - ETA: 6:07 - loss: 56.2328 - ACC: 0.2126250/414 [=================>............] - ETA: 6:05 - loss: 56.1318 - ACC: 0.2122251/414 [=================>............] - ETA: 6:02 - loss: 56.1198 - ACC: 0.2122252/414 [=================>............] - ETA: 6:00 - loss: 56.0297 - ACC: 0.2116253/414 [=================>............] - ETA: 5:58 - loss: 55.9949 - ACC: 0.2115254/414 [=================>............] - ETA: 5:56 - loss: 56.0116 - ACC: 0.2106255/414 [=================>............] - ETA: 5:54 - loss: 56.0563 - ACC: 0.2105256/414 [=================>............] - ETA: 5:51 - loss: 56.0588 - ACC: 0.2107257/414 [=================>............] - ETA: 5:49 - loss: 55.9770 - ACC: 0.2111258/414 [=================>............] - ETA: 5:47 - loss: 55.8803 - ACC: 0.2115259/414 [=================>............] - ETA: 5:44 - loss: 55.8387 - ACC: 0.2114260/414 [=================>............] - ETA: 5:42 - loss: 55.7581 - ACC: 0.2120261/414 [=================>............] - ETA: 5:40 - loss: 55.9868 - ACC: 0.2114262/414 [=================>............] - ETA: 5:38 - loss: 56.0044 - ACC: 0.2109263/414 [==================>...........] - ETA: 5:35 - loss: 56.0154 - ACC: 0.2110264/414 [==================>...........] - ETA: 5:33 - loss: 55.9670 - ACC: 0.2112265/414 [==================>...........] - ETA: 5:31 - loss: 55.8991 - ACC: 0.2106266/414 [==================>...........] - ETA: 5:29 - loss: 55.7485 - ACC: 0.2112267/414 [==================>...........] - ETA: 5:27 - loss: 55.6509 - ACC: 0.2111268/414 [==================>...........] - ETA: 5:25 - loss: 55.5512 - ACC: 0.2118269/414 [==================>...........] - ETA: 5:23 - loss: 55.6453 - ACC: 0.2114270/414 [==================>...........] - ETA: 5:21 - loss: 55.5686 - ACC: 0.2116271/414 [==================>...........] - ETA: 5:19 - loss: 55.5732 - ACC: 0.2115272/414 [==================>...........] - ETA: 5:16 - loss: 55.5091 - ACC: 0.2112273/414 [==================>...........] - ETA: 5:14 - loss: 55.6525 - ACC: 0.2104274/414 [==================>...........] - ETA: 5:12 - loss: 55.5807 - ACC: 0.2108275/414 [==================>...........] - ETA: 5:10 - loss: 55.4747 - ACC: 0.2107276/414 [===================>..........] - ETA: 5:07 - loss: 55.5082 - ACC: 0.2104277/414 [===================>..........] - ETA: 5:05 - loss: 55.5356 - ACC: 0.2110278/414 [===================>..........] - ETA: 5:03 - loss: 55.5921 - ACC: 0.2107279/414 [===================>..........] - ETA: 5:01 - loss: 55.4955 - ACC: 0.2108280/414 [===================>..........] - ETA: 4:59 - loss: 55.4794 - ACC: 0.2112281/414 [===================>..........] - ETA: 4:56 - loss: 55.3687 - ACC: 0.2111282/414 [===================>..........] - ETA: 4:54 - loss: 55.2455 - ACC: 0.2112283/414 [===================>..........] - ETA: 4:52 - loss: 55.1817 - ACC: 0.2114284/414 [===================>..........] - ETA: 4:50 - loss: 55.1045 - ACC: 0.2115285/414 [===================>..........] - ETA: 4:47 - loss: 55.1665 - ACC: 0.2112286/414 [===================>..........] - ETA: 4:45 - loss: 55.1561 - ACC: 0.2113287/414 [===================>..........] - ETA: 4:43 - loss: 55.1749 - ACC: 0.2112288/414 [===================>..........] - ETA: 4:41 - loss: 55.2189 - ACC: 0.2107289/414 [===================>..........] - ETA: 4:38 - loss: 55.1584 - ACC: 0.2109290/414 [====================>.........] - ETA: 4:36 - loss: 55.0213 - ACC: 0.2114291/414 [====================>.........] - ETA: 4:34 - loss: 55.0628 - ACC: 0.2116292/414 [====================>.........] - ETA: 4:31 - loss: 55.0218 - ACC: 0.2115293/414 [====================>.........] - ETA: 4:29 - loss: 55.0795 - ACC: 0.2114294/414 [====================>.........] - ETA: 4:27 - loss: 54.9965 - ACC: 0.2117295/414 [====================>.........] - ETA: 4:25 - loss: 55.0338 - ACC: 0.2117296/414 [====================>.........] - ETA: 4:23 - loss: 54.9562 - ACC: 0.2118297/414 [====================>.........] - ETA: 4:20 - loss: 54.9159 - ACC: 0.2119298/414 [====================>.........] - ETA: 4:18 - loss: 54.8623 - ACC: 0.2118299/414 [====================>.........] - ETA: 4:16 - loss: 54.9444 - ACC: 0.2113300/414 [====================>.........] - ETA: 4:14 - loss: 54.8847 - ACC: 0.2113301/414 [====================>.........] - ETA: 4:12 - loss: 54.8523 - ACC: 0.2110302/414 [====================>.........] - ETA: 4:09 - loss: 54.8698 - ACC: 0.2109303/414 [====================>.........] - ETA: 4:07 - loss: 54.9258 - ACC: 0.2104304/414 [=====================>........] - ETA: 4:05 - loss: 54.8784 - ACC: 0.2107305/414 [=====================>........] - ETA: 4:03 - loss: 54.9837 - ACC: 0.2107306/414 [=====================>........] - ETA: 4:01 - loss: 54.9072 - ACC: 0.2102307/414 [=====================>........] - ETA: 3:58 - loss: 54.8608 - ACC: 0.2103308/414 [=====================>........] - ETA: 3:56 - loss: 54.7879 - ACC: 0.2114309/414 [=====================>........] - ETA: 3:54 - loss: 54.7125 - ACC: 0.2116310/414 [=====================>........] - ETA: 3:52 - loss: 54.7175 - ACC: 0.2117311/414 [=====================>........] - ETA: 3:49 - loss: 54.7309 - ACC: 0.2112312/414 [=====================>........] - ETA: 3:47 - loss: 55.0414 - ACC: 0.2107313/414 [=====================>........] - ETA: 3:45 - loss: 55.2197 - ACC: 0.2105314/414 [=====================>........] - ETA: 3:43 - loss: 55.1867 - ACC: 0.2100315/414 [=====================>........] - ETA: 3:40 - loss: 55.1384 - ACC: 0.2103316/414 [=====================>........] - ETA: 3:38 - loss: 55.2059 - ACC: 0.2102317/414 [=====================>........] - ETA: 3:36 - loss: 55.1694 - ACC: 0.2106318/414 [======================>.......] - ETA: 3:34 - loss: 55.2544 - ACC: 0.2107319/414 [======================>.......] - ETA: 3:31 - loss: 55.3013 - ACC: 0.2108320/414 [======================>.......] - ETA: 3:29 - loss: 55.5394 - ACC: 0.2107321/414 [======================>.......] - ETA: 3:27 - loss: 55.5997 - ACC: 0.2105322/414 [======================>.......] - ETA: 3:25 - loss: 55.7201 - ACC: 0.2102323/414 [======================>.......] - ETA: 3:23 - loss: 55.7627 - ACC: 0.2099324/414 [======================>.......] - ETA: 3:21 - loss: 55.7276 - ACC: 0.2097325/414 [======================>.......] - ETA: 3:18 - loss: 55.6857 - ACC: 0.2094326/414 [======================>.......] - ETA: 3:16 - loss: 55.6554 - ACC: 0.2090327/414 [======================>.......] - ETA: 3:14 - loss: 55.5972 - ACC: 0.2091328/414 [======================>.......] - ETA: 3:12 - loss: 55.5361 - ACC: 0.2096329/414 [======================>.......] - ETA: 3:09 - loss: 55.6481 - ACC: 0.2092330/414 [======================>.......] - ETA: 3:07 - loss: 55.6433 - ACC: 0.2085331/414 [======================>.......] - ETA: 3:05 - loss: 55.5862 - ACC: 0.2085332/414 [=======================>......] - ETA: 3:03 - loss: 55.5754 - ACC: 0.2086333/414 [=======================>......] - ETA: 3:00 - loss: 55.5086 - ACC: 0.2085334/414 [=======================>......] - ETA: 2:58 - loss: 55.4858 - ACC: 0.2081335/414 [=======================>......] - ETA: 2:56 - loss: 55.5765 - ACC: 0.2082336/414 [=======================>......] - ETA: 2:54 - loss: 55.5223 - ACC: 0.2081337/414 [=======================>......] - ETA: 2:51 - loss: 55.4483 - ACC: 0.2079338/414 [=======================>......] - ETA: 2:49 - loss: 55.4161 - ACC: 0.2075339/414 [=======================>......] - ETA: 2:47 - loss: 55.3060 - ACC: 0.2085340/414 [=======================>......] - ETA: 2:45 - loss: 55.2502 - ACC: 0.2088341/414 [=======================>......] - ETA: 2:43 - loss: 55.2939 - ACC: 0.2088342/414 [=======================>......] - ETA: 2:40 - loss: 55.2757 - ACC: 0.2085343/414 [=======================>......] - ETA: 2:38 - loss: 55.1660 - ACC: 0.2092344/414 [=======================>......] - ETA: 2:36 - loss: 55.0615 - ACC: 0.2098345/414 [========================>.....] - ETA: 2:34 - loss: 54.9628 - ACC: 0.2100346/414 [========================>.....] - ETA: 2:31 - loss: 54.9384 - ACC: 0.2103347/414 [========================>.....] - ETA: 2:29 - loss: 54.8392 - ACC: 0.2107348/414 [========================>.....] - ETA: 2:27 - loss: 54.7979 - ACC: 0.2105349/414 [========================>.....] - ETA: 2:25 - loss: 54.7377 - ACC: 0.2104350/414 [========================>.....] - ETA: 2:22 - loss: 54.6651 - ACC: 0.2107351/414 [========================>.....] - ETA: 2:20 - loss: 54.6353 - ACC: 0.2112352/414 [========================>.....] - ETA: 2:18 - loss: 54.6241 - ACC: 0.2113353/414 [========================>.....] - ETA: 2:16 - loss: 54.5758 - ACC: 0.2118354/414 [========================>.....] - ETA: 2:13 - loss: 54.4771 - ACC: 0.2115355/414 [========================>.....] - ETA: 2:11 - loss: 54.5048 - ACC: 0.2116356/414 [========================>.....] - ETA: 2:09 - loss: 54.4649 - ACC: 0.2119357/414 [========================>.....] - ETA: 2:07 - loss: 54.4295 - ACC: 0.2118358/414 [========================>.....] - ETA: 2:05 - loss: 54.3231 - ACC: 0.2121359/414 [=========================>....] - ETA: 2:02 - loss: 54.2484 - ACC: 0.2119360/414 [=========================>....] - ETA: 2:00 - loss: 54.1697 - ACC: 0.2116361/414 [=========================>....] - ETA: 1:58 - loss: 54.1302 - ACC: 0.2116362/414 [=========================>....] - ETA: 1:56 - loss: 54.1148 - ACC: 0.2117363/414 [=========================>....] - ETA: 1:53 - loss: 54.0444 - ACC: 0.2116364/414 [=========================>....] - ETA: 1:51 - loss: 53.9725 - ACC: 0.2119365/414 [=========================>....] - ETA: 1:49 - loss: 53.9189 - ACC: 0.2122366/414 [=========================>....] - ETA: 1:47 - loss: 53.8654 - ACC: 0.2119367/414 [=========================>....] - ETA: 1:44 - loss: 53.8646 - ACC: 0.2117368/414 [=========================>....] - ETA: 1:42 - loss: 53.8545 - ACC: 0.2121369/414 [=========================>....] - ETA: 1:40 - loss: 53.9280 - ACC: 0.2121370/414 [=========================>....] - ETA: 1:38 - loss: 53.9527 - ACC: 0.2118371/414 [=========================>....] - ETA: 1:35 - loss: 53.8651 - ACC: 0.2121372/414 [=========================>....] - ETA: 1:33 - loss: 53.7701 - ACC: 0.2124373/414 [==========================>...] - ETA: 1:31 - loss: 53.7074 - ACC: 0.2125374/414 [==========================>...] - ETA: 1:29 - loss: 53.6637 - ACC: 0.2126375/414 [==========================>...] - ETA: 1:27 - loss: 53.6231 - ACC: 0.2123376/414 [==========================>...] - ETA: 1:24 - loss: 53.5851 - ACC: 0.2124377/414 [==========================>...] - ETA: 1:22 - loss: 53.6301 - ACC: 0.2122378/414 [==========================>...] - ETA: 1:20 - loss: 53.7149 - ACC: 0.2120379/414 [==========================>...] - ETA: 1:18 - loss: 53.7177 - ACC: 0.2119380/414 [==========================>...] - ETA: 1:15 - loss: 53.6720 - ACC: 0.2123381/414 [==========================>...] - ETA: 1:13 - loss: 53.6731 - ACC: 0.2128382/414 [==========================>...] - ETA: 1:11 - loss: 53.5879 - ACC: 0.2132383/414 [==========================>...] - ETA: 1:09 - loss: 53.5820 - ACC: 0.2131384/414 [==========================>...] - ETA: 1:06 - loss: 53.5389 - ACC: 0.2129385/414 [==========================>...] - ETA: 1:04 - loss: 53.4802 - ACC: 0.2128386/414 [==========================>...] - ETA: 1:02 - loss: 53.4226 - ACC: 0.2132387/414 [===========================>..] - ETA: 1:00 - loss: 53.4179 - ACC: 0.2130388/414 [===========================>..] - ETA: 58s - loss: 53.3684 - ACC: 0.2126 389/414 [===========================>..] - ETA: 55s - loss: 53.3444 - ACC: 0.2127390/414 [===========================>..] - ETA: 53s - loss: 53.3803 - ACC: 0.2125391/414 [===========================>..] - ETA: 51s - loss: 53.4680 - ACC: 0.2124392/414 [===========================>..] - ETA: 49s - loss: 53.3507 - ACC: 0.2133393/414 [===========================>..] - ETA: 46s - loss: 53.3893 - ACC: 0.2129394/414 [===========================>..] - ETA: 44s - loss: 53.3777 - ACC: 0.2127395/414 [===========================>..] - ETA: 42s - loss: 53.3115 - ACC: 0.2125396/414 [===========================>..] - ETA: 40s - loss: 53.7287 - ACC: 0.2120397/414 [===========================>..] - ETA: 37s - loss: 53.8590 - ACC: 0.2119398/414 [===========================>..] - ETA: 35s - loss: 53.8101 - ACC: 0.2114399/414 [===========================>..] - ETA: 33s - loss: 53.8982 - ACC: 0.2112400/414 [===========================>..] - ETA: 31s - loss: 53.9040 - ACC: 0.2114401/414 [============================>.] - ETA: 29s - loss: 53.8503 - ACC: 0.2112402/414 [============================>.] - ETA: 26s - loss: 53.8813 - ACC: 0.2110403/414 [============================>.] - ETA: 24s - loss: 54.0432 - ACC: 0.2109404/414 [============================>.] - ETA: 22s - loss: 54.1303 - ACC: 0.2106405/414 [============================>.] - ETA: 20s - loss: 54.1618 - ACC: 0.2103406/414 [============================>.] - ETA: 17s - loss: 54.1820 - ACC: 0.2106407/414 [============================>.] - ETA: 15s - loss: 54.1236 - ACC: 0.2113408/414 [============================>.] - ETA: 13s - loss: 54.0633 - ACC: 0.2114409/414 [============================>.] - ETA: 11s - loss: 54.0625 - ACC: 0.2115410/414 [============================>.] - ETA: 8s - loss: 54.1019 - ACC: 0.2114 411/414 [============================>.] - ETA: 6s - loss: 54.2010 - ACC: 0.2112412/414 [============================>.] - ETA: 4s - loss: 54.2939 - ACC: 0.2113413/414 [============================>.] - ETA: 2s - loss: 54.7252 - ACC: 0.2108414/414 [==============================] - ETA: 0s - loss: 54.7850 - ACC: 0.2107414/414 [==============================] - 1151s 3s/step - loss: 54.7850 - ACC: 0.2107 - val_loss: 178.9139 - val_ACC: 0.1191
Epoch 19/30
  1/414 [..............................] - ETA: 0s - loss: 65.5742 - ACC: 0.1875  2/414 [..............................] - ETA: 7:27 - loss: 50.2806 - ACC: 0.2500  3/414 [..............................] - ETA: 9:45 - loss: 47.6907 - ACC: 0.2083  4/414 [..............................] - ETA: 11:16 - loss: 63.8729 - ACC: 0.2031  5/414 [..............................] - ETA: 12:05 - loss: 109.6654 - ACC: 0.1750  6/414 [..............................] - ETA: 12:53 - loss: 126.5513 - ACC: 0.1667  7/414 [..............................] - ETA: 13:00 - loss: 116.1101 - ACC: 0.1786  8/414 [..............................] - ETA: 13:16 - loss: 106.3978 - ACC: 0.1797  9/414 [..............................] - ETA: 13:24 - loss: 102.9326 - ACC: 0.1875 10/414 [..............................] - ETA: 13:44 - loss: 125.5081 - ACC: 0.1750 11/414 [..............................] - ETA: 13:53 - loss: 119.5435 - ACC: 0.1648 12/414 [..............................] - ETA: 13:56 - loss: 115.6313 - ACC: 0.1667 13/414 [..............................] - ETA: 13:51 - loss: 119.7885 - ACC: 0.1538 14/414 [>.............................] - ETA: 13:56 - loss: 113.8253 - ACC: 0.1652 15/414 [>.............................] - ETA: 13:55 - loss: 115.7264 - ACC: 0.1625 16/414 [>.............................] - ETA: 14:01 - loss: 119.8340 - ACC: 0.1641 17/414 [>.............................] - ETA: 13:59 - loss: 119.5276 - ACC: 0.1581 18/414 [>.............................] - ETA: 13:59 - loss: 117.6923 - ACC: 0.1632 19/414 [>.............................] - ETA: 14:00 - loss: 114.0819 - ACC: 0.1645 20/414 [>.............................] - ETA: 14:01 - loss: 112.8979 - ACC: 0.1625 21/414 [>.............................] - ETA: 13:57 - loss: 114.0216 - ACC: 0.1577 22/414 [>.............................] - ETA: 13:54 - loss: 111.5974 - ACC: 0.1676 23/414 [>.............................] - ETA: 13:52 - loss: 110.4648 - ACC: 0.1685 24/414 [>.............................] - ETA: 13:52 - loss: 112.4279 - ACC: 0.1641 25/414 [>.............................] - ETA: 13:49 - loss: 110.3890 - ACC: 0.1625 26/414 [>.............................] - ETA: 13:51 - loss: 108.5968 - ACC: 0.1659 27/414 [>.............................] - ETA: 13:50 - loss: 107.8130 - ACC: 0.1620 28/414 [=>............................] - ETA: 13:44 - loss: 110.1259 - ACC: 0.1607 29/414 [=>............................] - ETA: 13:42 - loss: 108.1720 - ACC: 0.1681 30/414 [=>............................] - ETA: 13:42 - loss: 107.4142 - ACC: 0.1667 31/414 [=>............................] - ETA: 13:41 - loss: 106.5283 - ACC: 0.1694 32/414 [=>............................] - ETA: 13:36 - loss: 104.5519 - ACC: 0.1699 33/414 [=>............................] - ETA: 13:40 - loss: 102.2040 - ACC: 0.1780 34/414 [=>............................] - ETA: 13:42 - loss: 100.7519 - ACC: 0.1801 35/414 [=>............................] - ETA: 13:44 - loss: 100.0792 - ACC: 0.1786 36/414 [=>............................] - ETA: 13:42 - loss: 98.8180 - ACC: 0.1806  37/414 [=>............................] - ETA: 13:42 - loss: 96.5729 - ACC: 0.1875 38/414 [=>............................] - ETA: 13:42 - loss: 97.9097 - ACC: 0.1891 39/414 [=>............................] - ETA: 13:40 - loss: 96.5831 - ACC: 0.1923 40/414 [=>............................] - ETA: 13:39 - loss: 96.0036 - ACC: 0.1937 41/414 [=>............................] - ETA: 13:35 - loss: 95.6378 - ACC: 0.1890 42/414 [==>...........................] - ETA: 13:38 - loss: 95.2667 - ACC: 0.1890 43/414 [==>...........................] - ETA: 13:37 - loss: 94.7125 - ACC: 0.1890 44/414 [==>...........................] - ETA: 13:35 - loss: 93.8666 - ACC: 0.1861 45/414 [==>...........................] - ETA: 13:35 - loss: 93.3854 - ACC: 0.1847 46/414 [==>...........................] - ETA: 13:32 - loss: 96.2094 - ACC: 0.1821 47/414 [==>...........................] - ETA: 13:32 - loss: 94.9961 - ACC: 0.1795 48/414 [==>...........................] - ETA: 13:28 - loss: 96.0216 - ACC: 0.1771 49/414 [==>...........................] - ETA: 13:26 - loss: 96.1188 - ACC: 0.1747 50/414 [==>...........................] - ETA: 13:21 - loss: 95.1616 - ACC: 0.1750 51/414 [==>...........................] - ETA: 13:23 - loss: 94.4002 - ACC: 0.1728 52/414 [==>...........................] - ETA: 13:23 - loss: 94.6168 - ACC: 0.1743 53/414 [==>...........................] - ETA: 13:21 - loss: 95.1761 - ACC: 0.1745 54/414 [==>...........................] - ETA: 13:19 - loss: 95.4446 - ACC: 0.1713 55/414 [==>...........................] - ETA: 13:17 - loss: 96.2093 - ACC: 0.1716 56/414 [===>..........................] - ETA: 13:15 - loss: 96.3047 - ACC: 0.1719 57/414 [===>..........................] - ETA: 13:12 - loss: 95.7302 - ACC: 0.1711 58/414 [===>..........................] - ETA: 13:13 - loss: 94.3990 - ACC: 0.1703 59/414 [===>..........................] - ETA: 13:09 - loss: 94.2038 - ACC: 0.1716 60/414 [===>..........................] - ETA: 13:07 - loss: 93.6390 - ACC: 0.1750 61/414 [===>..........................] - ETA: 13:05 - loss: 93.3542 - ACC: 0.1762 62/414 [===>..........................] - ETA: 13:01 - loss: 92.5655 - ACC: 0.1764 63/414 [===>..........................] - ETA: 12:58 - loss: 92.3205 - ACC: 0.1746 64/414 [===>..........................] - ETA: 12:55 - loss: 91.9701 - ACC: 0.1719 65/414 [===>..........................] - ETA: 12:52 - loss: 91.9495 - ACC: 0.1731 66/414 [===>..........................] - ETA: 12:49 - loss: 90.8960 - ACC: 0.1742 67/414 [===>..........................] - ETA: 12:49 - loss: 90.3493 - ACC: 0.1763 68/414 [===>..........................] - ETA: 12:47 - loss: 89.7763 - ACC: 0.1783 69/414 [====>.........................] - ETA: 12:45 - loss: 89.5229 - ACC: 0.1803 70/414 [====>.........................] - ETA: 12:45 - loss: 89.1753 - ACC: 0.1830 71/414 [====>.........................] - ETA: 12:45 - loss: 89.5849 - ACC: 0.1822 72/414 [====>.........................] - ETA: 12:43 - loss: 89.1812 - ACC: 0.1806 73/414 [====>.........................] - ETA: 12:42 - loss: 88.8470 - ACC: 0.1789 74/414 [====>.........................] - ETA: 12:39 - loss: 88.5711 - ACC: 0.1774 75/414 [====>.........................] - ETA: 12:36 - loss: 88.8311 - ACC: 0.1767 76/414 [====>.........................] - ETA: 12:33 - loss: 88.7920 - ACC: 0.1752 77/414 [====>.........................] - ETA: 12:32 - loss: 88.1836 - ACC: 0.1753 78/414 [====>.........................] - ETA: 12:29 - loss: 88.3738 - ACC: 0.1739 79/414 [====>.........................] - ETA: 12:27 - loss: 87.7358 - ACC: 0.1772 80/414 [====>.........................] - ETA: 12:24 - loss: 87.2926 - ACC: 0.1766 81/414 [====>.........................] - ETA: 12:22 - loss: 86.7966 - ACC: 0.1767 82/414 [====>.........................] - ETA: 12:20 - loss: 86.6581 - ACC: 0.1768 83/414 [=====>........................] - ETA: 12:18 - loss: 85.9663 - ACC: 0.1800 84/414 [=====>........................] - ETA: 12:15 - loss: 85.5863 - ACC: 0.1801 85/414 [=====>........................] - ETA: 12:12 - loss: 85.1129 - ACC: 0.1787 86/414 [=====>........................] - ETA: 12:10 - loss: 84.4594 - ACC: 0.1802 87/414 [=====>........................] - ETA: 12:07 - loss: 83.7281 - ACC: 0.1818 88/414 [=====>........................] - ETA: 12:05 - loss: 83.5396 - ACC: 0.1818 89/414 [=====>........................] - ETA: 12:03 - loss: 82.8364 - ACC: 0.1826 90/414 [=====>........................] - ETA: 12:01 - loss: 82.8186 - ACC: 0.1833 91/414 [=====>........................] - ETA: 11:59 - loss: 82.8083 - ACC: 0.1827 92/414 [=====>........................] - ETA: 11:56 - loss: 82.4025 - ACC: 0.1827 93/414 [=====>........................] - ETA: 11:55 - loss: 82.0773 - ACC: 0.1828 94/414 [=====>........................] - ETA: 11:52 - loss: 81.7717 - ACC: 0.1822 95/414 [=====>........................] - ETA: 11:49 - loss: 81.4954 - ACC: 0.1829 96/414 [=====>........................] - ETA: 11:47 - loss: 81.5875 - ACC: 0.1829 97/414 [======>.......................] - ETA: 11:45 - loss: 81.6832 - ACC: 0.1817 98/414 [======>.......................] - ETA: 11:43 - loss: 81.3716 - ACC: 0.1818 99/414 [======>.......................] - ETA: 11:40 - loss: 81.1474 - ACC: 0.1812100/414 [======>.......................] - ETA: 11:38 - loss: 81.1424 - ACC: 0.1794101/414 [======>.......................] - ETA: 11:35 - loss: 80.6266 - ACC: 0.1813102/414 [======>.......................] - ETA: 11:34 - loss: 80.2046 - ACC: 0.1814103/414 [======>.......................] - ETA: 11:31 - loss: 79.6228 - ACC: 0.1820104/414 [======>.......................] - ETA: 11:30 - loss: 79.0871 - ACC: 0.1839105/414 [======>.......................] - ETA: 11:28 - loss: 78.5881 - ACC: 0.1845106/414 [======>.......................] - ETA: 11:25 - loss: 78.6334 - ACC: 0.1846107/414 [======>.......................] - ETA: 11:24 - loss: 78.4805 - ACC: 0.1846108/414 [======>.......................] - ETA: 11:21 - loss: 78.1642 - ACC: 0.1840109/414 [======>.......................] - ETA: 11:20 - loss: 78.4803 - ACC: 0.1835110/414 [======>.......................] - ETA: 11:17 - loss: 78.2177 - ACC: 0.1835111/414 [=======>......................] - ETA: 11:14 - loss: 77.6897 - ACC: 0.1852112/414 [=======>......................] - ETA: 11:12 - loss: 77.3650 - ACC: 0.1853113/414 [=======>......................] - ETA: 11:11 - loss: 76.9317 - ACC: 0.1858114/414 [=======>......................] - ETA: 11:08 - loss: 76.8641 - ACC: 0.1880115/414 [=======>......................] - ETA: 11:06 - loss: 76.6044 - ACC: 0.1886116/414 [=======>......................] - ETA: 11:04 - loss: 76.2403 - ACC: 0.1886117/414 [=======>......................] - ETA: 11:02 - loss: 75.7957 - ACC: 0.1891118/414 [=======>......................] - ETA: 10:59 - loss: 75.4441 - ACC: 0.1923119/414 [=======>......................] - ETA: 10:56 - loss: 75.0888 - ACC: 0.1922120/414 [=======>......................] - ETA: 10:54 - loss: 74.7644 - ACC: 0.1937121/414 [=======>......................] - ETA: 10:51 - loss: 74.9083 - ACC: 0.1942122/414 [=======>......................] - ETA: 10:48 - loss: 74.7533 - ACC: 0.1957123/414 [=======>......................] - ETA: 10:46 - loss: 74.3845 - ACC: 0.1972124/414 [=======>......................] - ETA: 10:44 - loss: 73.9299 - ACC: 0.1976125/414 [========>.....................] - ETA: 10:41 - loss: 74.2979 - ACC: 0.1980126/414 [========>.....................] - ETA: 10:39 - loss: 73.8788 - ACC: 0.2004127/414 [========>.....................] - ETA: 10:36 - loss: 73.5559 - ACC: 0.2003128/414 [========>.....................] - ETA: 10:34 - loss: 73.3692 - ACC: 0.2002129/414 [========>.....................] - ETA: 10:34 - loss: 73.2663 - ACC: 0.1996130/414 [========>.....................] - ETA: 10:31 - loss: 72.8717 - ACC: 0.2005131/414 [========>.....................] - ETA: 10:29 - loss: 72.7179 - ACC: 0.1994132/414 [========>.....................] - ETA: 10:26 - loss: 72.5272 - ACC: 0.1993133/414 [========>.....................] - ETA: 10:24 - loss: 72.1910 - ACC: 0.2011134/414 [========>.....................] - ETA: 10:22 - loss: 71.7418 - ACC: 0.2029135/414 [========>.....................] - ETA: 10:20 - loss: 71.7175 - ACC: 0.2023136/414 [========>.....................] - ETA: 10:17 - loss: 71.3663 - ACC: 0.2031137/414 [========>.....................] - ETA: 10:15 - loss: 71.3501 - ACC: 0.2030138/414 [=========>....................] - ETA: 10:13 - loss: 71.3181 - ACC: 0.2024139/414 [=========>....................] - ETA: 10:12 - loss: 70.9776 - ACC: 0.2032140/414 [=========>....................] - ETA: 10:10 - loss: 70.9965 - ACC: 0.2022141/414 [=========>....................] - ETA: 10:07 - loss: 70.9773 - ACC: 0.2017142/414 [=========>....................] - ETA: 10:05 - loss: 70.8553 - ACC: 0.2020143/414 [=========>....................] - ETA: 10:02 - loss: 70.4755 - ACC: 0.2032144/414 [=========>....................] - ETA: 10:00 - loss: 70.3511 - ACC: 0.2036145/414 [=========>....................] - ETA: 9:58 - loss: 70.1740 - ACC: 0.2030 146/414 [=========>....................] - ETA: 9:56 - loss: 70.0338 - ACC: 0.2033147/414 [=========>....................] - ETA: 9:54 - loss: 69.9515 - ACC: 0.2037148/414 [=========>....................] - ETA: 9:51 - loss: 69.9677 - ACC: 0.2031149/414 [=========>....................] - ETA: 9:48 - loss: 69.7936 - ACC: 0.2030150/414 [=========>....................] - ETA: 9:46 - loss: 69.5264 - ACC: 0.2033151/414 [=========>....................] - ETA: 9:44 - loss: 69.3045 - ACC: 0.2028152/414 [==========>...................] - ETA: 9:41 - loss: 69.1004 - ACC: 0.2031153/414 [==========>...................] - ETA: 9:39 - loss: 68.8612 - ACC: 0.2034154/414 [==========>...................] - ETA: 9:37 - loss: 68.6305 - ACC: 0.2037155/414 [==========>...................] - ETA: 9:35 - loss: 68.5602 - ACC: 0.2040156/414 [==========>...................] - ETA: 9:33 - loss: 68.3495 - ACC: 0.2039157/414 [==========>...................] - ETA: 9:30 - loss: 68.1323 - ACC: 0.2034158/414 [==========>...................] - ETA: 9:28 - loss: 68.0330 - ACC: 0.2029159/414 [==========>...................] - ETA: 9:25 - loss: 67.9038 - ACC: 0.2036160/414 [==========>...................] - ETA: 9:23 - loss: 67.7824 - ACC: 0.2039161/414 [==========>...................] - ETA: 9:20 - loss: 67.8225 - ACC: 0.2038162/414 [==========>...................] - ETA: 9:18 - loss: 67.6457 - ACC: 0.2041163/414 [==========>...................] - ETA: 9:16 - loss: 67.5223 - ACC: 0.2044164/414 [==========>...................] - ETA: 9:14 - loss: 67.3729 - ACC: 0.2054165/414 [==========>...................] - ETA: 9:12 - loss: 67.1339 - ACC: 0.2057166/414 [===========>..................] - ETA: 9:09 - loss: 67.0201 - ACC: 0.2056167/414 [===========>..................] - ETA: 9:08 - loss: 66.8536 - ACC: 0.2051168/414 [===========>..................] - ETA: 9:06 - loss: 66.6389 - ACC: 0.2046169/414 [===========>..................] - ETA: 9:04 - loss: 66.6846 - ACC: 0.2045170/414 [===========>..................] - ETA: 9:01 - loss: 66.5508 - ACC: 0.2051171/414 [===========>..................] - ETA: 8:59 - loss: 66.3216 - ACC: 0.2065172/414 [===========>..................] - ETA: 8:57 - loss: 66.1211 - ACC: 0.2071173/414 [===========>..................] - ETA: 8:55 - loss: 66.2077 - ACC: 0.2077174/414 [===========>..................] - ETA: 8:53 - loss: 66.0380 - ACC: 0.2069175/414 [===========>..................] - ETA: 8:51 - loss: 65.8094 - ACC: 0.2075176/414 [===========>..................] - ETA: 8:49 - loss: 65.6907 - ACC: 0.2070177/414 [===========>..................] - ETA: 8:46 - loss: 65.5698 - ACC: 0.2076178/414 [===========>..................] - ETA: 8:44 - loss: 65.4122 - ACC: 0.2075179/414 [===========>..................] - ETA: 8:42 - loss: 65.2868 - ACC: 0.2071180/414 [============>.................] - ETA: 8:40 - loss: 65.2742 - ACC: 0.2069181/414 [============>.................] - ETA: 8:38 - loss: 65.2185 - ACC: 0.2065182/414 [============>.................] - ETA: 8:35 - loss: 64.9975 - ACC: 0.2071183/414 [============>.................] - ETA: 8:33 - loss: 64.7789 - ACC: 0.2066184/414 [============>.................] - ETA: 8:31 - loss: 64.5862 - ACC: 0.2069185/414 [============>.................] - ETA: 8:29 - loss: 64.4901 - ACC: 0.2084186/414 [============>.................] - ETA: 8:27 - loss: 64.3956 - ACC: 0.2090187/414 [============>.................] - ETA: 8:24 - loss: 64.2640 - ACC: 0.2086188/414 [============>.................] - ETA: 8:22 - loss: 64.1076 - ACC: 0.2084189/414 [============>.................] - ETA: 8:21 - loss: 64.0594 - ACC: 0.2087190/414 [============>.................] - ETA: 8:18 - loss: 63.8265 - ACC: 0.2099191/414 [============>.................] - ETA: 8:16 - loss: 63.5724 - ACC: 0.2107192/414 [============>.................] - ETA: 8:14 - loss: 63.5618 - ACC: 0.2113193/414 [============>.................] - ETA: 8:12 - loss: 63.3558 - ACC: 0.2115194/414 [=============>................] - ETA: 8:10 - loss: 63.3297 - ACC: 0.2107195/414 [=============>................] - ETA: 8:08 - loss: 63.5457 - ACC: 0.2106196/414 [=============>................] - ETA: 8:06 - loss: 63.4555 - ACC: 0.2108197/414 [=============>................] - ETA: 8:03 - loss: 63.3153 - ACC: 0.2103198/414 [=============>................] - ETA: 8:01 - loss: 63.1379 - ACC: 0.2099199/414 [=============>................] - ETA: 7:58 - loss: 63.0081 - ACC: 0.2098200/414 [=============>................] - ETA: 7:56 - loss: 62.8196 - ACC: 0.2113201/414 [=============>................] - ETA: 7:53 - loss: 62.6427 - ACC: 0.2114202/414 [=============>................] - ETA: 7:52 - loss: 62.5447 - ACC: 0.2113203/414 [=============>................] - ETA: 7:49 - loss: 62.5430 - ACC: 0.2109204/414 [=============>................] - ETA: 7:47 - loss: 62.6341 - ACC: 0.2108205/414 [=============>................] - ETA: 7:45 - loss: 62.4782 - ACC: 0.2110206/414 [=============>................] - ETA: 7:42 - loss: 62.3184 - ACC: 0.2118207/414 [==============>...............] - ETA: 7:40 - loss: 62.2837 - ACC: 0.2120208/414 [==============>...............] - ETA: 7:38 - loss: 62.1142 - ACC: 0.2124209/414 [==============>...............] - ETA: 7:36 - loss: 61.9970 - ACC: 0.2129210/414 [==============>...............] - ETA: 7:34 - loss: 61.8109 - ACC: 0.2134211/414 [==============>...............] - ETA: 7:31 - loss: 61.5844 - ACC: 0.2136212/414 [==============>...............] - ETA: 7:29 - loss: 61.5857 - ACC: 0.2143213/414 [==============>...............] - ETA: 7:26 - loss: 61.3821 - ACC: 0.2148214/414 [==============>...............] - ETA: 7:24 - loss: 61.3116 - ACC: 0.2144215/414 [==============>...............] - ETA: 7:22 - loss: 61.3176 - ACC: 0.2142216/414 [==============>...............] - ETA: 7:20 - loss: 61.2800 - ACC: 0.2138217/414 [==============>...............] - ETA: 7:17 - loss: 61.4173 - ACC: 0.2128218/414 [==============>...............] - ETA: 7:15 - loss: 61.3746 - ACC: 0.2130219/414 [==============>...............] - ETA: 7:13 - loss: 61.3217 - ACC: 0.2129220/414 [==============>...............] - ETA: 7:11 - loss: 61.1249 - ACC: 0.2142221/414 [===============>..............] - ETA: 7:08 - loss: 60.9923 - ACC: 0.2141222/414 [===============>..............] - ETA: 7:06 - loss: 61.0598 - ACC: 0.2137223/414 [===============>..............] - ETA: 7:04 - loss: 61.0072 - ACC: 0.2130224/414 [===============>..............] - ETA: 7:02 - loss: 61.4466 - ACC: 0.2126225/414 [===============>..............] - ETA: 7:00 - loss: 61.5808 - ACC: 0.2128226/414 [===============>..............] - ETA: 6:57 - loss: 61.6933 - ACC: 0.2118227/414 [===============>..............] - ETA: 6:55 - loss: 61.5827 - ACC: 0.2123228/414 [===============>..............] - ETA: 6:52 - loss: 61.4806 - ACC: 0.2127229/414 [===============>..............] - ETA: 6:50 - loss: 61.4806 - ACC: 0.2123230/414 [===============>..............] - ETA: 6:48 - loss: 61.3341 - ACC: 0.2125231/414 [===============>..............] - ETA: 6:46 - loss: 61.5020 - ACC: 0.2119232/414 [===============>..............] - ETA: 6:43 - loss: 61.5371 - ACC: 0.2115233/414 [===============>..............] - ETA: 6:41 - loss: 61.4909 - ACC: 0.2116234/414 [===============>..............] - ETA: 6:39 - loss: 61.5694 - ACC: 0.2113235/414 [================>.............] - ETA: 6:37 - loss: 61.7177 - ACC: 0.2112236/414 [================>.............] - ETA: 6:35 - loss: 61.7154 - ACC: 0.2105237/414 [================>.............] - ETA: 6:33 - loss: 61.6976 - ACC: 0.2107238/414 [================>.............] - ETA: 6:30 - loss: 61.5552 - ACC: 0.2114239/414 [================>.............] - ETA: 6:28 - loss: 61.5015 - ACC: 0.2116240/414 [================>.............] - ETA: 6:26 - loss: 61.3379 - ACC: 0.2120241/414 [================>.............] - ETA: 6:24 - loss: 61.4149 - ACC: 0.2111242/414 [================>.............] - ETA: 6:22 - loss: 61.3525 - ACC: 0.2107243/414 [================>.............] - ETA: 6:19 - loss: 61.3530 - ACC: 0.2109244/414 [================>.............] - ETA: 6:17 - loss: 61.3122 - ACC: 0.2111245/414 [================>.............] - ETA: 6:15 - loss: 61.1952 - ACC: 0.2117246/414 [================>.............] - ETA: 6:13 - loss: 61.1106 - ACC: 0.2121247/414 [================>.............] - ETA: 6:10 - loss: 61.1089 - ACC: 0.2118248/414 [================>.............] - ETA: 6:08 - loss: 61.1103 - ACC: 0.2109249/414 [=================>............] - ETA: 6:06 - loss: 61.2041 - ACC: 0.2108250/414 [=================>............] - ETA: 6:03 - loss: 61.3026 - ACC: 0.2100251/414 [=================>............] - ETA: 6:01 - loss: 61.2277 - ACC: 0.2104252/414 [=================>............] - ETA: 5:59 - loss: 61.0750 - ACC: 0.2111253/414 [=================>............] - ETA: 5:57 - loss: 61.0740 - ACC: 0.2112254/414 [=================>............] - ETA: 5:55 - loss: 61.0661 - ACC: 0.2106255/414 [=================>............] - ETA: 5:53 - loss: 61.1708 - ACC: 0.2108256/414 [=================>............] - ETA: 5:50 - loss: 61.0873 - ACC: 0.2114257/414 [=================>............] - ETA: 5:48 - loss: 61.0084 - ACC: 0.2118258/414 [=================>............] - ETA: 5:46 - loss: 60.9045 - ACC: 0.2117259/414 [=================>............] - ETA: 5:43 - loss: 60.7465 - ACC: 0.2121260/414 [=================>............] - ETA: 5:41 - loss: 60.6133 - ACC: 0.2123261/414 [=================>............] - ETA: 5:39 - loss: 60.7190 - ACC: 0.2122262/414 [=================>............] - ETA: 5:37 - loss: 60.6727 - ACC: 0.2114263/414 [==================>...........] - ETA: 5:34 - loss: 60.5555 - ACC: 0.2120264/414 [==================>...........] - ETA: 5:32 - loss: 60.4401 - ACC: 0.2121265/414 [==================>...........] - ETA: 5:30 - loss: 60.4274 - ACC: 0.2118266/414 [==================>...........] - ETA: 5:28 - loss: 60.3292 - ACC: 0.2122267/414 [==================>...........] - ETA: 5:26 - loss: 60.2494 - ACC: 0.2116268/414 [==================>...........] - ETA: 5:24 - loss: 60.2043 - ACC: 0.2115269/414 [==================>...........] - ETA: 5:22 - loss: 60.1484 - ACC: 0.2119270/414 [==================>...........] - ETA: 5:20 - loss: 60.1016 - ACC: 0.2120271/414 [==================>...........] - ETA: 5:18 - loss: 59.9650 - ACC: 0.2126272/414 [==================>...........] - ETA: 5:15 - loss: 59.9120 - ACC: 0.2135273/414 [==================>...........] - ETA: 5:13 - loss: 59.7968 - ACC: 0.2143274/414 [==================>...........] - ETA: 5:11 - loss: 59.7512 - ACC: 0.2146275/414 [==================>...........] - ETA: 5:09 - loss: 59.6519 - ACC: 0.2143276/414 [===================>..........] - ETA: 5:06 - loss: 59.5482 - ACC: 0.2144277/414 [===================>..........] - ETA: 5:04 - loss: 59.4442 - ACC: 0.2146278/414 [===================>..........] - ETA: 5:02 - loss: 59.3938 - ACC: 0.2147279/414 [===================>..........] - ETA: 5:00 - loss: 59.3603 - ACC: 0.2146280/414 [===================>..........] - ETA: 4:58 - loss: 59.3639 - ACC: 0.2145281/414 [===================>..........] - ETA: 4:55 - loss: 59.2746 - ACC: 0.2149282/414 [===================>..........] - ETA: 4:53 - loss: 59.0946 - ACC: 0.2154283/414 [===================>..........] - ETA: 4:51 - loss: 59.0442 - ACC: 0.2153284/414 [===================>..........] - ETA: 4:49 - loss: 58.9209 - ACC: 0.2159285/414 [===================>..........] - ETA: 4:46 - loss: 58.9146 - ACC: 0.2158286/414 [===================>..........] - ETA: 4:44 - loss: 58.8239 - ACC: 0.2161287/414 [===================>..........] - ETA: 4:42 - loss: 58.7603 - ACC: 0.2158288/414 [===================>..........] - ETA: 4:40 - loss: 58.7359 - ACC: 0.2153289/414 [===================>..........] - ETA: 4:37 - loss: 58.7030 - ACC: 0.2150290/414 [====================>.........] - ETA: 4:35 - loss: 58.5939 - ACC: 0.2155291/414 [====================>.........] - ETA: 4:33 - loss: 58.7258 - ACC: 0.2154292/414 [====================>.........] - ETA: 4:31 - loss: 58.7361 - ACC: 0.2153293/414 [====================>.........] - ETA: 4:28 - loss: 58.6959 - ACC: 0.2150294/414 [====================>.........] - ETA: 4:26 - loss: 58.6238 - ACC: 0.2151295/414 [====================>.........] - ETA: 4:24 - loss: 58.5688 - ACC: 0.2157296/414 [====================>.........] - ETA: 4:22 - loss: 58.4646 - ACC: 0.2156297/414 [====================>.........] - ETA: 4:20 - loss: 58.4016 - ACC: 0.2153298/414 [====================>.........] - ETA: 4:17 - loss: 58.3847 - ACC: 0.2148299/414 [====================>.........] - ETA: 4:15 - loss: 58.4541 - ACC: 0.2151300/414 [====================>.........] - ETA: 4:13 - loss: 58.4537 - ACC: 0.2144301/414 [====================>.........] - ETA: 4:11 - loss: 58.3682 - ACC: 0.2149302/414 [====================>.........] - ETA: 4:09 - loss: 58.2875 - ACC: 0.2159303/414 [====================>.........] - ETA: 4:06 - loss: 58.1775 - ACC: 0.2160304/414 [=====================>........] - ETA: 4:04 - loss: 58.1096 - ACC: 0.2157305/414 [=====================>........] - ETA: 4:02 - loss: 58.1321 - ACC: 0.2158306/414 [=====================>........] - ETA: 4:00 - loss: 58.0219 - ACC: 0.2163307/414 [=====================>........] - ETA: 3:57 - loss: 58.1579 - ACC: 0.2162308/414 [=====================>........] - ETA: 3:55 - loss: 58.2398 - ACC: 0.2159309/414 [=====================>........] - ETA: 3:53 - loss: 58.1784 - ACC: 0.2154310/414 [=====================>........] - ETA: 3:51 - loss: 58.1226 - ACC: 0.2155311/414 [=====================>........] - ETA: 3:48 - loss: 58.0308 - ACC: 0.2154312/414 [=====================>........] - ETA: 3:46 - loss: 57.9481 - ACC: 0.2157313/414 [=====================>........] - ETA: 3:44 - loss: 58.1927 - ACC: 0.2151314/414 [=====================>........] - ETA: 3:42 - loss: 58.1645 - ACC: 0.2150315/414 [=====================>........] - ETA: 3:39 - loss: 58.1955 - ACC: 0.2151316/414 [=====================>........] - ETA: 3:37 - loss: 58.4870 - ACC: 0.2144317/414 [=====================>........] - ETA: 3:35 - loss: 58.4970 - ACC: 0.2143318/414 [======================>.......] - ETA: 3:33 - loss: 58.4394 - ACC: 0.2142slurmstepd: error: *** JOB 1173018 ON armis28000 CANCELLED AT 2022-03-11T06:30:07 DUE TO TIME LIMIT ***
